{
    "symbol": "flowsint-core/src/flowsint_execution/fetch.py:execute_fetch",
    "repo": "fl0sint-def44-source",
    "lbugPath": "/home/n4s5ti/Documents/dev/fl0sint-def44-source/.gitnexus/lbug",
    "rootPath": "/home/n4s5ti/Documents/dev/fl0sint-def44-source",
    "direction": "upstream",
    "risk": "UNKNOWN",
    "target": {
        "id": "Function:flowsint-core/src/flowsint_execution/fetch.py:execute_fetch",
        "name": "execute_fetch",
        "filePath": "flowsint-core/src/flowsint_execution/fetch.py",
        "nodeType": "Function",
        "startLine": 345,
        "endLine": 671,
        "content": "async def execute_fetch(     operation: AdmittedFetchOperation,     *,     transport: httpx.AsyncBaseTransport | None = None, ) -> FetchResult:     \"\"\"Execute only a sealed operation using verified async HTTP streaming.\"\"\"     operation.validate_seal()     operation.claim_execution()     ledger = _Ledger(operation)     concurrency = min(operation.allocation.concurrency or 1, len(operation.inputs) or 1)     semaphore = asyncio.Semaphore(concurrency)     timeout = operation.allocation.elapsed_seconds or 0.001     client = httpx.AsyncClient(         transport=transport,         verify=True,         trust_env=False,         follow_redirects=False,         timeout=httpx.Timeout(timeout),         headers={\"accept-encoding\": \"identity\"},     )     async def one(item: AdmittedInput) -> FetchOutcome:         requested_origin = _origin(item.url)         def failed(status: FetchStatus, code: str, message: str, retryable=False):             return FetchOutcome(                 occurrence_id=item.occurrence_id,                 input_ref=item.input_ref,                 status=status,                 requested_origin=requested_origin,                 diagnostic=_diagnostic(code, message, retryable=retryable),                 actual_resources=ledger.occurrence_resources(item.occurrence_id),             )         url = item.url         redirects = retries = 0         async with semaphore:             while True:                 if not await ledger.charge_request(item.occurrence_id):                     return failed(                         FetchStatus.TOOL_ERROR,                         \"request_budget_exhausted\",                         \"The request allocation was exhausted.\",                     )                 try:                     request = client.build_request(\"GET\", url)                     response = await client.send(request, stream=True)                 except asyncio.CancelledError:                     if asyncio.current_task().cancelling():                         raise                     return failed(                         FetchStatus.CANCELLED,                         \"cancelled\",                         \"The transport cancelled this occurrence.\",                     )                 except httpx.TimeoutException:                     return failed(                         FetchStatus.TIMEOUT,                         \"timeout\",                         \"The HTTP operation timed out.\",                         True,                     )                 except httpx.HTTPError:                     if retries < operation.parameters.max_retries:                         retries += 1                         if operation.parameters.retry_backoff_seconds:                             await asyncio.sleep(                                 operation.parameters.retry_backoff_seconds                             )                         continue                     return failed(                         FetchStatus.TOOL_ERROR,                         \"transport_error\",                         \"The HTTP transport failed.\",                         True,                     )                 try:                     if response.status_code in _REDIRECTS:                         location = response.headers.get(\"location\")                         if not location:                             return failed(                                 FetchStatus.HTTP_ERROR,                                 \"invalid_redirect\",                                 \"The redirect had no destination.\",                             )                         destination = urljoin(url, location)                         try:                             destination_origin = _origin(destination)                         except ValueError:                             return failed(                                 FetchStatus.POLICY_DENIED,                                 \"redirect_denied\",                                 \"The redirect destination was denied before dispatch.\",                             )                         if destination_origin != requested_origin:                             return failed(                                 FetchStatus.POLICY_DENIED,                                 \"redirect_denied\",                                 \"The redirect destination was denied before dispatch.\",                             )                         if redirects >= operation.parameters.max_redirects:                             return failed(                                 FetchStatus.POLICY_DENIED,                                 \"redirect_limit\",                                 \"The redirect limit was reached before dispatch.\",                             )                         redirects += 1                         url = destination                         continue                     if response.status_code == 429:                         return failed(                             FetchStatus.RATE_LIMITED,                            ... [truncated]"
    },
    "symbols": [
        {
            "id": "Function:flowsint-core/src/flowsint_execution/fetch.py:execute_fetch",
            "name": "execute_fetch",
            "filePath": "flowsint-core/src/flowsint_execution/fetch.py",
            "nodeType": "Function",
            "startLine": 345,
            "endLine": 671,
            "content": "async def execute_fetch(     operation: AdmittedFetchOperation,     *,     transport: httpx.AsyncBaseTransport | None = None, ) -> FetchResult:     \"\"\"Execute only a sealed operation using verified async HTTP streaming.\"\"\"     operation.validate_seal()     operation.claim_execution()     ledger = _Ledger(operation)     concurrency = min(operation.allocation.concurrency or 1, len(operation.inputs) or 1)     semaphore = asyncio.Semaphore(concurrency)     timeout = operation.allocation.elapsed_seconds or 0.001     client = httpx.AsyncClient(         transport=transport,         verify=True,         trust_env=False,         follow_redirects=False,         timeout=httpx.Timeout(timeout),         headers={\"accept-encoding\": \"identity\"},     )     async def one(item: AdmittedInput) -> FetchOutcome:         requested_origin = _origin(item.url)         def failed(status: FetchStatus, code: str, message: str, retryable=False):             return FetchOutcome(                 occurrence_id=item.occurrence_id,                 input_ref=item.input_ref,                 status=status,                 requested_origin=requested_origin,                 diagnostic=_diagnostic(code, message, retryable=retryable),                 actual_resources=ledger.occurrence_resources(item.occurrence_id),             )         url = item.url         redirects = retries = 0         async with semaphore:             while True:                 if not await ledger.charge_request(item.occurrence_id):                     return failed(                         FetchStatus.TOOL_ERROR,                         \"request_budget_exhausted\",                         \"The request allocation was exhausted.\",                     )                 try:                     request = client.build_request(\"GET\", url)                     response = await client.send(request, stream=True)                 except asyncio.CancelledError:                     if asyncio.current_task().cancelling():                         raise                     return failed(                         FetchStatus.CANCELLED,                         \"cancelled\",                         \"The transport cancelled this occurrence.\",                     )                 except httpx.TimeoutException:                     return failed(                         FetchStatus.TIMEOUT,                         \"timeout\",                         \"The HTTP operation timed out.\",                         True,                     )                 except httpx.HTTPError:                     if retries < operation.parameters.max_retries:                         retries += 1                         if operation.parameters.retry_backoff_seconds:                             await asyncio.sleep(                                 operation.parameters.retry_backoff_seconds                             )                         continue                     return failed(                         FetchStatus.TOOL_ERROR,                         \"transport_error\",                         \"The HTTP transport failed.\",                         True,                     )                 try:                     if response.status_code in _REDIRECTS:                         location = response.headers.get(\"location\")                         if not location:                             return failed(                                 FetchStatus.HTTP_ERROR,                                 \"invalid_redirect\",                                 \"The redirect had no destination.\",                             )                         destination = urljoin(url, location)                         try:                             destination_origin = _origin(destination)                         except ValueError:                             return failed(                                 FetchStatus.POLICY_DENIED,                                 \"redirect_denied\",                                 \"The redirect destination was denied before dispatch.\",                             )                         if destination_origin != requested_origin:                             return failed(                                 FetchStatus.POLICY_DENIED,                                 \"redirect_denied\",                                 \"The redirect destination was denied before dispatch.\",                             )                         if redirects >= operation.parameters.max_redirects:                             return failed(                                 FetchStatus.POLICY_DENIED,                                 \"redirect_limit\",                                 \"The redirect limit was reached before dispatch.\",                             )                         redirects += 1                         url = destination                         continue                     if response.status_code == 429:                         return failed(                             FetchStatus.RATE_LIMITED,                            ... [truncated]"
        }
    ],
    "edges": [],
    "files": [
        {
            "filePath": "flowsint-core/src/flowsint_execution/fetch.py",
            "count": 1,
            "symbols": [
                {
                    "id": "Function:flowsint-core/src/flowsint_execution/fetch.py:execute_fetch",
                    "name": "execute_fetch",
                    "filePath": "flowsint-core/src/flowsint_execution/fetch.py",
                    "nodeType": "Function",
                    "startLine": 345,
                    "endLine": 671,
                    "content": "async def execute_fetch(     operation: AdmittedFetchOperation,     *,     transport: httpx.AsyncBaseTransport | None = None, ) -> FetchResult:     \"\"\"Execute only a sealed operation using verified async HTTP streaming.\"\"\"     operation.validate_seal()     operation.claim_execution()     ledger = _Ledger(operation)     concurrency = min(operation.allocation.concurrency or 1, len(operation.inputs) or 1)     semaphore = asyncio.Semaphore(concurrency)     timeout = operation.allocation.elapsed_seconds or 0.001     client = httpx.AsyncClient(         transport=transport,         verify=True,         trust_env=False,         follow_redirects=False,         timeout=httpx.Timeout(timeout),         headers={\"accept-encoding\": \"identity\"},     )     async def one(item: AdmittedInput) -> FetchOutcome:         requested_origin = _origin(item.url)         def failed(status: FetchStatus, code: str, message: str, retryable=False):             return FetchOutcome(                 occurrence_id=item.occurrence_id,                 input_ref=item.input_ref,                 status=status,                 requested_origin=requested_origin,                 diagnostic=_diagnostic(code, message, retryable=retryable),                 actual_resources=ledger.occurrence_resources(item.occurrence_id),             )         url = item.url         redirects = retries = 0         async with semaphore:             while True:                 if not await ledger.charge_request(item.occurrence_id):                     return failed(                         FetchStatus.TOOL_ERROR,                         \"request_budget_exhausted\",                         \"The request allocation was exhausted.\",                     )                 try:                     request = client.build_request(\"GET\", url)                     response = await client.send(request, stream=True)                 except asyncio.CancelledError:                     if asyncio.current_task().cancelling():                         raise                     return failed(                         FetchStatus.CANCELLED,                         \"cancelled\",                         \"The transport cancelled this occurrence.\",                     )                 except httpx.TimeoutException:                     return failed(                         FetchStatus.TIMEOUT,                         \"timeout\",                         \"The HTTP operation timed out.\",                         True,                     )                 except httpx.HTTPError:                     if retries < operation.parameters.max_retries:                         retries += 1                         if operation.parameters.retry_backoff_seconds:                             await asyncio.sleep(                                 operation.parameters.retry_backoff_seconds                             )                         continue                     return failed(                         FetchStatus.TOOL_ERROR,                         \"transport_error\",                         \"The HTTP transport failed.\",                         True,                     )                 try:                     if response.status_code in _REDIRECTS:                         location = response.headers.get(\"location\")                         if not location:                             return failed(                                 FetchStatus.HTTP_ERROR,                                 \"invalid_redirect\",                                 \"The redirect had no destination.\",                             )                         destination = urljoin(url, location)                         try:                             destination_origin = _origin(destination)                         except ValueError:                             return failed(                                 FetchStatus.POLICY_DENIED,                                 \"redirect_denied\",                                 \"The redirect destination was denied before dispatch.\",                             )                         if destination_origin != requested_origin:                             return failed(                                 FetchStatus.POLICY_DENIED,                                 \"redirect_denied\",                                 \"The redirect destination was denied before dispatch.\",                             )                         if redirects >= operation.parameters.max_redirects:                             return failed(                                 FetchStatus.POLICY_DENIED,                                 \"redirect_limit\",                                 \"The redirect limit was reached before dispatch.\",                             )                         redirects += 1                         url = destination                         continue                     if response.status_code == 429:                         return failed(                             FetchStatus.RATE_LIMITED,                            ... [truncated]"
                }
            ]
        }
    ],
    "affected_modules": [],
    "affected_processes": [],
    "byDepth": {},
    "summary": {
        "cwd": "/home/n4s5ti/Documents/dev/fl0sint-def44-source",
        "rootPath": "/home/n4s5ti/Documents/dev/fl0sint-def44-source",
        "repo": "fl0sint-def44-source",
        "lbugPath": "/home/n4s5ti/Documents/dev/fl0sint-def44-source/.gitnexus/lbug",
        "symbol": "flowsint-core/src/flowsint_execution/fetch.py:execute_fetch",
        "rootSymbols": 1,
        "totalSymbols": 1,
        "totalEdges": 0,
        "filesMatched": 1,
        "truncated": false,
        "direct": 0,
        "processes": 0,
        "modules": 0
    },
    "warnings": [],
    "completeness": "partial",
    "completenessReasons": [
        "no-call-edges"
    ],
    "indexStatus": "ready"
}
