{
    "mode": "index",
    "result": {
        "targetPath": "/home/n4s5ti/Documents/dev/fl0sint-def44-source",
        "lbugPath": "/home/n4s5ti/Documents/dev/fl0sint-def44-source/.gitnexus/lbug",
        "success": true,
        "warnings": [
            "No workspace packages with recognised entry files — sidecar will be empty"
        ],
        "generation": "sha256:49d6475ff9715329777c85669d50915ef8cea9e221764b08c393264afd93a1f0",
        "planAction": "rebuild",
        "deltaAdded": 0,
        "deltaModified": 0,
        "deltaDeleted": 0,
        "deltaRenamed": 0,
        "deltaUnreadable": 0,
        "indexLatencyMs": 40125,
        "filesParsed": 1733
    }
}
