{
    "symbol": "flowsint-core/src/flowsint_core/core/template_enricher.py:TemplateEnricher",
    "repo": "fl0sint-def44-source",
    "lbugPath": "/home/n4s5ti/Documents/dev/fl0sint-def44-source/.gitnexus/lbug",
    "rootPath": "/home/n4s5ti/Documents/dev/fl0sint-def44-source",
    "direction": "upstream",
    "risk": "UNKNOWN",
    "target": {
        "id": "Class:flowsint-core/src/flowsint_core/core/template_enricher.py:TemplateEnricher",
        "name": "TemplateEnricher",
        "filePath": "flowsint-core/src/flowsint_core/core/template_enricher.py",
        "nodeType": "Class",
        "startLine": 43,
        "endLine": 433,
        "content": "class TemplateEnricher(Enricher):     \"\"\"Execute a template only through a resolved deployment-owned endpoint.\"\"\"     InputType = FlowsintType     OutputType = FlowsintType     def __init__(         self,         template: Template,         registry: DestinationRegistry,         runtime_authorizer: EgressAuthorizer,         sketch_id: Optional[str] = None,         scan_id: Optional[str] = None,         vault=None,     ):         self.template = template         self.InputType = self._detect_type(template.input.type)         self.OutputType = self._detect_type(template.output.type)         self.endpoint = registry.resolve(             template.connector, template.input.type, template.output.type         )         runtime_authorizer.require(self.endpoint.capability)         super().__init__(             sketch_id=sketch_id,             scan_id=scan_id,             vault=vault,             params_schema=[],             params={},         )         self._last_response_artifact_sha256: str | None = None         self._last_http_status_class: int | None = None     @staticmethod     def _detect_type(type_name: str) -> type[FlowsintType]:         load_all_types()         detected_type = get_type(type_name, case_sensitive=True)         if detected_type is None:             raise ConnectorPolicyError(\"connector type denied\")         return detected_type     def name(self) -> str:  # type: ignore[override]         return f\"connector:{self.endpoint.destination_id}:{self.endpoint.endpoint_id}\"     def category(self) -> str:  # type: ignore[override]         return self.template.category     def key(self) -> str:  # type: ignore[override]         return self.template.input.key     @classmethod     def documentation(cls) -> str:         return \"Registry-backed enrichment connector.\"     async def async_init(self) -> None:         \"\"\"Do not resolve credentials before per-input policy validation.\"\"\"     def _reject_unknown_input_fields(self, value: Any) -> None:         if not isinstance(value, dict):             return         allowed_fields = set(self.InputType.model_fields)         if set(value) - allowed_fields:             raise ConnectorValidationError(\"connector input field invalid\")     def _validated_request_values(self, input_obj: Any) -> dict[str, Any]:         values: dict[str, Any] = {}         for field in self.endpoint.definition.request_fields:             value = getattr(input_obj, field.source_field, None)             if value is None:                 if field.required:                     raise ConnectorValidationError(\"connector input field invalid\")                 continue             if field.value_type == \"string\":                 if not isinstance(value, str) or len(value) > field.max_length:                     raise ConnectorValidationError(\"connector input field invalid\")             elif field.value_type == \"integer\":                 if isinstance(value, bool) or not isinstance(value, int):                     raise ConnectorValidationError(\"connector input field invalid\")             elif field.value_type == \"number\":                 if isinstance(value, bool) or not isinstance(value, (int, float)):                     raise ConnectorValidationError(\"connector input field invalid\")             elif field.value_type == \"boolean\" and not isinstance(value, bool):                 raise ConnectorValidationError(\"connector input field invalid\")             values[field.name] = value         return values     def _request_parts(         self, input_obj: Any     ) -> tuple[str, dict[str, str], dict[str, Any], dict[str, Any] | None]:         values = self._validated_request_values(input_obj)         definition = self.endpoint.definition         path = definition.path         query: dict[str, Any] = dict(definition.fixed_query)         json_body: dict[str, Any] = {}         for field in definition.request_fields:             if field.name not in values:                 continue             value = values[field.name]             if field.location == \"path\":                 path = path.replace(\"{\" + field.name + \"}\", quote(str(value), safe=\"\"))             elif field.location == \"query\":                 if field.name in query:                     raise ConnectorPolicyError(\"connector query field denied\")                 query[field.name] = value             else:                 json_body[field.name] = value         url = f\"{self.endpoint.base_url}{path}\"         parsed = httpx.URL(url)         base = httpx.URL(self.endpoint.base_url)         if (             parsed.scheme != \"https\"             or parsed.scheme != base.scheme             or parsed.host != base.host             or parsed.port != base.port         ):             raise ConnectorPolicyError(\"connector origin denied\")         return (             url,             dict(definition.fixed_headers),             query,             json_body if definition.method == \"POST\" else None,         )     def _resolved_headers(self, fixed_headers ... [truncated]"
    },
    "symbols": [
        {
            "id": "Class:flowsint-core/src/flowsint_core/core/template_enricher.py:TemplateEnricher",
            "name": "TemplateEnricher",
            "filePath": "flowsint-core/src/flowsint_core/core/template_enricher.py",
            "nodeType": "Class",
            "startLine": 43,
            "endLine": 433,
            "content": "class TemplateEnricher(Enricher):     \"\"\"Execute a template only through a resolved deployment-owned endpoint.\"\"\"     InputType = FlowsintType     OutputType = FlowsintType     def __init__(         self,         template: Template,         registry: DestinationRegistry,         runtime_authorizer: EgressAuthorizer,         sketch_id: Optional[str] = None,         scan_id: Optional[str] = None,         vault=None,     ):         self.template = template         self.InputType = self._detect_type(template.input.type)         self.OutputType = self._detect_type(template.output.type)         self.endpoint = registry.resolve(             template.connector, template.input.type, template.output.type         )         runtime_authorizer.require(self.endpoint.capability)         super().__init__(             sketch_id=sketch_id,             scan_id=scan_id,             vault=vault,             params_schema=[],             params={},         )         self._last_response_artifact_sha256: str | None = None         self._last_http_status_class: int | None = None     @staticmethod     def _detect_type(type_name: str) -> type[FlowsintType]:         load_all_types()         detected_type = get_type(type_name, case_sensitive=True)         if detected_type is None:             raise ConnectorPolicyError(\"connector type denied\")         return detected_type     def name(self) -> str:  # type: ignore[override]         return f\"connector:{self.endpoint.destination_id}:{self.endpoint.endpoint_id}\"     def category(self) -> str:  # type: ignore[override]         return self.template.category     def key(self) -> str:  # type: ignore[override]         return self.template.input.key     @classmethod     def documentation(cls) -> str:         return \"Registry-backed enrichment connector.\"     async def async_init(self) -> None:         \"\"\"Do not resolve credentials before per-input policy validation.\"\"\"     def _reject_unknown_input_fields(self, value: Any) -> None:         if not isinstance(value, dict):             return         allowed_fields = set(self.InputType.model_fields)         if set(value) - allowed_fields:             raise ConnectorValidationError(\"connector input field invalid\")     def _validated_request_values(self, input_obj: Any) -> dict[str, Any]:         values: dict[str, Any] = {}         for field in self.endpoint.definition.request_fields:             value = getattr(input_obj, field.source_field, None)             if value is None:                 if field.required:                     raise ConnectorValidationError(\"connector input field invalid\")                 continue             if field.value_type == \"string\":                 if not isinstance(value, str) or len(value) > field.max_length:                     raise ConnectorValidationError(\"connector input field invalid\")             elif field.value_type == \"integer\":                 if isinstance(value, bool) or not isinstance(value, int):                     raise ConnectorValidationError(\"connector input field invalid\")             elif field.value_type == \"number\":                 if isinstance(value, bool) or not isinstance(value, (int, float)):                     raise ConnectorValidationError(\"connector input field invalid\")             elif field.value_type == \"boolean\" and not isinstance(value, bool):                 raise ConnectorValidationError(\"connector input field invalid\")             values[field.name] = value         return values     def _request_parts(         self, input_obj: Any     ) -> tuple[str, dict[str, str], dict[str, Any], dict[str, Any] | None]:         values = self._validated_request_values(input_obj)         definition = self.endpoint.definition         path = definition.path         query: dict[str, Any] = dict(definition.fixed_query)         json_body: dict[str, Any] = {}         for field in definition.request_fields:             if field.name not in values:                 continue             value = values[field.name]             if field.location == \"path\":                 path = path.replace(\"{\" + field.name + \"}\", quote(str(value), safe=\"\"))             elif field.location == \"query\":                 if field.name in query:                     raise ConnectorPolicyError(\"connector query field denied\")                 query[field.name] = value             else:                 json_body[field.name] = value         url = f\"{self.endpoint.base_url}{path}\"         parsed = httpx.URL(url)         base = httpx.URL(self.endpoint.base_url)         if (             parsed.scheme != \"https\"             or parsed.scheme != base.scheme             or parsed.host != base.host             or parsed.port != base.port         ):             raise ConnectorPolicyError(\"connector origin denied\")         return (             url,             dict(definition.fixed_headers),             query,             json_body if definition.method == \"POST\" else None,         )     def _resolved_headers(self, fixed_headers ... [truncated]"
        }
    ],
    "edges": [],
    "files": [
        {
            "filePath": "flowsint-core/src/flowsint_core/core/template_enricher.py",
            "count": 1,
            "symbols": [
                {
                    "id": "Class:flowsint-core/src/flowsint_core/core/template_enricher.py:TemplateEnricher",
                    "name": "TemplateEnricher",
                    "filePath": "flowsint-core/src/flowsint_core/core/template_enricher.py",
                    "nodeType": "Class",
                    "startLine": 43,
                    "endLine": 433,
                    "content": "class TemplateEnricher(Enricher):     \"\"\"Execute a template only through a resolved deployment-owned endpoint.\"\"\"     InputType = FlowsintType     OutputType = FlowsintType     def __init__(         self,         template: Template,         registry: DestinationRegistry,         runtime_authorizer: EgressAuthorizer,         sketch_id: Optional[str] = None,         scan_id: Optional[str] = None,         vault=None,     ):         self.template = template         self.InputType = self._detect_type(template.input.type)         self.OutputType = self._detect_type(template.output.type)         self.endpoint = registry.resolve(             template.connector, template.input.type, template.output.type         )         runtime_authorizer.require(self.endpoint.capability)         super().__init__(             sketch_id=sketch_id,             scan_id=scan_id,             vault=vault,             params_schema=[],             params={},         )         self._last_response_artifact_sha256: str | None = None         self._last_http_status_class: int | None = None     @staticmethod     def _detect_type(type_name: str) -> type[FlowsintType]:         load_all_types()         detected_type = get_type(type_name, case_sensitive=True)         if detected_type is None:             raise ConnectorPolicyError(\"connector type denied\")         return detected_type     def name(self) -> str:  # type: ignore[override]         return f\"connector:{self.endpoint.destination_id}:{self.endpoint.endpoint_id}\"     def category(self) -> str:  # type: ignore[override]         return self.template.category     def key(self) -> str:  # type: ignore[override]         return self.template.input.key     @classmethod     def documentation(cls) -> str:         return \"Registry-backed enrichment connector.\"     async def async_init(self) -> None:         \"\"\"Do not resolve credentials before per-input policy validation.\"\"\"     def _reject_unknown_input_fields(self, value: Any) -> None:         if not isinstance(value, dict):             return         allowed_fields = set(self.InputType.model_fields)         if set(value) - allowed_fields:             raise ConnectorValidationError(\"connector input field invalid\")     def _validated_request_values(self, input_obj: Any) -> dict[str, Any]:         values: dict[str, Any] = {}         for field in self.endpoint.definition.request_fields:             value = getattr(input_obj, field.source_field, None)             if value is None:                 if field.required:                     raise ConnectorValidationError(\"connector input field invalid\")                 continue             if field.value_type == \"string\":                 if not isinstance(value, str) or len(value) > field.max_length:                     raise ConnectorValidationError(\"connector input field invalid\")             elif field.value_type == \"integer\":                 if isinstance(value, bool) or not isinstance(value, int):                     raise ConnectorValidationError(\"connector input field invalid\")             elif field.value_type == \"number\":                 if isinstance(value, bool) or not isinstance(value, (int, float)):                     raise ConnectorValidationError(\"connector input field invalid\")             elif field.value_type == \"boolean\" and not isinstance(value, bool):                 raise ConnectorValidationError(\"connector input field invalid\")             values[field.name] = value         return values     def _request_parts(         self, input_obj: Any     ) -> tuple[str, dict[str, str], dict[str, Any], dict[str, Any] | None]:         values = self._validated_request_values(input_obj)         definition = self.endpoint.definition         path = definition.path         query: dict[str, Any] = dict(definition.fixed_query)         json_body: dict[str, Any] = {}         for field in definition.request_fields:             if field.name not in values:                 continue             value = values[field.name]             if field.location == \"path\":                 path = path.replace(\"{\" + field.name + \"}\", quote(str(value), safe=\"\"))             elif field.location == \"query\":                 if field.name in query:                     raise ConnectorPolicyError(\"connector query field denied\")                 query[field.name] = value             else:                 json_body[field.name] = value         url = f\"{self.endpoint.base_url}{path}\"         parsed = httpx.URL(url)         base = httpx.URL(self.endpoint.base_url)         if (             parsed.scheme != \"https\"             or parsed.scheme != base.scheme             or parsed.host != base.host             or parsed.port != base.port         ):             raise ConnectorPolicyError(\"connector origin denied\")         return (             url,             dict(definition.fixed_headers),             query,             json_body if definition.method == \"POST\" else None,         )     def _resolved_headers(self, fixed_headers ... [truncated]"
                }
            ]
        }
    ],
    "affected_modules": [],
    "affected_processes": [],
    "byDepth": {},
    "summary": {
        "cwd": "/home/n4s5ti/Documents/dev/fl0sint-def44-source",
        "rootPath": "/home/n4s5ti/Documents/dev/fl0sint-def44-source",
        "repo": "fl0sint-def44-source",
        "lbugPath": "/home/n4s5ti/Documents/dev/fl0sint-def44-source/.gitnexus/lbug",
        "symbol": "flowsint-core/src/flowsint_core/core/template_enricher.py:TemplateEnricher",
        "rootSymbols": 1,
        "totalSymbols": 1,
        "totalEdges": 0,
        "filesMatched": 1,
        "truncated": false,
        "direct": 0,
        "processes": 0,
        "modules": 0
    },
    "warnings": [],
    "completeness": "partial",
    "completenessReasons": [
        "no-call-edges"
    ],
    "indexStatus": "ready"
}
