{
    "symbol": "flowsint-core/src/flowsint_execution/acquisition.py:AcquisitionBundle",
    "repo": "fl0sint-def44-source",
    "lbugPath": "/home/n4s5ti/Documents/dev/fl0sint-def44-source/.gitnexus/lbug",
    "rootPath": "/home/n4s5ti/Documents/dev/fl0sint-def44-source",
    "direction": "upstream",
    "risk": "UNKNOWN",
    "target": {
        "id": "Class:flowsint-core/src/flowsint_execution/acquisition.py:AcquisitionBundle",
        "name": "AcquisitionBundle",
        "filePath": "flowsint-core/src/flowsint_execution/acquisition.py",
        "nodeType": "Class",
        "startLine": 453,
        "endLine": 460,
        "content": "class AcquisitionBundle(_BundlePayload):     origin_digest: Digest     @model_validator(mode=\"after\")     def check_origin_digest(self):         if self.origin_digest != _digest(self):             raise ValueError(\"origin digest mismatch\")         return self"
    },
    "symbols": [
        {
            "id": "Class:flowsint-core/src/flowsint_execution/acquisition.py:AcquisitionBundle",
            "name": "AcquisitionBundle",
            "filePath": "flowsint-core/src/flowsint_execution/acquisition.py",
            "nodeType": "Class",
            "startLine": 453,
            "endLine": 460,
            "content": "class AcquisitionBundle(_BundlePayload):     origin_digest: Digest     @model_validator(mode=\"after\")     def check_origin_digest(self):         if self.origin_digest != _digest(self):             raise ValueError(\"origin digest mismatch\")         return self"
        }
    ],
    "edges": [],
    "files": [
        {
            "filePath": "flowsint-core/src/flowsint_execution/acquisition.py",
            "count": 1,
            "symbols": [
                {
                    "id": "Class:flowsint-core/src/flowsint_execution/acquisition.py:AcquisitionBundle",
                    "name": "AcquisitionBundle",
                    "filePath": "flowsint-core/src/flowsint_execution/acquisition.py",
                    "nodeType": "Class",
                    "startLine": 453,
                    "endLine": 460,
                    "content": "class AcquisitionBundle(_BundlePayload):     origin_digest: Digest     @model_validator(mode=\"after\")     def check_origin_digest(self):         if self.origin_digest != _digest(self):             raise ValueError(\"origin digest mismatch\")         return self"
                }
            ]
        }
    ],
    "affected_modules": [],
    "affected_processes": [],
    "byDepth": {},
    "summary": {
        "cwd": "/home/n4s5ti/Documents/dev/fl0sint-def44-source",
        "rootPath": "/home/n4s5ti/Documents/dev/fl0sint-def44-source",
        "repo": "fl0sint-def44-source",
        "lbugPath": "/home/n4s5ti/Documents/dev/fl0sint-def44-source/.gitnexus/lbug",
        "symbol": "flowsint-core/src/flowsint_execution/acquisition.py:AcquisitionBundle",
        "rootSymbols": 1,
        "totalSymbols": 1,
        "totalEdges": 0,
        "filesMatched": 1,
        "truncated": false,
        "direct": 0,
        "processes": 0,
        "modules": 0
    },
    "warnings": [],
    "completeness": "partial",
    "completenessReasons": [
        "no-call-edges"
    ],
    "indexStatus": "ready"
}
