{
    "symbol": "flowsint-core/src/flowsint_execution/fetch.py:execute_fetch",
    "repo": "fl0sint-def44-source",
    "lbugPath": "/home/n4s5ti/Documents/dev/fl0sint-def44-source/.gitnexus/lbug",
    "rootPath": "/home/n4s5ti/Documents/dev/fl0sint-def44-source",
    "direction": "upstream",
    "risk": "LOW",
    "target": {
        "id": "Function:flowsint-core/src/flowsint_execution/fetch.py:execute_fetch",
        "name": "execute_fetch",
        "filePath": "flowsint-core/src/flowsint_execution/fetch.py",
        "nodeType": "Function",
        "startLine": 380,
        "endLine": 708,
        "content": "async def execute_fetch(     operation: AdmittedFetchOperation,     *,     transport: httpx.AsyncBaseTransport | None = None, ) -> FetchResult:     \"\"\"Execute only a sealed operation using verified async HTTP streaming.\"\"\"     operation.validate_seal()     operation.claim_execution()     ledger = _Ledger(operation)     concurrency = min(operation.allocation.concurrency or 1, len(operation.inputs) or 1)     semaphore = asyncio.Semaphore(concurrency)     timeout = operation.allocation.elapsed_seconds or 0.001     client = httpx.AsyncClient(         transport=transport,         verify=True,         trust_env=False,         follow_redirects=False,         timeout=httpx.Timeout(timeout),         headers={\"accept-encoding\": \"identity\"},     )     async def one(item: AdmittedInput) -> FetchOutcome:         requested_origin = _origin(item.url)         def failed(status: FetchStatus, code: str, message: str, retryable=False):             return FetchOutcome(                 occurrence_id=item.occurrence_id,                 input_ref=item.input_ref,                 status=status,                 requested_origin=requested_origin,                 diagnostic=_diagnostic(code, message, retryable=retryable),                 actual_resources=ledger.occurrence_resources(item.occurrence_id),             )         url = item.url         redirects = retries = 0         async with semaphore:             while True:                 if not await ledger.charge_request(item.occurrence_id):                     return failed(                         FetchStatus.TOOL_ERROR,                         \"request_budget_exhausted\",                         \"The request allocation was exhausted.\",                     )                 try:                     request = client.build_request(\"GET\", url)                     response = await client.send(request, stream=True)                 except asyncio.CancelledError:                     if asyncio.current_task().cancelling():                         raise                     return failed(                         FetchStatus.CANCELLED,                         \"cancelled\",                         \"The transport cancelled this occurrence.\",                     )                 except httpx.TimeoutException:                     return failed(                         FetchStatus.TIMEOUT,                         \"timeout\",                         \"The HTTP operation timed out.\",                         True,                     )                 except httpx.HTTPError:                     if retries < operation.parameters.max_retries:                         retries += 1                         if operation.parameters.retry_backoff_seconds:                             await asyncio.sleep(                                 operation.parameters.retry_backoff_seconds                             )                         continue                     return failed(                         FetchStatus.TOOL_ERROR,                         \"transport_error\",                         \"The HTTP transport failed.\",                         True,                     )                 try:                     if response.status_code in _REDIRECTS:                         location = response.headers.get(\"location\")                         if not location:                             return failed(                                 FetchStatus.HTTP_ERROR,                                 \"invalid_redirect\",                                 \"The redirect had no destination.\",                             )                         destination = urljoin(url, location)                         try:                             destination_origin = _origin(destination)                         except ValueError:                             return failed(                                 FetchStatus.POLICY_DENIED,                                 \"redirect_denied\",                                 \"The redirect destination was denied before dispatch.\",                             )                         if destination_origin != requested_origin:                             return failed(                                 FetchStatus.POLICY_DENIED,                                 \"redirect_denied\",                                 \"The redirect destination was denied before dispatch.\",                             )                         if redirects >= operation.parameters.max_redirects:                             return failed(                                 FetchStatus.POLICY_DENIED,                                 \"redirect_limit\",                                 \"The redirect limit was reached before dispatch.\",                             )                         redirects += 1                         url = destination                         continue                     if response.status_code == 429:                         return failed(                             FetchStatus.RATE_LIMITED,                            ... [truncated]"
    },
    "symbols": [
        {
            "id": "Function:flowsint-core/src/flowsint_execution/fetch.py:execute_fetch",
            "name": "execute_fetch",
            "filePath": "flowsint-core/src/flowsint_execution/fetch.py",
            "nodeType": "Function",
            "startLine": 380,
            "endLine": 708,
            "content": "async def execute_fetch(     operation: AdmittedFetchOperation,     *,     transport: httpx.AsyncBaseTransport | None = None, ) -> FetchResult:     \"\"\"Execute only a sealed operation using verified async HTTP streaming.\"\"\"     operation.validate_seal()     operation.claim_execution()     ledger = _Ledger(operation)     concurrency = min(operation.allocation.concurrency or 1, len(operation.inputs) or 1)     semaphore = asyncio.Semaphore(concurrency)     timeout = operation.allocation.elapsed_seconds or 0.001     client = httpx.AsyncClient(         transport=transport,         verify=True,         trust_env=False,         follow_redirects=False,         timeout=httpx.Timeout(timeout),         headers={\"accept-encoding\": \"identity\"},     )     async def one(item: AdmittedInput) -> FetchOutcome:         requested_origin = _origin(item.url)         def failed(status: FetchStatus, code: str, message: str, retryable=False):             return FetchOutcome(                 occurrence_id=item.occurrence_id,                 input_ref=item.input_ref,                 status=status,                 requested_origin=requested_origin,                 diagnostic=_diagnostic(code, message, retryable=retryable),                 actual_resources=ledger.occurrence_resources(item.occurrence_id),             )         url = item.url         redirects = retries = 0         async with semaphore:             while True:                 if not await ledger.charge_request(item.occurrence_id):                     return failed(                         FetchStatus.TOOL_ERROR,                         \"request_budget_exhausted\",                         \"The request allocation was exhausted.\",                     )                 try:                     request = client.build_request(\"GET\", url)                     response = await client.send(request, stream=True)                 except asyncio.CancelledError:                     if asyncio.current_task().cancelling():                         raise                     return failed(                         FetchStatus.CANCELLED,                         \"cancelled\",                         \"The transport cancelled this occurrence.\",                     )                 except httpx.TimeoutException:                     return failed(                         FetchStatus.TIMEOUT,                         \"timeout\",                         \"The HTTP operation timed out.\",                         True,                     )                 except httpx.HTTPError:                     if retries < operation.parameters.max_retries:                         retries += 1                         if operation.parameters.retry_backoff_seconds:                             await asyncio.sleep(                                 operation.parameters.retry_backoff_seconds                             )                         continue                     return failed(                         FetchStatus.TOOL_ERROR,                         \"transport_error\",                         \"The HTTP transport failed.\",                         True,                     )                 try:                     if response.status_code in _REDIRECTS:                         location = response.headers.get(\"location\")                         if not location:                             return failed(                                 FetchStatus.HTTP_ERROR,                                 \"invalid_redirect\",                                 \"The redirect had no destination.\",                             )                         destination = urljoin(url, location)                         try:                             destination_origin = _origin(destination)                         except ValueError:                             return failed(                                 FetchStatus.POLICY_DENIED,                                 \"redirect_denied\",                                 \"The redirect destination was denied before dispatch.\",                             )                         if destination_origin != requested_origin:                             return failed(                                 FetchStatus.POLICY_DENIED,                                 \"redirect_denied\",                                 \"The redirect destination was denied before dispatch.\",                             )                         if redirects >= operation.parameters.max_redirects:                             return failed(                                 FetchStatus.POLICY_DENIED,                                 \"redirect_limit\",                                 \"The redirect limit was reached before dispatch.\",                             )                         redirects += 1                         url = destination                         continue                     if response.status_code == 429:                         return failed(                             FetchStatus.RATE_LIMITED,                            ... [truncated]"
        },
        {
            "id": "Function:flowsint-core/src/flowsint_execution/fetch.py:execute_fetch_with_source_proof",
            "name": "execute_fetch_with_source_proof",
            "filePath": "flowsint-core/src/flowsint_execution/fetch.py",
            "nodeType": "Function",
            "startLine": 711,
            "endLine": 859,
            "content": "async def execute_fetch_with_source_proof(     operation: AdmittedFetchOperation,     *,     artifact_store: FilesystemArtifactStore | None,     retention_decision: RetentionDecision | None,     transport: httpx.AsyncBaseTransport | None = None, ) -> SourceProofResult:     \"\"\"Run the sole fetch implementation and capture before raw bodies leave it.\"\"\"     started = time.monotonic()     fetched = (         await execute_fetch(operation)         if transport is None         else await execute_fetch(operation, transport=transport)     )     admitted = {item.occurrence_id: item for item in operation.inputs}     returned_ids = [item.occurrence_id for item in fetched.outcomes]     result_is_bound = (         fetched.operation_id == operation.operation_id         and len(fetched.outcomes) == len(operation.inputs)         and len(returned_ids) == len(set(returned_ids))         and set(returned_ids) == set(admitted)         and all(             item.input_ref == admitted[item.occurrence_id].input_ref             for item in fetched.outcomes             if item.occurrence_id in admitted         )     )     if not result_is_bound:         existing = {item.occurrence_id: item for item in fetched.outcomes}         return SourceProofResult(             operation.operation_id,             tuple(                 SourceProofOutcome(                     item.occurrence_id,                     item.input_ref,                     FetchStatus.TOOL_ERROR,                     CaptureResult(ArtifactState.REVIEW, \"unbound_fetch_result\"),                     None,                     RedactedDiagnostic(                         code=\"invalid_fetch_result\",                         safe_message=\"The fetch result did not match the admitted operation.\",                         retryable=False,                     ),                     existing[item.occurrence_id].actual_resources                     if item.occurrence_id in existing                     else Resources(requests=0, bytes=0, elapsed_seconds=0.0),                 )                 for item in operation.inputs             ),             fetched.actual_resources,         )     deadline = started + (operation.allocation.elapsed_seconds or 0.0)     stop = threading.Event()     def expired() -> bool:         return stop.is_set() or time.monotonic() >= deadline     def process() -> tuple[SourceProofOutcome, ...]:         outcomes = []         for item in fetched.outcomes:             if item.status is not FetchStatus.SUCCESS:                 outcomes.append(SourceProofOutcome(item.occurrence_id, item.input_ref, item.status, CaptureResult(ArtifactState.REVIEW, \"fetch_failed\"), None, item.diagnostic, item.actual_resources))                 continue             source = admitted[item.occurrence_id]             if expired():                 raise TimeoutError             context = ArtifactContext(                 operation_id=operation.operation_id, occurrence_id=item.occurrence_id,                 caller_id=operation.policy.caller_id, scope=operation.policy.scope,                 source_family=\"http\", origin=item.final_origin or item.requested_origin,                 requested_url=item.requested_url or _redacted_location(source.url),                 final_url=item.final_url or _redacted_location(source.url),                 retrieved_at=datetime.now(timezone.utc),             )             try:                 normalized = normalize_html(item.body or b\"\")             except ValueError:                 capture = CaptureResult(ArtifactState.REVIEW, \"unsupported_source_encoding\")                 normalized = None             else:                 if expired():                     raise TimeoutError                 if retention_decision is None:                     capture = CaptureResult(ArtifactState.HOLD, \"retention_policy_unavailable\")                 elif artifact_store is None:                     capture = CaptureResult(ArtifactState.HOLD, \"artifact_store_unavailable\")                 else:                     capture = capture_source(artifact_store, context, retention_decision,                                              item.body, normalized=normalized, cancelled=expired)                 if expired():                     raise TimeoutError                 if capture.state is not ArtifactState.AVAILABLE:                     normalized = None             spans = ()             if capture.artifact is not None and normalized is not None:                 spans = tuple(SourceProofSpanReference(                     span_id=f\"span-{capture.artifact.snapshot_id}-{index}\", artifact_id=capture.artifact.artifact_id,                     byte_start=span.raw_start, byte_end=span.raw_end,                     normalized_start=span.normalized_start, normalized_end=span.normalized_end,                     raw_offset_unit=\"byte\", normalized_offset_unit=\"unicode_code_point\", source_encoding=\"utf-8\",                 ) for index, span in enumerate(normalized.spans))             outcomes.append(Sour ... [truncated]"
        }
    ],
    "edges": [
        {
            "from": "Function:flowsint-core/src/flowsint_execution/fetch.py:execute_fetch_with_source_proof",
            "to": "Function:flowsint-core/src/flowsint_execution/fetch.py:execute_fetch",
            "type": "CALLS",
            "confidence": 0.85
        }
    ],
    "files": [
        {
            "filePath": "flowsint-core/src/flowsint_execution/fetch.py",
            "count": 2,
            "symbols": [
                {
                    "id": "Function:flowsint-core/src/flowsint_execution/fetch.py:execute_fetch",
                    "name": "execute_fetch",
                    "filePath": "flowsint-core/src/flowsint_execution/fetch.py",
                    "nodeType": "Function",
                    "startLine": 380,
                    "endLine": 708,
                    "content": "async def execute_fetch(     operation: AdmittedFetchOperation,     *,     transport: httpx.AsyncBaseTransport | None = None, ) -> FetchResult:     \"\"\"Execute only a sealed operation using verified async HTTP streaming.\"\"\"     operation.validate_seal()     operation.claim_execution()     ledger = _Ledger(operation)     concurrency = min(operation.allocation.concurrency or 1, len(operation.inputs) or 1)     semaphore = asyncio.Semaphore(concurrency)     timeout = operation.allocation.elapsed_seconds or 0.001     client = httpx.AsyncClient(         transport=transport,         verify=True,         trust_env=False,         follow_redirects=False,         timeout=httpx.Timeout(timeout),         headers={\"accept-encoding\": \"identity\"},     )     async def one(item: AdmittedInput) -> FetchOutcome:         requested_origin = _origin(item.url)         def failed(status: FetchStatus, code: str, message: str, retryable=False):             return FetchOutcome(                 occurrence_id=item.occurrence_id,                 input_ref=item.input_ref,                 status=status,                 requested_origin=requested_origin,                 diagnostic=_diagnostic(code, message, retryable=retryable),                 actual_resources=ledger.occurrence_resources(item.occurrence_id),             )         url = item.url         redirects = retries = 0         async with semaphore:             while True:                 if not await ledger.charge_request(item.occurrence_id):                     return failed(                         FetchStatus.TOOL_ERROR,                         \"request_budget_exhausted\",                         \"The request allocation was exhausted.\",                     )                 try:                     request = client.build_request(\"GET\", url)                     response = await client.send(request, stream=True)                 except asyncio.CancelledError:                     if asyncio.current_task().cancelling():                         raise                     return failed(                         FetchStatus.CANCELLED,                         \"cancelled\",                         \"The transport cancelled this occurrence.\",                     )                 except httpx.TimeoutException:                     return failed(                         FetchStatus.TIMEOUT,                         \"timeout\",                         \"The HTTP operation timed out.\",                         True,                     )                 except httpx.HTTPError:                     if retries < operation.parameters.max_retries:                         retries += 1                         if operation.parameters.retry_backoff_seconds:                             await asyncio.sleep(                                 operation.parameters.retry_backoff_seconds                             )                         continue                     return failed(                         FetchStatus.TOOL_ERROR,                         \"transport_error\",                         \"The HTTP transport failed.\",                         True,                     )                 try:                     if response.status_code in _REDIRECTS:                         location = response.headers.get(\"location\")                         if not location:                             return failed(                                 FetchStatus.HTTP_ERROR,                                 \"invalid_redirect\",                                 \"The redirect had no destination.\",                             )                         destination = urljoin(url, location)                         try:                             destination_origin = _origin(destination)                         except ValueError:                             return failed(                                 FetchStatus.POLICY_DENIED,                                 \"redirect_denied\",                                 \"The redirect destination was denied before dispatch.\",                             )                         if destination_origin != requested_origin:                             return failed(                                 FetchStatus.POLICY_DENIED,                                 \"redirect_denied\",                                 \"The redirect destination was denied before dispatch.\",                             )                         if redirects >= operation.parameters.max_redirects:                             return failed(                                 FetchStatus.POLICY_DENIED,                                 \"redirect_limit\",                                 \"The redirect limit was reached before dispatch.\",                             )                         redirects += 1                         url = destination                         continue                     if response.status_code == 429:                         return failed(                             FetchStatus.RATE_LIMITED,                            ... [truncated]"
                },
                {
                    "id": "Function:flowsint-core/src/flowsint_execution/fetch.py:execute_fetch_with_source_proof",
                    "name": "execute_fetch_with_source_proof",
                    "filePath": "flowsint-core/src/flowsint_execution/fetch.py",
                    "nodeType": "Function",
                    "startLine": 711,
                    "endLine": 859,
                    "content": "async def execute_fetch_with_source_proof(     operation: AdmittedFetchOperation,     *,     artifact_store: FilesystemArtifactStore | None,     retention_decision: RetentionDecision | None,     transport: httpx.AsyncBaseTransport | None = None, ) -> SourceProofResult:     \"\"\"Run the sole fetch implementation and capture before raw bodies leave it.\"\"\"     started = time.monotonic()     fetched = (         await execute_fetch(operation)         if transport is None         else await execute_fetch(operation, transport=transport)     )     admitted = {item.occurrence_id: item for item in operation.inputs}     returned_ids = [item.occurrence_id for item in fetched.outcomes]     result_is_bound = (         fetched.operation_id == operation.operation_id         and len(fetched.outcomes) == len(operation.inputs)         and len(returned_ids) == len(set(returned_ids))         and set(returned_ids) == set(admitted)         and all(             item.input_ref == admitted[item.occurrence_id].input_ref             for item in fetched.outcomes             if item.occurrence_id in admitted         )     )     if not result_is_bound:         existing = {item.occurrence_id: item for item in fetched.outcomes}         return SourceProofResult(             operation.operation_id,             tuple(                 SourceProofOutcome(                     item.occurrence_id,                     item.input_ref,                     FetchStatus.TOOL_ERROR,                     CaptureResult(ArtifactState.REVIEW, \"unbound_fetch_result\"),                     None,                     RedactedDiagnostic(                         code=\"invalid_fetch_result\",                         safe_message=\"The fetch result did not match the admitted operation.\",                         retryable=False,                     ),                     existing[item.occurrence_id].actual_resources                     if item.occurrence_id in existing                     else Resources(requests=0, bytes=0, elapsed_seconds=0.0),                 )                 for item in operation.inputs             ),             fetched.actual_resources,         )     deadline = started + (operation.allocation.elapsed_seconds or 0.0)     stop = threading.Event()     def expired() -> bool:         return stop.is_set() or time.monotonic() >= deadline     def process() -> tuple[SourceProofOutcome, ...]:         outcomes = []         for item in fetched.outcomes:             if item.status is not FetchStatus.SUCCESS:                 outcomes.append(SourceProofOutcome(item.occurrence_id, item.input_ref, item.status, CaptureResult(ArtifactState.REVIEW, \"fetch_failed\"), None, item.diagnostic, item.actual_resources))                 continue             source = admitted[item.occurrence_id]             if expired():                 raise TimeoutError             context = ArtifactContext(                 operation_id=operation.operation_id, occurrence_id=item.occurrence_id,                 caller_id=operation.policy.caller_id, scope=operation.policy.scope,                 source_family=\"http\", origin=item.final_origin or item.requested_origin,                 requested_url=item.requested_url or _redacted_location(source.url),                 final_url=item.final_url or _redacted_location(source.url),                 retrieved_at=datetime.now(timezone.utc),             )             try:                 normalized = normalize_html(item.body or b\"\")             except ValueError:                 capture = CaptureResult(ArtifactState.REVIEW, \"unsupported_source_encoding\")                 normalized = None             else:                 if expired():                     raise TimeoutError                 if retention_decision is None:                     capture = CaptureResult(ArtifactState.HOLD, \"retention_policy_unavailable\")                 elif artifact_store is None:                     capture = CaptureResult(ArtifactState.HOLD, \"artifact_store_unavailable\")                 else:                     capture = capture_source(artifact_store, context, retention_decision,                                              item.body, normalized=normalized, cancelled=expired)                 if expired():                     raise TimeoutError                 if capture.state is not ArtifactState.AVAILABLE:                     normalized = None             spans = ()             if capture.artifact is not None and normalized is not None:                 spans = tuple(SourceProofSpanReference(                     span_id=f\"span-{capture.artifact.snapshot_id}-{index}\", artifact_id=capture.artifact.artifact_id,                     byte_start=span.raw_start, byte_end=span.raw_end,                     normalized_start=span.normalized_start, normalized_end=span.normalized_end,                     raw_offset_unit=\"byte\", normalized_offset_unit=\"unicode_code_point\", source_encoding=\"utf-8\",                 ) for index, span in enumerate(normalized.spans))             outcomes.append(Sour ... [truncated]"
                }
            ]
        }
    ],
    "affected_modules": [
        {
            "name": "flowsint-core",
            "direct": true,
            "symbolCount": 1
        }
    ],
    "affected_processes": [],
    "byDepth": {
        "d=1": {
            "depth": 1,
            "label": "WILL BREAK",
            "symbols": [
                {
                    "id": "Function:flowsint-core/src/flowsint_execution/fetch.py:execute_fetch_with_source_proof",
                    "name": "execute_fetch_with_source_proof",
                    "filePath": "flowsint-core/src/flowsint_execution/fetch.py",
                    "nodeType": "Function",
                    "startLine": 711,
                    "endLine": 859,
                    "content": "async def execute_fetch_with_source_proof(     operation: AdmittedFetchOperation,     *,     artifact_store: FilesystemArtifactStore | None,     retention_decision: RetentionDecision | None,     transport: httpx.AsyncBaseTransport | None = None, ) -> SourceProofResult:     \"\"\"Run the sole fetch implementation and capture before raw bodies leave it.\"\"\"     started = time.monotonic()     fetched = (         await execute_fetch(operation)         if transport is None         else await execute_fetch(operation, transport=transport)     )     admitted = {item.occurrence_id: item for item in operation.inputs}     returned_ids = [item.occurrence_id for item in fetched.outcomes]     result_is_bound = (         fetched.operation_id == operation.operation_id         and len(fetched.outcomes) == len(operation.inputs)         and len(returned_ids) == len(set(returned_ids))         and set(returned_ids) == set(admitted)         and all(             item.input_ref == admitted[item.occurrence_id].input_ref             for item in fetched.outcomes             if item.occurrence_id in admitted         )     )     if not result_is_bound:         existing = {item.occurrence_id: item for item in fetched.outcomes}         return SourceProofResult(             operation.operation_id,             tuple(                 SourceProofOutcome(                     item.occurrence_id,                     item.input_ref,                     FetchStatus.TOOL_ERROR,                     CaptureResult(ArtifactState.REVIEW, \"unbound_fetch_result\"),                     None,                     RedactedDiagnostic(                         code=\"invalid_fetch_result\",                         safe_message=\"The fetch result did not match the admitted operation.\",                         retryable=False,                     ),                     existing[item.occurrence_id].actual_resources                     if item.occurrence_id in existing                     else Resources(requests=0, bytes=0, elapsed_seconds=0.0),                 )                 for item in operation.inputs             ),             fetched.actual_resources,         )     deadline = started + (operation.allocation.elapsed_seconds or 0.0)     stop = threading.Event()     def expired() -> bool:         return stop.is_set() or time.monotonic() >= deadline     def process() -> tuple[SourceProofOutcome, ...]:         outcomes = []         for item in fetched.outcomes:             if item.status is not FetchStatus.SUCCESS:                 outcomes.append(SourceProofOutcome(item.occurrence_id, item.input_ref, item.status, CaptureResult(ArtifactState.REVIEW, \"fetch_failed\"), None, item.diagnostic, item.actual_resources))                 continue             source = admitted[item.occurrence_id]             if expired():                 raise TimeoutError             context = ArtifactContext(                 operation_id=operation.operation_id, occurrence_id=item.occurrence_id,                 caller_id=operation.policy.caller_id, scope=operation.policy.scope,                 source_family=\"http\", origin=item.final_origin or item.requested_origin,                 requested_url=item.requested_url or _redacted_location(source.url),                 final_url=item.final_url or _redacted_location(source.url),                 retrieved_at=datetime.now(timezone.utc),             )             try:                 normalized = normalize_html(item.body or b\"\")             except ValueError:                 capture = CaptureResult(ArtifactState.REVIEW, \"unsupported_source_encoding\")                 normalized = None             else:                 if expired():                     raise TimeoutError                 if retention_decision is None:                     capture = CaptureResult(ArtifactState.HOLD, \"retention_policy_unavailable\")                 elif artifact_store is None:                     capture = CaptureResult(ArtifactState.HOLD, \"artifact_store_unavailable\")                 else:                     capture = capture_source(artifact_store, context, retention_decision,                                              item.body, normalized=normalized, cancelled=expired)                 if expired():                     raise TimeoutError                 if capture.state is not ArtifactState.AVAILABLE:                     normalized = None             spans = ()             if capture.artifact is not None and normalized is not None:                 spans = tuple(SourceProofSpanReference(                     span_id=f\"span-{capture.artifact.snapshot_id}-{index}\", artifact_id=capture.artifact.artifact_id,                     byte_start=span.raw_start, byte_end=span.raw_end,                     normalized_start=span.normalized_start, normalized_end=span.normalized_end,                     raw_offset_unit=\"byte\", normalized_offset_unit=\"unicode_code_point\", source_encoding=\"utf-8\",                 ) for index, span in enumerate(normalized.spans))             outcomes.append(Sour ... [truncated]"
                }
            ]
        }
    },
    "summary": {
        "cwd": "/home/n4s5ti/Documents/dev/fl0sint-def44-source",
        "rootPath": "/home/n4s5ti/Documents/dev/fl0sint-def44-source",
        "repo": "fl0sint-def44-source",
        "lbugPath": "/home/n4s5ti/Documents/dev/fl0sint-def44-source/.gitnexus/lbug",
        "symbol": "flowsint-core/src/flowsint_execution/fetch.py:execute_fetch",
        "rootSymbols": 1,
        "totalSymbols": 2,
        "totalEdges": 1,
        "filesMatched": 1,
        "truncated": false,
        "direct": 1,
        "processes": 0,
        "modules": 1
    },
    "warnings": [],
    "completeness": "complete",
    "completenessReasons": [],
    "indexStatus": "ready"
}
