{
    "symbol": "flowsint-core/src/flowsint_execution/fetch.py:execute_fetch_with_source_proof",
    "repo": "fl0sint-def44-source",
    "lbugPath": "/home/n4s5ti/Documents/dev/fl0sint-def44-source/.gitnexus/lbug",
    "rootPath": "/home/n4s5ti/Documents/dev/fl0sint-def44-source",
    "direction": "upstream",
    "risk": "UNKNOWN",
    "target": {
        "id": "Function:flowsint-core/src/flowsint_execution/fetch.py:execute_fetch_with_source_proof",
        "name": "execute_fetch_with_source_proof",
        "filePath": "flowsint-core/src/flowsint_execution/fetch.py",
        "nodeType": "Function",
        "startLine": 711,
        "endLine": 859,
        "content": "async def execute_fetch_with_source_proof(     operation: AdmittedFetchOperation,     *,     artifact_store: FilesystemArtifactStore | None,     retention_decision: RetentionDecision | None,     transport: httpx.AsyncBaseTransport | None = None, ) -> SourceProofResult:     \"\"\"Run the sole fetch implementation and capture before raw bodies leave it.\"\"\"     started = time.monotonic()     fetched = (         await execute_fetch(operation)         if transport is None         else await execute_fetch(operation, transport=transport)     )     admitted = {item.occurrence_id: item for item in operation.inputs}     returned_ids = [item.occurrence_id for item in fetched.outcomes]     result_is_bound = (         fetched.operation_id == operation.operation_id         and len(fetched.outcomes) == len(operation.inputs)         and len(returned_ids) == len(set(returned_ids))         and set(returned_ids) == set(admitted)         and all(             item.input_ref == admitted[item.occurrence_id].input_ref             for item in fetched.outcomes             if item.occurrence_id in admitted         )     )     if not result_is_bound:         existing = {item.occurrence_id: item for item in fetched.outcomes}         return SourceProofResult(             operation.operation_id,             tuple(                 SourceProofOutcome(                     item.occurrence_id,                     item.input_ref,                     FetchStatus.TOOL_ERROR,                     CaptureResult(ArtifactState.REVIEW, \"unbound_fetch_result\"),                     None,                     RedactedDiagnostic(                         code=\"invalid_fetch_result\",                         safe_message=\"The fetch result did not match the admitted operation.\",                         retryable=False,                     ),                     existing[item.occurrence_id].actual_resources                     if item.occurrence_id in existing                     else Resources(requests=0, bytes=0, elapsed_seconds=0.0),                 )                 for item in operation.inputs             ),             fetched.actual_resources,         )     deadline = started + (operation.allocation.elapsed_seconds or 0.0)     stop = threading.Event()     def expired() -> bool:         return stop.is_set() or time.monotonic() >= deadline     def process() -> tuple[SourceProofOutcome, ...]:         outcomes = []         for item in fetched.outcomes:             if item.status is not FetchStatus.SUCCESS:                 outcomes.append(SourceProofOutcome(item.occurrence_id, item.input_ref, item.status, CaptureResult(ArtifactState.REVIEW, \"fetch_failed\"), None, item.diagnostic, item.actual_resources))                 continue             source = admitted[item.occurrence_id]             if expired():                 raise TimeoutError             context = ArtifactContext(                 operation_id=operation.operation_id, occurrence_id=item.occurrence_id,                 caller_id=operation.policy.caller_id, scope=operation.policy.scope,                 source_family=\"http\", origin=item.final_origin or item.requested_origin,                 requested_url=item.requested_url or _redacted_location(source.url),                 final_url=item.final_url or _redacted_location(source.url),                 retrieved_at=datetime.now(timezone.utc),             )             try:                 normalized = normalize_html(item.body or b\"\")             except ValueError:                 capture = CaptureResult(ArtifactState.REVIEW, \"unsupported_source_encoding\")                 normalized = None             else:                 if expired():                     raise TimeoutError                 if retention_decision is None:                     capture = CaptureResult(ArtifactState.HOLD, \"retention_policy_unavailable\")                 elif artifact_store is None:                     capture = CaptureResult(ArtifactState.HOLD, \"artifact_store_unavailable\")                 else:                     capture = capture_source(artifact_store, context, retention_decision,                                              item.body, normalized=normalized, cancelled=expired)                 if expired():                     raise TimeoutError                 if capture.state is not ArtifactState.AVAILABLE:                     normalized = None             spans = ()             if capture.artifact is not None and normalized is not None:                 spans = tuple(SourceProofSpanReference(                     span_id=f\"span-{capture.artifact.snapshot_id}-{index}\", artifact_id=capture.artifact.artifact_id,                     byte_start=span.raw_start, byte_end=span.raw_end,                     normalized_start=span.normalized_start, normalized_end=span.normalized_end,                     raw_offset_unit=\"byte\", normalized_offset_unit=\"unicode_code_point\", source_encoding=\"utf-8\",                 ) for index, span in enumerate(normalized.spans))             outcomes.append(Sour ... [truncated]"
    },
    "symbols": [
        {
            "id": "Function:flowsint-core/src/flowsint_execution/fetch.py:execute_fetch_with_source_proof",
            "name": "execute_fetch_with_source_proof",
            "filePath": "flowsint-core/src/flowsint_execution/fetch.py",
            "nodeType": "Function",
            "startLine": 711,
            "endLine": 859,
            "content": "async def execute_fetch_with_source_proof(     operation: AdmittedFetchOperation,     *,     artifact_store: FilesystemArtifactStore | None,     retention_decision: RetentionDecision | None,     transport: httpx.AsyncBaseTransport | None = None, ) -> SourceProofResult:     \"\"\"Run the sole fetch implementation and capture before raw bodies leave it.\"\"\"     started = time.monotonic()     fetched = (         await execute_fetch(operation)         if transport is None         else await execute_fetch(operation, transport=transport)     )     admitted = {item.occurrence_id: item for item in operation.inputs}     returned_ids = [item.occurrence_id for item in fetched.outcomes]     result_is_bound = (         fetched.operation_id == operation.operation_id         and len(fetched.outcomes) == len(operation.inputs)         and len(returned_ids) == len(set(returned_ids))         and set(returned_ids) == set(admitted)         and all(             item.input_ref == admitted[item.occurrence_id].input_ref             for item in fetched.outcomes             if item.occurrence_id in admitted         )     )     if not result_is_bound:         existing = {item.occurrence_id: item for item in fetched.outcomes}         return SourceProofResult(             operation.operation_id,             tuple(                 SourceProofOutcome(                     item.occurrence_id,                     item.input_ref,                     FetchStatus.TOOL_ERROR,                     CaptureResult(ArtifactState.REVIEW, \"unbound_fetch_result\"),                     None,                     RedactedDiagnostic(                         code=\"invalid_fetch_result\",                         safe_message=\"The fetch result did not match the admitted operation.\",                         retryable=False,                     ),                     existing[item.occurrence_id].actual_resources                     if item.occurrence_id in existing                     else Resources(requests=0, bytes=0, elapsed_seconds=0.0),                 )                 for item in operation.inputs             ),             fetched.actual_resources,         )     deadline = started + (operation.allocation.elapsed_seconds or 0.0)     stop = threading.Event()     def expired() -> bool:         return stop.is_set() or time.monotonic() >= deadline     def process() -> tuple[SourceProofOutcome, ...]:         outcomes = []         for item in fetched.outcomes:             if item.status is not FetchStatus.SUCCESS:                 outcomes.append(SourceProofOutcome(item.occurrence_id, item.input_ref, item.status, CaptureResult(ArtifactState.REVIEW, \"fetch_failed\"), None, item.diagnostic, item.actual_resources))                 continue             source = admitted[item.occurrence_id]             if expired():                 raise TimeoutError             context = ArtifactContext(                 operation_id=operation.operation_id, occurrence_id=item.occurrence_id,                 caller_id=operation.policy.caller_id, scope=operation.policy.scope,                 source_family=\"http\", origin=item.final_origin or item.requested_origin,                 requested_url=item.requested_url or _redacted_location(source.url),                 final_url=item.final_url or _redacted_location(source.url),                 retrieved_at=datetime.now(timezone.utc),             )             try:                 normalized = normalize_html(item.body or b\"\")             except ValueError:                 capture = CaptureResult(ArtifactState.REVIEW, \"unsupported_source_encoding\")                 normalized = None             else:                 if expired():                     raise TimeoutError                 if retention_decision is None:                     capture = CaptureResult(ArtifactState.HOLD, \"retention_policy_unavailable\")                 elif artifact_store is None:                     capture = CaptureResult(ArtifactState.HOLD, \"artifact_store_unavailable\")                 else:                     capture = capture_source(artifact_store, context, retention_decision,                                              item.body, normalized=normalized, cancelled=expired)                 if expired():                     raise TimeoutError                 if capture.state is not ArtifactState.AVAILABLE:                     normalized = None             spans = ()             if capture.artifact is not None and normalized is not None:                 spans = tuple(SourceProofSpanReference(                     span_id=f\"span-{capture.artifact.snapshot_id}-{index}\", artifact_id=capture.artifact.artifact_id,                     byte_start=span.raw_start, byte_end=span.raw_end,                     normalized_start=span.normalized_start, normalized_end=span.normalized_end,                     raw_offset_unit=\"byte\", normalized_offset_unit=\"unicode_code_point\", source_encoding=\"utf-8\",                 ) for index, span in enumerate(normalized.spans))             outcomes.append(Sour ... [truncated]"
        }
    ],
    "edges": [],
    "files": [
        {
            "filePath": "flowsint-core/src/flowsint_execution/fetch.py",
            "count": 1,
            "symbols": [
                {
                    "id": "Function:flowsint-core/src/flowsint_execution/fetch.py:execute_fetch_with_source_proof",
                    "name": "execute_fetch_with_source_proof",
                    "filePath": "flowsint-core/src/flowsint_execution/fetch.py",
                    "nodeType": "Function",
                    "startLine": 711,
                    "endLine": 859,
                    "content": "async def execute_fetch_with_source_proof(     operation: AdmittedFetchOperation,     *,     artifact_store: FilesystemArtifactStore | None,     retention_decision: RetentionDecision | None,     transport: httpx.AsyncBaseTransport | None = None, ) -> SourceProofResult:     \"\"\"Run the sole fetch implementation and capture before raw bodies leave it.\"\"\"     started = time.monotonic()     fetched = (         await execute_fetch(operation)         if transport is None         else await execute_fetch(operation, transport=transport)     )     admitted = {item.occurrence_id: item for item in operation.inputs}     returned_ids = [item.occurrence_id for item in fetched.outcomes]     result_is_bound = (         fetched.operation_id == operation.operation_id         and len(fetched.outcomes) == len(operation.inputs)         and len(returned_ids) == len(set(returned_ids))         and set(returned_ids) == set(admitted)         and all(             item.input_ref == admitted[item.occurrence_id].input_ref             for item in fetched.outcomes             if item.occurrence_id in admitted         )     )     if not result_is_bound:         existing = {item.occurrence_id: item for item in fetched.outcomes}         return SourceProofResult(             operation.operation_id,             tuple(                 SourceProofOutcome(                     item.occurrence_id,                     item.input_ref,                     FetchStatus.TOOL_ERROR,                     CaptureResult(ArtifactState.REVIEW, \"unbound_fetch_result\"),                     None,                     RedactedDiagnostic(                         code=\"invalid_fetch_result\",                         safe_message=\"The fetch result did not match the admitted operation.\",                         retryable=False,                     ),                     existing[item.occurrence_id].actual_resources                     if item.occurrence_id in existing                     else Resources(requests=0, bytes=0, elapsed_seconds=0.0),                 )                 for item in operation.inputs             ),             fetched.actual_resources,         )     deadline = started + (operation.allocation.elapsed_seconds or 0.0)     stop = threading.Event()     def expired() -> bool:         return stop.is_set() or time.monotonic() >= deadline     def process() -> tuple[SourceProofOutcome, ...]:         outcomes = []         for item in fetched.outcomes:             if item.status is not FetchStatus.SUCCESS:                 outcomes.append(SourceProofOutcome(item.occurrence_id, item.input_ref, item.status, CaptureResult(ArtifactState.REVIEW, \"fetch_failed\"), None, item.diagnostic, item.actual_resources))                 continue             source = admitted[item.occurrence_id]             if expired():                 raise TimeoutError             context = ArtifactContext(                 operation_id=operation.operation_id, occurrence_id=item.occurrence_id,                 caller_id=operation.policy.caller_id, scope=operation.policy.scope,                 source_family=\"http\", origin=item.final_origin or item.requested_origin,                 requested_url=item.requested_url or _redacted_location(source.url),                 final_url=item.final_url or _redacted_location(source.url),                 retrieved_at=datetime.now(timezone.utc),             )             try:                 normalized = normalize_html(item.body or b\"\")             except ValueError:                 capture = CaptureResult(ArtifactState.REVIEW, \"unsupported_source_encoding\")                 normalized = None             else:                 if expired():                     raise TimeoutError                 if retention_decision is None:                     capture = CaptureResult(ArtifactState.HOLD, \"retention_policy_unavailable\")                 elif artifact_store is None:                     capture = CaptureResult(ArtifactState.HOLD, \"artifact_store_unavailable\")                 else:                     capture = capture_source(artifact_store, context, retention_decision,                                              item.body, normalized=normalized, cancelled=expired)                 if expired():                     raise TimeoutError                 if capture.state is not ArtifactState.AVAILABLE:                     normalized = None             spans = ()             if capture.artifact is not None and normalized is not None:                 spans = tuple(SourceProofSpanReference(                     span_id=f\"span-{capture.artifact.snapshot_id}-{index}\", artifact_id=capture.artifact.artifact_id,                     byte_start=span.raw_start, byte_end=span.raw_end,                     normalized_start=span.normalized_start, normalized_end=span.normalized_end,                     raw_offset_unit=\"byte\", normalized_offset_unit=\"unicode_code_point\", source_encoding=\"utf-8\",                 ) for index, span in enumerate(normalized.spans))             outcomes.append(Sour ... [truncated]"
                }
            ]
        }
    ],
    "affected_modules": [],
    "affected_processes": [],
    "byDepth": {},
    "summary": {
        "cwd": "/home/n4s5ti/Documents/dev/fl0sint-def44-source",
        "rootPath": "/home/n4s5ti/Documents/dev/fl0sint-def44-source",
        "repo": "fl0sint-def44-source",
        "lbugPath": "/home/n4s5ti/Documents/dev/fl0sint-def44-source/.gitnexus/lbug",
        "symbol": "flowsint-core/src/flowsint_execution/fetch.py:execute_fetch_with_source_proof",
        "rootSymbols": 1,
        "totalSymbols": 1,
        "totalEdges": 0,
        "filesMatched": 1,
        "truncated": false,
        "direct": 0,
        "processes": 0,
        "modules": 0
    },
    "warnings": [],
    "completeness": "partial",
    "completenessReasons": [
        "no-call-edges"
    ],
    "indexStatus": "ready"
}
