{
    "symbol": "flowsint-core/src/flowsint_core/core/services/execution_service.py:persist_structured_result",
    "repo": "fl0sint-def44-source",
    "lbugPath": "/home/n4s5ti/Documents/dev/fl0sint-def44-source/.gitnexus/lbug",
    "rootPath": "/home/n4s5ti/Documents/dev/fl0sint-def44-source",
    "direction": "downstream",
    "risk": "HIGH",
    "target": {
        "id": "Method:flowsint-core/src/flowsint_core/core/services/execution_service.py:ExecutionService.persist_structured_result#5",
        "name": "persist_structured_result",
        "filePath": "flowsint-core/src/flowsint_core/core/services/execution_service.py",
        "nodeType": "Method",
        "startLine": 241,
        "endLine": 333,
        "content": "    def persist_structured_result(         self,         run: FlowRun,         lease: RunLease,         step: StepRun,         result: StructuredExecutionResult,         *,         projection_binding: ProjectionBinding | None = None,     ) -> PersistedStructuredResult:         \"\"\"Persist immutable evidence and matching projection jobs in one transaction.\"\"\"         projection_repo = (             ProjectionRepository(self._db) if projection_binding is not None else None         )         projection_job_ids: list[UUID] = []         self._fence_run(run, lease)         if len(result.outcomes) != run.input_count:             raise ValueError(\"Structured result must contain every original input\")         if step.flow_run_id != run.id:             raise ValueError(\"Step does not belong to the flow run\")         for input_index, outcome in enumerate(result.outcomes):             envelopes: tuple[EvidenceEnvelope | None, ...] = (                 outcome.evidence or (None,)             )             for evidence_index, envelope in enumerate(envelopes):                 if envelope is not None and envelope.input_ref != outcome.input_ref:                     raise ValueError(\"Evidence input reference must match its outcome\")                 if (                     self._repo.get_evidence(                         step.id, step.attempt, input_index, evidence_index                     )                     is not None                 ):                     continue                 record = self._record_for_outcome(                     run=run,                     step=step,                     attempt=step.attempt,                     input_index=input_index,                     evidence_index=evidence_index,                     outcome=outcome,                     envelope=envelope,                     source=result.enricher_name,                 )                 self._repo.add(record)                 if (                     projection_repo is not None                     and projection_binding is not None                     and outcome.status is OutcomeStatus.SUCCESS                 ):                     self._db.flush()                     job, created = projection_repo.enqueue(record, projection_binding)                     if created:                         projection_job_ids.append(job.id)         aggregate_status = self.aggregate_status(result.outcomes)         step.success_count = sum(             outcome.status is OutcomeStatus.SUCCESS for outcome in result.outcomes         )         step.failure_count = sum(             outcome.status is OutcomeStatus.FAILURE for outcome in result.outcomes         )         step.hold_count = sum(             outcome.status is OutcomeStatus.HOLD for outcome in result.outcomes         )         step.output_count = sum(len(outcome.outputs) for outcome in result.outcomes)         step.retryable = any(             outcome.diagnostic is not None and outcome.diagnostic.retryable             for outcome in result.outcomes         )         step.status = aggregate_status         step.completed_at = _utcnow()         step.checkpoint = {             **step.checkpoint,             \"attempt\": step.attempt,             \"completed_input_count\": len(result.outcomes),         }         run.status = aggregate_status         run.lease_owner = None         run.lease_expires_at = None         run.completed_at = _utcnow()         run.checkpoint = {             **run.checkpoint,             \"last_step_key\": step.step_key,             \"last_step_attempt\": step.attempt,             \"completed_input_count\": len(result.outcomes),         }         self._commit()         return PersistedStructuredResult(             run=run,             projection_job_ids=tuple(projection_job_ids),         )"
    },
    "symbols": [
        {
            "id": "Method:flowsint-core/src/flowsint_core/core/services/execution_service.py:ExecutionService.persist_structured_result#5",
            "name": "persist_structured_result",
            "filePath": "flowsint-core/src/flowsint_core/core/services/execution_service.py",
            "nodeType": "Method",
            "startLine": 241,
            "endLine": 333,
            "content": "    def persist_structured_result(         self,         run: FlowRun,         lease: RunLease,         step: StepRun,         result: StructuredExecutionResult,         *,         projection_binding: ProjectionBinding | None = None,     ) -> PersistedStructuredResult:         \"\"\"Persist immutable evidence and matching projection jobs in one transaction.\"\"\"         projection_repo = (             ProjectionRepository(self._db) if projection_binding is not None else None         )         projection_job_ids: list[UUID] = []         self._fence_run(run, lease)         if len(result.outcomes) != run.input_count:             raise ValueError(\"Structured result must contain every original input\")         if step.flow_run_id != run.id:             raise ValueError(\"Step does not belong to the flow run\")         for input_index, outcome in enumerate(result.outcomes):             envelopes: tuple[EvidenceEnvelope | None, ...] = (                 outcome.evidence or (None,)             )             for evidence_index, envelope in enumerate(envelopes):                 if envelope is not None and envelope.input_ref != outcome.input_ref:                     raise ValueError(\"Evidence input reference must match its outcome\")                 if (                     self._repo.get_evidence(                         step.id, step.attempt, input_index, evidence_index                     )                     is not None                 ):                     continue                 record = self._record_for_outcome(                     run=run,                     step=step,                     attempt=step.attempt,                     input_index=input_index,                     evidence_index=evidence_index,                     outcome=outcome,                     envelope=envelope,                     source=result.enricher_name,                 )                 self._repo.add(record)                 if (                     projection_repo is not None                     and projection_binding is not None                     and outcome.status is OutcomeStatus.SUCCESS                 ):                     self._db.flush()                     job, created = projection_repo.enqueue(record, projection_binding)                     if created:                         projection_job_ids.append(job.id)         aggregate_status = self.aggregate_status(result.outcomes)         step.success_count = sum(             outcome.status is OutcomeStatus.SUCCESS for outcome in result.outcomes         )         step.failure_count = sum(             outcome.status is OutcomeStatus.FAILURE for outcome in result.outcomes         )         step.hold_count = sum(             outcome.status is OutcomeStatus.HOLD for outcome in result.outcomes         )         step.output_count = sum(len(outcome.outputs) for outcome in result.outcomes)         step.retryable = any(             outcome.diagnostic is not None and outcome.diagnostic.retryable             for outcome in result.outcomes         )         step.status = aggregate_status         step.completed_at = _utcnow()         step.checkpoint = {             **step.checkpoint,             \"attempt\": step.attempt,             \"completed_input_count\": len(result.outcomes),         }         run.status = aggregate_status         run.lease_owner = None         run.lease_expires_at = None         run.completed_at = _utcnow()         run.checkpoint = {             **run.checkpoint,             \"last_step_key\": step.step_key,             \"last_step_attempt\": step.attempt,             \"completed_input_count\": len(result.outcomes),         }         self._commit()         return PersistedStructuredResult(             run=run,             projection_job_ids=tuple(projection_job_ids),         )"
        },
        {
            "id": "Function:flowsint-core/src/flowsint_core/core/services/execution_service.py:_utcnow",
            "name": "_utcnow",
            "filePath": "flowsint-core/src/flowsint_core/core/services/execution_service.py",
            "nodeType": "Function",
            "startLine": 55,
            "endLine": 56,
            "content": "def _utcnow() -> datetime:     return datetime.now(timezone.utc)"
        },
        {
            "id": "Function:flowsint-core/src/flowsint_core/core/services/execution_service.py:_json_value",
            "name": "_json_value",
            "filePath": "flowsint-core/src/flowsint_core/core/services/execution_service.py",
            "nodeType": "Function",
            "startLine": 59,
            "endLine": 75,
            "content": "def _json_value(value: Any) -> Any:     \"\"\"Serialize mapped outputs without turning unknown values into text.\"\"\"     if isinstance(value, BaseModel):         return _json_value(value.model_dump(mode=\"json\"))     if isinstance(value, Enum):         return _json_value(value.value)     if isinstance(value, datetime):         if value.tzinfo is not None and value.utcoffset() is not None:             value = value.astimezone(timezone.utc)         return value.isoformat()     if isinstance(value, Mapping):         return {str(key): _json_value(item) for key, item in value.items()}     if isinstance(value, (list, tuple)):         return [_json_value(item) for item in value]     if value is None or isinstance(value, (bool, int, float, str)):         return value     raise TypeError(f\"Mapped output type {type(value).__name__} is not JSON-safe\")"
        },
        {
            "id": "Method:flowsint-core/src/flowsint_core/core/services/base.py:BaseService._commit#0",
            "name": "_commit",
            "filePath": "flowsint-core/src/flowsint_core/core/services/base.py",
            "nodeType": "Method",
            "startLine": 31,
            "endLine": 36,
            "content": "    def _commit(self) -> None:         try:             self._db.commit()         except SQLAlchemyError as e:             self._db.rollback()             raise DatabaseError(f\"Database error: {e}\")"
        },
        {
            "id": "Method:flowsint-core/src/flowsint_core/core/services/base.py:BaseService._rollback#0",
            "name": "_rollback",
            "filePath": "flowsint-core/src/flowsint_core/core/services/base.py",
            "nodeType": "Method",
            "startLine": 38,
            "endLine": 39,
            "content": "    def _rollback(self) -> None:         self._db.rollback()"
        },
        {
            "id": "Method:flowsint-core/src/flowsint_core/core/services/execution_service.py:ExecutionService._fence_run#2",
            "name": "_fence_run",
            "filePath": "flowsint-core/src/flowsint_core/core/services/execution_service.py",
            "nodeType": "Method",
            "startLine": 179,
            "endLine": 188,
            "content": "    def _fence_run(self, run: FlowRun, lease: RunLease) -> None:         \"\"\"Assert the caller still owns an unexpired lease within this transaction.\"\"\"         if lease.run_id != run.id or not self._repo.fence_run(             run.id,             lease_owner=lease.lease_owner,             attempt=lease.attempt,             now=_utcnow(),         ):             self._rollback()             raise RunLeaseLost(f\"Lease lost for flow run {run.id}\")"
        },
        {
            "id": "Method:flowsint-core/src/flowsint_core/core/services/execution_service.py:ExecutionService.aggregate_status#1",
            "name": "aggregate_status",
            "filePath": "flowsint-core/src/flowsint_core/core/services/execution_service.py",
            "nodeType": "Method",
            "startLine": 231,
            "endLine": 239,
            "content": "    def aggregate_status(outcomes: tuple[InputOutcome, ...]) -> str:         statuses = {outcome.status for outcome in outcomes}         if not outcomes or statuses == {OutcomeStatus.SUCCESS}:             return \"completed\"         if OutcomeStatus.SUCCESS in statuses:             return \"partial\"         if OutcomeStatus.HOLD in statuses:             return \"hold\"         return \"failed\""
        },
        {
            "id": "Method:flowsint-core/src/flowsint_core/core/services/execution_service.py:ExecutionService._record_for_outcome#8",
            "name": "_record_for_outcome",
            "filePath": "flowsint-core/src/flowsint_core/core/services/execution_service.py",
            "nodeType": "Method",
            "startLine": 437,
            "endLine": 482,
            "content": "    def _record_for_outcome(         *,         run: FlowRun,         step: StepRun,         attempt: int,         input_index: int,         evidence_index: int,         outcome: InputOutcome,         envelope: EvidenceEnvelope | None,         source: str,     ) -> EvidenceEnvelopeRecord:         return EvidenceEnvelopeRecord(             flow_run_id=run.id,             step_run_id=step.id,             attempt=attempt,             input_index=input_index,             evidence_index=evidence_index,             input_ref=outcome.input_ref,             status=outcome.status.value,             retryable=bool(outcome.diagnostic and outcome.diagnostic.retryable),             mapped_outputs=[_json_value(output) for output in outcome.outputs],             diagnostic=(                 outcome.diagnostic.model_dump(mode=\"json\")                 if outcome.diagnostic is not None                 else None             ),             source=source,             destination_id=envelope.destination_id if envelope is not None else None,             endpoint_id=envelope.endpoint_id if envelope is not None else None,             capability=envelope.capability if envelope is not None else None,             policy_version=envelope.policy_version if envelope is not None else None,             artifact_sha256=envelope.artifact_sha256 if envelope is not None else None,             artifact_reference=(                 envelope.artifact_reference if envelope is not None else None             ),             event_at=envelope.event_at if envelope is not None else None,             retrieved_at=envelope.retrieved_at if envelope is not None else _utcnow(),             ingested_at=envelope.ingested_at if envelope is not None else _utcnow(),             source_rights=envelope.source_rights if envelope is not None else None,             schema_version=envelope.schema_version if envelope is not None else None,             parser_version=envelope.parser_version if envelope is not None else None,             confidence=envelope.confidence if envelope is not None else None,             verification_state=(                 envelope.verification_state if envelope is not None else None             ),         )"
        }
    ],
    "edges": [
        {
            "from": "Method:flowsint-core/src/flowsint_core/core/services/execution_service.py:ExecutionService.persist_structured_result#5",
            "to": "Method:flowsint-core/src/flowsint_core/core/services/base.py:BaseService._commit#0",
            "type": "CALLS",
            "confidence": 0.85
        },
        {
            "from": "Method:flowsint-core/src/flowsint_core/core/services/execution_service.py:ExecutionService.persist_structured_result#5",
            "to": "Method:flowsint-core/src/flowsint_core/core/services/execution_service.py:ExecutionService._fence_run#2",
            "type": "CALLS",
            "confidence": 0.85
        },
        {
            "from": "Method:flowsint-core/src/flowsint_core/core/services/execution_service.py:ExecutionService.persist_structured_result#5",
            "to": "Method:flowsint-core/src/flowsint_core/core/services/execution_service.py:ExecutionService.aggregate_status#1",
            "type": "CALLS",
            "confidence": 0.85
        },
        {
            "from": "Method:flowsint-core/src/flowsint_core/core/services/execution_service.py:ExecutionService.persist_structured_result#5",
            "to": "Method:flowsint-core/src/flowsint_core/core/services/execution_service.py:ExecutionService._record_for_outcome#8",
            "type": "CALLS",
            "confidence": 0.85
        },
        {
            "from": "Method:flowsint-core/src/flowsint_core/core/services/execution_service.py:ExecutionService.persist_structured_result#5",
            "to": "Function:flowsint-core/src/flowsint_core/core/services/execution_service.py:_utcnow",
            "type": "CALLS",
            "confidence": 0.85
        },
        {
            "from": "Method:flowsint-core/src/flowsint_core/core/services/execution_service.py:ExecutionService._record_for_outcome#8",
            "to": "Function:flowsint-core/src/flowsint_core/core/services/execution_service.py:_utcnow",
            "type": "CALLS",
            "confidence": 0.85
        },
        {
            "from": "Method:flowsint-core/src/flowsint_core/core/services/execution_service.py:ExecutionService._fence_run#2",
            "to": "Function:flowsint-core/src/flowsint_core/core/services/execution_service.py:_utcnow",
            "type": "CALLS",
            "confidence": 0.85
        },
        {
            "from": "Method:flowsint-core/src/flowsint_core/core/services/execution_service.py:ExecutionService._record_for_outcome#8",
            "to": "Function:flowsint-core/src/flowsint_core/core/services/execution_service.py:_json_value",
            "type": "CALLS",
            "confidence": 0.85
        },
        {
            "from": "Method:flowsint-core/src/flowsint_core/core/services/execution_service.py:ExecutionService._fence_run#2",
            "to": "Method:flowsint-core/src/flowsint_core/core/services/base.py:BaseService._rollback#0",
            "type": "CALLS",
            "confidence": 0.85
        },
        {
            "from": "Function:flowsint-core/src/flowsint_core/core/services/execution_service.py:_json_value",
            "to": "Function:flowsint-core/src/flowsint_core/core/services/execution_service.py:_json_value",
            "type": "CALLS",
            "confidence": 0.85
        }
    ],
    "files": [
        {
            "filePath": "flowsint-core/src/flowsint_core/core/services/execution_service.py",
            "count": 6,
            "symbols": [
                {
                    "id": "Method:flowsint-core/src/flowsint_core/core/services/execution_service.py:ExecutionService.persist_structured_result#5",
                    "name": "persist_structured_result",
                    "filePath": "flowsint-core/src/flowsint_core/core/services/execution_service.py",
                    "nodeType": "Method",
                    "startLine": 241,
                    "endLine": 333,
                    "content": "    def persist_structured_result(         self,         run: FlowRun,         lease: RunLease,         step: StepRun,         result: StructuredExecutionResult,         *,         projection_binding: ProjectionBinding | None = None,     ) -> PersistedStructuredResult:         \"\"\"Persist immutable evidence and matching projection jobs in one transaction.\"\"\"         projection_repo = (             ProjectionRepository(self._db) if projection_binding is not None else None         )         projection_job_ids: list[UUID] = []         self._fence_run(run, lease)         if len(result.outcomes) != run.input_count:             raise ValueError(\"Structured result must contain every original input\")         if step.flow_run_id != run.id:             raise ValueError(\"Step does not belong to the flow run\")         for input_index, outcome in enumerate(result.outcomes):             envelopes: tuple[EvidenceEnvelope | None, ...] = (                 outcome.evidence or (None,)             )             for evidence_index, envelope in enumerate(envelopes):                 if envelope is not None and envelope.input_ref != outcome.input_ref:                     raise ValueError(\"Evidence input reference must match its outcome\")                 if (                     self._repo.get_evidence(                         step.id, step.attempt, input_index, evidence_index                     )                     is not None                 ):                     continue                 record = self._record_for_outcome(                     run=run,                     step=step,                     attempt=step.attempt,                     input_index=input_index,                     evidence_index=evidence_index,                     outcome=outcome,                     envelope=envelope,                     source=result.enricher_name,                 )                 self._repo.add(record)                 if (                     projection_repo is not None                     and projection_binding is not None                     and outcome.status is OutcomeStatus.SUCCESS                 ):                     self._db.flush()                     job, created = projection_repo.enqueue(record, projection_binding)                     if created:                         projection_job_ids.append(job.id)         aggregate_status = self.aggregate_status(result.outcomes)         step.success_count = sum(             outcome.status is OutcomeStatus.SUCCESS for outcome in result.outcomes         )         step.failure_count = sum(             outcome.status is OutcomeStatus.FAILURE for outcome in result.outcomes         )         step.hold_count = sum(             outcome.status is OutcomeStatus.HOLD for outcome in result.outcomes         )         step.output_count = sum(len(outcome.outputs) for outcome in result.outcomes)         step.retryable = any(             outcome.diagnostic is not None and outcome.diagnostic.retryable             for outcome in result.outcomes         )         step.status = aggregate_status         step.completed_at = _utcnow()         step.checkpoint = {             **step.checkpoint,             \"attempt\": step.attempt,             \"completed_input_count\": len(result.outcomes),         }         run.status = aggregate_status         run.lease_owner = None         run.lease_expires_at = None         run.completed_at = _utcnow()         run.checkpoint = {             **run.checkpoint,             \"last_step_key\": step.step_key,             \"last_step_attempt\": step.attempt,             \"completed_input_count\": len(result.outcomes),         }         self._commit()         return PersistedStructuredResult(             run=run,             projection_job_ids=tuple(projection_job_ids),         )"
                },
                {
                    "id": "Function:flowsint-core/src/flowsint_core/core/services/execution_service.py:_utcnow",
                    "name": "_utcnow",
                    "filePath": "flowsint-core/src/flowsint_core/core/services/execution_service.py",
                    "nodeType": "Function",
                    "startLine": 55,
                    "endLine": 56,
                    "content": "def _utcnow() -> datetime:     return datetime.now(timezone.utc)"
                },
                {
                    "id": "Function:flowsint-core/src/flowsint_core/core/services/execution_service.py:_json_value",
                    "name": "_json_value",
                    "filePath": "flowsint-core/src/flowsint_core/core/services/execution_service.py",
                    "nodeType": "Function",
                    "startLine": 59,
                    "endLine": 75,
                    "content": "def _json_value(value: Any) -> Any:     \"\"\"Serialize mapped outputs without turning unknown values into text.\"\"\"     if isinstance(value, BaseModel):         return _json_value(value.model_dump(mode=\"json\"))     if isinstance(value, Enum):         return _json_value(value.value)     if isinstance(value, datetime):         if value.tzinfo is not None and value.utcoffset() is not None:             value = value.astimezone(timezone.utc)         return value.isoformat()     if isinstance(value, Mapping):         return {str(key): _json_value(item) for key, item in value.items()}     if isinstance(value, (list, tuple)):         return [_json_value(item) for item in value]     if value is None or isinstance(value, (bool, int, float, str)):         return value     raise TypeError(f\"Mapped output type {type(value).__name__} is not JSON-safe\")"
                },
                {
                    "id": "Method:flowsint-core/src/flowsint_core/core/services/execution_service.py:ExecutionService._fence_run#2",
                    "name": "_fence_run",
                    "filePath": "flowsint-core/src/flowsint_core/core/services/execution_service.py",
                    "nodeType": "Method",
                    "startLine": 179,
                    "endLine": 188,
                    "content": "    def _fence_run(self, run: FlowRun, lease: RunLease) -> None:         \"\"\"Assert the caller still owns an unexpired lease within this transaction.\"\"\"         if lease.run_id != run.id or not self._repo.fence_run(             run.id,             lease_owner=lease.lease_owner,             attempt=lease.attempt,             now=_utcnow(),         ):             self._rollback()             raise RunLeaseLost(f\"Lease lost for flow run {run.id}\")"
                },
                {
                    "id": "Method:flowsint-core/src/flowsint_core/core/services/execution_service.py:ExecutionService.aggregate_status#1",
                    "name": "aggregate_status",
                    "filePath": "flowsint-core/src/flowsint_core/core/services/execution_service.py",
                    "nodeType": "Method",
                    "startLine": 231,
                    "endLine": 239,
                    "content": "    def aggregate_status(outcomes: tuple[InputOutcome, ...]) -> str:         statuses = {outcome.status for outcome in outcomes}         if not outcomes or statuses == {OutcomeStatus.SUCCESS}:             return \"completed\"         if OutcomeStatus.SUCCESS in statuses:             return \"partial\"         if OutcomeStatus.HOLD in statuses:             return \"hold\"         return \"failed\""
                },
                {
                    "id": "Method:flowsint-core/src/flowsint_core/core/services/execution_service.py:ExecutionService._record_for_outcome#8",
                    "name": "_record_for_outcome",
                    "filePath": "flowsint-core/src/flowsint_core/core/services/execution_service.py",
                    "nodeType": "Method",
                    "startLine": 437,
                    "endLine": 482,
                    "content": "    def _record_for_outcome(         *,         run: FlowRun,         step: StepRun,         attempt: int,         input_index: int,         evidence_index: int,         outcome: InputOutcome,         envelope: EvidenceEnvelope | None,         source: str,     ) -> EvidenceEnvelopeRecord:         return EvidenceEnvelopeRecord(             flow_run_id=run.id,             step_run_id=step.id,             attempt=attempt,             input_index=input_index,             evidence_index=evidence_index,             input_ref=outcome.input_ref,             status=outcome.status.value,             retryable=bool(outcome.diagnostic and outcome.diagnostic.retryable),             mapped_outputs=[_json_value(output) for output in outcome.outputs],             diagnostic=(                 outcome.diagnostic.model_dump(mode=\"json\")                 if outcome.diagnostic is not None                 else None             ),             source=source,             destination_id=envelope.destination_id if envelope is not None else None,             endpoint_id=envelope.endpoint_id if envelope is not None else None,             capability=envelope.capability if envelope is not None else None,             policy_version=envelope.policy_version if envelope is not None else None,             artifact_sha256=envelope.artifact_sha256 if envelope is not None else None,             artifact_reference=(                 envelope.artifact_reference if envelope is not None else None             ),             event_at=envelope.event_at if envelope is not None else None,             retrieved_at=envelope.retrieved_at if envelope is not None else _utcnow(),             ingested_at=envelope.ingested_at if envelope is not None else _utcnow(),             source_rights=envelope.source_rights if envelope is not None else None,             schema_version=envelope.schema_version if envelope is not None else None,             parser_version=envelope.parser_version if envelope is not None else None,             confidence=envelope.confidence if envelope is not None else None,             verification_state=(                 envelope.verification_state if envelope is not None else None             ),         )"
                }
            ]
        },
        {
            "filePath": "flowsint-core/src/flowsint_core/core/services/base.py",
            "count": 2,
            "symbols": [
                {
                    "id": "Method:flowsint-core/src/flowsint_core/core/services/base.py:BaseService._commit#0",
                    "name": "_commit",
                    "filePath": "flowsint-core/src/flowsint_core/core/services/base.py",
                    "nodeType": "Method",
                    "startLine": 31,
                    "endLine": 36,
                    "content": "    def _commit(self) -> None:         try:             self._db.commit()         except SQLAlchemyError as e:             self._db.rollback()             raise DatabaseError(f\"Database error: {e}\")"
                },
                {
                    "id": "Method:flowsint-core/src/flowsint_core/core/services/base.py:BaseService._rollback#0",
                    "name": "_rollback",
                    "filePath": "flowsint-core/src/flowsint_core/core/services/base.py",
                    "nodeType": "Method",
                    "startLine": 38,
                    "endLine": 39,
                    "content": "    def _rollback(self) -> None:         self._db.rollback()"
                }
            ]
        }
    ],
    "affected_modules": [
        {
            "name": "flowsint-core",
            "direct": true,
            "symbolCount": 7
        }
    ],
    "affected_processes": [],
    "byDepth": {
        "d=1": {
            "depth": 1,
            "label": "WILL BREAK",
            "symbols": [
                {
                    "id": "Method:flowsint-core/src/flowsint_core/core/services/base.py:BaseService._commit#0",
                    "name": "_commit",
                    "filePath": "flowsint-core/src/flowsint_core/core/services/base.py",
                    "nodeType": "Method",
                    "startLine": 31,
                    "endLine": 36,
                    "content": "    def _commit(self) -> None:         try:             self._db.commit()         except SQLAlchemyError as e:             self._db.rollback()             raise DatabaseError(f\"Database error: {e}\")"
                },
                {
                    "id": "Method:flowsint-core/src/flowsint_core/core/services/execution_service.py:ExecutionService._fence_run#2",
                    "name": "_fence_run",
                    "filePath": "flowsint-core/src/flowsint_core/core/services/execution_service.py",
                    "nodeType": "Method",
                    "startLine": 179,
                    "endLine": 188,
                    "content": "    def _fence_run(self, run: FlowRun, lease: RunLease) -> None:         \"\"\"Assert the caller still owns an unexpired lease within this transaction.\"\"\"         if lease.run_id != run.id or not self._repo.fence_run(             run.id,             lease_owner=lease.lease_owner,             attempt=lease.attempt,             now=_utcnow(),         ):             self._rollback()             raise RunLeaseLost(f\"Lease lost for flow run {run.id}\")"
                },
                {
                    "id": "Method:flowsint-core/src/flowsint_core/core/services/execution_service.py:ExecutionService.aggregate_status#1",
                    "name": "aggregate_status",
                    "filePath": "flowsint-core/src/flowsint_core/core/services/execution_service.py",
                    "nodeType": "Method",
                    "startLine": 231,
                    "endLine": 239,
                    "content": "    def aggregate_status(outcomes: tuple[InputOutcome, ...]) -> str:         statuses = {outcome.status for outcome in outcomes}         if not outcomes or statuses == {OutcomeStatus.SUCCESS}:             return \"completed\"         if OutcomeStatus.SUCCESS in statuses:             return \"partial\"         if OutcomeStatus.HOLD in statuses:             return \"hold\"         return \"failed\""
                },
                {
                    "id": "Method:flowsint-core/src/flowsint_core/core/services/execution_service.py:ExecutionService._record_for_outcome#8",
                    "name": "_record_for_outcome",
                    "filePath": "flowsint-core/src/flowsint_core/core/services/execution_service.py",
                    "nodeType": "Method",
                    "startLine": 437,
                    "endLine": 482,
                    "content": "    def _record_for_outcome(         *,         run: FlowRun,         step: StepRun,         attempt: int,         input_index: int,         evidence_index: int,         outcome: InputOutcome,         envelope: EvidenceEnvelope | None,         source: str,     ) -> EvidenceEnvelopeRecord:         return EvidenceEnvelopeRecord(             flow_run_id=run.id,             step_run_id=step.id,             attempt=attempt,             input_index=input_index,             evidence_index=evidence_index,             input_ref=outcome.input_ref,             status=outcome.status.value,             retryable=bool(outcome.diagnostic and outcome.diagnostic.retryable),             mapped_outputs=[_json_value(output) for output in outcome.outputs],             diagnostic=(                 outcome.diagnostic.model_dump(mode=\"json\")                 if outcome.diagnostic is not None                 else None             ),             source=source,             destination_id=envelope.destination_id if envelope is not None else None,             endpoint_id=envelope.endpoint_id if envelope is not None else None,             capability=envelope.capability if envelope is not None else None,             policy_version=envelope.policy_version if envelope is not None else None,             artifact_sha256=envelope.artifact_sha256 if envelope is not None else None,             artifact_reference=(                 envelope.artifact_reference if envelope is not None else None             ),             event_at=envelope.event_at if envelope is not None else None,             retrieved_at=envelope.retrieved_at if envelope is not None else _utcnow(),             ingested_at=envelope.ingested_at if envelope is not None else _utcnow(),             source_rights=envelope.source_rights if envelope is not None else None,             schema_version=envelope.schema_version if envelope is not None else None,             parser_version=envelope.parser_version if envelope is not None else None,             confidence=envelope.confidence if envelope is not None else None,             verification_state=(                 envelope.verification_state if envelope is not None else None             ),         )"
                },
                {
                    "id": "Function:flowsint-core/src/flowsint_core/core/services/execution_service.py:_utcnow",
                    "name": "_utcnow",
                    "filePath": "flowsint-core/src/flowsint_core/core/services/execution_service.py",
                    "nodeType": "Function",
                    "startLine": 55,
                    "endLine": 56,
                    "content": "def _utcnow() -> datetime:     return datetime.now(timezone.utc)"
                }
            ]
        },
        "d=2": {
            "depth": 2,
            "label": "LIKELY AFFECTED",
            "symbols": [
                {
                    "id": "Function:flowsint-core/src/flowsint_core/core/services/execution_service.py:_json_value",
                    "name": "_json_value",
                    "filePath": "flowsint-core/src/flowsint_core/core/services/execution_service.py",
                    "nodeType": "Function",
                    "startLine": 59,
                    "endLine": 75,
                    "content": "def _json_value(value: Any) -> Any:     \"\"\"Serialize mapped outputs without turning unknown values into text.\"\"\"     if isinstance(value, BaseModel):         return _json_value(value.model_dump(mode=\"json\"))     if isinstance(value, Enum):         return _json_value(value.value)     if isinstance(value, datetime):         if value.tzinfo is not None and value.utcoffset() is not None:             value = value.astimezone(timezone.utc)         return value.isoformat()     if isinstance(value, Mapping):         return {str(key): _json_value(item) for key, item in value.items()}     if isinstance(value, (list, tuple)):         return [_json_value(item) for item in value]     if value is None or isinstance(value, (bool, int, float, str)):         return value     raise TypeError(f\"Mapped output type {type(value).__name__} is not JSON-safe\")"
                },
                {
                    "id": "Method:flowsint-core/src/flowsint_core/core/services/base.py:BaseService._rollback#0",
                    "name": "_rollback",
                    "filePath": "flowsint-core/src/flowsint_core/core/services/base.py",
                    "nodeType": "Method",
                    "startLine": 38,
                    "endLine": 39,
                    "content": "    def _rollback(self) -> None:         self._db.rollback()"
                }
            ]
        }
    },
    "summary": {
        "cwd": "/home/n4s5ti/Documents/dev/fl0sint-def44-source",
        "rootPath": "/home/n4s5ti/Documents/dev/fl0sint-def44-source",
        "repo": "fl0sint-def44-source",
        "lbugPath": "/home/n4s5ti/Documents/dev/fl0sint-def44-source/.gitnexus/lbug",
        "symbol": "flowsint-core/src/flowsint_core/core/services/execution_service.py:persist_structured_result",
        "rootSymbols": 1,
        "totalSymbols": 8,
        "totalEdges": 10,
        "filesMatched": 2,
        "truncated": false,
        "direct": 5,
        "processes": 0,
        "modules": 1
    },
    "warnings": [],
    "completeness": "complete",
    "completenessReasons": [],
    "indexStatus": "ready"
}
