{
    "symbol": "flowsint-core/src/flowsint_execution/artifact_runtime.py:resolve_persisted_source_proof",
    "repo": "fl0sint-def44-source",
    "lbugPath": "/home/n4s5ti/Documents/dev/fl0sint-def44-source/.gitnexus/lbug",
    "rootPath": "/home/n4s5ti/Documents/dev/fl0sint-def44-source",
    "direction": "downstream",
    "risk": "MEDIUM",
    "target": {
        "id": "Function:flowsint-core/src/flowsint_execution/artifact_runtime.py:resolve_persisted_source_proof",
        "name": "resolve_persisted_source_proof",
        "filePath": "flowsint-core/src/flowsint_execution/artifact_runtime.py",
        "nodeType": "Function",
        "startLine": 173,
        "endLine": 207,
        "content": "def resolve_persisted_source_proof(     value: str,     *,     caller_id: str,     scope: str,     source_family: str,     operation_id: str,     occurrence_id: str | None = None,     config_path: str | os.PathLike[str] | None = None,     now: datetime | None = None, ) -> ResolveResult:     \"\"\"Resolve persisted proof using only the current deployment-owned authority.\"\"\"     try:         proof = decode_source_proof(value)     except ValueError:         return ResolveResult(ArtifactState.REVIEW, \"proof_metadata_invalid\")     if (         proof.context.caller_id != caller_id         or proof.context.scope != scope         or proof.context.source_family != source_family         or proof.context.operation_id != operation_id         or proof.decision.operation_id != operation_id         or (occurrence_id is not None and proof.context.occurrence_id != occurrence_id)     ):         return ResolveResult(ArtifactState.REVIEW, \"authorization_mismatch\")     runtime = load_artifact_runtime(         caller_id=caller_id, scope=scope, source_family=source_family,         config_path=config_path, now=now,     )     if runtime is None:         return ResolveResult(ArtifactState.HOLD, \"current_policy_unavailable\")     return resolve_source(         runtime.store, proof.context, proof.decision, proof.artifact,         authority=runtime.authority, now=now,     )"
    },
    "symbols": [
        {
            "id": "Function:flowsint-core/src/flowsint_execution/artifact_runtime.py:resolve_persisted_source_proof",
            "name": "resolve_persisted_source_proof",
            "filePath": "flowsint-core/src/flowsint_execution/artifact_runtime.py",
            "nodeType": "Function",
            "startLine": 173,
            "endLine": 207,
            "content": "def resolve_persisted_source_proof(     value: str,     *,     caller_id: str,     scope: str,     source_family: str,     operation_id: str,     occurrence_id: str | None = None,     config_path: str | os.PathLike[str] | None = None,     now: datetime | None = None, ) -> ResolveResult:     \"\"\"Resolve persisted proof using only the current deployment-owned authority.\"\"\"     try:         proof = decode_source_proof(value)     except ValueError:         return ResolveResult(ArtifactState.REVIEW, \"proof_metadata_invalid\")     if (         proof.context.caller_id != caller_id         or proof.context.scope != scope         or proof.context.source_family != source_family         or proof.context.operation_id != operation_id         or proof.decision.operation_id != operation_id         or (occurrence_id is not None and proof.context.occurrence_id != occurrence_id)     ):         return ResolveResult(ArtifactState.REVIEW, \"authorization_mismatch\")     runtime = load_artifact_runtime(         caller_id=caller_id, scope=scope, source_family=source_family,         config_path=config_path, now=now,     )     if runtime is None:         return ResolveResult(ArtifactState.HOLD, \"current_policy_unavailable\")     return resolve_source(         runtime.store, proof.context, proof.decision, proof.artifact,         authority=runtime.authority, now=now,     )"
        },
        {
            "id": "Method:flowsint-core/src/flowsint_execution/artifacts.py:FilesystemArtifactStore._root_fd#0",
            "name": "_root_fd",
            "filePath": "flowsint-core/src/flowsint_execution/artifacts.py",
            "nodeType": "Method",
            "startLine": 178,
            "endLine": 179,
            "content": "    def _root_fd(self) -> int:         return os.open(self.root, os.O_RDONLY | os.O_DIRECTORY | os.O_NOFOLLOW)"
        },
        {
            "id": "Method:flowsint-core/src/flowsint_execution/artifacts.py:FilesystemArtifactStore._dir#2",
            "name": "_dir",
            "filePath": "flowsint-core/src/flowsint_execution/artifacts.py",
            "nodeType": "Method",
            "startLine": 181,
            "endLine": 182,
            "content": "    def _dir(fd: int, name: str) -> int:         return os.open(name, os.O_RDONLY | os.O_DIRECTORY | os.O_NOFOLLOW, dir_fd=fd)"
        },
        {
            "id": "Method:flowsint-core/src/flowsint_execution/artifacts.py:FilesystemArtifactStore._read_bounded#2",
            "name": "_read_bounded",
            "filePath": "flowsint-core/src/flowsint_execution/artifacts.py",
            "nodeType": "Method",
            "startLine": 184,
            "endLine": 194,
            "content": "    def _read_bounded(fd: int, limit: int) -> bytes:         info = os.fstat(fd)         if not stat.S_ISREG(info.st_mode) or info.st_size > limit:             raise OSError(\"unsafe or oversized artifact file\")         chunks, remaining = [], info.st_size         while remaining:             chunk = os.read(fd, min(remaining, 1024 * 1024))             if not chunk: raise OSError(\"short artifact read\")             chunks.append(chunk); remaining -= len(chunk)         if os.read(fd, 1): raise OSError(\"artifact grew during read\")         return b\"\".join(chunks)"
        },
        {
            "id": "Method:flowsint-core/src/flowsint_execution/artifacts.py:FilesystemArtifactStore.read#3",
            "name": "read",
            "filePath": "flowsint-core/src/flowsint_execution/artifacts.py",
            "nodeType": "Method",
            "startLine": 250,
            "endLine": 271,
            "content": "    def read(self, digest: str, snapshot_id: str, *, expected_length: int | None = None) -> tuple[bytes, dict[str, Any]]:         if not re.fullmatch(_DIGEST, digest) or not re.fullmatch(r\"[a-f0-9]{32}\", snapshot_id): raise FileNotFoundError         if expected_length is None or not 0 <= expected_length <= _MAX_ARTIFACT_BYTES: raise ValueError(\"invalid length\")         root_fd = self._root_fd()         try:             records_fd = self._dir(root_fd, \"records\")             try:                 fd = os.open(f\"{snapshot_id}.json\", os.O_RDONLY | os.O_NOFOLLOW, dir_fd=records_fd)                 try: metadata = json.loads(self._read_bounded(fd, _MAX_METADATA_BYTES))                 finally: os.close(fd)             finally: os.close(records_fd)             objects_fd = self._dir(root_fd, \"objects\")             try:                 prefix_fd = self._dir(objects_fd, digest[:2])                 try:                     fd = os.open(f\"{digest}.body\", os.O_RDONLY | os.O_NOFOLLOW, dir_fd=prefix_fd)                     try: body = self._read_bounded(fd, expected_length)                     finally: os.close(fd)                 finally: os.close(prefix_fd)             finally: os.close(objects_fd)             return body, metadata         finally: os.close(root_fd)"
        },
        {
            "id": "Function:flowsint-core/src/flowsint_execution/artifact_runtime.py:_policy_digest",
            "name": "_policy_digest",
            "filePath": "flowsint-core/src/flowsint_execution/artifact_runtime.py",
            "nodeType": "Function",
            "startLine": 94,
            "endLine": 97,
            "content": "def _policy_digest(policy: dict[str, Any]) -> str:     content = {key: value for key, value in policy.items() if key != \"content_digest\"}     canonical = json.dumps(content, ensure_ascii=True, sort_keys=True, separators=(\",\", \":\"))     return hashlib.sha256(canonical.encode(\"utf-8\")).hexdigest()"
        },
        {
            "id": "Function:flowsint-core/src/flowsint_execution/artifact_runtime.py:load_artifact_runtime",
            "name": "load_artifact_runtime",
            "filePath": "flowsint-core/src/flowsint_execution/artifact_runtime.py",
            "nodeType": "Function",
            "startLine": 100,
            "endLine": 151,
            "content": "def load_artifact_runtime(     *,     caller_id: str,     scope: str,     source_family: str,     config_path: str | os.PathLike[str] | None = None,     now: datetime | None = None, ) -> ArtifactRuntime | None:     \"\"\"Load the current matching reviewed policy, or fail closed with ``None``.\"\"\"     selected_path = Path(config_path) if config_path is not None else None     if selected_path is None:         configured = os.environ.get(RUNTIME_CONFIG_ENV)         if not configured:             return None         selected_path = Path(configured)     try:         raw_bytes = selected_path.read_bytes()         raw = json.loads(raw_bytes)         config = ArtifactRuntimeConfig.model_validate_json(raw_bytes, strict=True)     except (OSError, ValueError, json.JSONDecodeError):         return None     current = now or datetime.now(timezone.utc)     matches = []     for raw_policy, policy in zip(raw.get(\"policies\", ()), config.policies, strict=True):         if _policy_digest(raw_policy) != policy.content_digest:             continue         if (             policy.caller_id == caller_id             and policy.scope == scope             and policy.source_family == source_family             and policy.issued_at <= current < policy.expires_at         ):             matches.append(policy)     if len(matches) != 1:         return None     policy = matches[0]     authority = RetentionAuthority(         issuer_id=policy.issuer_id,         reviewer_id=policy.reviewer_id,         policy_id=policy.policy_id,         policy_digest=policy.content_digest,         caller_id=policy.caller_id,         scope=policy.scope,         source_family=policy.source_family,         expires_at=policy.expires_at,         retain_normalized_text=policy.retain_normalized_text,     )     try:         store = FilesystemArtifactStore(config.store_root)     except OSError:         return None     return ArtifactRuntime(store=store, authority=authority)"
        },
        {
            "id": "Function:flowsint-core/src/flowsint_execution/artifact_runtime.py:decode_source_proof",
            "name": "decode_source_proof",
            "filePath": "flowsint-core/src/flowsint_execution/artifact_runtime.py",
            "nodeType": "Function",
            "startLine": 162,
            "endLine": 170,
            "content": "def decode_source_proof(value: str) -> PersistedSourceProof:     if not isinstance(value, str) or not value.startswith(\"sp1.\"):         raise ValueError(\"unsupported_source_proof_version\")     encoded = value[4:]     try:         raw = base64.b64decode(encoded + \"=\" * (-len(encoded) % 4), altchars=b\"-_\", validate=True)         return PersistedSourceProof.model_validate_json(raw, strict=True)     except Exception as error:         raise ValueError(\"invalid_source_proof\") from error"
        },
        {
            "id": "Function:flowsint-core/src/flowsint_execution/artifacts.py:_aware",
            "name": "_aware",
            "filePath": "flowsint-core/src/flowsint_execution/artifacts.py",
            "nodeType": "Function",
            "startLine": 135,
            "endLine": 136,
            "content": "def _aware(value: datetime) -> bool:     return value.tzinfo is not None and value.utcoffset() is not None"
        },
        {
            "id": "Function:flowsint-core/src/flowsint_execution/artifacts.py:_bound",
            "name": "_bound",
            "filePath": "flowsint-core/src/flowsint_execution/artifacts.py",
            "nodeType": "Function",
            "startLine": 138,
            "endLine": 148,
            "content": "def _bound(context: ArtifactContext, decision: RetentionDecision, now: datetime) -> str | None:     if not _aware(now) or not _aware(decision.issued_at) or not _aware(decision.expires_at):         return \"malformed_policy_time\"     if now < decision.issued_at:         return \"policy_not_yet_valid\"     if now >= decision.expires_at:         return \"policy_expired\"     if (context.operation_id != decision.operation_id or context.caller_id != decision.caller_id             or context.scope != decision.scope or context.source_family != decision.source_family):         return \"authorization_mismatch\"     return None"
        },
        {
            "id": "Function:flowsint-core/src/flowsint_execution/artifacts.py:_current_policy",
            "name": "_current_policy",
            "filePath": "flowsint-core/src/flowsint_execution/artifacts.py",
            "nodeType": "Function",
            "startLine": 150,
            "endLine": 162,
            "content": "def _current_policy(decision: RetentionDecision, authority: RetentionAuthority | None,                     now: datetime) -> tuple[ArtifactState, str] | None:     if authority is None:         return ArtifactState.HOLD, \"current_policy_unavailable\"     if not _aware(authority.expires_at):         return ArtifactState.REVIEW, \"malformed_current_policy\"     if now >= authority.expires_at:         return ArtifactState.REVIEW, \"current_policy_expired\"     fields = (\"issuer_id\", \"reviewer_id\", \"policy_id\", \"policy_digest\", \"caller_id\", \"scope\",               \"source_family\", \"expires_at\", \"retain_body\", \"retain_normalized_text\")     if any(getattr(decision, name) != getattr(authority, name) for name in fields):         return ArtifactState.REVIEW, \"current_policy_mismatch\"     return None"
        },
        {
            "id": "Function:flowsint-core/src/flowsint_execution/artifacts.py:resolve_source",
            "name": "resolve_source",
            "filePath": "flowsint-core/src/flowsint_execution/artifacts.py",
            "nodeType": "Function",
            "startLine": 328,
            "endLine": 365,
            "content": "def resolve_source(store: FilesystemArtifactStore, context: ArtifactContext,                    decision: RetentionDecision | None, artifact: ArtifactReference, *,                    authority: RetentionAuthority | None = None, now: datetime | None = None) -> ResolveResult:     current = now or datetime.now(timezone.utc)     if decision is None: return ResolveResult(ArtifactState.HOLD, \"retention_policy_unavailable\")     policy = _current_policy(decision, authority, current)     if policy: return ResolveResult(*policy)     mismatch = _bound(context, decision, current)     if mismatch: return ResolveResult(ArtifactState.REVIEW, mismatch)     try: body, metadata = store.read(artifact.content_digest, artifact.snapshot_id, expected_length=artifact.byte_length)     except (FileNotFoundError, OSError, ValueError, TypeError, json.JSONDecodeError): return ResolveResult(ArtifactState.REVIEW, \"artifact_missing\")     try:         issued, expiry = datetime.fromisoformat(metadata[\"issued_at\"]), datetime.fromisoformat(metadata[\"expires_at\"])         if not _aware(issued) or not _aware(expiry): raise ValueError     except (KeyError, TypeError, ValueError): return ResolveResult(ArtifactState.REVIEW, \"metadata_mismatch\")     if current >= expiry: return ResolveResult(ArtifactState.REVIEW, \"artifact_expired\")     expected = {\"snapshot_id\": artifact.snapshot_id, \"artifact_id\": artifact.artifact_id,         \"operation_id\": context.operation_id, \"occurrence_id\": context.occurrence_id, \"caller_id\": context.caller_id,         \"scope\": context.scope, \"source_family\": context.source_family, \"origin\": context.origin,         \"requested_url\": context.requested_url, \"final_url\": context.final_url,         \"retrieved_at\": artifact.retrieved_at.isoformat(), \"event_at\": artifact.event_at.isoformat() if artifact.event_at else None,         \"policy_digest\": decision.policy_digest, \"policy_id\": decision.policy_id, \"issuer_id\": decision.issuer_id,         \"reviewer_id\": decision.reviewer_id, \"issued_at\": decision.issued_at.isoformat(),         \"expires_at\": decision.expires_at.isoformat(), \"retain_body\": decision.retain_body,         \"retain_normalized_text\": decision.retain_normalized_text, \"content_digest\": artifact.content_digest,         \"byte_length\": artifact.byte_length}     if any(metadata.get(k) != v for k, v in expected.items()): return ResolveResult(ArtifactState.REVIEW, \"metadata_mismatch\")     if artifact.origin != context.origin or artifact.requested_url != context.requested_url or artifact.final_url != context.final_url:         return ResolveResult(ArtifactState.REVIEW, \"metadata_mismatch\")     if len(body) != artifact.byte_length or hashlib.sha256(body).hexdigest() != artifact.content_digest:         return ResolveResult(ArtifactState.REVIEW, \"digest_mismatch\")     try: fresh = normalize_html(body)     except ValueError: return ResolveResult(ArtifactState.REVIEW, \"normalized_source_mismatch\")     stored = metadata.get(\"normalized\")     wanted = ({\"text\": fresh.text, \"spans\": [asdict(s) for s in fresh.spans], \"source_digest\": fresh.source_digest}               if decision.retain_normalized_text else None)     if stored is not None and stored != wanted: return ResolveResult(ArtifactState.REVIEW, \"normalized_metadata_mismatch\")     return ResolveResult(ArtifactState.AVAILABLE, \"resolved\", body)"
        },
        {
            "id": "Function:flowsint-core/src/flowsint_execution/artifacts.py:normalize_html",
            "name": "normalize_html",
            "filePath": "flowsint-core/src/flowsint_execution/artifacts.py",
            "nodeType": "Function",
            "startLine": 419,
            "endLine": 453,
            "content": "def normalize_html(body: bytes) -> NormalizedSource:     try: source = body.decode(\"utf-8\", errors=\"strict\")     except UnicodeDecodeError as error: raise ValueError(\"unsupported_source_encoding\") from error     char_to_byte = [0]     for character in source: char_to_byte.append(char_to_byte[-1] + len(character.encode(\"utf-8\")))     parser = _ExactHTMLText(source, char_to_byte)     try: parser.feed(source); parser.close()     except (ValueError, AssertionError) as error: raise ValueError(\"malformed_html_mapping\") from error     spans: list[NormalizedSpan] = []; normalized = \"\"; pending: tuple[int, int] | None = None; previous_end = None     def emit(text: str, raw_start: int, raw_end: int) -> None:         nonlocal normalized         if not text or raw_start >= raw_end: return         start = len(normalized); normalized += text         spans.append(NormalizedSpan(raw_start, raw_end, start, len(normalized), text))     for atom in parser.atoms:         if previous_end is not None and atom.raw_start > previous_end and normalized: pending = (previous_end, atom.raw_start)         # One deterministic mapping per text node is enough even when whitespace is         # normalized.  Entity callbacks remain separate atoms because their raw byte         # ranges differ.  This avoids token/character-scale metadata growth.         value = re.sub(r\"\\s+\", \" \", atom.text, flags=re.UNICODE)         leading = value.startswith(\" \")         trailing = value.endswith(\" \")         content = value.strip(\" \")         if leading and normalized:             pending = (atom.raw_start, atom.raw_end)         if content:             if pending and normalized: emit(\" \", *pending)             pending = None             emit(content, atom.raw_start, atom.raw_end)         if trailing and normalized:             pending = (atom.raw_start, atom.raw_end)         previous_end = atom.raw_end     result = NormalizedSource(normalized, tuple(spans), source_digest=hashlib.sha256(body).hexdigest())     if \"\".join(span.emitted_text for span in spans) != normalized: raise ValueError(\"normalized_mapping_invariant\")     return result"
        },
        {
            "id": "Function:flowsint-core/src/flowsint_execution/artifacts.py:emit",
            "name": "emit",
            "filePath": "flowsint-core/src/flowsint_execution/artifacts.py",
            "nodeType": "Function",
            "startLine": 428,
            "endLine": 432,
            "content": "    def emit(text: str, raw_start: int, raw_end: int) -> None:         nonlocal normalized         if not text or raw_start >= raw_end: return         start = len(normalized); normalized += text         spans.append(NormalizedSpan(raw_start, raw_end, start, len(normalized), text))"
        }
    ],
    "edges": [
        {
            "from": "Function:flowsint-core/src/flowsint_execution/artifact_runtime.py:resolve_persisted_source_proof",
            "to": "Function:flowsint-core/src/flowsint_execution/artifact_runtime.py:load_artifact_runtime",
            "type": "CALLS",
            "confidence": 0.85
        },
        {
            "from": "Function:flowsint-core/src/flowsint_execution/artifact_runtime.py:resolve_persisted_source_proof",
            "to": "Function:flowsint-core/src/flowsint_execution/artifact_runtime.py:decode_source_proof",
            "type": "CALLS",
            "confidence": 0.85
        },
        {
            "from": "Function:flowsint-core/src/flowsint_execution/artifact_runtime.py:resolve_persisted_source_proof",
            "to": "Function:flowsint-core/src/flowsint_execution/artifacts.py:resolve_source",
            "type": "CALLS",
            "confidence": 0.85
        },
        {
            "from": "Function:flowsint-core/src/flowsint_execution/artifacts.py:resolve_source",
            "to": "Method:flowsint-core/src/flowsint_execution/artifacts.py:FilesystemArtifactStore.read#3",
            "type": "CALLS",
            "confidence": 0.85
        },
        {
            "from": "Function:flowsint-core/src/flowsint_execution/artifact_runtime.py:load_artifact_runtime",
            "to": "Function:flowsint-core/src/flowsint_execution/artifact_runtime.py:_policy_digest",
            "type": "CALLS",
            "confidence": 0.85
        },
        {
            "from": "Function:flowsint-core/src/flowsint_execution/artifacts.py:resolve_source",
            "to": "Function:flowsint-core/src/flowsint_execution/artifacts.py:_aware",
            "type": "CALLS",
            "confidence": 0.85
        },
        {
            "from": "Function:flowsint-core/src/flowsint_execution/artifacts.py:resolve_source",
            "to": "Function:flowsint-core/src/flowsint_execution/artifacts.py:_bound",
            "type": "CALLS",
            "confidence": 0.85
        },
        {
            "from": "Function:flowsint-core/src/flowsint_execution/artifacts.py:resolve_source",
            "to": "Function:flowsint-core/src/flowsint_execution/artifacts.py:_current_policy",
            "type": "CALLS",
            "confidence": 0.85
        },
        {
            "from": "Function:flowsint-core/src/flowsint_execution/artifacts.py:resolve_source",
            "to": "Function:flowsint-core/src/flowsint_execution/artifacts.py:normalize_html",
            "type": "CALLS",
            "confidence": 0.85
        },
        {
            "from": "Function:flowsint-core/src/flowsint_execution/artifacts.py:_current_policy",
            "to": "Function:flowsint-core/src/flowsint_execution/artifacts.py:_aware",
            "type": "CALLS",
            "confidence": 0.85
        },
        {
            "from": "Function:flowsint-core/src/flowsint_execution/artifacts.py:_bound",
            "to": "Function:flowsint-core/src/flowsint_execution/artifacts.py:_aware",
            "type": "CALLS",
            "confidence": 0.85
        },
        {
            "from": "Function:flowsint-core/src/flowsint_execution/artifacts.py:normalize_html",
            "to": "Function:flowsint-core/src/flowsint_execution/artifacts.py:emit",
            "type": "CALLS",
            "confidence": 0.85
        },
        {
            "from": "Method:flowsint-core/src/flowsint_execution/artifacts.py:FilesystemArtifactStore.read#3",
            "to": "Method:flowsint-core/src/flowsint_execution/artifacts.py:FilesystemArtifactStore._root_fd#0",
            "type": "CALLS",
            "confidence": 0.85
        },
        {
            "from": "Method:flowsint-core/src/flowsint_execution/artifacts.py:FilesystemArtifactStore.read#3",
            "to": "Method:flowsint-core/src/flowsint_execution/artifacts.py:FilesystemArtifactStore._dir#2",
            "type": "CALLS",
            "confidence": 0.85
        },
        {
            "from": "Method:flowsint-core/src/flowsint_execution/artifacts.py:FilesystemArtifactStore.read#3",
            "to": "Method:flowsint-core/src/flowsint_execution/artifacts.py:FilesystemArtifactStore._read_bounded#2",
            "type": "CALLS",
            "confidence": 0.85
        }
    ],
    "files": [
        {
            "filePath": "flowsint-core/src/flowsint_execution/artifact_runtime.py",
            "count": 4,
            "symbols": [
                {
                    "id": "Function:flowsint-core/src/flowsint_execution/artifact_runtime.py:resolve_persisted_source_proof",
                    "name": "resolve_persisted_source_proof",
                    "filePath": "flowsint-core/src/flowsint_execution/artifact_runtime.py",
                    "nodeType": "Function",
                    "startLine": 173,
                    "endLine": 207,
                    "content": "def resolve_persisted_source_proof(     value: str,     *,     caller_id: str,     scope: str,     source_family: str,     operation_id: str,     occurrence_id: str | None = None,     config_path: str | os.PathLike[str] | None = None,     now: datetime | None = None, ) -> ResolveResult:     \"\"\"Resolve persisted proof using only the current deployment-owned authority.\"\"\"     try:         proof = decode_source_proof(value)     except ValueError:         return ResolveResult(ArtifactState.REVIEW, \"proof_metadata_invalid\")     if (         proof.context.caller_id != caller_id         or proof.context.scope != scope         or proof.context.source_family != source_family         or proof.context.operation_id != operation_id         or proof.decision.operation_id != operation_id         or (occurrence_id is not None and proof.context.occurrence_id != occurrence_id)     ):         return ResolveResult(ArtifactState.REVIEW, \"authorization_mismatch\")     runtime = load_artifact_runtime(         caller_id=caller_id, scope=scope, source_family=source_family,         config_path=config_path, now=now,     )     if runtime is None:         return ResolveResult(ArtifactState.HOLD, \"current_policy_unavailable\")     return resolve_source(         runtime.store, proof.context, proof.decision, proof.artifact,         authority=runtime.authority, now=now,     )"
                },
                {
                    "id": "Function:flowsint-core/src/flowsint_execution/artifact_runtime.py:_policy_digest",
                    "name": "_policy_digest",
                    "filePath": "flowsint-core/src/flowsint_execution/artifact_runtime.py",
                    "nodeType": "Function",
                    "startLine": 94,
                    "endLine": 97,
                    "content": "def _policy_digest(policy: dict[str, Any]) -> str:     content = {key: value for key, value in policy.items() if key != \"content_digest\"}     canonical = json.dumps(content, ensure_ascii=True, sort_keys=True, separators=(\",\", \":\"))     return hashlib.sha256(canonical.encode(\"utf-8\")).hexdigest()"
                },
                {
                    "id": "Function:flowsint-core/src/flowsint_execution/artifact_runtime.py:load_artifact_runtime",
                    "name": "load_artifact_runtime",
                    "filePath": "flowsint-core/src/flowsint_execution/artifact_runtime.py",
                    "nodeType": "Function",
                    "startLine": 100,
                    "endLine": 151,
                    "content": "def load_artifact_runtime(     *,     caller_id: str,     scope: str,     source_family: str,     config_path: str | os.PathLike[str] | None = None,     now: datetime | None = None, ) -> ArtifactRuntime | None:     \"\"\"Load the current matching reviewed policy, or fail closed with ``None``.\"\"\"     selected_path = Path(config_path) if config_path is not None else None     if selected_path is None:         configured = os.environ.get(RUNTIME_CONFIG_ENV)         if not configured:             return None         selected_path = Path(configured)     try:         raw_bytes = selected_path.read_bytes()         raw = json.loads(raw_bytes)         config = ArtifactRuntimeConfig.model_validate_json(raw_bytes, strict=True)     except (OSError, ValueError, json.JSONDecodeError):         return None     current = now or datetime.now(timezone.utc)     matches = []     for raw_policy, policy in zip(raw.get(\"policies\", ()), config.policies, strict=True):         if _policy_digest(raw_policy) != policy.content_digest:             continue         if (             policy.caller_id == caller_id             and policy.scope == scope             and policy.source_family == source_family             and policy.issued_at <= current < policy.expires_at         ):             matches.append(policy)     if len(matches) != 1:         return None     policy = matches[0]     authority = RetentionAuthority(         issuer_id=policy.issuer_id,         reviewer_id=policy.reviewer_id,         policy_id=policy.policy_id,         policy_digest=policy.content_digest,         caller_id=policy.caller_id,         scope=policy.scope,         source_family=policy.source_family,         expires_at=policy.expires_at,         retain_normalized_text=policy.retain_normalized_text,     )     try:         store = FilesystemArtifactStore(config.store_root)     except OSError:         return None     return ArtifactRuntime(store=store, authority=authority)"
                },
                {
                    "id": "Function:flowsint-core/src/flowsint_execution/artifact_runtime.py:decode_source_proof",
                    "name": "decode_source_proof",
                    "filePath": "flowsint-core/src/flowsint_execution/artifact_runtime.py",
                    "nodeType": "Function",
                    "startLine": 162,
                    "endLine": 170,
                    "content": "def decode_source_proof(value: str) -> PersistedSourceProof:     if not isinstance(value, str) or not value.startswith(\"sp1.\"):         raise ValueError(\"unsupported_source_proof_version\")     encoded = value[4:]     try:         raw = base64.b64decode(encoded + \"=\" * (-len(encoded) % 4), altchars=b\"-_\", validate=True)         return PersistedSourceProof.model_validate_json(raw, strict=True)     except Exception as error:         raise ValueError(\"invalid_source_proof\") from error"
                }
            ]
        },
        {
            "filePath": "flowsint-core/src/flowsint_execution/artifacts.py",
            "count": 10,
            "symbols": [
                {
                    "id": "Method:flowsint-core/src/flowsint_execution/artifacts.py:FilesystemArtifactStore._root_fd#0",
                    "name": "_root_fd",
                    "filePath": "flowsint-core/src/flowsint_execution/artifacts.py",
                    "nodeType": "Method",
                    "startLine": 178,
                    "endLine": 179,
                    "content": "    def _root_fd(self) -> int:         return os.open(self.root, os.O_RDONLY | os.O_DIRECTORY | os.O_NOFOLLOW)"
                },
                {
                    "id": "Method:flowsint-core/src/flowsint_execution/artifacts.py:FilesystemArtifactStore._dir#2",
                    "name": "_dir",
                    "filePath": "flowsint-core/src/flowsint_execution/artifacts.py",
                    "nodeType": "Method",
                    "startLine": 181,
                    "endLine": 182,
                    "content": "    def _dir(fd: int, name: str) -> int:         return os.open(name, os.O_RDONLY | os.O_DIRECTORY | os.O_NOFOLLOW, dir_fd=fd)"
                },
                {
                    "id": "Method:flowsint-core/src/flowsint_execution/artifacts.py:FilesystemArtifactStore._read_bounded#2",
                    "name": "_read_bounded",
                    "filePath": "flowsint-core/src/flowsint_execution/artifacts.py",
                    "nodeType": "Method",
                    "startLine": 184,
                    "endLine": 194,
                    "content": "    def _read_bounded(fd: int, limit: int) -> bytes:         info = os.fstat(fd)         if not stat.S_ISREG(info.st_mode) or info.st_size > limit:             raise OSError(\"unsafe or oversized artifact file\")         chunks, remaining = [], info.st_size         while remaining:             chunk = os.read(fd, min(remaining, 1024 * 1024))             if not chunk: raise OSError(\"short artifact read\")             chunks.append(chunk); remaining -= len(chunk)         if os.read(fd, 1): raise OSError(\"artifact grew during read\")         return b\"\".join(chunks)"
                },
                {
                    "id": "Method:flowsint-core/src/flowsint_execution/artifacts.py:FilesystemArtifactStore.read#3",
                    "name": "read",
                    "filePath": "flowsint-core/src/flowsint_execution/artifacts.py",
                    "nodeType": "Method",
                    "startLine": 250,
                    "endLine": 271,
                    "content": "    def read(self, digest: str, snapshot_id: str, *, expected_length: int | None = None) -> tuple[bytes, dict[str, Any]]:         if not re.fullmatch(_DIGEST, digest) or not re.fullmatch(r\"[a-f0-9]{32}\", snapshot_id): raise FileNotFoundError         if expected_length is None or not 0 <= expected_length <= _MAX_ARTIFACT_BYTES: raise ValueError(\"invalid length\")         root_fd = self._root_fd()         try:             records_fd = self._dir(root_fd, \"records\")             try:                 fd = os.open(f\"{snapshot_id}.json\", os.O_RDONLY | os.O_NOFOLLOW, dir_fd=records_fd)                 try: metadata = json.loads(self._read_bounded(fd, _MAX_METADATA_BYTES))                 finally: os.close(fd)             finally: os.close(records_fd)             objects_fd = self._dir(root_fd, \"objects\")             try:                 prefix_fd = self._dir(objects_fd, digest[:2])                 try:                     fd = os.open(f\"{digest}.body\", os.O_RDONLY | os.O_NOFOLLOW, dir_fd=prefix_fd)                     try: body = self._read_bounded(fd, expected_length)                     finally: os.close(fd)                 finally: os.close(prefix_fd)             finally: os.close(objects_fd)             return body, metadata         finally: os.close(root_fd)"
                },
                {
                    "id": "Function:flowsint-core/src/flowsint_execution/artifacts.py:_aware",
                    "name": "_aware",
                    "filePath": "flowsint-core/src/flowsint_execution/artifacts.py",
                    "nodeType": "Function",
                    "startLine": 135,
                    "endLine": 136,
                    "content": "def _aware(value: datetime) -> bool:     return value.tzinfo is not None and value.utcoffset() is not None"
                },
                {
                    "id": "Function:flowsint-core/src/flowsint_execution/artifacts.py:_bound",
                    "name": "_bound",
                    "filePath": "flowsint-core/src/flowsint_execution/artifacts.py",
                    "nodeType": "Function",
                    "startLine": 138,
                    "endLine": 148,
                    "content": "def _bound(context: ArtifactContext, decision: RetentionDecision, now: datetime) -> str | None:     if not _aware(now) or not _aware(decision.issued_at) or not _aware(decision.expires_at):         return \"malformed_policy_time\"     if now < decision.issued_at:         return \"policy_not_yet_valid\"     if now >= decision.expires_at:         return \"policy_expired\"     if (context.operation_id != decision.operation_id or context.caller_id != decision.caller_id             or context.scope != decision.scope or context.source_family != decision.source_family):         return \"authorization_mismatch\"     return None"
                },
                {
                    "id": "Function:flowsint-core/src/flowsint_execution/artifacts.py:_current_policy",
                    "name": "_current_policy",
                    "filePath": "flowsint-core/src/flowsint_execution/artifacts.py",
                    "nodeType": "Function",
                    "startLine": 150,
                    "endLine": 162,
                    "content": "def _current_policy(decision: RetentionDecision, authority: RetentionAuthority | None,                     now: datetime) -> tuple[ArtifactState, str] | None:     if authority is None:         return ArtifactState.HOLD, \"current_policy_unavailable\"     if not _aware(authority.expires_at):         return ArtifactState.REVIEW, \"malformed_current_policy\"     if now >= authority.expires_at:         return ArtifactState.REVIEW, \"current_policy_expired\"     fields = (\"issuer_id\", \"reviewer_id\", \"policy_id\", \"policy_digest\", \"caller_id\", \"scope\",               \"source_family\", \"expires_at\", \"retain_body\", \"retain_normalized_text\")     if any(getattr(decision, name) != getattr(authority, name) for name in fields):         return ArtifactState.REVIEW, \"current_policy_mismatch\"     return None"
                },
                {
                    "id": "Function:flowsint-core/src/flowsint_execution/artifacts.py:resolve_source",
                    "name": "resolve_source",
                    "filePath": "flowsint-core/src/flowsint_execution/artifacts.py",
                    "nodeType": "Function",
                    "startLine": 328,
                    "endLine": 365,
                    "content": "def resolve_source(store: FilesystemArtifactStore, context: ArtifactContext,                    decision: RetentionDecision | None, artifact: ArtifactReference, *,                    authority: RetentionAuthority | None = None, now: datetime | None = None) -> ResolveResult:     current = now or datetime.now(timezone.utc)     if decision is None: return ResolveResult(ArtifactState.HOLD, \"retention_policy_unavailable\")     policy = _current_policy(decision, authority, current)     if policy: return ResolveResult(*policy)     mismatch = _bound(context, decision, current)     if mismatch: return ResolveResult(ArtifactState.REVIEW, mismatch)     try: body, metadata = store.read(artifact.content_digest, artifact.snapshot_id, expected_length=artifact.byte_length)     except (FileNotFoundError, OSError, ValueError, TypeError, json.JSONDecodeError): return ResolveResult(ArtifactState.REVIEW, \"artifact_missing\")     try:         issued, expiry = datetime.fromisoformat(metadata[\"issued_at\"]), datetime.fromisoformat(metadata[\"expires_at\"])         if not _aware(issued) or not _aware(expiry): raise ValueError     except (KeyError, TypeError, ValueError): return ResolveResult(ArtifactState.REVIEW, \"metadata_mismatch\")     if current >= expiry: return ResolveResult(ArtifactState.REVIEW, \"artifact_expired\")     expected = {\"snapshot_id\": artifact.snapshot_id, \"artifact_id\": artifact.artifact_id,         \"operation_id\": context.operation_id, \"occurrence_id\": context.occurrence_id, \"caller_id\": context.caller_id,         \"scope\": context.scope, \"source_family\": context.source_family, \"origin\": context.origin,         \"requested_url\": context.requested_url, \"final_url\": context.final_url,         \"retrieved_at\": artifact.retrieved_at.isoformat(), \"event_at\": artifact.event_at.isoformat() if artifact.event_at else None,         \"policy_digest\": decision.policy_digest, \"policy_id\": decision.policy_id, \"issuer_id\": decision.issuer_id,         \"reviewer_id\": decision.reviewer_id, \"issued_at\": decision.issued_at.isoformat(),         \"expires_at\": decision.expires_at.isoformat(), \"retain_body\": decision.retain_body,         \"retain_normalized_text\": decision.retain_normalized_text, \"content_digest\": artifact.content_digest,         \"byte_length\": artifact.byte_length}     if any(metadata.get(k) != v for k, v in expected.items()): return ResolveResult(ArtifactState.REVIEW, \"metadata_mismatch\")     if artifact.origin != context.origin or artifact.requested_url != context.requested_url or artifact.final_url != context.final_url:         return ResolveResult(ArtifactState.REVIEW, \"metadata_mismatch\")     if len(body) != artifact.byte_length or hashlib.sha256(body).hexdigest() != artifact.content_digest:         return ResolveResult(ArtifactState.REVIEW, \"digest_mismatch\")     try: fresh = normalize_html(body)     except ValueError: return ResolveResult(ArtifactState.REVIEW, \"normalized_source_mismatch\")     stored = metadata.get(\"normalized\")     wanted = ({\"text\": fresh.text, \"spans\": [asdict(s) for s in fresh.spans], \"source_digest\": fresh.source_digest}               if decision.retain_normalized_text else None)     if stored is not None and stored != wanted: return ResolveResult(ArtifactState.REVIEW, \"normalized_metadata_mismatch\")     return ResolveResult(ArtifactState.AVAILABLE, \"resolved\", body)"
                },
                {
                    "id": "Function:flowsint-core/src/flowsint_execution/artifacts.py:normalize_html",
                    "name": "normalize_html",
                    "filePath": "flowsint-core/src/flowsint_execution/artifacts.py",
                    "nodeType": "Function",
                    "startLine": 419,
                    "endLine": 453,
                    "content": "def normalize_html(body: bytes) -> NormalizedSource:     try: source = body.decode(\"utf-8\", errors=\"strict\")     except UnicodeDecodeError as error: raise ValueError(\"unsupported_source_encoding\") from error     char_to_byte = [0]     for character in source: char_to_byte.append(char_to_byte[-1] + len(character.encode(\"utf-8\")))     parser = _ExactHTMLText(source, char_to_byte)     try: parser.feed(source); parser.close()     except (ValueError, AssertionError) as error: raise ValueError(\"malformed_html_mapping\") from error     spans: list[NormalizedSpan] = []; normalized = \"\"; pending: tuple[int, int] | None = None; previous_end = None     def emit(text: str, raw_start: int, raw_end: int) -> None:         nonlocal normalized         if not text or raw_start >= raw_end: return         start = len(normalized); normalized += text         spans.append(NormalizedSpan(raw_start, raw_end, start, len(normalized), text))     for atom in parser.atoms:         if previous_end is not None and atom.raw_start > previous_end and normalized: pending = (previous_end, atom.raw_start)         # One deterministic mapping per text node is enough even when whitespace is         # normalized.  Entity callbacks remain separate atoms because their raw byte         # ranges differ.  This avoids token/character-scale metadata growth.         value = re.sub(r\"\\s+\", \" \", atom.text, flags=re.UNICODE)         leading = value.startswith(\" \")         trailing = value.endswith(\" \")         content = value.strip(\" \")         if leading and normalized:             pending = (atom.raw_start, atom.raw_end)         if content:             if pending and normalized: emit(\" \", *pending)             pending = None             emit(content, atom.raw_start, atom.raw_end)         if trailing and normalized:             pending = (atom.raw_start, atom.raw_end)         previous_end = atom.raw_end     result = NormalizedSource(normalized, tuple(spans), source_digest=hashlib.sha256(body).hexdigest())     if \"\".join(span.emitted_text for span in spans) != normalized: raise ValueError(\"normalized_mapping_invariant\")     return result"
                },
                {
                    "id": "Function:flowsint-core/src/flowsint_execution/artifacts.py:emit",
                    "name": "emit",
                    "filePath": "flowsint-core/src/flowsint_execution/artifacts.py",
                    "nodeType": "Function",
                    "startLine": 428,
                    "endLine": 432,
                    "content": "    def emit(text: str, raw_start: int, raw_end: int) -> None:         nonlocal normalized         if not text or raw_start >= raw_end: return         start = len(normalized); normalized += text         spans.append(NormalizedSpan(raw_start, raw_end, start, len(normalized), text))"
                }
            ]
        }
    ],
    "affected_modules": [
        {
            "name": "flowsint-core",
            "direct": true,
            "symbolCount": 13
        }
    ],
    "affected_processes": [],
    "byDepth": {
        "d=1": {
            "depth": 1,
            "label": "WILL BREAK",
            "symbols": [
                {
                    "id": "Function:flowsint-core/src/flowsint_execution/artifact_runtime.py:load_artifact_runtime",
                    "name": "load_artifact_runtime",
                    "filePath": "flowsint-core/src/flowsint_execution/artifact_runtime.py",
                    "nodeType": "Function",
                    "startLine": 100,
                    "endLine": 151,
                    "content": "def load_artifact_runtime(     *,     caller_id: str,     scope: str,     source_family: str,     config_path: str | os.PathLike[str] | None = None,     now: datetime | None = None, ) -> ArtifactRuntime | None:     \"\"\"Load the current matching reviewed policy, or fail closed with ``None``.\"\"\"     selected_path = Path(config_path) if config_path is not None else None     if selected_path is None:         configured = os.environ.get(RUNTIME_CONFIG_ENV)         if not configured:             return None         selected_path = Path(configured)     try:         raw_bytes = selected_path.read_bytes()         raw = json.loads(raw_bytes)         config = ArtifactRuntimeConfig.model_validate_json(raw_bytes, strict=True)     except (OSError, ValueError, json.JSONDecodeError):         return None     current = now or datetime.now(timezone.utc)     matches = []     for raw_policy, policy in zip(raw.get(\"policies\", ()), config.policies, strict=True):         if _policy_digest(raw_policy) != policy.content_digest:             continue         if (             policy.caller_id == caller_id             and policy.scope == scope             and policy.source_family == source_family             and policy.issued_at <= current < policy.expires_at         ):             matches.append(policy)     if len(matches) != 1:         return None     policy = matches[0]     authority = RetentionAuthority(         issuer_id=policy.issuer_id,         reviewer_id=policy.reviewer_id,         policy_id=policy.policy_id,         policy_digest=policy.content_digest,         caller_id=policy.caller_id,         scope=policy.scope,         source_family=policy.source_family,         expires_at=policy.expires_at,         retain_normalized_text=policy.retain_normalized_text,     )     try:         store = FilesystemArtifactStore(config.store_root)     except OSError:         return None     return ArtifactRuntime(store=store, authority=authority)"
                },
                {
                    "id": "Function:flowsint-core/src/flowsint_execution/artifact_runtime.py:decode_source_proof",
                    "name": "decode_source_proof",
                    "filePath": "flowsint-core/src/flowsint_execution/artifact_runtime.py",
                    "nodeType": "Function",
                    "startLine": 162,
                    "endLine": 170,
                    "content": "def decode_source_proof(value: str) -> PersistedSourceProof:     if not isinstance(value, str) or not value.startswith(\"sp1.\"):         raise ValueError(\"unsupported_source_proof_version\")     encoded = value[4:]     try:         raw = base64.b64decode(encoded + \"=\" * (-len(encoded) % 4), altchars=b\"-_\", validate=True)         return PersistedSourceProof.model_validate_json(raw, strict=True)     except Exception as error:         raise ValueError(\"invalid_source_proof\") from error"
                },
                {
                    "id": "Function:flowsint-core/src/flowsint_execution/artifacts.py:resolve_source",
                    "name": "resolve_source",
                    "filePath": "flowsint-core/src/flowsint_execution/artifacts.py",
                    "nodeType": "Function",
                    "startLine": 328,
                    "endLine": 365,
                    "content": "def resolve_source(store: FilesystemArtifactStore, context: ArtifactContext,                    decision: RetentionDecision | None, artifact: ArtifactReference, *,                    authority: RetentionAuthority | None = None, now: datetime | None = None) -> ResolveResult:     current = now or datetime.now(timezone.utc)     if decision is None: return ResolveResult(ArtifactState.HOLD, \"retention_policy_unavailable\")     policy = _current_policy(decision, authority, current)     if policy: return ResolveResult(*policy)     mismatch = _bound(context, decision, current)     if mismatch: return ResolveResult(ArtifactState.REVIEW, mismatch)     try: body, metadata = store.read(artifact.content_digest, artifact.snapshot_id, expected_length=artifact.byte_length)     except (FileNotFoundError, OSError, ValueError, TypeError, json.JSONDecodeError): return ResolveResult(ArtifactState.REVIEW, \"artifact_missing\")     try:         issued, expiry = datetime.fromisoformat(metadata[\"issued_at\"]), datetime.fromisoformat(metadata[\"expires_at\"])         if not _aware(issued) or not _aware(expiry): raise ValueError     except (KeyError, TypeError, ValueError): return ResolveResult(ArtifactState.REVIEW, \"metadata_mismatch\")     if current >= expiry: return ResolveResult(ArtifactState.REVIEW, \"artifact_expired\")     expected = {\"snapshot_id\": artifact.snapshot_id, \"artifact_id\": artifact.artifact_id,         \"operation_id\": context.operation_id, \"occurrence_id\": context.occurrence_id, \"caller_id\": context.caller_id,         \"scope\": context.scope, \"source_family\": context.source_family, \"origin\": context.origin,         \"requested_url\": context.requested_url, \"final_url\": context.final_url,         \"retrieved_at\": artifact.retrieved_at.isoformat(), \"event_at\": artifact.event_at.isoformat() if artifact.event_at else None,         \"policy_digest\": decision.policy_digest, \"policy_id\": decision.policy_id, \"issuer_id\": decision.issuer_id,         \"reviewer_id\": decision.reviewer_id, \"issued_at\": decision.issued_at.isoformat(),         \"expires_at\": decision.expires_at.isoformat(), \"retain_body\": decision.retain_body,         \"retain_normalized_text\": decision.retain_normalized_text, \"content_digest\": artifact.content_digest,         \"byte_length\": artifact.byte_length}     if any(metadata.get(k) != v for k, v in expected.items()): return ResolveResult(ArtifactState.REVIEW, \"metadata_mismatch\")     if artifact.origin != context.origin or artifact.requested_url != context.requested_url or artifact.final_url != context.final_url:         return ResolveResult(ArtifactState.REVIEW, \"metadata_mismatch\")     if len(body) != artifact.byte_length or hashlib.sha256(body).hexdigest() != artifact.content_digest:         return ResolveResult(ArtifactState.REVIEW, \"digest_mismatch\")     try: fresh = normalize_html(body)     except ValueError: return ResolveResult(ArtifactState.REVIEW, \"normalized_source_mismatch\")     stored = metadata.get(\"normalized\")     wanted = ({\"text\": fresh.text, \"spans\": [asdict(s) for s in fresh.spans], \"source_digest\": fresh.source_digest}               if decision.retain_normalized_text else None)     if stored is not None and stored != wanted: return ResolveResult(ArtifactState.REVIEW, \"normalized_metadata_mismatch\")     return ResolveResult(ArtifactState.AVAILABLE, \"resolved\", body)"
                }
            ]
        },
        "d=2": {
            "depth": 2,
            "label": "LIKELY AFFECTED",
            "symbols": [
                {
                    "id": "Method:flowsint-core/src/flowsint_execution/artifacts.py:FilesystemArtifactStore.read#3",
                    "name": "read",
                    "filePath": "flowsint-core/src/flowsint_execution/artifacts.py",
                    "nodeType": "Method",
                    "startLine": 250,
                    "endLine": 271,
                    "content": "    def read(self, digest: str, snapshot_id: str, *, expected_length: int | None = None) -> tuple[bytes, dict[str, Any]]:         if not re.fullmatch(_DIGEST, digest) or not re.fullmatch(r\"[a-f0-9]{32}\", snapshot_id): raise FileNotFoundError         if expected_length is None or not 0 <= expected_length <= _MAX_ARTIFACT_BYTES: raise ValueError(\"invalid length\")         root_fd = self._root_fd()         try:             records_fd = self._dir(root_fd, \"records\")             try:                 fd = os.open(f\"{snapshot_id}.json\", os.O_RDONLY | os.O_NOFOLLOW, dir_fd=records_fd)                 try: metadata = json.loads(self._read_bounded(fd, _MAX_METADATA_BYTES))                 finally: os.close(fd)             finally: os.close(records_fd)             objects_fd = self._dir(root_fd, \"objects\")             try:                 prefix_fd = self._dir(objects_fd, digest[:2])                 try:                     fd = os.open(f\"{digest}.body\", os.O_RDONLY | os.O_NOFOLLOW, dir_fd=prefix_fd)                     try: body = self._read_bounded(fd, expected_length)                     finally: os.close(fd)                 finally: os.close(prefix_fd)             finally: os.close(objects_fd)             return body, metadata         finally: os.close(root_fd)"
                },
                {
                    "id": "Function:flowsint-core/src/flowsint_execution/artifact_runtime.py:_policy_digest",
                    "name": "_policy_digest",
                    "filePath": "flowsint-core/src/flowsint_execution/artifact_runtime.py",
                    "nodeType": "Function",
                    "startLine": 94,
                    "endLine": 97,
                    "content": "def _policy_digest(policy: dict[str, Any]) -> str:     content = {key: value for key, value in policy.items() if key != \"content_digest\"}     canonical = json.dumps(content, ensure_ascii=True, sort_keys=True, separators=(\",\", \":\"))     return hashlib.sha256(canonical.encode(\"utf-8\")).hexdigest()"
                },
                {
                    "id": "Function:flowsint-core/src/flowsint_execution/artifacts.py:_aware",
                    "name": "_aware",
                    "filePath": "flowsint-core/src/flowsint_execution/artifacts.py",
                    "nodeType": "Function",
                    "startLine": 135,
                    "endLine": 136,
                    "content": "def _aware(value: datetime) -> bool:     return value.tzinfo is not None and value.utcoffset() is not None"
                },
                {
                    "id": "Function:flowsint-core/src/flowsint_execution/artifacts.py:_bound",
                    "name": "_bound",
                    "filePath": "flowsint-core/src/flowsint_execution/artifacts.py",
                    "nodeType": "Function",
                    "startLine": 138,
                    "endLine": 148,
                    "content": "def _bound(context: ArtifactContext, decision: RetentionDecision, now: datetime) -> str | None:     if not _aware(now) or not _aware(decision.issued_at) or not _aware(decision.expires_at):         return \"malformed_policy_time\"     if now < decision.issued_at:         return \"policy_not_yet_valid\"     if now >= decision.expires_at:         return \"policy_expired\"     if (context.operation_id != decision.operation_id or context.caller_id != decision.caller_id             or context.scope != decision.scope or context.source_family != decision.source_family):         return \"authorization_mismatch\"     return None"
                },
                {
                    "id": "Function:flowsint-core/src/flowsint_execution/artifacts.py:_current_policy",
                    "name": "_current_policy",
                    "filePath": "flowsint-core/src/flowsint_execution/artifacts.py",
                    "nodeType": "Function",
                    "startLine": 150,
                    "endLine": 162,
                    "content": "def _current_policy(decision: RetentionDecision, authority: RetentionAuthority | None,                     now: datetime) -> tuple[ArtifactState, str] | None:     if authority is None:         return ArtifactState.HOLD, \"current_policy_unavailable\"     if not _aware(authority.expires_at):         return ArtifactState.REVIEW, \"malformed_current_policy\"     if now >= authority.expires_at:         return ArtifactState.REVIEW, \"current_policy_expired\"     fields = (\"issuer_id\", \"reviewer_id\", \"policy_id\", \"policy_digest\", \"caller_id\", \"scope\",               \"source_family\", \"expires_at\", \"retain_body\", \"retain_normalized_text\")     if any(getattr(decision, name) != getattr(authority, name) for name in fields):         return ArtifactState.REVIEW, \"current_policy_mismatch\"     return None"
                },
                {
                    "id": "Function:flowsint-core/src/flowsint_execution/artifacts.py:normalize_html",
                    "name": "normalize_html",
                    "filePath": "flowsint-core/src/flowsint_execution/artifacts.py",
                    "nodeType": "Function",
                    "startLine": 419,
                    "endLine": 453,
                    "content": "def normalize_html(body: bytes) -> NormalizedSource:     try: source = body.decode(\"utf-8\", errors=\"strict\")     except UnicodeDecodeError as error: raise ValueError(\"unsupported_source_encoding\") from error     char_to_byte = [0]     for character in source: char_to_byte.append(char_to_byte[-1] + len(character.encode(\"utf-8\")))     parser = _ExactHTMLText(source, char_to_byte)     try: parser.feed(source); parser.close()     except (ValueError, AssertionError) as error: raise ValueError(\"malformed_html_mapping\") from error     spans: list[NormalizedSpan] = []; normalized = \"\"; pending: tuple[int, int] | None = None; previous_end = None     def emit(text: str, raw_start: int, raw_end: int) -> None:         nonlocal normalized         if not text or raw_start >= raw_end: return         start = len(normalized); normalized += text         spans.append(NormalizedSpan(raw_start, raw_end, start, len(normalized), text))     for atom in parser.atoms:         if previous_end is not None and atom.raw_start > previous_end and normalized: pending = (previous_end, atom.raw_start)         # One deterministic mapping per text node is enough even when whitespace is         # normalized.  Entity callbacks remain separate atoms because their raw byte         # ranges differ.  This avoids token/character-scale metadata growth.         value = re.sub(r\"\\s+\", \" \", atom.text, flags=re.UNICODE)         leading = value.startswith(\" \")         trailing = value.endswith(\" \")         content = value.strip(\" \")         if leading and normalized:             pending = (atom.raw_start, atom.raw_end)         if content:             if pending and normalized: emit(\" \", *pending)             pending = None             emit(content, atom.raw_start, atom.raw_end)         if trailing and normalized:             pending = (atom.raw_start, atom.raw_end)         previous_end = atom.raw_end     result = NormalizedSource(normalized, tuple(spans), source_digest=hashlib.sha256(body).hexdigest())     if \"\".join(span.emitted_text for span in spans) != normalized: raise ValueError(\"normalized_mapping_invariant\")     return result"
                }
            ]
        },
        "d=3": {
            "depth": 3,
            "label": "MAY NEED TESTING",
            "symbols": [
                {
                    "id": "Function:flowsint-core/src/flowsint_execution/artifacts.py:emit",
                    "name": "emit",
                    "filePath": "flowsint-core/src/flowsint_execution/artifacts.py",
                    "nodeType": "Function",
                    "startLine": 428,
                    "endLine": 432,
                    "content": "    def emit(text: str, raw_start: int, raw_end: int) -> None:         nonlocal normalized         if not text or raw_start >= raw_end: return         start = len(normalized); normalized += text         spans.append(NormalizedSpan(raw_start, raw_end, start, len(normalized), text))"
                },
                {
                    "id": "Method:flowsint-core/src/flowsint_execution/artifacts.py:FilesystemArtifactStore._root_fd#0",
                    "name": "_root_fd",
                    "filePath": "flowsint-core/src/flowsint_execution/artifacts.py",
                    "nodeType": "Method",
                    "startLine": 178,
                    "endLine": 179,
                    "content": "    def _root_fd(self) -> int:         return os.open(self.root, os.O_RDONLY | os.O_DIRECTORY | os.O_NOFOLLOW)"
                },
                {
                    "id": "Method:flowsint-core/src/flowsint_execution/artifacts.py:FilesystemArtifactStore._dir#2",
                    "name": "_dir",
                    "filePath": "flowsint-core/src/flowsint_execution/artifacts.py",
                    "nodeType": "Method",
                    "startLine": 181,
                    "endLine": 182,
                    "content": "    def _dir(fd: int, name: str) -> int:         return os.open(name, os.O_RDONLY | os.O_DIRECTORY | os.O_NOFOLLOW, dir_fd=fd)"
                },
                {
                    "id": "Method:flowsint-core/src/flowsint_execution/artifacts.py:FilesystemArtifactStore._read_bounded#2",
                    "name": "_read_bounded",
                    "filePath": "flowsint-core/src/flowsint_execution/artifacts.py",
                    "nodeType": "Method",
                    "startLine": 184,
                    "endLine": 194,
                    "content": "    def _read_bounded(fd: int, limit: int) -> bytes:         info = os.fstat(fd)         if not stat.S_ISREG(info.st_mode) or info.st_size > limit:             raise OSError(\"unsafe or oversized artifact file\")         chunks, remaining = [], info.st_size         while remaining:             chunk = os.read(fd, min(remaining, 1024 * 1024))             if not chunk: raise OSError(\"short artifact read\")             chunks.append(chunk); remaining -= len(chunk)         if os.read(fd, 1): raise OSError(\"artifact grew during read\")         return b\"\".join(chunks)"
                }
            ]
        }
    },
    "summary": {
        "cwd": "/home/n4s5ti/Documents/dev/fl0sint-def44-source",
        "rootPath": "/home/n4s5ti/Documents/dev/fl0sint-def44-source",
        "repo": "fl0sint-def44-source",
        "lbugPath": "/home/n4s5ti/Documents/dev/fl0sint-def44-source/.gitnexus/lbug",
        "symbol": "flowsint-core/src/flowsint_execution/artifact_runtime.py:resolve_persisted_source_proof",
        "rootSymbols": 1,
        "totalSymbols": 14,
        "totalEdges": 15,
        "filesMatched": 2,
        "truncated": false,
        "direct": 3,
        "processes": 0,
        "modules": 1
    },
    "warnings": [],
    "completeness": "complete",
    "completenessReasons": [],
    "indexStatus": "ready"
}
