{
    "symbol": "flowsint-enrichers/src/flowsint_enrichers/website/to_text.py:scan",
    "repo": "fl0sint-def44-source",
    "lbugPath": "/home/n4s5ti/Documents/dev/fl0sint-def44-source/.gitnexus/lbug",
    "rootPath": "/home/n4s5ti/Documents/dev/fl0sint-def44-source",
    "direction": "downstream",
    "risk": "LOW",
    "target": {
        "id": "Method:flowsint-enrichers/src/flowsint_enrichers/website/to_text.py:WebsiteToText.scan#1",
        "name": "scan",
        "filePath": "flowsint-enrichers/src/flowsint_enrichers/website/to_text.py",
        "nodeType": "Method",
        "startLine": 437,
        "endLine": 438,
        "content": "    async def scan(self, data: List[InputType]):         return list(await self._scan_occurrences(data))"
    },
    "symbols": [
        {
            "id": "Method:flowsint-enrichers/src/flowsint_enrichers/website/to_text.py:WebsiteToText.scan#1",
            "name": "scan",
            "filePath": "flowsint-enrichers/src/flowsint_enrichers/website/to_text.py",
            "nodeType": "Method",
            "startLine": 437,
            "endLine": 438,
            "content": "    async def scan(self, data: List[InputType]):         return list(await self._scan_occurrences(data))"
        },
        {
            "id": "Method:flowsint-enrichers/src/flowsint_enrichers/website/to_text.py:WebsiteToText._outputs_from_text#1",
            "name": "_outputs_from_text",
            "filePath": "flowsint-enrichers/src/flowsint_enrichers/website/to_text.py",
            "nodeType": "Method",
            "startLine": 183,
            "endLine": 184,
            "content": "    def _outputs_from_text(self, text):         return (Phrase(text=text),) if text else ()"
        },
        {
            "id": "Method:flowsint-enrichers/src/flowsint_enrichers/website/to_text.py:WebsiteToText._diagnostic#3",
            "name": "_diagnostic",
            "filePath": "flowsint-enrichers/src/flowsint_enrichers/website/to_text.py",
            "nodeType": "Method",
            "startLine": 187,
            "endLine": 188,
            "content": "    def _diagnostic(code, message, retryable=False):         return RedactedDiagnostic(code=code, safe_message=message, retryable=retryable)"
        },
        {
            "id": "Method:flowsint-enrichers/src/flowsint_enrichers/website/to_text.py:WebsiteToText._cancelled_occurrence#4",
            "name": "_cancelled_occurrence",
            "filePath": "flowsint-enrichers/src/flowsint_enrichers/website/to_text.py",
            "nodeType": "Method",
            "startLine": 190,
            "endLine": 201,
            "content": "    def _cancelled_occurrence(self, index, source, input_ref, resources=None):         return WebsiteTextOccurrence(             source,             index,             input_ref,             OutcomeStatus.HOLD,             diagnostic=self._diagnostic(                 \"cancelled\", \"The operation was cancelled before completion.\"             ),             actual_resources=resources,             fetch_status=FetchStatus.CANCELLED,         )"
        },
        {
            "id": "Method:flowsint-enrichers/src/flowsint_enrichers/website/to_text.py:WebsiteToText._failed_occurrence#6",
            "name": "_failed_occurrence",
            "filePath": "flowsint-enrichers/src/flowsint_enrichers/website/to_text.py",
            "nodeType": "Method",
            "startLine": 203,
            "endLine": 221,
            "content": "    def _failed_occurrence(         self,         index,         source,         input_ref,         diagnostic=None,         resources=None,         fetch_status=None,     ):         return WebsiteTextOccurrence(             source,             index,             input_ref,             OutcomeStatus.FAILURE,             diagnostic=diagnostic             or self._diagnostic(\"unexpected_error\", \"Unexpected processing failure.\"),             actual_resources=resources,             fetch_status=fetch_status,         )"
        },
        {
            "id": "Method:flowsint-enrichers/src/flowsint_enrichers/website/to_text.py:WebsiteToText._build_operation#1",
            "name": "_build_operation",
            "filePath": "flowsint-enrichers/src/flowsint_enrichers/website/to_text.py",
            "nodeType": "Method",
            "startLine": 223,
            "endLine": 274,
            "content": "    def _build_operation(self, specs):         def positive_int(name, default):             value = self.params.get(name, default)             if type(value) is not int or value <= 0:                 raise ValueError(f\"{name} must be a positive integer\")             return value         max_response_bytes = positive_int(\"max_response_bytes\", 1048576)         max_concurrency = positive_int(\"max_concurrency\", 10)         request_timeout = positive_int(\"request_timeout\", 10)         urls = tuple(str(source.url) for _index, source, _ref in specs)         origins = tuple(sorted(set(_origin(url) for url in urls)))         endpoint_digest = _digest(             {\"allowed_origins\": origins, \"redirects\": \"same-origin-only\"}         )         policy = TrustedFetchPolicy(             caller_id=_CALLER_ID,             scope=_SCOPE,             capability_digest=_CAPABILITY_DIGEST,             endpoint_policy_digest=endpoint_digest,             allowed_origins=origins,         )         parameters = FetchParameters(             max_redirects=self.params.get(\"max_redirects\", 3),             max_retries=self.params.get(\"max_retries\", 0),             max_bytes_per_input=max_response_bytes,         )         count = len(specs)         attempts = 1 + parameters.max_redirects + parameters.max_retries         request = AcquisitionRequest(             operation_id=f\"website-to-text-{uuid.uuid4().hex}\",             caller_id=_CALLER_ID,             scope=_SCOPE,             capability_digest=_CAPABILITY_DIGEST,             endpoint_policy_digest=endpoint_digest,             inputs=tuple(                 InputOccurrence(                     occurrence_id=f\"input-{specs[position][0]}\",                     input_ref=canonical_input_hash(url),                     type_tag=\"http_url\",                     value=url,                 )                 for position, url in enumerate(urls)             ),             allocation=Resources(                 requests=count * attempts,                 bytes=count * max_response_bytes,                 elapsed_seconds=request_timeout,                 concurrency=min(max_concurrency, count),             ),         )         return admit_fetch(request, policy, parameters)"
        },
        {
            "id": "Method:flowsint-enrichers/src/flowsint_enrichers/website/to_text.py:WebsiteToText._scan_occurrence_specs#1",
            "name": "_scan_occurrence_specs",
            "filePath": "flowsint-enrichers/src/flowsint_enrichers/website/to_text.py",
            "nodeType": "Method",
            "startLine": 276,
            "endLine": 418,
            "content": "    async def _scan_occurrence_specs(self, specs: Sequence[tuple[int, Website, str]]):         specs = tuple(specs)         if not specs:             return ()         if self.params.get(\"enable_quic\", False):             diagnostic = self._diagnostic(                 \"unsafe_transport_disabled\",                 \"Legacy QUIC transport is disabled because it cannot satisfy the fetch policy.\",             )             return tuple(                 self._failed_occurrence(                     *spec,                     diagnostic,                     Resources(requests=0, bytes=0, elapsed_seconds=0.0),                     FetchStatus.POLICY_DENIED,                 )                 for spec in specs             )         try:             operation = self._build_operation(specs)             runtime = None             if self._artifact_store is None or self._retention_authority is None:                 runtime = load_artifact_runtime(                     caller_id=_CALLER_ID, scope=_SCOPE, source_family=\"http\"                 )             store = self._artifact_store or (runtime.store if runtime else None)             authority = self._retention_authority or (runtime.authority if runtime else None)             decision = (                 authority.issue(operation.operation_id)                 if authority is not None                 else None             )             fetched = await execute_fetch_with_source_proof(                 operation,                 artifact_store=store,                 retention_decision=decision,             )         except asyncio.CancelledError:             return tuple(self._cancelled_occurrence(*spec) for spec in specs)         except Exception:             return tuple(self._failed_occurrence(*spec) for spec in specs)         expected = {             item.occurrence_id: item.input_ref for item in operation.inputs         }         returned_ids = [result.occurrence_id for result in fetched.outcomes]         result_is_bound = (             fetched.operation_id == operation.operation_id             and len(fetched.outcomes) == len(operation.inputs)             and len(set(returned_ids)) == len(returned_ids)             and set(returned_ids) == set(expected)             and all(                 result.input_ref == expected.get(result.occurrence_id)                 for result in fetched.outcomes             )         )         if not result_is_bound:             return tuple(                 self._failed_occurrence(                     *spec,                     self._diagnostic(                         \"invalid_fetch_result\",                         \"The fetch result did not match the admitted operation.\",                     ),                 )                 for spec in specs             )         outcome_by_id = {             result.occurrence_id: result for result in fetched.outcomes         }         occurrences = []         for admitted, (index, source, input_ref) in zip(operation.inputs, specs):             result = outcome_by_id.get(admitted.occurrence_id)             if result.fetch_status is FetchStatus.SUCCESS:                 if result.capture.state is ArtifactState.AVAILABLE and result.normalized is not None:                     artifact = result.capture.artifact                     context = ArtifactContext(                         operation_id=operation.operation_id,                         occurrence_id=admitted.occurrence_id,                         caller_id=_CALLER_ID,                         scope=_SCOPE,                         source_family=\"http\",                         origin=artifact.origin,                         requested_url=artifact.requested_url,                         final_url=artifact.final_url,                         retrieved_at=artifact.retrieved_at,                         event_at=artifact.event_at,                     )                     try:                         source_proof = encode_source_proof(PersistedSourceProof(                             format_version=\"source-proof/1.0\", input_ref=input_ref,                             context=context, decision=decision, artifact=artifact,                             spans=result.spans,                         ))                     except ValueError:                         occurrences.append(self._failed_occurrence(                             index, source, input_ref,                             self._diagnostic(\"source_proof_too_large\", \"Source proof exceeds the evidence boundary.\"),                             result.actual_resources, FetchStatus.TOOL_ERROR,                         ))                         continue                     occurrences.append(                         WebsiteTextOccurrence(                             source,                             index,                             input_ref,                             OutcomeStatus.SUCCESS,                             self._outputs_from_text(result.normalized.text),                             actual_resources=re ... [truncated]"
        },
        {
            "id": "Method:flowsint-enrichers/src/flowsint_enrichers/website/to_text.py:WebsiteToText._scan_occurrences#2",
            "name": "_scan_occurrences",
            "filePath": "flowsint-enrichers/src/flowsint_enrichers/website/to_text.py",
            "nodeType": "Method",
            "startLine": 420,
            "endLine": 426,
            "content": "    async def _scan_occurrences(self, data: Sequence[Website], *, start_index=0):         return await self._scan_occurrence_specs(             tuple(                 (start_index + offset, source, canonical_input_hash(source))                 for offset, source in enumerate(data)             )         )"
        }
    ],
    "edges": [
        {
            "from": "Method:flowsint-enrichers/src/flowsint_enrichers/website/to_text.py:WebsiteToText.scan#1",
            "to": "Method:flowsint-enrichers/src/flowsint_enrichers/website/to_text.py:WebsiteToText._scan_occurrences#2",
            "type": "CALLS",
            "confidence": 0.85
        },
        {
            "from": "Method:flowsint-enrichers/src/flowsint_enrichers/website/to_text.py:WebsiteToText._scan_occurrences#2",
            "to": "Method:flowsint-enrichers/src/flowsint_enrichers/website/to_text.py:WebsiteToText._scan_occurrence_specs#1",
            "type": "CALLS",
            "confidence": 0.85
        },
        {
            "from": "Method:flowsint-enrichers/src/flowsint_enrichers/website/to_text.py:WebsiteToText._scan_occurrence_specs#1",
            "to": "Method:flowsint-enrichers/src/flowsint_enrichers/website/to_text.py:WebsiteToText._outputs_from_text#1",
            "type": "CALLS",
            "confidence": 0.85
        },
        {
            "from": "Method:flowsint-enrichers/src/flowsint_enrichers/website/to_text.py:WebsiteToText._scan_occurrence_specs#1",
            "to": "Method:flowsint-enrichers/src/flowsint_enrichers/website/to_text.py:WebsiteToText._diagnostic#3",
            "type": "CALLS",
            "confidence": 0.85
        },
        {
            "from": "Method:flowsint-enrichers/src/flowsint_enrichers/website/to_text.py:WebsiteToText._scan_occurrence_specs#1",
            "to": "Method:flowsint-enrichers/src/flowsint_enrichers/website/to_text.py:WebsiteToText._cancelled_occurrence#4",
            "type": "CALLS",
            "confidence": 0.85
        },
        {
            "from": "Method:flowsint-enrichers/src/flowsint_enrichers/website/to_text.py:WebsiteToText._scan_occurrence_specs#1",
            "to": "Method:flowsint-enrichers/src/flowsint_enrichers/website/to_text.py:WebsiteToText._failed_occurrence#6",
            "type": "CALLS",
            "confidence": 0.85
        },
        {
            "from": "Method:flowsint-enrichers/src/flowsint_enrichers/website/to_text.py:WebsiteToText._scan_occurrence_specs#1",
            "to": "Method:flowsint-enrichers/src/flowsint_enrichers/website/to_text.py:WebsiteToText._build_operation#1",
            "type": "CALLS",
            "confidence": 0.85
        }
    ],
    "files": [
        {
            "filePath": "flowsint-enrichers/src/flowsint_enrichers/website/to_text.py",
            "count": 8,
            "symbols": [
                {
                    "id": "Method:flowsint-enrichers/src/flowsint_enrichers/website/to_text.py:WebsiteToText.scan#1",
                    "name": "scan",
                    "filePath": "flowsint-enrichers/src/flowsint_enrichers/website/to_text.py",
                    "nodeType": "Method",
                    "startLine": 437,
                    "endLine": 438,
                    "content": "    async def scan(self, data: List[InputType]):         return list(await self._scan_occurrences(data))"
                },
                {
                    "id": "Method:flowsint-enrichers/src/flowsint_enrichers/website/to_text.py:WebsiteToText._outputs_from_text#1",
                    "name": "_outputs_from_text",
                    "filePath": "flowsint-enrichers/src/flowsint_enrichers/website/to_text.py",
                    "nodeType": "Method",
                    "startLine": 183,
                    "endLine": 184,
                    "content": "    def _outputs_from_text(self, text):         return (Phrase(text=text),) if text else ()"
                },
                {
                    "id": "Method:flowsint-enrichers/src/flowsint_enrichers/website/to_text.py:WebsiteToText._diagnostic#3",
                    "name": "_diagnostic",
                    "filePath": "flowsint-enrichers/src/flowsint_enrichers/website/to_text.py",
                    "nodeType": "Method",
                    "startLine": 187,
                    "endLine": 188,
                    "content": "    def _diagnostic(code, message, retryable=False):         return RedactedDiagnostic(code=code, safe_message=message, retryable=retryable)"
                },
                {
                    "id": "Method:flowsint-enrichers/src/flowsint_enrichers/website/to_text.py:WebsiteToText._cancelled_occurrence#4",
                    "name": "_cancelled_occurrence",
                    "filePath": "flowsint-enrichers/src/flowsint_enrichers/website/to_text.py",
                    "nodeType": "Method",
                    "startLine": 190,
                    "endLine": 201,
                    "content": "    def _cancelled_occurrence(self, index, source, input_ref, resources=None):         return WebsiteTextOccurrence(             source,             index,             input_ref,             OutcomeStatus.HOLD,             diagnostic=self._diagnostic(                 \"cancelled\", \"The operation was cancelled before completion.\"             ),             actual_resources=resources,             fetch_status=FetchStatus.CANCELLED,         )"
                },
                {
                    "id": "Method:flowsint-enrichers/src/flowsint_enrichers/website/to_text.py:WebsiteToText._failed_occurrence#6",
                    "name": "_failed_occurrence",
                    "filePath": "flowsint-enrichers/src/flowsint_enrichers/website/to_text.py",
                    "nodeType": "Method",
                    "startLine": 203,
                    "endLine": 221,
                    "content": "    def _failed_occurrence(         self,         index,         source,         input_ref,         diagnostic=None,         resources=None,         fetch_status=None,     ):         return WebsiteTextOccurrence(             source,             index,             input_ref,             OutcomeStatus.FAILURE,             diagnostic=diagnostic             or self._diagnostic(\"unexpected_error\", \"Unexpected processing failure.\"),             actual_resources=resources,             fetch_status=fetch_status,         )"
                },
                {
                    "id": "Method:flowsint-enrichers/src/flowsint_enrichers/website/to_text.py:WebsiteToText._build_operation#1",
                    "name": "_build_operation",
                    "filePath": "flowsint-enrichers/src/flowsint_enrichers/website/to_text.py",
                    "nodeType": "Method",
                    "startLine": 223,
                    "endLine": 274,
                    "content": "    def _build_operation(self, specs):         def positive_int(name, default):             value = self.params.get(name, default)             if type(value) is not int or value <= 0:                 raise ValueError(f\"{name} must be a positive integer\")             return value         max_response_bytes = positive_int(\"max_response_bytes\", 1048576)         max_concurrency = positive_int(\"max_concurrency\", 10)         request_timeout = positive_int(\"request_timeout\", 10)         urls = tuple(str(source.url) for _index, source, _ref in specs)         origins = tuple(sorted(set(_origin(url) for url in urls)))         endpoint_digest = _digest(             {\"allowed_origins\": origins, \"redirects\": \"same-origin-only\"}         )         policy = TrustedFetchPolicy(             caller_id=_CALLER_ID,             scope=_SCOPE,             capability_digest=_CAPABILITY_DIGEST,             endpoint_policy_digest=endpoint_digest,             allowed_origins=origins,         )         parameters = FetchParameters(             max_redirects=self.params.get(\"max_redirects\", 3),             max_retries=self.params.get(\"max_retries\", 0),             max_bytes_per_input=max_response_bytes,         )         count = len(specs)         attempts = 1 + parameters.max_redirects + parameters.max_retries         request = AcquisitionRequest(             operation_id=f\"website-to-text-{uuid.uuid4().hex}\",             caller_id=_CALLER_ID,             scope=_SCOPE,             capability_digest=_CAPABILITY_DIGEST,             endpoint_policy_digest=endpoint_digest,             inputs=tuple(                 InputOccurrence(                     occurrence_id=f\"input-{specs[position][0]}\",                     input_ref=canonical_input_hash(url),                     type_tag=\"http_url\",                     value=url,                 )                 for position, url in enumerate(urls)             ),             allocation=Resources(                 requests=count * attempts,                 bytes=count * max_response_bytes,                 elapsed_seconds=request_timeout,                 concurrency=min(max_concurrency, count),             ),         )         return admit_fetch(request, policy, parameters)"
                },
                {
                    "id": "Method:flowsint-enrichers/src/flowsint_enrichers/website/to_text.py:WebsiteToText._scan_occurrence_specs#1",
                    "name": "_scan_occurrence_specs",
                    "filePath": "flowsint-enrichers/src/flowsint_enrichers/website/to_text.py",
                    "nodeType": "Method",
                    "startLine": 276,
                    "endLine": 418,
                    "content": "    async def _scan_occurrence_specs(self, specs: Sequence[tuple[int, Website, str]]):         specs = tuple(specs)         if not specs:             return ()         if self.params.get(\"enable_quic\", False):             diagnostic = self._diagnostic(                 \"unsafe_transport_disabled\",                 \"Legacy QUIC transport is disabled because it cannot satisfy the fetch policy.\",             )             return tuple(                 self._failed_occurrence(                     *spec,                     diagnostic,                     Resources(requests=0, bytes=0, elapsed_seconds=0.0),                     FetchStatus.POLICY_DENIED,                 )                 for spec in specs             )         try:             operation = self._build_operation(specs)             runtime = None             if self._artifact_store is None or self._retention_authority is None:                 runtime = load_artifact_runtime(                     caller_id=_CALLER_ID, scope=_SCOPE, source_family=\"http\"                 )             store = self._artifact_store or (runtime.store if runtime else None)             authority = self._retention_authority or (runtime.authority if runtime else None)             decision = (                 authority.issue(operation.operation_id)                 if authority is not None                 else None             )             fetched = await execute_fetch_with_source_proof(                 operation,                 artifact_store=store,                 retention_decision=decision,             )         except asyncio.CancelledError:             return tuple(self._cancelled_occurrence(*spec) for spec in specs)         except Exception:             return tuple(self._failed_occurrence(*spec) for spec in specs)         expected = {             item.occurrence_id: item.input_ref for item in operation.inputs         }         returned_ids = [result.occurrence_id for result in fetched.outcomes]         result_is_bound = (             fetched.operation_id == operation.operation_id             and len(fetched.outcomes) == len(operation.inputs)             and len(set(returned_ids)) == len(returned_ids)             and set(returned_ids) == set(expected)             and all(                 result.input_ref == expected.get(result.occurrence_id)                 for result in fetched.outcomes             )         )         if not result_is_bound:             return tuple(                 self._failed_occurrence(                     *spec,                     self._diagnostic(                         \"invalid_fetch_result\",                         \"The fetch result did not match the admitted operation.\",                     ),                 )                 for spec in specs             )         outcome_by_id = {             result.occurrence_id: result for result in fetched.outcomes         }         occurrences = []         for admitted, (index, source, input_ref) in zip(operation.inputs, specs):             result = outcome_by_id.get(admitted.occurrence_id)             if result.fetch_status is FetchStatus.SUCCESS:                 if result.capture.state is ArtifactState.AVAILABLE and result.normalized is not None:                     artifact = result.capture.artifact                     context = ArtifactContext(                         operation_id=operation.operation_id,                         occurrence_id=admitted.occurrence_id,                         caller_id=_CALLER_ID,                         scope=_SCOPE,                         source_family=\"http\",                         origin=artifact.origin,                         requested_url=artifact.requested_url,                         final_url=artifact.final_url,                         retrieved_at=artifact.retrieved_at,                         event_at=artifact.event_at,                     )                     try:                         source_proof = encode_source_proof(PersistedSourceProof(                             format_version=\"source-proof/1.0\", input_ref=input_ref,                             context=context, decision=decision, artifact=artifact,                             spans=result.spans,                         ))                     except ValueError:                         occurrences.append(self._failed_occurrence(                             index, source, input_ref,                             self._diagnostic(\"source_proof_too_large\", \"Source proof exceeds the evidence boundary.\"),                             result.actual_resources, FetchStatus.TOOL_ERROR,                         ))                         continue                     occurrences.append(                         WebsiteTextOccurrence(                             source,                             index,                             input_ref,                             OutcomeStatus.SUCCESS,                             self._outputs_from_text(result.normalized.text),                             actual_resources=re ... [truncated]"
                },
                {
                    "id": "Method:flowsint-enrichers/src/flowsint_enrichers/website/to_text.py:WebsiteToText._scan_occurrences#2",
                    "name": "_scan_occurrences",
                    "filePath": "flowsint-enrichers/src/flowsint_enrichers/website/to_text.py",
                    "nodeType": "Method",
                    "startLine": 420,
                    "endLine": 426,
                    "content": "    async def _scan_occurrences(self, data: Sequence[Website], *, start_index=0):         return await self._scan_occurrence_specs(             tuple(                 (start_index + offset, source, canonical_input_hash(source))                 for offset, source in enumerate(data)             )         )"
                }
            ]
        }
    ],
    "affected_modules": [
        {
            "name": "flowsint-enrichers",
            "direct": true,
            "symbolCount": 7
        }
    ],
    "affected_processes": [],
    "byDepth": {
        "d=1": {
            "depth": 1,
            "label": "WILL BREAK",
            "symbols": [
                {
                    "id": "Method:flowsint-enrichers/src/flowsint_enrichers/website/to_text.py:WebsiteToText._scan_occurrences#2",
                    "name": "_scan_occurrences",
                    "filePath": "flowsint-enrichers/src/flowsint_enrichers/website/to_text.py",
                    "nodeType": "Method",
                    "startLine": 420,
                    "endLine": 426,
                    "content": "    async def _scan_occurrences(self, data: Sequence[Website], *, start_index=0):         return await self._scan_occurrence_specs(             tuple(                 (start_index + offset, source, canonical_input_hash(source))                 for offset, source in enumerate(data)             )         )"
                }
            ]
        },
        "d=2": {
            "depth": 2,
            "label": "LIKELY AFFECTED",
            "symbols": [
                {
                    "id": "Method:flowsint-enrichers/src/flowsint_enrichers/website/to_text.py:WebsiteToText._scan_occurrence_specs#1",
                    "name": "_scan_occurrence_specs",
                    "filePath": "flowsint-enrichers/src/flowsint_enrichers/website/to_text.py",
                    "nodeType": "Method",
                    "startLine": 276,
                    "endLine": 418,
                    "content": "    async def _scan_occurrence_specs(self, specs: Sequence[tuple[int, Website, str]]):         specs = tuple(specs)         if not specs:             return ()         if self.params.get(\"enable_quic\", False):             diagnostic = self._diagnostic(                 \"unsafe_transport_disabled\",                 \"Legacy QUIC transport is disabled because it cannot satisfy the fetch policy.\",             )             return tuple(                 self._failed_occurrence(                     *spec,                     diagnostic,                     Resources(requests=0, bytes=0, elapsed_seconds=0.0),                     FetchStatus.POLICY_DENIED,                 )                 for spec in specs             )         try:             operation = self._build_operation(specs)             runtime = None             if self._artifact_store is None or self._retention_authority is None:                 runtime = load_artifact_runtime(                     caller_id=_CALLER_ID, scope=_SCOPE, source_family=\"http\"                 )             store = self._artifact_store or (runtime.store if runtime else None)             authority = self._retention_authority or (runtime.authority if runtime else None)             decision = (                 authority.issue(operation.operation_id)                 if authority is not None                 else None             )             fetched = await execute_fetch_with_source_proof(                 operation,                 artifact_store=store,                 retention_decision=decision,             )         except asyncio.CancelledError:             return tuple(self._cancelled_occurrence(*spec) for spec in specs)         except Exception:             return tuple(self._failed_occurrence(*spec) for spec in specs)         expected = {             item.occurrence_id: item.input_ref for item in operation.inputs         }         returned_ids = [result.occurrence_id for result in fetched.outcomes]         result_is_bound = (             fetched.operation_id == operation.operation_id             and len(fetched.outcomes) == len(operation.inputs)             and len(set(returned_ids)) == len(returned_ids)             and set(returned_ids) == set(expected)             and all(                 result.input_ref == expected.get(result.occurrence_id)                 for result in fetched.outcomes             )         )         if not result_is_bound:             return tuple(                 self._failed_occurrence(                     *spec,                     self._diagnostic(                         \"invalid_fetch_result\",                         \"The fetch result did not match the admitted operation.\",                     ),                 )                 for spec in specs             )         outcome_by_id = {             result.occurrence_id: result for result in fetched.outcomes         }         occurrences = []         for admitted, (index, source, input_ref) in zip(operation.inputs, specs):             result = outcome_by_id.get(admitted.occurrence_id)             if result.fetch_status is FetchStatus.SUCCESS:                 if result.capture.state is ArtifactState.AVAILABLE and result.normalized is not None:                     artifact = result.capture.artifact                     context = ArtifactContext(                         operation_id=operation.operation_id,                         occurrence_id=admitted.occurrence_id,                         caller_id=_CALLER_ID,                         scope=_SCOPE,                         source_family=\"http\",                         origin=artifact.origin,                         requested_url=artifact.requested_url,                         final_url=artifact.final_url,                         retrieved_at=artifact.retrieved_at,                         event_at=artifact.event_at,                     )                     try:                         source_proof = encode_source_proof(PersistedSourceProof(                             format_version=\"source-proof/1.0\", input_ref=input_ref,                             context=context, decision=decision, artifact=artifact,                             spans=result.spans,                         ))                     except ValueError:                         occurrences.append(self._failed_occurrence(                             index, source, input_ref,                             self._diagnostic(\"source_proof_too_large\", \"Source proof exceeds the evidence boundary.\"),                             result.actual_resources, FetchStatus.TOOL_ERROR,                         ))                         continue                     occurrences.append(                         WebsiteTextOccurrence(                             source,                             index,                             input_ref,                             OutcomeStatus.SUCCESS,                             self._outputs_from_text(result.normalized.text),                             actual_resources=re ... [truncated]"
                }
            ]
        },
        "d=3": {
            "depth": 3,
            "label": "MAY NEED TESTING",
            "symbols": [
                {
                    "id": "Method:flowsint-enrichers/src/flowsint_enrichers/website/to_text.py:WebsiteToText._outputs_from_text#1",
                    "name": "_outputs_from_text",
                    "filePath": "flowsint-enrichers/src/flowsint_enrichers/website/to_text.py",
                    "nodeType": "Method",
                    "startLine": 183,
                    "endLine": 184,
                    "content": "    def _outputs_from_text(self, text):         return (Phrase(text=text),) if text else ()"
                },
                {
                    "id": "Method:flowsint-enrichers/src/flowsint_enrichers/website/to_text.py:WebsiteToText._diagnostic#3",
                    "name": "_diagnostic",
                    "filePath": "flowsint-enrichers/src/flowsint_enrichers/website/to_text.py",
                    "nodeType": "Method",
                    "startLine": 187,
                    "endLine": 188,
                    "content": "    def _diagnostic(code, message, retryable=False):         return RedactedDiagnostic(code=code, safe_message=message, retryable=retryable)"
                },
                {
                    "id": "Method:flowsint-enrichers/src/flowsint_enrichers/website/to_text.py:WebsiteToText._cancelled_occurrence#4",
                    "name": "_cancelled_occurrence",
                    "filePath": "flowsint-enrichers/src/flowsint_enrichers/website/to_text.py",
                    "nodeType": "Method",
                    "startLine": 190,
                    "endLine": 201,
                    "content": "    def _cancelled_occurrence(self, index, source, input_ref, resources=None):         return WebsiteTextOccurrence(             source,             index,             input_ref,             OutcomeStatus.HOLD,             diagnostic=self._diagnostic(                 \"cancelled\", \"The operation was cancelled before completion.\"             ),             actual_resources=resources,             fetch_status=FetchStatus.CANCELLED,         )"
                },
                {
                    "id": "Method:flowsint-enrichers/src/flowsint_enrichers/website/to_text.py:WebsiteToText._failed_occurrence#6",
                    "name": "_failed_occurrence",
                    "filePath": "flowsint-enrichers/src/flowsint_enrichers/website/to_text.py",
                    "nodeType": "Method",
                    "startLine": 203,
                    "endLine": 221,
                    "content": "    def _failed_occurrence(         self,         index,         source,         input_ref,         diagnostic=None,         resources=None,         fetch_status=None,     ):         return WebsiteTextOccurrence(             source,             index,             input_ref,             OutcomeStatus.FAILURE,             diagnostic=diagnostic             or self._diagnostic(\"unexpected_error\", \"Unexpected processing failure.\"),             actual_resources=resources,             fetch_status=fetch_status,         )"
                },
                {
                    "id": "Method:flowsint-enrichers/src/flowsint_enrichers/website/to_text.py:WebsiteToText._build_operation#1",
                    "name": "_build_operation",
                    "filePath": "flowsint-enrichers/src/flowsint_enrichers/website/to_text.py",
                    "nodeType": "Method",
                    "startLine": 223,
                    "endLine": 274,
                    "content": "    def _build_operation(self, specs):         def positive_int(name, default):             value = self.params.get(name, default)             if type(value) is not int or value <= 0:                 raise ValueError(f\"{name} must be a positive integer\")             return value         max_response_bytes = positive_int(\"max_response_bytes\", 1048576)         max_concurrency = positive_int(\"max_concurrency\", 10)         request_timeout = positive_int(\"request_timeout\", 10)         urls = tuple(str(source.url) for _index, source, _ref in specs)         origins = tuple(sorted(set(_origin(url) for url in urls)))         endpoint_digest = _digest(             {\"allowed_origins\": origins, \"redirects\": \"same-origin-only\"}         )         policy = TrustedFetchPolicy(             caller_id=_CALLER_ID,             scope=_SCOPE,             capability_digest=_CAPABILITY_DIGEST,             endpoint_policy_digest=endpoint_digest,             allowed_origins=origins,         )         parameters = FetchParameters(             max_redirects=self.params.get(\"max_redirects\", 3),             max_retries=self.params.get(\"max_retries\", 0),             max_bytes_per_input=max_response_bytes,         )         count = len(specs)         attempts = 1 + parameters.max_redirects + parameters.max_retries         request = AcquisitionRequest(             operation_id=f\"website-to-text-{uuid.uuid4().hex}\",             caller_id=_CALLER_ID,             scope=_SCOPE,             capability_digest=_CAPABILITY_DIGEST,             endpoint_policy_digest=endpoint_digest,             inputs=tuple(                 InputOccurrence(                     occurrence_id=f\"input-{specs[position][0]}\",                     input_ref=canonical_input_hash(url),                     type_tag=\"http_url\",                     value=url,                 )                 for position, url in enumerate(urls)             ),             allocation=Resources(                 requests=count * attempts,                 bytes=count * max_response_bytes,                 elapsed_seconds=request_timeout,                 concurrency=min(max_concurrency, count),             ),         )         return admit_fetch(request, policy, parameters)"
                }
            ]
        }
    },
    "summary": {
        "cwd": "/home/n4s5ti/Documents/dev/fl0sint-def44-source",
        "rootPath": "/home/n4s5ti/Documents/dev/fl0sint-def44-source",
        "repo": "fl0sint-def44-source",
        "lbugPath": "/home/n4s5ti/Documents/dev/fl0sint-def44-source/.gitnexus/lbug",
        "symbol": "flowsint-enrichers/src/flowsint_enrichers/website/to_text.py:scan",
        "rootSymbols": 1,
        "totalSymbols": 8,
        "totalEdges": 7,
        "filesMatched": 1,
        "truncated": false,
        "direct": 1,
        "processes": 0,
        "modules": 1
    },
    "warnings": [],
    "completeness": "complete",
    "completenessReasons": [],
    "indexStatus": "ready"
}
