{
    "symbol": "flowsint-core/src/flowsint_execution/acquisition.py:SourceProofSpanReference",
    "repo": "fl0sint-def44-source",
    "lbugPath": "/home/n4s5ti/Documents/dev/fl0sint-def44-source/.gitnexus/lbug",
    "rootPath": "/home/n4s5ti/Documents/dev/fl0sint-def44-source",
    "direction": "downstream",
    "risk": "CRITICAL",
    "target": {
        "id": "Class:flowsint-core/src/flowsint_execution/acquisition.py:SourceProofSpanReference",
        "name": "SourceProofSpanReference",
        "filePath": "flowsint-core/src/flowsint_execution/acquisition.py",
        "nodeType": "Class",
        "startLine": 210,
        "endLine": 228,
        "content": "class SourceProofSpanReference(ContractModel):     \"\"\"Normalized mapping metadata, versioned outside the strict 1.0 bundle wire.\"\"\"     proof_format_version: Literal[\"1.0\"] = \"1.0\"     span_id: Identifier     artifact_id: Identifier     byte_start: Count     byte_end: Count     normalized_start: Count     normalized_end: Count     raw_offset_unit: Literal[\"byte\"] = \"byte\"     normalized_offset_unit: Literal[\"unicode_code_point\"] = \"unicode_code_point\"     source_encoding: Literal[\"utf-8\"] = \"utf-8\"     @model_validator(mode=\"after\")     def check_mapping(self):         if self.byte_start >= self.byte_end or self.normalized_start >= self.normalized_end:             raise ValueError(\"source proof ranges must be nonempty\")         return self"
    },
    "symbols": [
        {
            "id": "Class:flowsint-core/src/flowsint_execution/acquisition.py:SourceProofSpanReference",
            "name": "SourceProofSpanReference",
            "filePath": "flowsint-core/src/flowsint_execution/acquisition.py",
            "nodeType": "Class",
            "startLine": 210,
            "endLine": 228,
            "content": "class SourceProofSpanReference(ContractModel):     \"\"\"Normalized mapping metadata, versioned outside the strict 1.0 bundle wire.\"\"\"     proof_format_version: Literal[\"1.0\"] = \"1.0\"     span_id: Identifier     artifact_id: Identifier     byte_start: Count     byte_end: Count     normalized_start: Count     normalized_end: Count     raw_offset_unit: Literal[\"byte\"] = \"byte\"     normalized_offset_unit: Literal[\"unicode_code_point\"] = \"unicode_code_point\"     source_encoding: Literal[\"utf-8\"] = \"utf-8\"     @model_validator(mode=\"after\")     def check_mapping(self):         if self.byte_start >= self.byte_end or self.normalized_start >= self.normalized_end:             raise ValueError(\"source proof ranges must be nonempty\")         return self"
        },
        {
            "id": "Method:flowsint-core/src/flowsint_execution/acquisition.py:SourceProofSpanReference.check_mapping#0",
            "name": "check_mapping",
            "filePath": "flowsint-core/src/flowsint_execution/acquisition.py",
            "nodeType": "Method",
            "startLine": 225,
            "endLine": 228,
            "content": "    def check_mapping(self):         if self.byte_start >= self.byte_end or self.normalized_start >= self.normalized_end:             raise ValueError(\"source proof ranges must be nonempty\")         return self"
        },
        {
            "id": "Property:flowsint-core/src/flowsint_execution/acquisition.py:SourceProofSpanReference.proof_format_version",
            "name": "proof_format_version",
            "filePath": "flowsint-core/src/flowsint_execution/acquisition.py",
            "nodeType": "Property",
            "startLine": 213,
            "endLine": 213,
            "content": "    proof_format_version: Literal[\"1.0\"] = \"1.0\""
        },
        {
            "id": "Property:flowsint-core/src/flowsint_execution/acquisition.py:SourceProofSpanReference.span_id",
            "name": "span_id",
            "filePath": "flowsint-core/src/flowsint_execution/acquisition.py",
            "nodeType": "Property",
            "startLine": 214,
            "endLine": 214,
            "content": "    span_id: Identifier"
        },
        {
            "id": "Property:flowsint-core/src/flowsint_execution/acquisition.py:SourceProofSpanReference.artifact_id",
            "name": "artifact_id",
            "filePath": "flowsint-core/src/flowsint_execution/acquisition.py",
            "nodeType": "Property",
            "startLine": 215,
            "endLine": 215,
            "content": "    artifact_id: Identifier"
        },
        {
            "id": "Property:flowsint-core/src/flowsint_execution/acquisition.py:SourceProofSpanReference.byte_start",
            "name": "byte_start",
            "filePath": "flowsint-core/src/flowsint_execution/acquisition.py",
            "nodeType": "Property",
            "startLine": 216,
            "endLine": 216,
            "content": "    byte_start: Count"
        },
        {
            "id": "Property:flowsint-core/src/flowsint_execution/acquisition.py:SourceProofSpanReference.byte_end",
            "name": "byte_end",
            "filePath": "flowsint-core/src/flowsint_execution/acquisition.py",
            "nodeType": "Property",
            "startLine": 217,
            "endLine": 217,
            "content": "    byte_end: Count"
        },
        {
            "id": "Property:flowsint-core/src/flowsint_execution/acquisition.py:SourceProofSpanReference.normalized_start",
            "name": "normalized_start",
            "filePath": "flowsint-core/src/flowsint_execution/acquisition.py",
            "nodeType": "Property",
            "startLine": 218,
            "endLine": 218,
            "content": "    normalized_start: Count"
        },
        {
            "id": "Property:flowsint-core/src/flowsint_execution/acquisition.py:SourceProofSpanReference.normalized_end",
            "name": "normalized_end",
            "filePath": "flowsint-core/src/flowsint_execution/acquisition.py",
            "nodeType": "Property",
            "startLine": 219,
            "endLine": 219,
            "content": "    normalized_end: Count"
        },
        {
            "id": "Property:flowsint-core/src/flowsint_execution/acquisition.py:SourceProofSpanReference.raw_offset_unit",
            "name": "raw_offset_unit",
            "filePath": "flowsint-core/src/flowsint_execution/acquisition.py",
            "nodeType": "Property",
            "startLine": 220,
            "endLine": 220,
            "content": "    raw_offset_unit: Literal[\"byte\"] = \"byte\""
        },
        {
            "id": "Property:flowsint-core/src/flowsint_execution/acquisition.py:SourceProofSpanReference.normalized_offset_unit",
            "name": "normalized_offset_unit",
            "filePath": "flowsint-core/src/flowsint_execution/acquisition.py",
            "nodeType": "Property",
            "startLine": 221,
            "endLine": 221,
            "content": "    normalized_offset_unit: Literal[\"unicode_code_point\"] = \"unicode_code_point\""
        },
        {
            "id": "Property:flowsint-core/src/flowsint_execution/acquisition.py:SourceProofSpanReference.source_encoding",
            "name": "source_encoding",
            "filePath": "flowsint-core/src/flowsint_execution/acquisition.py",
            "nodeType": "Property",
            "startLine": 222,
            "endLine": 222,
            "content": "    source_encoding: Literal[\"utf-8\"] = \"utf-8\""
        },
        {
            "id": "Class:flowsint-core/src/flowsint_execution/acquisition.py:ContractModel",
            "name": "ContractModel",
            "filePath": "flowsint-core/src/flowsint_execution/acquisition.py",
            "nodeType": "Class",
            "startLine": 63,
            "endLine": 70,
            "content": "class ContractModel(BaseModel):     model_config = ConfigDict(         extra=\"forbid\",         frozen=True,         strict=True,         allow_inf_nan=False,         revalidate_instances=\"always\",     )"
        }
    ],
    "edges": [
        {
            "from": "Class:flowsint-core/src/flowsint_execution/acquisition.py:SourceProofSpanReference",
            "to": "Method:flowsint-core/src/flowsint_execution/acquisition.py:SourceProofSpanReference.check_mapping#0",
            "type": "HAS_METHOD",
            "confidence": 1
        },
        {
            "from": "Class:flowsint-core/src/flowsint_execution/acquisition.py:SourceProofSpanReference",
            "to": "Property:flowsint-core/src/flowsint_execution/acquisition.py:SourceProofSpanReference.proof_format_version",
            "type": "HAS_PROPERTY",
            "confidence": 1
        },
        {
            "from": "Class:flowsint-core/src/flowsint_execution/acquisition.py:SourceProofSpanReference",
            "to": "Property:flowsint-core/src/flowsint_execution/acquisition.py:SourceProofSpanReference.span_id",
            "type": "HAS_PROPERTY",
            "confidence": 1
        },
        {
            "from": "Class:flowsint-core/src/flowsint_execution/acquisition.py:SourceProofSpanReference",
            "to": "Property:flowsint-core/src/flowsint_execution/acquisition.py:SourceProofSpanReference.artifact_id",
            "type": "HAS_PROPERTY",
            "confidence": 1
        },
        {
            "from": "Class:flowsint-core/src/flowsint_execution/acquisition.py:SourceProofSpanReference",
            "to": "Property:flowsint-core/src/flowsint_execution/acquisition.py:SourceProofSpanReference.byte_start",
            "type": "HAS_PROPERTY",
            "confidence": 1
        },
        {
            "from": "Class:flowsint-core/src/flowsint_execution/acquisition.py:SourceProofSpanReference",
            "to": "Property:flowsint-core/src/flowsint_execution/acquisition.py:SourceProofSpanReference.byte_end",
            "type": "HAS_PROPERTY",
            "confidence": 1
        },
        {
            "from": "Class:flowsint-core/src/flowsint_execution/acquisition.py:SourceProofSpanReference",
            "to": "Property:flowsint-core/src/flowsint_execution/acquisition.py:SourceProofSpanReference.normalized_start",
            "type": "HAS_PROPERTY",
            "confidence": 1
        },
        {
            "from": "Class:flowsint-core/src/flowsint_execution/acquisition.py:SourceProofSpanReference",
            "to": "Property:flowsint-core/src/flowsint_execution/acquisition.py:SourceProofSpanReference.normalized_end",
            "type": "HAS_PROPERTY",
            "confidence": 1
        },
        {
            "from": "Class:flowsint-core/src/flowsint_execution/acquisition.py:SourceProofSpanReference",
            "to": "Property:flowsint-core/src/flowsint_execution/acquisition.py:SourceProofSpanReference.raw_offset_unit",
            "type": "HAS_PROPERTY",
            "confidence": 1
        },
        {
            "from": "Class:flowsint-core/src/flowsint_execution/acquisition.py:SourceProofSpanReference",
            "to": "Property:flowsint-core/src/flowsint_execution/acquisition.py:SourceProofSpanReference.normalized_offset_unit",
            "type": "HAS_PROPERTY",
            "confidence": 1
        },
        {
            "from": "Class:flowsint-core/src/flowsint_execution/acquisition.py:SourceProofSpanReference",
            "to": "Property:flowsint-core/src/flowsint_execution/acquisition.py:SourceProofSpanReference.source_encoding",
            "type": "HAS_PROPERTY",
            "confidence": 1
        },
        {
            "from": "Class:flowsint-core/src/flowsint_execution/acquisition.py:SourceProofSpanReference",
            "to": "Class:flowsint-core/src/flowsint_execution/acquisition.py:ContractModel",
            "type": "EXTENDS",
            "confidence": 0.85
        }
    ],
    "files": [
        {
            "filePath": "flowsint-core/src/flowsint_execution/acquisition.py",
            "count": 13,
            "symbols": [
                {
                    "id": "Class:flowsint-core/src/flowsint_execution/acquisition.py:SourceProofSpanReference",
                    "name": "SourceProofSpanReference",
                    "filePath": "flowsint-core/src/flowsint_execution/acquisition.py",
                    "nodeType": "Class",
                    "startLine": 210,
                    "endLine": 228,
                    "content": "class SourceProofSpanReference(ContractModel):     \"\"\"Normalized mapping metadata, versioned outside the strict 1.0 bundle wire.\"\"\"     proof_format_version: Literal[\"1.0\"] = \"1.0\"     span_id: Identifier     artifact_id: Identifier     byte_start: Count     byte_end: Count     normalized_start: Count     normalized_end: Count     raw_offset_unit: Literal[\"byte\"] = \"byte\"     normalized_offset_unit: Literal[\"unicode_code_point\"] = \"unicode_code_point\"     source_encoding: Literal[\"utf-8\"] = \"utf-8\"     @model_validator(mode=\"after\")     def check_mapping(self):         if self.byte_start >= self.byte_end or self.normalized_start >= self.normalized_end:             raise ValueError(\"source proof ranges must be nonempty\")         return self"
                },
                {
                    "id": "Method:flowsint-core/src/flowsint_execution/acquisition.py:SourceProofSpanReference.check_mapping#0",
                    "name": "check_mapping",
                    "filePath": "flowsint-core/src/flowsint_execution/acquisition.py",
                    "nodeType": "Method",
                    "startLine": 225,
                    "endLine": 228,
                    "content": "    def check_mapping(self):         if self.byte_start >= self.byte_end or self.normalized_start >= self.normalized_end:             raise ValueError(\"source proof ranges must be nonempty\")         return self"
                },
                {
                    "id": "Property:flowsint-core/src/flowsint_execution/acquisition.py:SourceProofSpanReference.proof_format_version",
                    "name": "proof_format_version",
                    "filePath": "flowsint-core/src/flowsint_execution/acquisition.py",
                    "nodeType": "Property",
                    "startLine": 213,
                    "endLine": 213,
                    "content": "    proof_format_version: Literal[\"1.0\"] = \"1.0\""
                },
                {
                    "id": "Property:flowsint-core/src/flowsint_execution/acquisition.py:SourceProofSpanReference.span_id",
                    "name": "span_id",
                    "filePath": "flowsint-core/src/flowsint_execution/acquisition.py",
                    "nodeType": "Property",
                    "startLine": 214,
                    "endLine": 214,
                    "content": "    span_id: Identifier"
                },
                {
                    "id": "Property:flowsint-core/src/flowsint_execution/acquisition.py:SourceProofSpanReference.artifact_id",
                    "name": "artifact_id",
                    "filePath": "flowsint-core/src/flowsint_execution/acquisition.py",
                    "nodeType": "Property",
                    "startLine": 215,
                    "endLine": 215,
                    "content": "    artifact_id: Identifier"
                },
                {
                    "id": "Property:flowsint-core/src/flowsint_execution/acquisition.py:SourceProofSpanReference.byte_start",
                    "name": "byte_start",
                    "filePath": "flowsint-core/src/flowsint_execution/acquisition.py",
                    "nodeType": "Property",
                    "startLine": 216,
                    "endLine": 216,
                    "content": "    byte_start: Count"
                },
                {
                    "id": "Property:flowsint-core/src/flowsint_execution/acquisition.py:SourceProofSpanReference.byte_end",
                    "name": "byte_end",
                    "filePath": "flowsint-core/src/flowsint_execution/acquisition.py",
                    "nodeType": "Property",
                    "startLine": 217,
                    "endLine": 217,
                    "content": "    byte_end: Count"
                },
                {
                    "id": "Property:flowsint-core/src/flowsint_execution/acquisition.py:SourceProofSpanReference.normalized_start",
                    "name": "normalized_start",
                    "filePath": "flowsint-core/src/flowsint_execution/acquisition.py",
                    "nodeType": "Property",
                    "startLine": 218,
                    "endLine": 218,
                    "content": "    normalized_start: Count"
                },
                {
                    "id": "Property:flowsint-core/src/flowsint_execution/acquisition.py:SourceProofSpanReference.normalized_end",
                    "name": "normalized_end",
                    "filePath": "flowsint-core/src/flowsint_execution/acquisition.py",
                    "nodeType": "Property",
                    "startLine": 219,
                    "endLine": 219,
                    "content": "    normalized_end: Count"
                },
                {
                    "id": "Property:flowsint-core/src/flowsint_execution/acquisition.py:SourceProofSpanReference.raw_offset_unit",
                    "name": "raw_offset_unit",
                    "filePath": "flowsint-core/src/flowsint_execution/acquisition.py",
                    "nodeType": "Property",
                    "startLine": 220,
                    "endLine": 220,
                    "content": "    raw_offset_unit: Literal[\"byte\"] = \"byte\""
                },
                {
                    "id": "Property:flowsint-core/src/flowsint_execution/acquisition.py:SourceProofSpanReference.normalized_offset_unit",
                    "name": "normalized_offset_unit",
                    "filePath": "flowsint-core/src/flowsint_execution/acquisition.py",
                    "nodeType": "Property",
                    "startLine": 221,
                    "endLine": 221,
                    "content": "    normalized_offset_unit: Literal[\"unicode_code_point\"] = \"unicode_code_point\""
                },
                {
                    "id": "Property:flowsint-core/src/flowsint_execution/acquisition.py:SourceProofSpanReference.source_encoding",
                    "name": "source_encoding",
                    "filePath": "flowsint-core/src/flowsint_execution/acquisition.py",
                    "nodeType": "Property",
                    "startLine": 222,
                    "endLine": 222,
                    "content": "    source_encoding: Literal[\"utf-8\"] = \"utf-8\""
                },
                {
                    "id": "Class:flowsint-core/src/flowsint_execution/acquisition.py:ContractModel",
                    "name": "ContractModel",
                    "filePath": "flowsint-core/src/flowsint_execution/acquisition.py",
                    "nodeType": "Class",
                    "startLine": 63,
                    "endLine": 70,
                    "content": "class ContractModel(BaseModel):     model_config = ConfigDict(         extra=\"forbid\",         frozen=True,         strict=True,         allow_inf_nan=False,         revalidate_instances=\"always\",     )"
                }
            ]
        }
    ],
    "affected_modules": [
        {
            "name": "flowsint-core",
            "direct": true,
            "symbolCount": 12
        }
    ],
    "affected_processes": [],
    "byDepth": {
        "d=1": {
            "depth": 1,
            "label": "WILL BREAK",
            "symbols": [
                {
                    "id": "Method:flowsint-core/src/flowsint_execution/acquisition.py:SourceProofSpanReference.check_mapping#0",
                    "name": "check_mapping",
                    "filePath": "flowsint-core/src/flowsint_execution/acquisition.py",
                    "nodeType": "Method",
                    "startLine": 225,
                    "endLine": 228,
                    "content": "    def check_mapping(self):         if self.byte_start >= self.byte_end or self.normalized_start >= self.normalized_end:             raise ValueError(\"source proof ranges must be nonempty\")         return self"
                },
                {
                    "id": "Property:flowsint-core/src/flowsint_execution/acquisition.py:SourceProofSpanReference.proof_format_version",
                    "name": "proof_format_version",
                    "filePath": "flowsint-core/src/flowsint_execution/acquisition.py",
                    "nodeType": "Property",
                    "startLine": 213,
                    "endLine": 213,
                    "content": "    proof_format_version: Literal[\"1.0\"] = \"1.0\""
                },
                {
                    "id": "Property:flowsint-core/src/flowsint_execution/acquisition.py:SourceProofSpanReference.span_id",
                    "name": "span_id",
                    "filePath": "flowsint-core/src/flowsint_execution/acquisition.py",
                    "nodeType": "Property",
                    "startLine": 214,
                    "endLine": 214,
                    "content": "    span_id: Identifier"
                },
                {
                    "id": "Property:flowsint-core/src/flowsint_execution/acquisition.py:SourceProofSpanReference.artifact_id",
                    "name": "artifact_id",
                    "filePath": "flowsint-core/src/flowsint_execution/acquisition.py",
                    "nodeType": "Property",
                    "startLine": 215,
                    "endLine": 215,
                    "content": "    artifact_id: Identifier"
                },
                {
                    "id": "Property:flowsint-core/src/flowsint_execution/acquisition.py:SourceProofSpanReference.byte_start",
                    "name": "byte_start",
                    "filePath": "flowsint-core/src/flowsint_execution/acquisition.py",
                    "nodeType": "Property",
                    "startLine": 216,
                    "endLine": 216,
                    "content": "    byte_start: Count"
                },
                {
                    "id": "Property:flowsint-core/src/flowsint_execution/acquisition.py:SourceProofSpanReference.byte_end",
                    "name": "byte_end",
                    "filePath": "flowsint-core/src/flowsint_execution/acquisition.py",
                    "nodeType": "Property",
                    "startLine": 217,
                    "endLine": 217,
                    "content": "    byte_end: Count"
                },
                {
                    "id": "Property:flowsint-core/src/flowsint_execution/acquisition.py:SourceProofSpanReference.normalized_start",
                    "name": "normalized_start",
                    "filePath": "flowsint-core/src/flowsint_execution/acquisition.py",
                    "nodeType": "Property",
                    "startLine": 218,
                    "endLine": 218,
                    "content": "    normalized_start: Count"
                },
                {
                    "id": "Property:flowsint-core/src/flowsint_execution/acquisition.py:SourceProofSpanReference.normalized_end",
                    "name": "normalized_end",
                    "filePath": "flowsint-core/src/flowsint_execution/acquisition.py",
                    "nodeType": "Property",
                    "startLine": 219,
                    "endLine": 219,
                    "content": "    normalized_end: Count"
                },
                {
                    "id": "Property:flowsint-core/src/flowsint_execution/acquisition.py:SourceProofSpanReference.raw_offset_unit",
                    "name": "raw_offset_unit",
                    "filePath": "flowsint-core/src/flowsint_execution/acquisition.py",
                    "nodeType": "Property",
                    "startLine": 220,
                    "endLine": 220,
                    "content": "    raw_offset_unit: Literal[\"byte\"] = \"byte\""
                },
                {
                    "id": "Property:flowsint-core/src/flowsint_execution/acquisition.py:SourceProofSpanReference.normalized_offset_unit",
                    "name": "normalized_offset_unit",
                    "filePath": "flowsint-core/src/flowsint_execution/acquisition.py",
                    "nodeType": "Property",
                    "startLine": 221,
                    "endLine": 221,
                    "content": "    normalized_offset_unit: Literal[\"unicode_code_point\"] = \"unicode_code_point\""
                },
                {
                    "id": "Property:flowsint-core/src/flowsint_execution/acquisition.py:SourceProofSpanReference.source_encoding",
                    "name": "source_encoding",
                    "filePath": "flowsint-core/src/flowsint_execution/acquisition.py",
                    "nodeType": "Property",
                    "startLine": 222,
                    "endLine": 222,
                    "content": "    source_encoding: Literal[\"utf-8\"] = \"utf-8\""
                },
                {
                    "id": "Class:flowsint-core/src/flowsint_execution/acquisition.py:ContractModel",
                    "name": "ContractModel",
                    "filePath": "flowsint-core/src/flowsint_execution/acquisition.py",
                    "nodeType": "Class",
                    "startLine": 63,
                    "endLine": 70,
                    "content": "class ContractModel(BaseModel):     model_config = ConfigDict(         extra=\"forbid\",         frozen=True,         strict=True,         allow_inf_nan=False,         revalidate_instances=\"always\",     )"
                }
            ]
        }
    },
    "summary": {
        "cwd": "/home/n4s5ti/Documents/dev/fl0sint-def44-source",
        "rootPath": "/home/n4s5ti/Documents/dev/fl0sint-def44-source",
        "repo": "fl0sint-def44-source",
        "lbugPath": "/home/n4s5ti/Documents/dev/fl0sint-def44-source/.gitnexus/lbug",
        "symbol": "flowsint-core/src/flowsint_execution/acquisition.py:SourceProofSpanReference",
        "rootSymbols": 1,
        "totalSymbols": 13,
        "totalEdges": 12,
        "filesMatched": 1,
        "truncated": false,
        "direct": 12,
        "processes": 0,
        "modules": 1
    },
    "warnings": [],
    "completeness": "complete",
    "completenessReasons": [],
    "indexStatus": "ready"
}
