{
    "symbol": "flowsint-core/src/flowsint_execution/acquisition.py:SourceProofSpanReference",
    "repo": "fl0sint-def44-source",
    "lbugPath": "/home/n4s5ti/Documents/dev/fl0sint-def44-source/.gitnexus/lbug",
    "rootPath": "/home/n4s5ti/Documents/dev/fl0sint-def44-source",
    "direction": "upstream",
    "risk": "UNKNOWN",
    "target": {
        "id": "Class:flowsint-core/src/flowsint_execution/acquisition.py:SourceProofSpanReference",
        "name": "SourceProofSpanReference",
        "filePath": "flowsint-core/src/flowsint_execution/acquisition.py",
        "nodeType": "Class",
        "startLine": 210,
        "endLine": 228,
        "content": "class SourceProofSpanReference(ContractModel):     \"\"\"Normalized mapping metadata, versioned outside the strict 1.0 bundle wire.\"\"\"     proof_format_version: Literal[\"1.0\"] = \"1.0\"     span_id: Identifier     artifact_id: Identifier     byte_start: Count     byte_end: Count     normalized_start: Count     normalized_end: Count     raw_offset_unit: Literal[\"byte\"] = \"byte\"     normalized_offset_unit: Literal[\"unicode_code_point\"] = \"unicode_code_point\"     source_encoding: Literal[\"utf-8\"] = \"utf-8\"     @model_validator(mode=\"after\")     def check_mapping(self):         if self.byte_start >= self.byte_end or self.normalized_start >= self.normalized_end:             raise ValueError(\"source proof ranges must be nonempty\")         return self"
    },
    "symbols": [
        {
            "id": "Class:flowsint-core/src/flowsint_execution/acquisition.py:SourceProofSpanReference",
            "name": "SourceProofSpanReference",
            "filePath": "flowsint-core/src/flowsint_execution/acquisition.py",
            "nodeType": "Class",
            "startLine": 210,
            "endLine": 228,
            "content": "class SourceProofSpanReference(ContractModel):     \"\"\"Normalized mapping metadata, versioned outside the strict 1.0 bundle wire.\"\"\"     proof_format_version: Literal[\"1.0\"] = \"1.0\"     span_id: Identifier     artifact_id: Identifier     byte_start: Count     byte_end: Count     normalized_start: Count     normalized_end: Count     raw_offset_unit: Literal[\"byte\"] = \"byte\"     normalized_offset_unit: Literal[\"unicode_code_point\"] = \"unicode_code_point\"     source_encoding: Literal[\"utf-8\"] = \"utf-8\"     @model_validator(mode=\"after\")     def check_mapping(self):         if self.byte_start >= self.byte_end or self.normalized_start >= self.normalized_end:             raise ValueError(\"source proof ranges must be nonempty\")         return self"
        }
    ],
    "edges": [],
    "files": [
        {
            "filePath": "flowsint-core/src/flowsint_execution/acquisition.py",
            "count": 1,
            "symbols": [
                {
                    "id": "Class:flowsint-core/src/flowsint_execution/acquisition.py:SourceProofSpanReference",
                    "name": "SourceProofSpanReference",
                    "filePath": "flowsint-core/src/flowsint_execution/acquisition.py",
                    "nodeType": "Class",
                    "startLine": 210,
                    "endLine": 228,
                    "content": "class SourceProofSpanReference(ContractModel):     \"\"\"Normalized mapping metadata, versioned outside the strict 1.0 bundle wire.\"\"\"     proof_format_version: Literal[\"1.0\"] = \"1.0\"     span_id: Identifier     artifact_id: Identifier     byte_start: Count     byte_end: Count     normalized_start: Count     normalized_end: Count     raw_offset_unit: Literal[\"byte\"] = \"byte\"     normalized_offset_unit: Literal[\"unicode_code_point\"] = \"unicode_code_point\"     source_encoding: Literal[\"utf-8\"] = \"utf-8\"     @model_validator(mode=\"after\")     def check_mapping(self):         if self.byte_start >= self.byte_end or self.normalized_start >= self.normalized_end:             raise ValueError(\"source proof ranges must be nonempty\")         return self"
                }
            ]
        }
    ],
    "affected_modules": [],
    "affected_processes": [],
    "byDepth": {},
    "summary": {
        "cwd": "/home/n4s5ti/Documents/dev/fl0sint-def44-source",
        "rootPath": "/home/n4s5ti/Documents/dev/fl0sint-def44-source",
        "repo": "fl0sint-def44-source",
        "lbugPath": "/home/n4s5ti/Documents/dev/fl0sint-def44-source/.gitnexus/lbug",
        "symbol": "flowsint-core/src/flowsint_execution/acquisition.py:SourceProofSpanReference",
        "rootSymbols": 1,
        "totalSymbols": 1,
        "totalEdges": 0,
        "filesMatched": 1,
        "truncated": false,
        "direct": 0,
        "processes": 0,
        "modules": 0
    },
    "warnings": [],
    "completeness": "partial",
    "completenessReasons": [
        "no-call-edges"
    ],
    "indexStatus": "ready"
}
