{
    "symbol": "flowsint-core/src/flowsint_execution/acquisition.py:CandidateReference",
    "repo": "fl0sint-def45-extraction",
    "lbugPath": "/home/n4s5ti/Documents/dev/fl0sint-def45-extraction/.gitnexus/lbug",
    "rootPath": "/home/n4s5ti/Documents/dev/fl0sint-def45-extraction",
    "direction": "upstream",
    "risk": "UNKNOWN",
    "target": {
        "id": "Class:flowsint-core/src/flowsint_execution/acquisition.py:CandidateReference",
        "name": "CandidateReference",
        "filePath": "flowsint-core/src/flowsint_execution/acquisition.py",
        "nodeType": "Class",
        "startLine": 240,
        "endLine": 244,
        "content": "class CandidateReference(ContractModel):     candidate_id: Identifier     occurrence_id: Identifier     evidence_id: Identifier     disposition: Literal[\"unreviewed\"] = \"unreviewed\""
    },
    "symbols": [
        {
            "id": "Class:flowsint-core/src/flowsint_execution/acquisition.py:CandidateReference",
            "name": "CandidateReference",
            "filePath": "flowsint-core/src/flowsint_execution/acquisition.py",
            "nodeType": "Class",
            "startLine": 240,
            "endLine": 244,
            "content": "class CandidateReference(ContractModel):     candidate_id: Identifier     occurrence_id: Identifier     evidence_id: Identifier     disposition: Literal[\"unreviewed\"] = \"unreviewed\""
        }
    ],
    "edges": [],
    "files": [
        {
            "filePath": "flowsint-core/src/flowsint_execution/acquisition.py",
            "count": 1,
            "symbols": [
                {
                    "id": "Class:flowsint-core/src/flowsint_execution/acquisition.py:CandidateReference",
                    "name": "CandidateReference",
                    "filePath": "flowsint-core/src/flowsint_execution/acquisition.py",
                    "nodeType": "Class",
                    "startLine": 240,
                    "endLine": 244,
                    "content": "class CandidateReference(ContractModel):     candidate_id: Identifier     occurrence_id: Identifier     evidence_id: Identifier     disposition: Literal[\"unreviewed\"] = \"unreviewed\""
                }
            ]
        }
    ],
    "affected_modules": [],
    "affected_processes": [],
    "byDepth": {},
    "summary": {
        "cwd": "/home/n4s5ti/Documents/dev/fl0sint-def45-extraction",
        "rootPath": "/home/n4s5ti/Documents/dev/fl0sint-def45-extraction",
        "repo": "fl0sint-def45-extraction",
        "lbugPath": "/home/n4s5ti/Documents/dev/fl0sint-def45-extraction/.gitnexus/lbug",
        "symbol": "flowsint-core/src/flowsint_execution/acquisition.py:CandidateReference",
        "rootSymbols": 1,
        "totalSymbols": 1,
        "totalEdges": 0,
        "filesMatched": 1,
        "truncated": false,
        "direct": 0,
        "processes": 0,
        "modules": 0
    },
    "warnings": [],
    "completeness": "partial",
    "completenessReasons": [
        "no-call-edges"
    ],
    "indexStatus": "ready"
}
