{
    "mode": "index",
    "result": {
        "targetPath": "/home/n4s5ti/Documents/dev/fl0sint-def45-extraction",
        "lbugPath": "/home/n4s5ti/Documents/dev/fl0sint-def45-extraction/.gitnexus/lbug",
        "success": true,
        "warnings": [
            "No workspace packages with recognised entry files — sidecar will be empty"
        ],
        "generation": "sha256:9a0ccf9c6e4348a605c53483d7ea1ad8f8479b5eb41ff9314dc463b50661f096",
        "planAction": "rebuild",
        "deltaAdded": 0,
        "deltaModified": 0,
        "deltaDeleted": 0,
        "deltaRenamed": 0,
        "deltaUnreadable": 0,
        "indexLatencyMs": 43671,
        "filesParsed": 2088
    }
}
