{
    "symbol": "flowsint-core/src/flowsint_execution/artifacts.py:normalize_html",
    "repo": "fl0sint-def45-extraction",
    "lbugPath": "/home/n4s5ti/Documents/dev/fl0sint-def45-extraction/.gitnexus/lbug",
    "rootPath": "/home/n4s5ti/Documents/dev/fl0sint-def45-extraction",
    "direction": "upstream",
    "risk": "MEDIUM",
    "target": {
        "id": "Function:flowsint-core/src/flowsint_execution/artifacts.py:normalize_html",
        "name": "normalize_html",
        "filePath": "flowsint-core/src/flowsint_execution/artifacts.py",
        "nodeType": "Function",
        "startLine": 419,
        "endLine": 453,
        "content": "def normalize_html(body: bytes) -> NormalizedSource:     try: source = body.decode(\"utf-8\", errors=\"strict\")     except UnicodeDecodeError as error: raise ValueError(\"unsupported_source_encoding\") from error     char_to_byte = [0]     for character in source: char_to_byte.append(char_to_byte[-1] + len(character.encode(\"utf-8\")))     parser = _ExactHTMLText(source, char_to_byte)     try: parser.feed(source); parser.close()     except (ValueError, AssertionError) as error: raise ValueError(\"malformed_html_mapping\") from error     spans: list[NormalizedSpan] = []; normalized = \"\"; pending: tuple[int, int] | None = None; previous_end = None     def emit(text: str, raw_start: int, raw_end: int) -> None:         nonlocal normalized         if not text or raw_start >= raw_end: return         start = len(normalized); normalized += text         spans.append(NormalizedSpan(raw_start, raw_end, start, len(normalized), text))     for atom in parser.atoms:         if previous_end is not None and atom.raw_start > previous_end and normalized: pending = (previous_end, atom.raw_start)         # One deterministic mapping per text node is enough even when whitespace is         # normalized.  Entity callbacks remain separate atoms because their raw byte         # ranges differ.  This avoids token/character-scale metadata growth.         value = re.sub(r\"\\s+\", \" \", atom.text, flags=re.UNICODE)         leading = value.startswith(\" \")         trailing = value.endswith(\" \")         content = value.strip(\" \")         if leading and normalized:             pending = (atom.raw_start, atom.raw_end)         if content:             if pending and normalized: emit(\" \", *pending)             pending = None             emit(content, atom.raw_start, atom.raw_end)         if trailing and normalized:             pending = (atom.raw_start, atom.raw_end)         previous_end = atom.raw_end     result = NormalizedSource(normalized, tuple(spans), source_digest=hashlib.sha256(body).hexdigest())     if \"\".join(span.emitted_text for span in spans) != normalized: raise ValueError(\"normalized_mapping_invariant\")     return result"
    },
    "symbols": [
        {
            "id": "Function:flowsint-core/src/flowsint_execution/artifacts.py:normalize_html",
            "name": "normalize_html",
            "filePath": "flowsint-core/src/flowsint_execution/artifacts.py",
            "nodeType": "Function",
            "startLine": 419,
            "endLine": 453,
            "content": "def normalize_html(body: bytes) -> NormalizedSource:     try: source = body.decode(\"utf-8\", errors=\"strict\")     except UnicodeDecodeError as error: raise ValueError(\"unsupported_source_encoding\") from error     char_to_byte = [0]     for character in source: char_to_byte.append(char_to_byte[-1] + len(character.encode(\"utf-8\")))     parser = _ExactHTMLText(source, char_to_byte)     try: parser.feed(source); parser.close()     except (ValueError, AssertionError) as error: raise ValueError(\"malformed_html_mapping\") from error     spans: list[NormalizedSpan] = []; normalized = \"\"; pending: tuple[int, int] | None = None; previous_end = None     def emit(text: str, raw_start: int, raw_end: int) -> None:         nonlocal normalized         if not text or raw_start >= raw_end: return         start = len(normalized); normalized += text         spans.append(NormalizedSpan(raw_start, raw_end, start, len(normalized), text))     for atom in parser.atoms:         if previous_end is not None and atom.raw_start > previous_end and normalized: pending = (previous_end, atom.raw_start)         # One deterministic mapping per text node is enough even when whitespace is         # normalized.  Entity callbacks remain separate atoms because their raw byte         # ranges differ.  This avoids token/character-scale metadata growth.         value = re.sub(r\"\\s+\", \" \", atom.text, flags=re.UNICODE)         leading = value.startswith(\" \")         trailing = value.endswith(\" \")         content = value.strip(\" \")         if leading and normalized:             pending = (atom.raw_start, atom.raw_end)         if content:             if pending and normalized: emit(\" \", *pending)             pending = None             emit(content, atom.raw_start, atom.raw_end)         if trailing and normalized:             pending = (atom.raw_start, atom.raw_end)         previous_end = atom.raw_end     result = NormalizedSource(normalized, tuple(spans), source_digest=hashlib.sha256(body).hexdigest())     if \"\".join(span.emitted_text for span in spans) != normalized: raise ValueError(\"normalized_mapping_invariant\")     return result"
        },
        {
            "id": "Function:flowsint-core/src/flowsint_execution/artifact_runtime.py:resolve_persisted_source_proof",
            "name": "resolve_persisted_source_proof",
            "filePath": "flowsint-core/src/flowsint_execution/artifact_runtime.py",
            "nodeType": "Function",
            "startLine": 173,
            "endLine": 207,
            "content": "def resolve_persisted_source_proof(     value: str,     *,     caller_id: str,     scope: str,     source_family: str,     operation_id: str,     occurrence_id: str | None = None,     config_path: str | os.PathLike[str] | None = None,     now: datetime | None = None, ) -> ResolveResult:     \"\"\"Resolve persisted proof using only the current deployment-owned authority.\"\"\"     try:         proof = decode_source_proof(value)     except ValueError:         return ResolveResult(ArtifactState.REVIEW, \"proof_metadata_invalid\")     if (         proof.context.caller_id != caller_id         or proof.context.scope != scope         or proof.context.source_family != source_family         or proof.context.operation_id != operation_id         or proof.decision.operation_id != operation_id         or (occurrence_id is not None and proof.context.occurrence_id != occurrence_id)     ):         return ResolveResult(ArtifactState.REVIEW, \"authorization_mismatch\")     runtime = load_artifact_runtime(         caller_id=caller_id, scope=scope, source_family=source_family,         config_path=config_path, now=now,     )     if runtime is None:         return ResolveResult(ArtifactState.HOLD, \"current_policy_unavailable\")     return resolve_source(         runtime.store, proof.context, proof.decision, proof.artifact,         authority=runtime.authority, now=now,     )"
        },
        {
            "id": "Function:flowsint-core/src/flowsint_execution/artifact_runtime.py:resolve_persisted_span",
            "name": "resolve_persisted_span",
            "filePath": "flowsint-core/src/flowsint_execution/artifact_runtime.py",
            "nodeType": "Function",
            "startLine": 210,
            "endLine": 247,
            "content": "def resolve_persisted_span(     value: str,     span_id: str,     *,     caller_id: str,     scope: str,     source_family: str,     operation_id: str,     occurrence_id: str,     config_path: str | os.PathLike[str] | None = None,     now: datetime | None = None, ) -> SpanResolveResult:     try:         proof = decode_source_proof(value)     except ValueError:         return SpanResolveResult(ArtifactState.REVIEW, \"proof_metadata_invalid\")     if (         proof.context.caller_id != caller_id         or proof.context.scope != scope         or proof.context.source_family != source_family         or proof.context.operation_id != operation_id         or proof.decision.operation_id != operation_id         or proof.context.occurrence_id != occurrence_id     ):         return SpanResolveResult(ArtifactState.REVIEW, \"authorization_mismatch\")     matches = tuple(span for span in proof.spans if span.span_id == span_id)     if len(matches) != 1:         return SpanResolveResult(ArtifactState.REVIEW, \"span_mismatch\")     runtime = load_artifact_runtime(         caller_id=caller_id, scope=scope, source_family=source_family,         config_path=config_path, now=now,     )     if runtime is None:         return SpanResolveResult(ArtifactState.HOLD, \"current_policy_unavailable\")     return resolve_span(         runtime.store, proof.context, proof.decision, proof.artifact, matches[0],         authority=runtime.authority, now=now,     )"
        },
        {
            "id": "Function:flowsint-core/src/flowsint_execution/artifacts.py:capture_source",
            "name": "capture_source",
            "filePath": "flowsint-core/src/flowsint_execution/artifacts.py",
            "nodeType": "Function",
            "startLine": 273,
            "endLine": 326,
            "content": "def capture_source(store: FilesystemArtifactStore, context: ArtifactContext,                    decision: RetentionDecision | None, body: bytes | None, *, complete: bool = True,                    normalized: NormalizedSource | None = None, now: datetime | None = None,                    cancelled: Callable[[], bool] | None = None) -> CaptureResult:     current = now or datetime.now(timezone.utc)     if cancelled is not None and cancelled(): return CaptureResult(ArtifactState.HOLD, \"capture_cancelled\")     if body is None: return CaptureResult(ArtifactState.REVIEW, \"body_missing\")     if not complete: return CaptureResult(ArtifactState.REVIEW, \"truncated_body\")     if decision is None: return CaptureResult(ArtifactState.HOLD, \"retention_policy_unavailable\")     mismatch = _bound(context, decision, current)     if mismatch: return CaptureResult(ArtifactState.REVIEW, mismatch)     if normalized is not None and not decision.retain_normalized_text:         return CaptureResult(ArtifactState.HOLD, \"normalized_retention_prohibited\")     if normalized is not None:         try: normalized.reproduce(body)         except (ValueError, UnicodeDecodeError): return CaptureResult(ArtifactState.REVIEW, \"normalized_source_mismatch\")     if cancelled is not None and cancelled(): return CaptureResult(ArtifactState.HOLD, \"capture_cancelled\")     digest, snapshot_id = hashlib.sha256(body).hexdigest(), secrets.token_hex(16)     artifact = ArtifactReference(artifact_id=f\"artifact-{snapshot_id}\", snapshot_id=snapshot_id,         content_digest=digest, byte_length=len(body), locator=f\"sha256:{digest}\", source_family=context.source_family,         origin=context.origin, retrieved_at=context.retrieved_at, event_at=context.event_at,         requested_url=context.requested_url, final_url=context.final_url)     metadata = {\"snapshot_id\": snapshot_id, \"artifact_id\": artifact.artifact_id,         \"operation_id\": context.operation_id, \"occurrence_id\": context.occurrence_id,         \"caller_id\": context.caller_id, \"scope\": context.scope, \"source_family\": context.source_family,         \"origin\": context.origin, \"requested_url\": context.requested_url, \"final_url\": context.final_url,         \"retrieved_at\": context.retrieved_at.isoformat(), \"event_at\": context.event_at.isoformat() if context.event_at else None,         \"content_digest\": digest, \"byte_length\": len(body), \"policy_digest\": decision.policy_digest,         \"policy_id\": decision.policy_id, \"issuer_id\": decision.issuer_id, \"reviewer_id\": decision.reviewer_id,         \"issued_at\": decision.issued_at.isoformat(), \"expires_at\": decision.expires_at.isoformat(),         \"retain_body\": decision.retain_body, \"retain_normalized_text\": decision.retain_normalized_text,         \"normalized\": ({\"text\": normalized.text, \"spans\": [asdict(s) for s in normalized.spans],                         \"source_digest\": normalized.source_digest} if normalized else None)}     if normalized is not None:         wire_spans = [SourceProofSpanReference(             span_id=f\"span-{snapshot_id}-{index}\", artifact_id=artifact.artifact_id,             byte_start=span.raw_start, byte_end=span.raw_end,             normalized_start=span.normalized_start, normalized_end=span.normalized_end,             raw_offset_unit=\"byte\", normalized_offset_unit=\"unicode_code_point\",             source_encoding=\"utf-8\",         ).model_dump(mode=\"json\") for index, span in enumerate(normalized.spans)]         proof_payload = {\"format_version\": \"source-proof/1.0\", \"input_ref\": \"0\" * 64,             \"context\": context.model_dump(mode=\"json\"), \"decision\": decision.model_dump(mode=\"json\"),             \"artifact\": artifact.model_dump(mode=\"json\"), \"spans\": wire_spans}         proof_raw = _canonical(proof_payload)         encoded_size = 4 + ((len(proof_raw) * 4 + 2) // 3)         if encoded_size > _MAX_EVIDENCE_PROOF_BYTES:             return CaptureResult(ArtifactState.REVIEW, \"source_proof_too_large\")     if cancelled is not None and cancelled(): return CaptureResult(ArtifactState.HOLD, \"capture_cancelled\")     try: store.write(body, metadata)     except (FileNotFoundError, PermissionError): return CaptureResult(ArtifactState.HOLD, \"artifact_store_unavailable\")     except (OSError, ValueError, TypeError): return CaptureResult(ArtifactState.REVIEW, \"artifact_store_invalid\")     if cancelled is not None and cancelled(): return CaptureResult(ArtifactState.HOLD, \"capture_cancelled\")     return CaptureResult(ArtifactState.AVAILABLE, \"retained\", artifact)"
        },
        {
            "id": "Function:flowsint-core/src/flowsint_execution/artifacts.py:resolve_source",
            "name": "resolve_source",
            "filePath": "flowsint-core/src/flowsint_execution/artifacts.py",
            "nodeType": "Function",
            "startLine": 328,
            "endLine": 365,
            "content": "def resolve_source(store: FilesystemArtifactStore, context: ArtifactContext,                    decision: RetentionDecision | None, artifact: ArtifactReference, *,                    authority: RetentionAuthority | None = None, now: datetime | None = None) -> ResolveResult:     current = now or datetime.now(timezone.utc)     if decision is None: return ResolveResult(ArtifactState.HOLD, \"retention_policy_unavailable\")     policy = _current_policy(decision, authority, current)     if policy: return ResolveResult(*policy)     mismatch = _bound(context, decision, current)     if mismatch: return ResolveResult(ArtifactState.REVIEW, mismatch)     try: body, metadata = store.read(artifact.content_digest, artifact.snapshot_id, expected_length=artifact.byte_length)     except (FileNotFoundError, OSError, ValueError, TypeError, json.JSONDecodeError): return ResolveResult(ArtifactState.REVIEW, \"artifact_missing\")     try:         issued, expiry = datetime.fromisoformat(metadata[\"issued_at\"]), datetime.fromisoformat(metadata[\"expires_at\"])         if not _aware(issued) or not _aware(expiry): raise ValueError     except (KeyError, TypeError, ValueError): return ResolveResult(ArtifactState.REVIEW, \"metadata_mismatch\")     if current >= expiry: return ResolveResult(ArtifactState.REVIEW, \"artifact_expired\")     expected = {\"snapshot_id\": artifact.snapshot_id, \"artifact_id\": artifact.artifact_id,         \"operation_id\": context.operation_id, \"occurrence_id\": context.occurrence_id, \"caller_id\": context.caller_id,         \"scope\": context.scope, \"source_family\": context.source_family, \"origin\": context.origin,         \"requested_url\": context.requested_url, \"final_url\": context.final_url,         \"retrieved_at\": artifact.retrieved_at.isoformat(), \"event_at\": artifact.event_at.isoformat() if artifact.event_at else None,         \"policy_digest\": decision.policy_digest, \"policy_id\": decision.policy_id, \"issuer_id\": decision.issuer_id,         \"reviewer_id\": decision.reviewer_id, \"issued_at\": decision.issued_at.isoformat(),         \"expires_at\": decision.expires_at.isoformat(), \"retain_body\": decision.retain_body,         \"retain_normalized_text\": decision.retain_normalized_text, \"content_digest\": artifact.content_digest,         \"byte_length\": artifact.byte_length}     if any(metadata.get(k) != v for k, v in expected.items()): return ResolveResult(ArtifactState.REVIEW, \"metadata_mismatch\")     if artifact.origin != context.origin or artifact.requested_url != context.requested_url or artifact.final_url != context.final_url:         return ResolveResult(ArtifactState.REVIEW, \"metadata_mismatch\")     if len(body) != artifact.byte_length or hashlib.sha256(body).hexdigest() != artifact.content_digest:         return ResolveResult(ArtifactState.REVIEW, \"digest_mismatch\")     try: fresh = normalize_html(body)     except ValueError: return ResolveResult(ArtifactState.REVIEW, \"normalized_source_mismatch\")     stored = metadata.get(\"normalized\")     wanted = ({\"text\": fresh.text, \"spans\": [asdict(s) for s in fresh.spans], \"source_digest\": fresh.source_digest}               if decision.retain_normalized_text else None)     if stored is not None and stored != wanted: return ResolveResult(ArtifactState.REVIEW, \"normalized_metadata_mismatch\")     return ResolveResult(ArtifactState.AVAILABLE, \"resolved\", body)"
        },
        {
            "id": "Function:flowsint-core/src/flowsint_execution/artifacts.py:resolve_span",
            "name": "resolve_span",
            "filePath": "flowsint-core/src/flowsint_execution/artifacts.py",
            "nodeType": "Function",
            "startLine": 367,
            "endLine": 389,
            "content": "def resolve_span(store: FilesystemArtifactStore, context: ArtifactContext,                  decision: RetentionDecision | None, artifact: ArtifactReference, span: SourceProofSpanReference, *,                  authority: RetentionAuthority | None = None, now: datetime | None = None) -> SpanResolveResult:     resolved = resolve_source(store, context, decision, artifact, authority=authority, now=now)     if resolved.state is not ArtifactState.AVAILABLE or resolved.body is None:         return SpanResolveResult(resolved.state, resolved.reason)     if decision is None or not decision.retain_normalized_text:         return SpanResolveResult(ArtifactState.REVIEW, \"normalized_retention_prohibited\")     fresh = normalize_html(resolved.body)     for index, mapped in enumerate(fresh.spans):         if (getattr(span, \"span_id\", None) == f\"span-{artifact.snapshot_id}-{index}\"             and getattr(span, \"artifact_id\", None) == artifact.artifact_id             and getattr(span, \"field_pointer\", None) is None             and getattr(span, \"byte_start\", None) == mapped.raw_start             and getattr(span, \"byte_end\", None) == mapped.raw_end             and getattr(span, \"normalized_start\", None) == mapped.normalized_start             and getattr(span, \"normalized_end\", None) == mapped.normalized_end             and getattr(span, \"raw_offset_unit\", None) == \"byte\"             and getattr(span, \"normalized_offset_unit\", None) == \"unicode_code_point\"             and getattr(span, \"source_encoding\", None) == \"utf-8\"):             return SpanResolveResult(ArtifactState.AVAILABLE, \"resolved\",                 fresh.text[mapped.normalized_start:mapped.normalized_end])     return SpanResolveResult(ArtifactState.REVIEW, \"span_mismatch\")"
        },
        {
            "id": "Function:flowsint-core/src/flowsint_execution/fetch.py:process",
            "name": "process",
            "filePath": "flowsint-core/src/flowsint_execution/fetch.py",
            "nodeType": "Function",
            "startLine": 768,
            "endLine": 814,
            "content": "    def process() -> tuple[SourceProofOutcome, ...]:         outcomes = []         for item in fetched.outcomes:             if item.status is not FetchStatus.SUCCESS:                 outcomes.append(SourceProofOutcome(item.occurrence_id, item.input_ref, item.status, CaptureResult(ArtifactState.REVIEW, \"fetch_failed\"), None, item.diagnostic, item.actual_resources))                 continue             source = admitted[item.occurrence_id]             if expired():                 raise TimeoutError             context = ArtifactContext(                 operation_id=operation.operation_id, occurrence_id=item.occurrence_id,                 caller_id=operation.policy.caller_id, scope=operation.policy.scope,                 source_family=\"http\", origin=item.final_origin or item.requested_origin,                 requested_url=item.requested_url or _redacted_location(source.url),                 final_url=item.final_url or _redacted_location(source.url),                 retrieved_at=datetime.now(timezone.utc),             )             try:                 normalized = normalize_html(item.body or b\"\")             except ValueError:                 capture = CaptureResult(ArtifactState.REVIEW, \"unsupported_source_encoding\")                 normalized = None             else:                 if expired():                     raise TimeoutError                 if retention_decision is None:                     capture = CaptureResult(ArtifactState.HOLD, \"retention_policy_unavailable\")                 elif artifact_store is None:                     capture = CaptureResult(ArtifactState.HOLD, \"artifact_store_unavailable\")                 else:                     capture = capture_source(artifact_store, context, retention_decision,                                              item.body, normalized=normalized, cancelled=expired)                 if expired():                     raise TimeoutError                 if capture.state is not ArtifactState.AVAILABLE:                     normalized = None             spans = ()             if capture.artifact is not None and normalized is not None:                 spans = tuple(SourceProofSpanReference(                     span_id=f\"span-{capture.artifact.snapshot_id}-{index}\", artifact_id=capture.artifact.artifact_id,                     byte_start=span.raw_start, byte_end=span.raw_end,                     normalized_start=span.normalized_start, normalized_end=span.normalized_end,                     raw_offset_unit=\"byte\", normalized_offset_unit=\"unicode_code_point\", source_encoding=\"utf-8\",                 ) for index, span in enumerate(normalized.spans))             outcomes.append(SourceProofOutcome(item.occurrence_id, item.input_ref, item.status,                                                capture, normalized, item.diagnostic, item.actual_resources, spans))         return tuple(outcomes)"
        },
        {
            "id": "Method:flowsint-core/src/flowsint_core/core/template_enricher.py:TemplateEnricher._process_single_input#3",
            "name": "_process_single_input",
            "filePath": "flowsint-core/src/flowsint_core/core/template_enricher.py",
            "nodeType": "Method",
            "startLine": 251,
            "endLine": 326,
            "content": "    async def _process_single_input(         self, client: httpx.AsyncClient, input_obj: Any, input_ref: str | None = None     ) -> List[Any]:         self._last_response_artifact_sha256 = None         self._last_artifact_reference = None         self._last_capture_state = None         self._last_capture_reason = None         self._last_http_status_class = None         url, fixed_headers, query, json_body = self._request_parts(input_obj)         headers = self._resolved_headers(fixed_headers)         try:             async with asyncio.timeout(self.endpoint.definition.timeout_seconds):                 async with client.stream(                     self.endpoint.definition.method,                     url,                     headers=headers,                     params=query,                     json=json_body,                     timeout=self.endpoint.definition.timeout_seconds,                 ) as response:                     if 300 <= response.status_code < 400:                         raise ConnectorRedirectDenied(\"connector redirect denied\")                     self._last_http_status_class = response.status_code // 100                     response.raise_for_status()                     response_bytes = await self._read_response(response)         except TimeoutError as error:             raise httpx.ReadTimeout(\"connector deadline exceeded\") from error         operation_id = f\"connector-{uuid.uuid4().hex}\"         occurrence_id = f\"input-{uuid.uuid4().hex}\"         caller_id = f\"connector:{self.endpoint.destination_id}:{self.endpoint.endpoint_id}\"         runtime = None         if self._artifact_store is None or self._retention_authority is None:             runtime = load_artifact_runtime(                 caller_id=caller_id,                 scope=self.endpoint.capability,                 source_family=\"connector\",             )         store = self._artifact_store or (runtime.store if runtime else None)         authority = self._retention_authority or (runtime.authority if runtime else None)         decision = authority.issue(operation_id) if authority else None         retrieved_at = datetime.now(timezone.utc)         context = ArtifactContext(             operation_id=operation_id,             occurrence_id=occurrence_id,             caller_id=caller_id,             scope=self.endpoint.capability,             source_family=\"connector\",             origin=self.endpoint.base_url,             requested_url=f\"{self.endpoint.base_url}{self.endpoint.definition.path}\",             final_url=f\"{self.endpoint.base_url}{self.endpoint.definition.path}\",             retrieved_at=retrieved_at,         )         if decision is None:             self._last_capture_state = ArtifactState.HOLD             self._last_capture_reason = \"retention_policy_unavailable\"             return []         if store is None:             self._last_capture_state = ArtifactState.HOLD             self._last_capture_reason = \"artifact_store_unavailable\"             return []         captured = capture_source(store, context, decision, response_bytes)         self._last_capture_state = captured.state         self._last_capture_reason = captured.reason         if captured.state is not ArtifactState.AVAILABLE or captured.artifact is None:             return []         self._last_response_artifact_sha256 = captured.artifact.content_digest         self._last_retrieved_at = captured.artifact.retrieved_at         self._last_artifact_reference = encode_source_proof(PersistedSourceProof(             format_version=\"source-proof/1.0\",             input_ref=input_ref or canonical_input_hash(input_obj),             context=context,             decision=decision,             artifact=captured.artifact,             spans=(),         ))         return self._map_response(response_bytes)"
        },
        {
            "id": "Method:flowsint-core/src/flowsint_execution/artifacts.py:NormalizedSource.reproduce#1",
            "name": "reproduce",
            "filePath": "flowsint-core/src/flowsint_execution/artifacts.py",
            "nodeType": "Method",
            "startLine": 105,
            "endLine": 109,
            "content": "    def reproduce(self, body: bytes) -> str:         recomputed = normalize_html(body)         if self != recomputed:             raise ValueError(\"normalized_source_mismatch\")         return recomputed.text"
        },
        {
            "id": "Class:flowsint-core/src/flowsint_execution/artifacts.py:NormalizedSource",
            "name": "NormalizedSource",
            "filePath": "flowsint-core/src/flowsint_execution/artifacts.py",
            "nodeType": "Class",
            "startLine": 98,
            "endLine": 109,
            "content": "class NormalizedSource:     text: str     spans: tuple[NormalizedSpan, ...]     encoding: str = \"utf-8\"     raw_offset_unit: str = \"byte\"     normalized_offset_unit: str = \"unicode_code_point\"     source_digest: str = \"\"     def reproduce(self, body: bytes) -> str:         recomputed = normalize_html(body)         if self != recomputed:             raise ValueError(\"normalized_source_mismatch\")         return recomputed.text"
        }
    ],
    "edges": [
        {
            "from": "Method:flowsint-core/src/flowsint_execution/artifacts.py:NormalizedSource.reproduce#1",
            "to": "Function:flowsint-core/src/flowsint_execution/artifacts.py:normalize_html",
            "type": "CALLS",
            "confidence": 0.85
        },
        {
            "from": "Function:flowsint-core/src/flowsint_execution/artifacts.py:resolve_source",
            "to": "Function:flowsint-core/src/flowsint_execution/artifacts.py:normalize_html",
            "type": "CALLS",
            "confidence": 0.85
        },
        {
            "from": "Function:flowsint-core/src/flowsint_execution/artifacts.py:resolve_span",
            "to": "Function:flowsint-core/src/flowsint_execution/artifacts.py:normalize_html",
            "type": "CALLS",
            "confidence": 0.85
        },
        {
            "from": "Function:flowsint-core/src/flowsint_execution/fetch.py:process",
            "to": "Function:flowsint-core/src/flowsint_execution/artifacts.py:normalize_html",
            "type": "CALLS",
            "confidence": 0.85
        },
        {
            "from": "Function:flowsint-core/src/flowsint_execution/artifact_runtime.py:resolve_persisted_source_proof",
            "to": "Function:flowsint-core/src/flowsint_execution/artifacts.py:resolve_source",
            "type": "CALLS",
            "confidence": 0.85
        },
        {
            "from": "Function:flowsint-core/src/flowsint_execution/artifact_runtime.py:resolve_persisted_span",
            "to": "Function:flowsint-core/src/flowsint_execution/artifacts.py:resolve_span",
            "type": "CALLS",
            "confidence": 0.85
        },
        {
            "from": "Function:flowsint-core/src/flowsint_execution/artifacts.py:capture_source",
            "to": "Method:flowsint-core/src/flowsint_execution/artifacts.py:NormalizedSource.reproduce#1",
            "type": "CALLS",
            "confidence": 0.85
        },
        {
            "from": "Function:flowsint-core/src/flowsint_execution/artifacts.py:resolve_span",
            "to": "Function:flowsint-core/src/flowsint_execution/artifacts.py:resolve_source",
            "type": "CALLS",
            "confidence": 0.85
        },
        {
            "from": "Class:flowsint-core/src/flowsint_execution/artifacts.py:NormalizedSource",
            "to": "Method:flowsint-core/src/flowsint_execution/artifacts.py:NormalizedSource.reproduce#1",
            "type": "HAS_METHOD",
            "confidence": 1
        },
        {
            "from": "Method:flowsint-core/src/flowsint_core/core/template_enricher.py:TemplateEnricher._process_single_input#3",
            "to": "Function:flowsint-core/src/flowsint_execution/artifacts.py:capture_source",
            "type": "CALLS",
            "confidence": 0.85
        },
        {
            "from": "Function:flowsint-core/src/flowsint_execution/fetch.py:process",
            "to": "Function:flowsint-core/src/flowsint_execution/artifacts.py:capture_source",
            "type": "CALLS",
            "confidence": 0.85
        }
    ],
    "files": [
        {
            "filePath": "flowsint-core/src/flowsint_execution/artifacts.py",
            "count": 6,
            "symbols": [
                {
                    "id": "Function:flowsint-core/src/flowsint_execution/artifacts.py:normalize_html",
                    "name": "normalize_html",
                    "filePath": "flowsint-core/src/flowsint_execution/artifacts.py",
                    "nodeType": "Function",
                    "startLine": 419,
                    "endLine": 453,
                    "content": "def normalize_html(body: bytes) -> NormalizedSource:     try: source = body.decode(\"utf-8\", errors=\"strict\")     except UnicodeDecodeError as error: raise ValueError(\"unsupported_source_encoding\") from error     char_to_byte = [0]     for character in source: char_to_byte.append(char_to_byte[-1] + len(character.encode(\"utf-8\")))     parser = _ExactHTMLText(source, char_to_byte)     try: parser.feed(source); parser.close()     except (ValueError, AssertionError) as error: raise ValueError(\"malformed_html_mapping\") from error     spans: list[NormalizedSpan] = []; normalized = \"\"; pending: tuple[int, int] | None = None; previous_end = None     def emit(text: str, raw_start: int, raw_end: int) -> None:         nonlocal normalized         if not text or raw_start >= raw_end: return         start = len(normalized); normalized += text         spans.append(NormalizedSpan(raw_start, raw_end, start, len(normalized), text))     for atom in parser.atoms:         if previous_end is not None and atom.raw_start > previous_end and normalized: pending = (previous_end, atom.raw_start)         # One deterministic mapping per text node is enough even when whitespace is         # normalized.  Entity callbacks remain separate atoms because their raw byte         # ranges differ.  This avoids token/character-scale metadata growth.         value = re.sub(r\"\\s+\", \" \", atom.text, flags=re.UNICODE)         leading = value.startswith(\" \")         trailing = value.endswith(\" \")         content = value.strip(\" \")         if leading and normalized:             pending = (atom.raw_start, atom.raw_end)         if content:             if pending and normalized: emit(\" \", *pending)             pending = None             emit(content, atom.raw_start, atom.raw_end)         if trailing and normalized:             pending = (atom.raw_start, atom.raw_end)         previous_end = atom.raw_end     result = NormalizedSource(normalized, tuple(spans), source_digest=hashlib.sha256(body).hexdigest())     if \"\".join(span.emitted_text for span in spans) != normalized: raise ValueError(\"normalized_mapping_invariant\")     return result"
                },
                {
                    "id": "Function:flowsint-core/src/flowsint_execution/artifacts.py:capture_source",
                    "name": "capture_source",
                    "filePath": "flowsint-core/src/flowsint_execution/artifacts.py",
                    "nodeType": "Function",
                    "startLine": 273,
                    "endLine": 326,
                    "content": "def capture_source(store: FilesystemArtifactStore, context: ArtifactContext,                    decision: RetentionDecision | None, body: bytes | None, *, complete: bool = True,                    normalized: NormalizedSource | None = None, now: datetime | None = None,                    cancelled: Callable[[], bool] | None = None) -> CaptureResult:     current = now or datetime.now(timezone.utc)     if cancelled is not None and cancelled(): return CaptureResult(ArtifactState.HOLD, \"capture_cancelled\")     if body is None: return CaptureResult(ArtifactState.REVIEW, \"body_missing\")     if not complete: return CaptureResult(ArtifactState.REVIEW, \"truncated_body\")     if decision is None: return CaptureResult(ArtifactState.HOLD, \"retention_policy_unavailable\")     mismatch = _bound(context, decision, current)     if mismatch: return CaptureResult(ArtifactState.REVIEW, mismatch)     if normalized is not None and not decision.retain_normalized_text:         return CaptureResult(ArtifactState.HOLD, \"normalized_retention_prohibited\")     if normalized is not None:         try: normalized.reproduce(body)         except (ValueError, UnicodeDecodeError): return CaptureResult(ArtifactState.REVIEW, \"normalized_source_mismatch\")     if cancelled is not None and cancelled(): return CaptureResult(ArtifactState.HOLD, \"capture_cancelled\")     digest, snapshot_id = hashlib.sha256(body).hexdigest(), secrets.token_hex(16)     artifact = ArtifactReference(artifact_id=f\"artifact-{snapshot_id}\", snapshot_id=snapshot_id,         content_digest=digest, byte_length=len(body), locator=f\"sha256:{digest}\", source_family=context.source_family,         origin=context.origin, retrieved_at=context.retrieved_at, event_at=context.event_at,         requested_url=context.requested_url, final_url=context.final_url)     metadata = {\"snapshot_id\": snapshot_id, \"artifact_id\": artifact.artifact_id,         \"operation_id\": context.operation_id, \"occurrence_id\": context.occurrence_id,         \"caller_id\": context.caller_id, \"scope\": context.scope, \"source_family\": context.source_family,         \"origin\": context.origin, \"requested_url\": context.requested_url, \"final_url\": context.final_url,         \"retrieved_at\": context.retrieved_at.isoformat(), \"event_at\": context.event_at.isoformat() if context.event_at else None,         \"content_digest\": digest, \"byte_length\": len(body), \"policy_digest\": decision.policy_digest,         \"policy_id\": decision.policy_id, \"issuer_id\": decision.issuer_id, \"reviewer_id\": decision.reviewer_id,         \"issued_at\": decision.issued_at.isoformat(), \"expires_at\": decision.expires_at.isoformat(),         \"retain_body\": decision.retain_body, \"retain_normalized_text\": decision.retain_normalized_text,         \"normalized\": ({\"text\": normalized.text, \"spans\": [asdict(s) for s in normalized.spans],                         \"source_digest\": normalized.source_digest} if normalized else None)}     if normalized is not None:         wire_spans = [SourceProofSpanReference(             span_id=f\"span-{snapshot_id}-{index}\", artifact_id=artifact.artifact_id,             byte_start=span.raw_start, byte_end=span.raw_end,             normalized_start=span.normalized_start, normalized_end=span.normalized_end,             raw_offset_unit=\"byte\", normalized_offset_unit=\"unicode_code_point\",             source_encoding=\"utf-8\",         ).model_dump(mode=\"json\") for index, span in enumerate(normalized.spans)]         proof_payload = {\"format_version\": \"source-proof/1.0\", \"input_ref\": \"0\" * 64,             \"context\": context.model_dump(mode=\"json\"), \"decision\": decision.model_dump(mode=\"json\"),             \"artifact\": artifact.model_dump(mode=\"json\"), \"spans\": wire_spans}         proof_raw = _canonical(proof_payload)         encoded_size = 4 + ((len(proof_raw) * 4 + 2) // 3)         if encoded_size > _MAX_EVIDENCE_PROOF_BYTES:             return CaptureResult(ArtifactState.REVIEW, \"source_proof_too_large\")     if cancelled is not None and cancelled(): return CaptureResult(ArtifactState.HOLD, \"capture_cancelled\")     try: store.write(body, metadata)     except (FileNotFoundError, PermissionError): return CaptureResult(ArtifactState.HOLD, \"artifact_store_unavailable\")     except (OSError, ValueError, TypeError): return CaptureResult(ArtifactState.REVIEW, \"artifact_store_invalid\")     if cancelled is not None and cancelled(): return CaptureResult(ArtifactState.HOLD, \"capture_cancelled\")     return CaptureResult(ArtifactState.AVAILABLE, \"retained\", artifact)"
                },
                {
                    "id": "Function:flowsint-core/src/flowsint_execution/artifacts.py:resolve_source",
                    "name": "resolve_source",
                    "filePath": "flowsint-core/src/flowsint_execution/artifacts.py",
                    "nodeType": "Function",
                    "startLine": 328,
                    "endLine": 365,
                    "content": "def resolve_source(store: FilesystemArtifactStore, context: ArtifactContext,                    decision: RetentionDecision | None, artifact: ArtifactReference, *,                    authority: RetentionAuthority | None = None, now: datetime | None = None) -> ResolveResult:     current = now or datetime.now(timezone.utc)     if decision is None: return ResolveResult(ArtifactState.HOLD, \"retention_policy_unavailable\")     policy = _current_policy(decision, authority, current)     if policy: return ResolveResult(*policy)     mismatch = _bound(context, decision, current)     if mismatch: return ResolveResult(ArtifactState.REVIEW, mismatch)     try: body, metadata = store.read(artifact.content_digest, artifact.snapshot_id, expected_length=artifact.byte_length)     except (FileNotFoundError, OSError, ValueError, TypeError, json.JSONDecodeError): return ResolveResult(ArtifactState.REVIEW, \"artifact_missing\")     try:         issued, expiry = datetime.fromisoformat(metadata[\"issued_at\"]), datetime.fromisoformat(metadata[\"expires_at\"])         if not _aware(issued) or not _aware(expiry): raise ValueError     except (KeyError, TypeError, ValueError): return ResolveResult(ArtifactState.REVIEW, \"metadata_mismatch\")     if current >= expiry: return ResolveResult(ArtifactState.REVIEW, \"artifact_expired\")     expected = {\"snapshot_id\": artifact.snapshot_id, \"artifact_id\": artifact.artifact_id,         \"operation_id\": context.operation_id, \"occurrence_id\": context.occurrence_id, \"caller_id\": context.caller_id,         \"scope\": context.scope, \"source_family\": context.source_family, \"origin\": context.origin,         \"requested_url\": context.requested_url, \"final_url\": context.final_url,         \"retrieved_at\": artifact.retrieved_at.isoformat(), \"event_at\": artifact.event_at.isoformat() if artifact.event_at else None,         \"policy_digest\": decision.policy_digest, \"policy_id\": decision.policy_id, \"issuer_id\": decision.issuer_id,         \"reviewer_id\": decision.reviewer_id, \"issued_at\": decision.issued_at.isoformat(),         \"expires_at\": decision.expires_at.isoformat(), \"retain_body\": decision.retain_body,         \"retain_normalized_text\": decision.retain_normalized_text, \"content_digest\": artifact.content_digest,         \"byte_length\": artifact.byte_length}     if any(metadata.get(k) != v for k, v in expected.items()): return ResolveResult(ArtifactState.REVIEW, \"metadata_mismatch\")     if artifact.origin != context.origin or artifact.requested_url != context.requested_url or artifact.final_url != context.final_url:         return ResolveResult(ArtifactState.REVIEW, \"metadata_mismatch\")     if len(body) != artifact.byte_length or hashlib.sha256(body).hexdigest() != artifact.content_digest:         return ResolveResult(ArtifactState.REVIEW, \"digest_mismatch\")     try: fresh = normalize_html(body)     except ValueError: return ResolveResult(ArtifactState.REVIEW, \"normalized_source_mismatch\")     stored = metadata.get(\"normalized\")     wanted = ({\"text\": fresh.text, \"spans\": [asdict(s) for s in fresh.spans], \"source_digest\": fresh.source_digest}               if decision.retain_normalized_text else None)     if stored is not None and stored != wanted: return ResolveResult(ArtifactState.REVIEW, \"normalized_metadata_mismatch\")     return ResolveResult(ArtifactState.AVAILABLE, \"resolved\", body)"
                },
                {
                    "id": "Function:flowsint-core/src/flowsint_execution/artifacts.py:resolve_span",
                    "name": "resolve_span",
                    "filePath": "flowsint-core/src/flowsint_execution/artifacts.py",
                    "nodeType": "Function",
                    "startLine": 367,
                    "endLine": 389,
                    "content": "def resolve_span(store: FilesystemArtifactStore, context: ArtifactContext,                  decision: RetentionDecision | None, artifact: ArtifactReference, span: SourceProofSpanReference, *,                  authority: RetentionAuthority | None = None, now: datetime | None = None) -> SpanResolveResult:     resolved = resolve_source(store, context, decision, artifact, authority=authority, now=now)     if resolved.state is not ArtifactState.AVAILABLE or resolved.body is None:         return SpanResolveResult(resolved.state, resolved.reason)     if decision is None or not decision.retain_normalized_text:         return SpanResolveResult(ArtifactState.REVIEW, \"normalized_retention_prohibited\")     fresh = normalize_html(resolved.body)     for index, mapped in enumerate(fresh.spans):         if (getattr(span, \"span_id\", None) == f\"span-{artifact.snapshot_id}-{index}\"             and getattr(span, \"artifact_id\", None) == artifact.artifact_id             and getattr(span, \"field_pointer\", None) is None             and getattr(span, \"byte_start\", None) == mapped.raw_start             and getattr(span, \"byte_end\", None) == mapped.raw_end             and getattr(span, \"normalized_start\", None) == mapped.normalized_start             and getattr(span, \"normalized_end\", None) == mapped.normalized_end             and getattr(span, \"raw_offset_unit\", None) == \"byte\"             and getattr(span, \"normalized_offset_unit\", None) == \"unicode_code_point\"             and getattr(span, \"source_encoding\", None) == \"utf-8\"):             return SpanResolveResult(ArtifactState.AVAILABLE, \"resolved\",                 fresh.text[mapped.normalized_start:mapped.normalized_end])     return SpanResolveResult(ArtifactState.REVIEW, \"span_mismatch\")"
                },
                {
                    "id": "Method:flowsint-core/src/flowsint_execution/artifacts.py:NormalizedSource.reproduce#1",
                    "name": "reproduce",
                    "filePath": "flowsint-core/src/flowsint_execution/artifacts.py",
                    "nodeType": "Method",
                    "startLine": 105,
                    "endLine": 109,
                    "content": "    def reproduce(self, body: bytes) -> str:         recomputed = normalize_html(body)         if self != recomputed:             raise ValueError(\"normalized_source_mismatch\")         return recomputed.text"
                },
                {
                    "id": "Class:flowsint-core/src/flowsint_execution/artifacts.py:NormalizedSource",
                    "name": "NormalizedSource",
                    "filePath": "flowsint-core/src/flowsint_execution/artifacts.py",
                    "nodeType": "Class",
                    "startLine": 98,
                    "endLine": 109,
                    "content": "class NormalizedSource:     text: str     spans: tuple[NormalizedSpan, ...]     encoding: str = \"utf-8\"     raw_offset_unit: str = \"byte\"     normalized_offset_unit: str = \"unicode_code_point\"     source_digest: str = \"\"     def reproduce(self, body: bytes) -> str:         recomputed = normalize_html(body)         if self != recomputed:             raise ValueError(\"normalized_source_mismatch\")         return recomputed.text"
                }
            ]
        },
        {
            "filePath": "flowsint-core/src/flowsint_execution/artifact_runtime.py",
            "count": 2,
            "symbols": [
                {
                    "id": "Function:flowsint-core/src/flowsint_execution/artifact_runtime.py:resolve_persisted_source_proof",
                    "name": "resolve_persisted_source_proof",
                    "filePath": "flowsint-core/src/flowsint_execution/artifact_runtime.py",
                    "nodeType": "Function",
                    "startLine": 173,
                    "endLine": 207,
                    "content": "def resolve_persisted_source_proof(     value: str,     *,     caller_id: str,     scope: str,     source_family: str,     operation_id: str,     occurrence_id: str | None = None,     config_path: str | os.PathLike[str] | None = None,     now: datetime | None = None, ) -> ResolveResult:     \"\"\"Resolve persisted proof using only the current deployment-owned authority.\"\"\"     try:         proof = decode_source_proof(value)     except ValueError:         return ResolveResult(ArtifactState.REVIEW, \"proof_metadata_invalid\")     if (         proof.context.caller_id != caller_id         or proof.context.scope != scope         or proof.context.source_family != source_family         or proof.context.operation_id != operation_id         or proof.decision.operation_id != operation_id         or (occurrence_id is not None and proof.context.occurrence_id != occurrence_id)     ):         return ResolveResult(ArtifactState.REVIEW, \"authorization_mismatch\")     runtime = load_artifact_runtime(         caller_id=caller_id, scope=scope, source_family=source_family,         config_path=config_path, now=now,     )     if runtime is None:         return ResolveResult(ArtifactState.HOLD, \"current_policy_unavailable\")     return resolve_source(         runtime.store, proof.context, proof.decision, proof.artifact,         authority=runtime.authority, now=now,     )"
                },
                {
                    "id": "Function:flowsint-core/src/flowsint_execution/artifact_runtime.py:resolve_persisted_span",
                    "name": "resolve_persisted_span",
                    "filePath": "flowsint-core/src/flowsint_execution/artifact_runtime.py",
                    "nodeType": "Function",
                    "startLine": 210,
                    "endLine": 247,
                    "content": "def resolve_persisted_span(     value: str,     span_id: str,     *,     caller_id: str,     scope: str,     source_family: str,     operation_id: str,     occurrence_id: str,     config_path: str | os.PathLike[str] | None = None,     now: datetime | None = None, ) -> SpanResolveResult:     try:         proof = decode_source_proof(value)     except ValueError:         return SpanResolveResult(ArtifactState.REVIEW, \"proof_metadata_invalid\")     if (         proof.context.caller_id != caller_id         or proof.context.scope != scope         or proof.context.source_family != source_family         or proof.context.operation_id != operation_id         or proof.decision.operation_id != operation_id         or proof.context.occurrence_id != occurrence_id     ):         return SpanResolveResult(ArtifactState.REVIEW, \"authorization_mismatch\")     matches = tuple(span for span in proof.spans if span.span_id == span_id)     if len(matches) != 1:         return SpanResolveResult(ArtifactState.REVIEW, \"span_mismatch\")     runtime = load_artifact_runtime(         caller_id=caller_id, scope=scope, source_family=source_family,         config_path=config_path, now=now,     )     if runtime is None:         return SpanResolveResult(ArtifactState.HOLD, \"current_policy_unavailable\")     return resolve_span(         runtime.store, proof.context, proof.decision, proof.artifact, matches[0],         authority=runtime.authority, now=now,     )"
                }
            ]
        },
        {
            "filePath": "flowsint-core/src/flowsint_execution/fetch.py",
            "count": 1,
            "symbols": [
                {
                    "id": "Function:flowsint-core/src/flowsint_execution/fetch.py:process",
                    "name": "process",
                    "filePath": "flowsint-core/src/flowsint_execution/fetch.py",
                    "nodeType": "Function",
                    "startLine": 768,
                    "endLine": 814,
                    "content": "    def process() -> tuple[SourceProofOutcome, ...]:         outcomes = []         for item in fetched.outcomes:             if item.status is not FetchStatus.SUCCESS:                 outcomes.append(SourceProofOutcome(item.occurrence_id, item.input_ref, item.status, CaptureResult(ArtifactState.REVIEW, \"fetch_failed\"), None, item.diagnostic, item.actual_resources))                 continue             source = admitted[item.occurrence_id]             if expired():                 raise TimeoutError             context = ArtifactContext(                 operation_id=operation.operation_id, occurrence_id=item.occurrence_id,                 caller_id=operation.policy.caller_id, scope=operation.policy.scope,                 source_family=\"http\", origin=item.final_origin or item.requested_origin,                 requested_url=item.requested_url or _redacted_location(source.url),                 final_url=item.final_url or _redacted_location(source.url),                 retrieved_at=datetime.now(timezone.utc),             )             try:                 normalized = normalize_html(item.body or b\"\")             except ValueError:                 capture = CaptureResult(ArtifactState.REVIEW, \"unsupported_source_encoding\")                 normalized = None             else:                 if expired():                     raise TimeoutError                 if retention_decision is None:                     capture = CaptureResult(ArtifactState.HOLD, \"retention_policy_unavailable\")                 elif artifact_store is None:                     capture = CaptureResult(ArtifactState.HOLD, \"artifact_store_unavailable\")                 else:                     capture = capture_source(artifact_store, context, retention_decision,                                              item.body, normalized=normalized, cancelled=expired)                 if expired():                     raise TimeoutError                 if capture.state is not ArtifactState.AVAILABLE:                     normalized = None             spans = ()             if capture.artifact is not None and normalized is not None:                 spans = tuple(SourceProofSpanReference(                     span_id=f\"span-{capture.artifact.snapshot_id}-{index}\", artifact_id=capture.artifact.artifact_id,                     byte_start=span.raw_start, byte_end=span.raw_end,                     normalized_start=span.normalized_start, normalized_end=span.normalized_end,                     raw_offset_unit=\"byte\", normalized_offset_unit=\"unicode_code_point\", source_encoding=\"utf-8\",                 ) for index, span in enumerate(normalized.spans))             outcomes.append(SourceProofOutcome(item.occurrence_id, item.input_ref, item.status,                                                capture, normalized, item.diagnostic, item.actual_resources, spans))         return tuple(outcomes)"
                }
            ]
        },
        {
            "filePath": "flowsint-core/src/flowsint_core/core/template_enricher.py",
            "count": 1,
            "symbols": [
                {
                    "id": "Method:flowsint-core/src/flowsint_core/core/template_enricher.py:TemplateEnricher._process_single_input#3",
                    "name": "_process_single_input",
                    "filePath": "flowsint-core/src/flowsint_core/core/template_enricher.py",
                    "nodeType": "Method",
                    "startLine": 251,
                    "endLine": 326,
                    "content": "    async def _process_single_input(         self, client: httpx.AsyncClient, input_obj: Any, input_ref: str | None = None     ) -> List[Any]:         self._last_response_artifact_sha256 = None         self._last_artifact_reference = None         self._last_capture_state = None         self._last_capture_reason = None         self._last_http_status_class = None         url, fixed_headers, query, json_body = self._request_parts(input_obj)         headers = self._resolved_headers(fixed_headers)         try:             async with asyncio.timeout(self.endpoint.definition.timeout_seconds):                 async with client.stream(                     self.endpoint.definition.method,                     url,                     headers=headers,                     params=query,                     json=json_body,                     timeout=self.endpoint.definition.timeout_seconds,                 ) as response:                     if 300 <= response.status_code < 400:                         raise ConnectorRedirectDenied(\"connector redirect denied\")                     self._last_http_status_class = response.status_code // 100                     response.raise_for_status()                     response_bytes = await self._read_response(response)         except TimeoutError as error:             raise httpx.ReadTimeout(\"connector deadline exceeded\") from error         operation_id = f\"connector-{uuid.uuid4().hex}\"         occurrence_id = f\"input-{uuid.uuid4().hex}\"         caller_id = f\"connector:{self.endpoint.destination_id}:{self.endpoint.endpoint_id}\"         runtime = None         if self._artifact_store is None or self._retention_authority is None:             runtime = load_artifact_runtime(                 caller_id=caller_id,                 scope=self.endpoint.capability,                 source_family=\"connector\",             )         store = self._artifact_store or (runtime.store if runtime else None)         authority = self._retention_authority or (runtime.authority if runtime else None)         decision = authority.issue(operation_id) if authority else None         retrieved_at = datetime.now(timezone.utc)         context = ArtifactContext(             operation_id=operation_id,             occurrence_id=occurrence_id,             caller_id=caller_id,             scope=self.endpoint.capability,             source_family=\"connector\",             origin=self.endpoint.base_url,             requested_url=f\"{self.endpoint.base_url}{self.endpoint.definition.path}\",             final_url=f\"{self.endpoint.base_url}{self.endpoint.definition.path}\",             retrieved_at=retrieved_at,         )         if decision is None:             self._last_capture_state = ArtifactState.HOLD             self._last_capture_reason = \"retention_policy_unavailable\"             return []         if store is None:             self._last_capture_state = ArtifactState.HOLD             self._last_capture_reason = \"artifact_store_unavailable\"             return []         captured = capture_source(store, context, decision, response_bytes)         self._last_capture_state = captured.state         self._last_capture_reason = captured.reason         if captured.state is not ArtifactState.AVAILABLE or captured.artifact is None:             return []         self._last_response_artifact_sha256 = captured.artifact.content_digest         self._last_retrieved_at = captured.artifact.retrieved_at         self._last_artifact_reference = encode_source_proof(PersistedSourceProof(             format_version=\"source-proof/1.0\",             input_ref=input_ref or canonical_input_hash(input_obj),             context=context,             decision=decision,             artifact=captured.artifact,             spans=(),         ))         return self._map_response(response_bytes)"
                }
            ]
        }
    ],
    "affected_modules": [
        {
            "name": "flowsint-core",
            "direct": true,
            "symbolCount": 9
        }
    ],
    "affected_processes": [],
    "byDepth": {
        "d=1": {
            "depth": 1,
            "label": "WILL BREAK",
            "symbols": [
                {
                    "id": "Method:flowsint-core/src/flowsint_execution/artifacts.py:NormalizedSource.reproduce#1",
                    "name": "reproduce",
                    "filePath": "flowsint-core/src/flowsint_execution/artifacts.py",
                    "nodeType": "Method",
                    "startLine": 105,
                    "endLine": 109,
                    "content": "    def reproduce(self, body: bytes) -> str:         recomputed = normalize_html(body)         if self != recomputed:             raise ValueError(\"normalized_source_mismatch\")         return recomputed.text"
                },
                {
                    "id": "Function:flowsint-core/src/flowsint_execution/artifacts.py:resolve_source",
                    "name": "resolve_source",
                    "filePath": "flowsint-core/src/flowsint_execution/artifacts.py",
                    "nodeType": "Function",
                    "startLine": 328,
                    "endLine": 365,
                    "content": "def resolve_source(store: FilesystemArtifactStore, context: ArtifactContext,                    decision: RetentionDecision | None, artifact: ArtifactReference, *,                    authority: RetentionAuthority | None = None, now: datetime | None = None) -> ResolveResult:     current = now or datetime.now(timezone.utc)     if decision is None: return ResolveResult(ArtifactState.HOLD, \"retention_policy_unavailable\")     policy = _current_policy(decision, authority, current)     if policy: return ResolveResult(*policy)     mismatch = _bound(context, decision, current)     if mismatch: return ResolveResult(ArtifactState.REVIEW, mismatch)     try: body, metadata = store.read(artifact.content_digest, artifact.snapshot_id, expected_length=artifact.byte_length)     except (FileNotFoundError, OSError, ValueError, TypeError, json.JSONDecodeError): return ResolveResult(ArtifactState.REVIEW, \"artifact_missing\")     try:         issued, expiry = datetime.fromisoformat(metadata[\"issued_at\"]), datetime.fromisoformat(metadata[\"expires_at\"])         if not _aware(issued) or not _aware(expiry): raise ValueError     except (KeyError, TypeError, ValueError): return ResolveResult(ArtifactState.REVIEW, \"metadata_mismatch\")     if current >= expiry: return ResolveResult(ArtifactState.REVIEW, \"artifact_expired\")     expected = {\"snapshot_id\": artifact.snapshot_id, \"artifact_id\": artifact.artifact_id,         \"operation_id\": context.operation_id, \"occurrence_id\": context.occurrence_id, \"caller_id\": context.caller_id,         \"scope\": context.scope, \"source_family\": context.source_family, \"origin\": context.origin,         \"requested_url\": context.requested_url, \"final_url\": context.final_url,         \"retrieved_at\": artifact.retrieved_at.isoformat(), \"event_at\": artifact.event_at.isoformat() if artifact.event_at else None,         \"policy_digest\": decision.policy_digest, \"policy_id\": decision.policy_id, \"issuer_id\": decision.issuer_id,         \"reviewer_id\": decision.reviewer_id, \"issued_at\": decision.issued_at.isoformat(),         \"expires_at\": decision.expires_at.isoformat(), \"retain_body\": decision.retain_body,         \"retain_normalized_text\": decision.retain_normalized_text, \"content_digest\": artifact.content_digest,         \"byte_length\": artifact.byte_length}     if any(metadata.get(k) != v for k, v in expected.items()): return ResolveResult(ArtifactState.REVIEW, \"metadata_mismatch\")     if artifact.origin != context.origin or artifact.requested_url != context.requested_url or artifact.final_url != context.final_url:         return ResolveResult(ArtifactState.REVIEW, \"metadata_mismatch\")     if len(body) != artifact.byte_length or hashlib.sha256(body).hexdigest() != artifact.content_digest:         return ResolveResult(ArtifactState.REVIEW, \"digest_mismatch\")     try: fresh = normalize_html(body)     except ValueError: return ResolveResult(ArtifactState.REVIEW, \"normalized_source_mismatch\")     stored = metadata.get(\"normalized\")     wanted = ({\"text\": fresh.text, \"spans\": [asdict(s) for s in fresh.spans], \"source_digest\": fresh.source_digest}               if decision.retain_normalized_text else None)     if stored is not None and stored != wanted: return ResolveResult(ArtifactState.REVIEW, \"normalized_metadata_mismatch\")     return ResolveResult(ArtifactState.AVAILABLE, \"resolved\", body)"
                },
                {
                    "id": "Function:flowsint-core/src/flowsint_execution/artifacts.py:resolve_span",
                    "name": "resolve_span",
                    "filePath": "flowsint-core/src/flowsint_execution/artifacts.py",
                    "nodeType": "Function",
                    "startLine": 367,
                    "endLine": 389,
                    "content": "def resolve_span(store: FilesystemArtifactStore, context: ArtifactContext,                  decision: RetentionDecision | None, artifact: ArtifactReference, span: SourceProofSpanReference, *,                  authority: RetentionAuthority | None = None, now: datetime | None = None) -> SpanResolveResult:     resolved = resolve_source(store, context, decision, artifact, authority=authority, now=now)     if resolved.state is not ArtifactState.AVAILABLE or resolved.body is None:         return SpanResolveResult(resolved.state, resolved.reason)     if decision is None or not decision.retain_normalized_text:         return SpanResolveResult(ArtifactState.REVIEW, \"normalized_retention_prohibited\")     fresh = normalize_html(resolved.body)     for index, mapped in enumerate(fresh.spans):         if (getattr(span, \"span_id\", None) == f\"span-{artifact.snapshot_id}-{index}\"             and getattr(span, \"artifact_id\", None) == artifact.artifact_id             and getattr(span, \"field_pointer\", None) is None             and getattr(span, \"byte_start\", None) == mapped.raw_start             and getattr(span, \"byte_end\", None) == mapped.raw_end             and getattr(span, \"normalized_start\", None) == mapped.normalized_start             and getattr(span, \"normalized_end\", None) == mapped.normalized_end             and getattr(span, \"raw_offset_unit\", None) == \"byte\"             and getattr(span, \"normalized_offset_unit\", None) == \"unicode_code_point\"             and getattr(span, \"source_encoding\", None) == \"utf-8\"):             return SpanResolveResult(ArtifactState.AVAILABLE, \"resolved\",                 fresh.text[mapped.normalized_start:mapped.normalized_end])     return SpanResolveResult(ArtifactState.REVIEW, \"span_mismatch\")"
                },
                {
                    "id": "Function:flowsint-core/src/flowsint_execution/fetch.py:process",
                    "name": "process",
                    "filePath": "flowsint-core/src/flowsint_execution/fetch.py",
                    "nodeType": "Function",
                    "startLine": 768,
                    "endLine": 814,
                    "content": "    def process() -> tuple[SourceProofOutcome, ...]:         outcomes = []         for item in fetched.outcomes:             if item.status is not FetchStatus.SUCCESS:                 outcomes.append(SourceProofOutcome(item.occurrence_id, item.input_ref, item.status, CaptureResult(ArtifactState.REVIEW, \"fetch_failed\"), None, item.diagnostic, item.actual_resources))                 continue             source = admitted[item.occurrence_id]             if expired():                 raise TimeoutError             context = ArtifactContext(                 operation_id=operation.operation_id, occurrence_id=item.occurrence_id,                 caller_id=operation.policy.caller_id, scope=operation.policy.scope,                 source_family=\"http\", origin=item.final_origin or item.requested_origin,                 requested_url=item.requested_url or _redacted_location(source.url),                 final_url=item.final_url or _redacted_location(source.url),                 retrieved_at=datetime.now(timezone.utc),             )             try:                 normalized = normalize_html(item.body or b\"\")             except ValueError:                 capture = CaptureResult(ArtifactState.REVIEW, \"unsupported_source_encoding\")                 normalized = None             else:                 if expired():                     raise TimeoutError                 if retention_decision is None:                     capture = CaptureResult(ArtifactState.HOLD, \"retention_policy_unavailable\")                 elif artifact_store is None:                     capture = CaptureResult(ArtifactState.HOLD, \"artifact_store_unavailable\")                 else:                     capture = capture_source(artifact_store, context, retention_decision,                                              item.body, normalized=normalized, cancelled=expired)                 if expired():                     raise TimeoutError                 if capture.state is not ArtifactState.AVAILABLE:                     normalized = None             spans = ()             if capture.artifact is not None and normalized is not None:                 spans = tuple(SourceProofSpanReference(                     span_id=f\"span-{capture.artifact.snapshot_id}-{index}\", artifact_id=capture.artifact.artifact_id,                     byte_start=span.raw_start, byte_end=span.raw_end,                     normalized_start=span.normalized_start, normalized_end=span.normalized_end,                     raw_offset_unit=\"byte\", normalized_offset_unit=\"unicode_code_point\", source_encoding=\"utf-8\",                 ) for index, span in enumerate(normalized.spans))             outcomes.append(SourceProofOutcome(item.occurrence_id, item.input_ref, item.status,                                                capture, normalized, item.diagnostic, item.actual_resources, spans))         return tuple(outcomes)"
                }
            ]
        },
        "d=2": {
            "depth": 2,
            "label": "LIKELY AFFECTED",
            "symbols": [
                {
                    "id": "Function:flowsint-core/src/flowsint_execution/artifact_runtime.py:resolve_persisted_source_proof",
                    "name": "resolve_persisted_source_proof",
                    "filePath": "flowsint-core/src/flowsint_execution/artifact_runtime.py",
                    "nodeType": "Function",
                    "startLine": 173,
                    "endLine": 207,
                    "content": "def resolve_persisted_source_proof(     value: str,     *,     caller_id: str,     scope: str,     source_family: str,     operation_id: str,     occurrence_id: str | None = None,     config_path: str | os.PathLike[str] | None = None,     now: datetime | None = None, ) -> ResolveResult:     \"\"\"Resolve persisted proof using only the current deployment-owned authority.\"\"\"     try:         proof = decode_source_proof(value)     except ValueError:         return ResolveResult(ArtifactState.REVIEW, \"proof_metadata_invalid\")     if (         proof.context.caller_id != caller_id         or proof.context.scope != scope         or proof.context.source_family != source_family         or proof.context.operation_id != operation_id         or proof.decision.operation_id != operation_id         or (occurrence_id is not None and proof.context.occurrence_id != occurrence_id)     ):         return ResolveResult(ArtifactState.REVIEW, \"authorization_mismatch\")     runtime = load_artifact_runtime(         caller_id=caller_id, scope=scope, source_family=source_family,         config_path=config_path, now=now,     )     if runtime is None:         return ResolveResult(ArtifactState.HOLD, \"current_policy_unavailable\")     return resolve_source(         runtime.store, proof.context, proof.decision, proof.artifact,         authority=runtime.authority, now=now,     )"
                },
                {
                    "id": "Function:flowsint-core/src/flowsint_execution/artifact_runtime.py:resolve_persisted_span",
                    "name": "resolve_persisted_span",
                    "filePath": "flowsint-core/src/flowsint_execution/artifact_runtime.py",
                    "nodeType": "Function",
                    "startLine": 210,
                    "endLine": 247,
                    "content": "def resolve_persisted_span(     value: str,     span_id: str,     *,     caller_id: str,     scope: str,     source_family: str,     operation_id: str,     occurrence_id: str,     config_path: str | os.PathLike[str] | None = None,     now: datetime | None = None, ) -> SpanResolveResult:     try:         proof = decode_source_proof(value)     except ValueError:         return SpanResolveResult(ArtifactState.REVIEW, \"proof_metadata_invalid\")     if (         proof.context.caller_id != caller_id         or proof.context.scope != scope         or proof.context.source_family != source_family         or proof.context.operation_id != operation_id         or proof.decision.operation_id != operation_id         or proof.context.occurrence_id != occurrence_id     ):         return SpanResolveResult(ArtifactState.REVIEW, \"authorization_mismatch\")     matches = tuple(span for span in proof.spans if span.span_id == span_id)     if len(matches) != 1:         return SpanResolveResult(ArtifactState.REVIEW, \"span_mismatch\")     runtime = load_artifact_runtime(         caller_id=caller_id, scope=scope, source_family=source_family,         config_path=config_path, now=now,     )     if runtime is None:         return SpanResolveResult(ArtifactState.HOLD, \"current_policy_unavailable\")     return resolve_span(         runtime.store, proof.context, proof.decision, proof.artifact, matches[0],         authority=runtime.authority, now=now,     )"
                },
                {
                    "id": "Function:flowsint-core/src/flowsint_execution/artifacts.py:capture_source",
                    "name": "capture_source",
                    "filePath": "flowsint-core/src/flowsint_execution/artifacts.py",
                    "nodeType": "Function",
                    "startLine": 273,
                    "endLine": 326,
                    "content": "def capture_source(store: FilesystemArtifactStore, context: ArtifactContext,                    decision: RetentionDecision | None, body: bytes | None, *, complete: bool = True,                    normalized: NormalizedSource | None = None, now: datetime | None = None,                    cancelled: Callable[[], bool] | None = None) -> CaptureResult:     current = now or datetime.now(timezone.utc)     if cancelled is not None and cancelled(): return CaptureResult(ArtifactState.HOLD, \"capture_cancelled\")     if body is None: return CaptureResult(ArtifactState.REVIEW, \"body_missing\")     if not complete: return CaptureResult(ArtifactState.REVIEW, \"truncated_body\")     if decision is None: return CaptureResult(ArtifactState.HOLD, \"retention_policy_unavailable\")     mismatch = _bound(context, decision, current)     if mismatch: return CaptureResult(ArtifactState.REVIEW, mismatch)     if normalized is not None and not decision.retain_normalized_text:         return CaptureResult(ArtifactState.HOLD, \"normalized_retention_prohibited\")     if normalized is not None:         try: normalized.reproduce(body)         except (ValueError, UnicodeDecodeError): return CaptureResult(ArtifactState.REVIEW, \"normalized_source_mismatch\")     if cancelled is not None and cancelled(): return CaptureResult(ArtifactState.HOLD, \"capture_cancelled\")     digest, snapshot_id = hashlib.sha256(body).hexdigest(), secrets.token_hex(16)     artifact = ArtifactReference(artifact_id=f\"artifact-{snapshot_id}\", snapshot_id=snapshot_id,         content_digest=digest, byte_length=len(body), locator=f\"sha256:{digest}\", source_family=context.source_family,         origin=context.origin, retrieved_at=context.retrieved_at, event_at=context.event_at,         requested_url=context.requested_url, final_url=context.final_url)     metadata = {\"snapshot_id\": snapshot_id, \"artifact_id\": artifact.artifact_id,         \"operation_id\": context.operation_id, \"occurrence_id\": context.occurrence_id,         \"caller_id\": context.caller_id, \"scope\": context.scope, \"source_family\": context.source_family,         \"origin\": context.origin, \"requested_url\": context.requested_url, \"final_url\": context.final_url,         \"retrieved_at\": context.retrieved_at.isoformat(), \"event_at\": context.event_at.isoformat() if context.event_at else None,         \"content_digest\": digest, \"byte_length\": len(body), \"policy_digest\": decision.policy_digest,         \"policy_id\": decision.policy_id, \"issuer_id\": decision.issuer_id, \"reviewer_id\": decision.reviewer_id,         \"issued_at\": decision.issued_at.isoformat(), \"expires_at\": decision.expires_at.isoformat(),         \"retain_body\": decision.retain_body, \"retain_normalized_text\": decision.retain_normalized_text,         \"normalized\": ({\"text\": normalized.text, \"spans\": [asdict(s) for s in normalized.spans],                         \"source_digest\": normalized.source_digest} if normalized else None)}     if normalized is not None:         wire_spans = [SourceProofSpanReference(             span_id=f\"span-{snapshot_id}-{index}\", artifact_id=artifact.artifact_id,             byte_start=span.raw_start, byte_end=span.raw_end,             normalized_start=span.normalized_start, normalized_end=span.normalized_end,             raw_offset_unit=\"byte\", normalized_offset_unit=\"unicode_code_point\",             source_encoding=\"utf-8\",         ).model_dump(mode=\"json\") for index, span in enumerate(normalized.spans)]         proof_payload = {\"format_version\": \"source-proof/1.0\", \"input_ref\": \"0\" * 64,             \"context\": context.model_dump(mode=\"json\"), \"decision\": decision.model_dump(mode=\"json\"),             \"artifact\": artifact.model_dump(mode=\"json\"), \"spans\": wire_spans}         proof_raw = _canonical(proof_payload)         encoded_size = 4 + ((len(proof_raw) * 4 + 2) // 3)         if encoded_size > _MAX_EVIDENCE_PROOF_BYTES:             return CaptureResult(ArtifactState.REVIEW, \"source_proof_too_large\")     if cancelled is not None and cancelled(): return CaptureResult(ArtifactState.HOLD, \"capture_cancelled\")     try: store.write(body, metadata)     except (FileNotFoundError, PermissionError): return CaptureResult(ArtifactState.HOLD, \"artifact_store_unavailable\")     except (OSError, ValueError, TypeError): return CaptureResult(ArtifactState.REVIEW, \"artifact_store_invalid\")     if cancelled is not None and cancelled(): return CaptureResult(ArtifactState.HOLD, \"capture_cancelled\")     return CaptureResult(ArtifactState.AVAILABLE, \"retained\", artifact)"
                },
                {
                    "id": "Class:flowsint-core/src/flowsint_execution/artifacts.py:NormalizedSource",
                    "name": "NormalizedSource",
                    "filePath": "flowsint-core/src/flowsint_execution/artifacts.py",
                    "nodeType": "Class",
                    "startLine": 98,
                    "endLine": 109,
                    "content": "class NormalizedSource:     text: str     spans: tuple[NormalizedSpan, ...]     encoding: str = \"utf-8\"     raw_offset_unit: str = \"byte\"     normalized_offset_unit: str = \"unicode_code_point\"     source_digest: str = \"\"     def reproduce(self, body: bytes) -> str:         recomputed = normalize_html(body)         if self != recomputed:             raise ValueError(\"normalized_source_mismatch\")         return recomputed.text"
                }
            ]
        },
        "d=3": {
            "depth": 3,
            "label": "MAY NEED TESTING",
            "symbols": [
                {
                    "id": "Method:flowsint-core/src/flowsint_core/core/template_enricher.py:TemplateEnricher._process_single_input#3",
                    "name": "_process_single_input",
                    "filePath": "flowsint-core/src/flowsint_core/core/template_enricher.py",
                    "nodeType": "Method",
                    "startLine": 251,
                    "endLine": 326,
                    "content": "    async def _process_single_input(         self, client: httpx.AsyncClient, input_obj: Any, input_ref: str | None = None     ) -> List[Any]:         self._last_response_artifact_sha256 = None         self._last_artifact_reference = None         self._last_capture_state = None         self._last_capture_reason = None         self._last_http_status_class = None         url, fixed_headers, query, json_body = self._request_parts(input_obj)         headers = self._resolved_headers(fixed_headers)         try:             async with asyncio.timeout(self.endpoint.definition.timeout_seconds):                 async with client.stream(                     self.endpoint.definition.method,                     url,                     headers=headers,                     params=query,                     json=json_body,                     timeout=self.endpoint.definition.timeout_seconds,                 ) as response:                     if 300 <= response.status_code < 400:                         raise ConnectorRedirectDenied(\"connector redirect denied\")                     self._last_http_status_class = response.status_code // 100                     response.raise_for_status()                     response_bytes = await self._read_response(response)         except TimeoutError as error:             raise httpx.ReadTimeout(\"connector deadline exceeded\") from error         operation_id = f\"connector-{uuid.uuid4().hex}\"         occurrence_id = f\"input-{uuid.uuid4().hex}\"         caller_id = f\"connector:{self.endpoint.destination_id}:{self.endpoint.endpoint_id}\"         runtime = None         if self._artifact_store is None or self._retention_authority is None:             runtime = load_artifact_runtime(                 caller_id=caller_id,                 scope=self.endpoint.capability,                 source_family=\"connector\",             )         store = self._artifact_store or (runtime.store if runtime else None)         authority = self._retention_authority or (runtime.authority if runtime else None)         decision = authority.issue(operation_id) if authority else None         retrieved_at = datetime.now(timezone.utc)         context = ArtifactContext(             operation_id=operation_id,             occurrence_id=occurrence_id,             caller_id=caller_id,             scope=self.endpoint.capability,             source_family=\"connector\",             origin=self.endpoint.base_url,             requested_url=f\"{self.endpoint.base_url}{self.endpoint.definition.path}\",             final_url=f\"{self.endpoint.base_url}{self.endpoint.definition.path}\",             retrieved_at=retrieved_at,         )         if decision is None:             self._last_capture_state = ArtifactState.HOLD             self._last_capture_reason = \"retention_policy_unavailable\"             return []         if store is None:             self._last_capture_state = ArtifactState.HOLD             self._last_capture_reason = \"artifact_store_unavailable\"             return []         captured = capture_source(store, context, decision, response_bytes)         self._last_capture_state = captured.state         self._last_capture_reason = captured.reason         if captured.state is not ArtifactState.AVAILABLE or captured.artifact is None:             return []         self._last_response_artifact_sha256 = captured.artifact.content_digest         self._last_retrieved_at = captured.artifact.retrieved_at         self._last_artifact_reference = encode_source_proof(PersistedSourceProof(             format_version=\"source-proof/1.0\",             input_ref=input_ref or canonical_input_hash(input_obj),             context=context,             decision=decision,             artifact=captured.artifact,             spans=(),         ))         return self._map_response(response_bytes)"
                }
            ]
        }
    },
    "summary": {
        "cwd": "/home/n4s5ti/Documents/dev/fl0sint-def45-extraction",
        "rootPath": "/home/n4s5ti/Documents/dev/fl0sint-def45-extraction",
        "repo": "fl0sint-def45-extraction",
        "lbugPath": "/home/n4s5ti/Documents/dev/fl0sint-def45-extraction/.gitnexus/lbug",
        "symbol": "flowsint-core/src/flowsint_execution/artifacts.py:normalize_html",
        "rootSymbols": 1,
        "totalSymbols": 10,
        "totalEdges": 11,
        "filesMatched": 4,
        "truncated": false,
        "direct": 4,
        "processes": 0,
        "modules": 1
    },
    "warnings": [],
    "completeness": "complete",
    "completenessReasons": [],
    "indexStatus": "ready"
}
