F                                                                        [100%]
=================================== FAILURES ===================================
______ test_batch_keeps_each_candidate_and_records_local_flush_boundaries ______

    def test_batch_keeps_each_candidate_and_records_local_flush_boundaries():
        repository = CaptureGraphRepository()
        repository.set_batch_size(2)
    
        with repository.source_context({"input_index": 0, "source_url": "https://site.test"}):
            for index in range(3):
                repository.add_to_batch(
                    "node", node_obj={"type": "website", "url": f"https://site.test/{index}"}
                )
            repository.flush_batch()
    
        candidates = repository.get_captured_candidates()
        flushes = [
            operation
            for operation in repository.get_captured_operations()
            if operation.operation_type == "capture_batch_flush"
        ]
        assert len(candidates) == 3
>       assert [flush.parameters["candidate_sequences"] for flush in flushes] == [[1, 2], [4]]
E       assert [[1, 2, 3]] == [[1, 2], [4]]
E         
E         At index 0 diff: [1, 2, 3] != [1, 2]
E         Right contains one more item: [4]
E         
E         Full diff:
E           [
E               [
E                   1,
E                   2,
E         -     ],
E         -     [
E         -         4,
E         ?         ^
E         +         3,
E         ?         ^
E               ],
E           ]

tests/test_capture_repository.py:48: AssertionError
=============================== warnings summary ===============================
../.venv/lib/python3.12/site-packages/passlib/utils/__init__.py:854
  /home/n4s5ti/Documents/dev/fl0sint/.venv/lib/python3.12/site-packages/passlib/utils/__init__.py:854: DeprecationWarning: 'crypt' is deprecated and slated for removal in Python 3.13
    from crypt import crypt as _crypt

src/flowsint_core/core/graph/types.py:16
  /home/n4s5ti/Documents/dev/fl0sint/flowsint-core/src/flowsint_core/core/graph/types.py:16: PydanticDeprecatedSince20: Support for class-based `config` is deprecated, use ConfigDict instead. Deprecated in Pydantic V2.0 to be removed in V3.0. See Pydantic V2 Migration Guide at https://errors.pydantic.dev/2.12/migration/
    class NodeMetadata(BaseModel):

-- Docs: https://docs.pytest.org/en/stable/how-to/capture-warnings.html
=========================== short test summary info ============================
FAILED tests/test_capture_repository.py::test_batch_keeps_each_candidate_and_records_local_flush_boundaries - assert [[1, 2, 3]] == [[1, 2], [4]]
  
  At index 0 diff: [1, 2, 3] != [1, 2]
  Right contains one more item: [4]
  
  Full diff:
    [
        [
            1,
            2,
  -     ],
  -     [
  -         4,
  ?         ^
  +         3,
  ?         ^
        ],
    ]
1 failed, 2 warnings in 0.13s


Wall time: 5.21 seconds

Command exited with code 1