F                                                                        [100%]
=================================== FAILURES ===================================
_______ test_create_candidate_is_unreviewed_and_has_no_graph_element_id ________

    def test_create_candidate_is_unreviewed_and_has_no_graph_element_id():
        repository = CaptureGraphRepository(sketch_id="capture-sketch")
    
        with repository.source_context({"input_index": 3, "source_url": "https://site.test"}):
            created = repository.create_node(
                {"type": "website", "url": "https://site.test"}, "capture-sketch"
            )
    
        assert created is None
>       candidate = repository.get_captured_candidates()[0].to_dict()
                    ^^^^^^^^^^^^^^^^^^^^^^^^^^^^^^^^^^^^^^^
E       IndexError: tuple index out of range

tests/test_capture_repository.py:20: IndexError
=============================== warnings summary ===============================
../.venv/lib/python3.12/site-packages/passlib/utils/__init__.py:854
  /home/n4s5ti/Documents/dev/fl0sint/.venv/lib/python3.12/site-packages/passlib/utils/__init__.py:854: DeprecationWarning: 'crypt' is deprecated and slated for removal in Python 3.13
    from crypt import crypt as _crypt

src/flowsint_core/core/graph/types.py:16
  /home/n4s5ti/Documents/dev/fl0sint/flowsint-core/src/flowsint_core/core/graph/types.py:16: PydanticDeprecatedSince20: Support for class-based `config` is deprecated, use ConfigDict instead. Deprecated in Pydantic V2.0 to be removed in V3.0. See Pydantic V2 Migration Guide at https://errors.pydantic.dev/2.12/migration/
    class NodeMetadata(BaseModel):

-- Docs: https://docs.pytest.org/en/stable/how-to/capture-warnings.html
=========================== short test summary info ============================
FAILED tests/test_capture_repository.py::test_create_candidate_is_unreviewed_and_has_no_graph_element_id - IndexError: tuple index out of range
1 failed, 2 warnings in 0.16s


Wall time: 5.06 seconds

Command exited with code 1