{
    "mode": "index",
    "result": {
        "targetPath": "/home/n4s5ti/Documents/dev/fl0sint-def45-extraction",
        "lbugPath": "/home/n4s5ti/Documents/dev/fl0sint-def45-extraction/.gitnexus/lbug",
        "success": true,
        "warnings": [
            "No workspace packages with recognised entry files — sidecar will be empty"
        ],
        "generation": "sha256:d82724803b7e81a38438005549632c4858915cf6f4cd07e93b78dee9b0b9ab1a",
        "planAction": "incremental",
        "deltaAdded": 141,
        "deltaModified": 8,
        "deltaDeleted": 0,
        "deltaRenamed": 0,
        "deltaUnreadable": 0,
        "indexLatencyMs": 48595,
        "filesParsed": 2229
    }
}
