{
    "symbol": "flowsint-core/src/flowsint_execution/fetch.py:execute_fetch_with_source_proof",
    "repo": "fl0sint-def45-extraction",
    "lbugPath": "/home/n4s5ti/Documents/dev/fl0sint-def45-extraction/.gitnexus/lbug",
    "rootPath": "/home/n4s5ti/Documents/dev/fl0sint-def45-extraction",
    "direction": "upstream",
    "risk": "LOW",
    "target": {
        "id": "Function:flowsint-core/src/flowsint_execution/fetch.py:execute_fetch_with_source_proof",
        "name": "execute_fetch_with_source_proof",
        "filePath": "flowsint-core/src/flowsint_execution/fetch.py",
        "nodeType": "Function",
        "startLine": 716,
        "endLine": 877,
        "content": "async def execute_fetch_with_source_proof(     operation: AdmittedFetchOperation,     *,     artifact_store: FilesystemArtifactStore | None,     retention_decision: RetentionDecision | None,     transport: httpx.AsyncBaseTransport | None = None, ) -> SourceProofResult:     \"\"\"Run the sole fetch implementation and capture before raw bodies leave it.\"\"\"     started = time.monotonic()     fetched = (         await execute_fetch(operation)         if transport is None         else await execute_fetch(operation, transport=transport)     )     admitted = {item.occurrence_id: item for item in operation.inputs}     returned_ids = [item.occurrence_id for item in fetched.outcomes]     result_is_bound = (         fetched.operation_id == operation.operation_id         and len(fetched.outcomes) == len(operation.inputs)         and len(returned_ids) == len(set(returned_ids))         and set(returned_ids) == set(admitted)         and all(             item.input_ref == admitted[item.occurrence_id].input_ref             for item in fetched.outcomes             if item.occurrence_id in admitted         )     )     if not result_is_bound:         existing = {item.occurrence_id: item for item in fetched.outcomes}         return SourceProofResult(             operation.operation_id,             tuple(                 SourceProofOutcome(                     item.occurrence_id,                     item.input_ref,                     FetchStatus.TOOL_ERROR,                     CaptureResult(ArtifactState.REVIEW, \"unbound_fetch_result\"),                     None,                     RedactedDiagnostic(                         code=\"invalid_fetch_result\",                         safe_message=\"The fetch result did not match the admitted operation.\",                         retryable=False,                     ),                     existing[item.occurrence_id].actual_resources                     if item.occurrence_id in existing                     else Resources(requests=0, bytes=0, elapsed_seconds=0.0),                 )                 for item in operation.inputs             ),             fetched.actual_resources,         )     deadline = started + (operation.allocation.elapsed_seconds or 0.0)     stop = threading.Event()     def expired() -> bool:         return stop.is_set() or time.monotonic() >= deadline     def process() -> tuple[SourceProofOutcome, ...]:         outcomes = []         for item in fetched.outcomes:             if item.status is not FetchStatus.SUCCESS:                 outcomes.append(SourceProofOutcome(item.occurrence_id, item.input_ref, item.status, CaptureResult(ArtifactState.REVIEW, \"fetch_failed\"), None, item.diagnostic, item.actual_resources))                 continue             source = admitted[item.occurrence_id]             if expired():                 raise TimeoutError             context = ArtifactContext(                 operation_id=operation.operation_id, occurrence_id=item.occurrence_id,                 caller_id=operation.policy.caller_id, scope=operation.policy.scope,                 source_family=\"http\", origin=item.final_origin or item.requested_origin,                 requested_url=item.requested_url or _redacted_location(source.url),                 final_url=item.final_url or _redacted_location(source.url),                 retrieved_at=datetime.now(timezone.utc),             )             try:                 normalized = normalize_html(item.body or b\"\")             except ValueError:                 capture = CaptureResult(ArtifactState.REVIEW, \"unsupported_source_encoding\")                 normalized = None             else:                 if expired():                     raise TimeoutError                 if retention_decision is None:                     capture = CaptureResult(ArtifactState.HOLD, \"retention_policy_unavailable\")                 elif artifact_store is None:                     capture = CaptureResult(ArtifactState.HOLD, \"artifact_store_unavailable\")                 else:                     capture = capture_source(artifact_store, context, retention_decision,                                              item.body, normalized=normalized, cancelled=expired)                 if expired():                     raise TimeoutError                 if capture.state is not ArtifactState.AVAILABLE:                     normalized = None             spans = ()             observations = None             if capture.artifact is not None and normalized is not None:                 spans = tuple(SourceProofSpanReference(                     span_id=f\"span-{capture.artifact.snapshot_id}-{index}\", artifact_id=capture.artifact.artifact_id,                     byte_start=span.raw_start, byte_end=span.raw_end,                     normalized_start=span.normalized_start, normalized_end=span.normalized_end,                     raw_offset_unit=\"byte\", normalized_offset_unit=\"unicode_code_point\", source_encoding=\"utf-8\",                 ) for index, span in enumerate(normalized.spans)) ... [truncated]"
    },
    "symbols": [
        {
            "id": "Function:flowsint-core/src/flowsint_execution/fetch.py:execute_fetch_with_source_proof",
            "name": "execute_fetch_with_source_proof",
            "filePath": "flowsint-core/src/flowsint_execution/fetch.py",
            "nodeType": "Function",
            "startLine": 716,
            "endLine": 877,
            "content": "async def execute_fetch_with_source_proof(     operation: AdmittedFetchOperation,     *,     artifact_store: FilesystemArtifactStore | None,     retention_decision: RetentionDecision | None,     transport: httpx.AsyncBaseTransport | None = None, ) -> SourceProofResult:     \"\"\"Run the sole fetch implementation and capture before raw bodies leave it.\"\"\"     started = time.monotonic()     fetched = (         await execute_fetch(operation)         if transport is None         else await execute_fetch(operation, transport=transport)     )     admitted = {item.occurrence_id: item for item in operation.inputs}     returned_ids = [item.occurrence_id for item in fetched.outcomes]     result_is_bound = (         fetched.operation_id == operation.operation_id         and len(fetched.outcomes) == len(operation.inputs)         and len(returned_ids) == len(set(returned_ids))         and set(returned_ids) == set(admitted)         and all(             item.input_ref == admitted[item.occurrence_id].input_ref             for item in fetched.outcomes             if item.occurrence_id in admitted         )     )     if not result_is_bound:         existing = {item.occurrence_id: item for item in fetched.outcomes}         return SourceProofResult(             operation.operation_id,             tuple(                 SourceProofOutcome(                     item.occurrence_id,                     item.input_ref,                     FetchStatus.TOOL_ERROR,                     CaptureResult(ArtifactState.REVIEW, \"unbound_fetch_result\"),                     None,                     RedactedDiagnostic(                         code=\"invalid_fetch_result\",                         safe_message=\"The fetch result did not match the admitted operation.\",                         retryable=False,                     ),                     existing[item.occurrence_id].actual_resources                     if item.occurrence_id in existing                     else Resources(requests=0, bytes=0, elapsed_seconds=0.0),                 )                 for item in operation.inputs             ),             fetched.actual_resources,         )     deadline = started + (operation.allocation.elapsed_seconds or 0.0)     stop = threading.Event()     def expired() -> bool:         return stop.is_set() or time.monotonic() >= deadline     def process() -> tuple[SourceProofOutcome, ...]:         outcomes = []         for item in fetched.outcomes:             if item.status is not FetchStatus.SUCCESS:                 outcomes.append(SourceProofOutcome(item.occurrence_id, item.input_ref, item.status, CaptureResult(ArtifactState.REVIEW, \"fetch_failed\"), None, item.diagnostic, item.actual_resources))                 continue             source = admitted[item.occurrence_id]             if expired():                 raise TimeoutError             context = ArtifactContext(                 operation_id=operation.operation_id, occurrence_id=item.occurrence_id,                 caller_id=operation.policy.caller_id, scope=operation.policy.scope,                 source_family=\"http\", origin=item.final_origin or item.requested_origin,                 requested_url=item.requested_url or _redacted_location(source.url),                 final_url=item.final_url or _redacted_location(source.url),                 retrieved_at=datetime.now(timezone.utc),             )             try:                 normalized = normalize_html(item.body or b\"\")             except ValueError:                 capture = CaptureResult(ArtifactState.REVIEW, \"unsupported_source_encoding\")                 normalized = None             else:                 if expired():                     raise TimeoutError                 if retention_decision is None:                     capture = CaptureResult(ArtifactState.HOLD, \"retention_policy_unavailable\")                 elif artifact_store is None:                     capture = CaptureResult(ArtifactState.HOLD, \"artifact_store_unavailable\")                 else:                     capture = capture_source(artifact_store, context, retention_decision,                                              item.body, normalized=normalized, cancelled=expired)                 if expired():                     raise TimeoutError                 if capture.state is not ArtifactState.AVAILABLE:                     normalized = None             spans = ()             observations = None             if capture.artifact is not None and normalized is not None:                 spans = tuple(SourceProofSpanReference(                     span_id=f\"span-{capture.artifact.snapshot_id}-{index}\", artifact_id=capture.artifact.artifact_id,                     byte_start=span.raw_start, byte_end=span.raw_end,                     normalized_start=span.normalized_start, normalized_end=span.normalized_end,                     raw_offset_unit=\"byte\", normalized_offset_unit=\"unicode_code_point\", source_encoding=\"utf-8\",                 ) for index, span in enumerate(normalized.spans)) ... [truncated]"
        },
        {
            "id": "Function:flowsint-core/src/flowsint_execution/extraction_runtime.py:execute_live_observed_extraction",
            "name": "execute_live_observed_extraction",
            "filePath": "flowsint-core/src/flowsint_execution/extraction_runtime.py",
            "nodeType": "Function",
            "startLine": 43,
            "endLine": 114,
            "content": "async def execute_live_observed_extraction(     url: str, *, config_path: str | PathLike[str] | None,     caller_id: str = \"website-to-text\", scope: str = \"local-web-fetch\", ) -> LiveObservedExtraction:     \"\"\"Fetch, retain, and extract one controlled URL without graph/auth services.\"\"\"     from .acquisition import AcquisitionRequest, InputOccurrence, Resources     from .artifact_runtime import (PersistedSourceProof, encode_source_proof,                                    load_artifact_runtime)     from .artifacts import ArtifactContext, ArtifactState     from .fetch import (FetchParameters, FetchStatus, TrustedFetchPolicy,                         admit_fetch, execute_fetch_with_source_proof)     from .models import canonical_input_hash     from .observed_extraction import serialize_observed_extraction_metadata     runtime = load_artifact_runtime(         caller_id=caller_id, scope=scope, source_family=\"http\", config_path=config_path,     )     empty = Resources(requests=0, bytes=0, elapsed_seconds=0.0, concurrency=0)     if runtime is None:         return LiveObservedExtraction(\"hold\", ArtifactState.HOLD.value, None, None, None,                                       empty, \"current_policy_unavailable\")     origin = _origin(url)     capability = hashlib.sha256(b\"flowsint.website-to-text.fetch.v1\").hexdigest()     endpoint = hashlib.sha256(json.dumps(         {\"allowed_origins\": [origin], \"redirects\": \"same-origin-only\"},         sort_keys=True, separators=(\",\", \":\"),     ).encode()).hexdigest()     operation_id = f\"observed-extraction-{uuid.uuid4().hex}\"     input_ref = canonical_input_hash(url)     request = AcquisitionRequest(         operation_id=operation_id, caller_id=caller_id, scope=scope,         capability_digest=capability, endpoint_policy_digest=endpoint,         inputs=(InputOccurrence(occurrence_id=\"input-0\", input_ref=input_ref,                                 type_tag=\"http_url\", value=url),),         allocation=Resources(requests=4, bytes=4 * 1024 * 1024,                              elapsed_seconds=10.0, concurrency=1),     )     operation = admit_fetch(request, TrustedFetchPolicy(         caller_id=caller_id, scope=scope, capability_digest=capability,         endpoint_policy_digest=endpoint, allowed_origins=(origin,),     ), FetchParameters(max_redirects=3, max_retries=0,                        max_bytes_per_input=1024 * 1024))     decision = runtime.decision(operation_id)     fetched = await execute_fetch_with_source_proof(         operation, artifact_store=runtime.store, retention_decision=decision,     )     item = fetched.outcomes[0]     if item.fetch_status is not FetchStatus.SUCCESS:         return LiveObservedExtraction(item.fetch_status.value, item.capture.state.value,                                       None, None, None, fetched.actual_resources,                                       item.diagnostic)     if item.capture.state is not ArtifactState.AVAILABLE or item.capture.artifact is None:         return LiveObservedExtraction(\"hold\" if item.capture.state is ArtifactState.HOLD else \"review\",                                       item.capture.state.value, None, None, None,                                       fetched.actual_resources, item.capture.reason)     artifact = item.capture.artifact     context = ArtifactContext(         operation_id=operation_id, occurrence_id=item.occurrence_id,         caller_id=caller_id, scope=scope, source_family=\"http\", origin=artifact.origin,         requested_url=artifact.requested_url, final_url=artifact.final_url,         retrieved_at=artifact.retrieved_at, event_at=artifact.event_at,     )     proof = encode_source_proof(PersistedSourceProof(         format_version=\"source-proof/1.0\", input_ref=input_ref, context=context,         decision=decision, artifact=artifact, spans=item.spans,     ))     if item.observations is None:         return LiveObservedExtraction(\"review\", ArtifactState.REVIEW.value, proof, None, None,                                       fetched.actual_resources, \"observation_result_unavailable\")     metadata = serialize_observed_extraction_metadata(item.observations)     return LiveObservedExtraction(\"success\", ArtifactState.AVAILABLE.value, proof, metadata,                                   item.observations, fetched.actual_resources, None)"
        }
    ],
    "edges": [
        {
            "from": "Function:flowsint-core/src/flowsint_execution/extraction_runtime.py:execute_live_observed_extraction",
            "to": "Function:flowsint-core/src/flowsint_execution/fetch.py:execute_fetch_with_source_proof",
            "type": "CALLS",
            "confidence": 0.85
        }
    ],
    "files": [
        {
            "filePath": "flowsint-core/src/flowsint_execution/fetch.py",
            "count": 1,
            "symbols": [
                {
                    "id": "Function:flowsint-core/src/flowsint_execution/fetch.py:execute_fetch_with_source_proof",
                    "name": "execute_fetch_with_source_proof",
                    "filePath": "flowsint-core/src/flowsint_execution/fetch.py",
                    "nodeType": "Function",
                    "startLine": 716,
                    "endLine": 877,
                    "content": "async def execute_fetch_with_source_proof(     operation: AdmittedFetchOperation,     *,     artifact_store: FilesystemArtifactStore | None,     retention_decision: RetentionDecision | None,     transport: httpx.AsyncBaseTransport | None = None, ) -> SourceProofResult:     \"\"\"Run the sole fetch implementation and capture before raw bodies leave it.\"\"\"     started = time.monotonic()     fetched = (         await execute_fetch(operation)         if transport is None         else await execute_fetch(operation, transport=transport)     )     admitted = {item.occurrence_id: item for item in operation.inputs}     returned_ids = [item.occurrence_id for item in fetched.outcomes]     result_is_bound = (         fetched.operation_id == operation.operation_id         and len(fetched.outcomes) == len(operation.inputs)         and len(returned_ids) == len(set(returned_ids))         and set(returned_ids) == set(admitted)         and all(             item.input_ref == admitted[item.occurrence_id].input_ref             for item in fetched.outcomes             if item.occurrence_id in admitted         )     )     if not result_is_bound:         existing = {item.occurrence_id: item for item in fetched.outcomes}         return SourceProofResult(             operation.operation_id,             tuple(                 SourceProofOutcome(                     item.occurrence_id,                     item.input_ref,                     FetchStatus.TOOL_ERROR,                     CaptureResult(ArtifactState.REVIEW, \"unbound_fetch_result\"),                     None,                     RedactedDiagnostic(                         code=\"invalid_fetch_result\",                         safe_message=\"The fetch result did not match the admitted operation.\",                         retryable=False,                     ),                     existing[item.occurrence_id].actual_resources                     if item.occurrence_id in existing                     else Resources(requests=0, bytes=0, elapsed_seconds=0.0),                 )                 for item in operation.inputs             ),             fetched.actual_resources,         )     deadline = started + (operation.allocation.elapsed_seconds or 0.0)     stop = threading.Event()     def expired() -> bool:         return stop.is_set() or time.monotonic() >= deadline     def process() -> tuple[SourceProofOutcome, ...]:         outcomes = []         for item in fetched.outcomes:             if item.status is not FetchStatus.SUCCESS:                 outcomes.append(SourceProofOutcome(item.occurrence_id, item.input_ref, item.status, CaptureResult(ArtifactState.REVIEW, \"fetch_failed\"), None, item.diagnostic, item.actual_resources))                 continue             source = admitted[item.occurrence_id]             if expired():                 raise TimeoutError             context = ArtifactContext(                 operation_id=operation.operation_id, occurrence_id=item.occurrence_id,                 caller_id=operation.policy.caller_id, scope=operation.policy.scope,                 source_family=\"http\", origin=item.final_origin or item.requested_origin,                 requested_url=item.requested_url or _redacted_location(source.url),                 final_url=item.final_url or _redacted_location(source.url),                 retrieved_at=datetime.now(timezone.utc),             )             try:                 normalized = normalize_html(item.body or b\"\")             except ValueError:                 capture = CaptureResult(ArtifactState.REVIEW, \"unsupported_source_encoding\")                 normalized = None             else:                 if expired():                     raise TimeoutError                 if retention_decision is None:                     capture = CaptureResult(ArtifactState.HOLD, \"retention_policy_unavailable\")                 elif artifact_store is None:                     capture = CaptureResult(ArtifactState.HOLD, \"artifact_store_unavailable\")                 else:                     capture = capture_source(artifact_store, context, retention_decision,                                              item.body, normalized=normalized, cancelled=expired)                 if expired():                     raise TimeoutError                 if capture.state is not ArtifactState.AVAILABLE:                     normalized = None             spans = ()             observations = None             if capture.artifact is not None and normalized is not None:                 spans = tuple(SourceProofSpanReference(                     span_id=f\"span-{capture.artifact.snapshot_id}-{index}\", artifact_id=capture.artifact.artifact_id,                     byte_start=span.raw_start, byte_end=span.raw_end,                     normalized_start=span.normalized_start, normalized_end=span.normalized_end,                     raw_offset_unit=\"byte\", normalized_offset_unit=\"unicode_code_point\", source_encoding=\"utf-8\",                 ) for index, span in enumerate(normalized.spans)) ... [truncated]"
                }
            ]
        },
        {
            "filePath": "flowsint-core/src/flowsint_execution/extraction_runtime.py",
            "count": 1,
            "symbols": [
                {
                    "id": "Function:flowsint-core/src/flowsint_execution/extraction_runtime.py:execute_live_observed_extraction",
                    "name": "execute_live_observed_extraction",
                    "filePath": "flowsint-core/src/flowsint_execution/extraction_runtime.py",
                    "nodeType": "Function",
                    "startLine": 43,
                    "endLine": 114,
                    "content": "async def execute_live_observed_extraction(     url: str, *, config_path: str | PathLike[str] | None,     caller_id: str = \"website-to-text\", scope: str = \"local-web-fetch\", ) -> LiveObservedExtraction:     \"\"\"Fetch, retain, and extract one controlled URL without graph/auth services.\"\"\"     from .acquisition import AcquisitionRequest, InputOccurrence, Resources     from .artifact_runtime import (PersistedSourceProof, encode_source_proof,                                    load_artifact_runtime)     from .artifacts import ArtifactContext, ArtifactState     from .fetch import (FetchParameters, FetchStatus, TrustedFetchPolicy,                         admit_fetch, execute_fetch_with_source_proof)     from .models import canonical_input_hash     from .observed_extraction import serialize_observed_extraction_metadata     runtime = load_artifact_runtime(         caller_id=caller_id, scope=scope, source_family=\"http\", config_path=config_path,     )     empty = Resources(requests=0, bytes=0, elapsed_seconds=0.0, concurrency=0)     if runtime is None:         return LiveObservedExtraction(\"hold\", ArtifactState.HOLD.value, None, None, None,                                       empty, \"current_policy_unavailable\")     origin = _origin(url)     capability = hashlib.sha256(b\"flowsint.website-to-text.fetch.v1\").hexdigest()     endpoint = hashlib.sha256(json.dumps(         {\"allowed_origins\": [origin], \"redirects\": \"same-origin-only\"},         sort_keys=True, separators=(\",\", \":\"),     ).encode()).hexdigest()     operation_id = f\"observed-extraction-{uuid.uuid4().hex}\"     input_ref = canonical_input_hash(url)     request = AcquisitionRequest(         operation_id=operation_id, caller_id=caller_id, scope=scope,         capability_digest=capability, endpoint_policy_digest=endpoint,         inputs=(InputOccurrence(occurrence_id=\"input-0\", input_ref=input_ref,                                 type_tag=\"http_url\", value=url),),         allocation=Resources(requests=4, bytes=4 * 1024 * 1024,                              elapsed_seconds=10.0, concurrency=1),     )     operation = admit_fetch(request, TrustedFetchPolicy(         caller_id=caller_id, scope=scope, capability_digest=capability,         endpoint_policy_digest=endpoint, allowed_origins=(origin,),     ), FetchParameters(max_redirects=3, max_retries=0,                        max_bytes_per_input=1024 * 1024))     decision = runtime.decision(operation_id)     fetched = await execute_fetch_with_source_proof(         operation, artifact_store=runtime.store, retention_decision=decision,     )     item = fetched.outcomes[0]     if item.fetch_status is not FetchStatus.SUCCESS:         return LiveObservedExtraction(item.fetch_status.value, item.capture.state.value,                                       None, None, None, fetched.actual_resources,                                       item.diagnostic)     if item.capture.state is not ArtifactState.AVAILABLE or item.capture.artifact is None:         return LiveObservedExtraction(\"hold\" if item.capture.state is ArtifactState.HOLD else \"review\",                                       item.capture.state.value, None, None, None,                                       fetched.actual_resources, item.capture.reason)     artifact = item.capture.artifact     context = ArtifactContext(         operation_id=operation_id, occurrence_id=item.occurrence_id,         caller_id=caller_id, scope=scope, source_family=\"http\", origin=artifact.origin,         requested_url=artifact.requested_url, final_url=artifact.final_url,         retrieved_at=artifact.retrieved_at, event_at=artifact.event_at,     )     proof = encode_source_proof(PersistedSourceProof(         format_version=\"source-proof/1.0\", input_ref=input_ref, context=context,         decision=decision, artifact=artifact, spans=item.spans,     ))     if item.observations is None:         return LiveObservedExtraction(\"review\", ArtifactState.REVIEW.value, proof, None, None,                                       fetched.actual_resources, \"observation_result_unavailable\")     metadata = serialize_observed_extraction_metadata(item.observations)     return LiveObservedExtraction(\"success\", ArtifactState.AVAILABLE.value, proof, metadata,                                   item.observations, fetched.actual_resources, None)"
                }
            ]
        }
    ],
    "affected_modules": [
        {
            "name": "flowsint-core",
            "direct": true,
            "symbolCount": 1
        }
    ],
    "affected_processes": [],
    "byDepth": {
        "d=1": {
            "depth": 1,
            "label": "WILL BREAK",
            "symbols": [
                {
                    "id": "Function:flowsint-core/src/flowsint_execution/extraction_runtime.py:execute_live_observed_extraction",
                    "name": "execute_live_observed_extraction",
                    "filePath": "flowsint-core/src/flowsint_execution/extraction_runtime.py",
                    "nodeType": "Function",
                    "startLine": 43,
                    "endLine": 114,
                    "content": "async def execute_live_observed_extraction(     url: str, *, config_path: str | PathLike[str] | None,     caller_id: str = \"website-to-text\", scope: str = \"local-web-fetch\", ) -> LiveObservedExtraction:     \"\"\"Fetch, retain, and extract one controlled URL without graph/auth services.\"\"\"     from .acquisition import AcquisitionRequest, InputOccurrence, Resources     from .artifact_runtime import (PersistedSourceProof, encode_source_proof,                                    load_artifact_runtime)     from .artifacts import ArtifactContext, ArtifactState     from .fetch import (FetchParameters, FetchStatus, TrustedFetchPolicy,                         admit_fetch, execute_fetch_with_source_proof)     from .models import canonical_input_hash     from .observed_extraction import serialize_observed_extraction_metadata     runtime = load_artifact_runtime(         caller_id=caller_id, scope=scope, source_family=\"http\", config_path=config_path,     )     empty = Resources(requests=0, bytes=0, elapsed_seconds=0.0, concurrency=0)     if runtime is None:         return LiveObservedExtraction(\"hold\", ArtifactState.HOLD.value, None, None, None,                                       empty, \"current_policy_unavailable\")     origin = _origin(url)     capability = hashlib.sha256(b\"flowsint.website-to-text.fetch.v1\").hexdigest()     endpoint = hashlib.sha256(json.dumps(         {\"allowed_origins\": [origin], \"redirects\": \"same-origin-only\"},         sort_keys=True, separators=(\",\", \":\"),     ).encode()).hexdigest()     operation_id = f\"observed-extraction-{uuid.uuid4().hex}\"     input_ref = canonical_input_hash(url)     request = AcquisitionRequest(         operation_id=operation_id, caller_id=caller_id, scope=scope,         capability_digest=capability, endpoint_policy_digest=endpoint,         inputs=(InputOccurrence(occurrence_id=\"input-0\", input_ref=input_ref,                                 type_tag=\"http_url\", value=url),),         allocation=Resources(requests=4, bytes=4 * 1024 * 1024,                              elapsed_seconds=10.0, concurrency=1),     )     operation = admit_fetch(request, TrustedFetchPolicy(         caller_id=caller_id, scope=scope, capability_digest=capability,         endpoint_policy_digest=endpoint, allowed_origins=(origin,),     ), FetchParameters(max_redirects=3, max_retries=0,                        max_bytes_per_input=1024 * 1024))     decision = runtime.decision(operation_id)     fetched = await execute_fetch_with_source_proof(         operation, artifact_store=runtime.store, retention_decision=decision,     )     item = fetched.outcomes[0]     if item.fetch_status is not FetchStatus.SUCCESS:         return LiveObservedExtraction(item.fetch_status.value, item.capture.state.value,                                       None, None, None, fetched.actual_resources,                                       item.diagnostic)     if item.capture.state is not ArtifactState.AVAILABLE or item.capture.artifact is None:         return LiveObservedExtraction(\"hold\" if item.capture.state is ArtifactState.HOLD else \"review\",                                       item.capture.state.value, None, None, None,                                       fetched.actual_resources, item.capture.reason)     artifact = item.capture.artifact     context = ArtifactContext(         operation_id=operation_id, occurrence_id=item.occurrence_id,         caller_id=caller_id, scope=scope, source_family=\"http\", origin=artifact.origin,         requested_url=artifact.requested_url, final_url=artifact.final_url,         retrieved_at=artifact.retrieved_at, event_at=artifact.event_at,     )     proof = encode_source_proof(PersistedSourceProof(         format_version=\"source-proof/1.0\", input_ref=input_ref, context=context,         decision=decision, artifact=artifact, spans=item.spans,     ))     if item.observations is None:         return LiveObservedExtraction(\"review\", ArtifactState.REVIEW.value, proof, None, None,                                       fetched.actual_resources, \"observation_result_unavailable\")     metadata = serialize_observed_extraction_metadata(item.observations)     return LiveObservedExtraction(\"success\", ArtifactState.AVAILABLE.value, proof, metadata,                                   item.observations, fetched.actual_resources, None)"
                }
            ]
        }
    },
    "summary": {
        "cwd": "/home/n4s5ti/Documents/dev/fl0sint-def45-extraction",
        "rootPath": "/home/n4s5ti/Documents/dev/fl0sint-def45-extraction",
        "repo": "fl0sint-def45-extraction",
        "lbugPath": "/home/n4s5ti/Documents/dev/fl0sint-def45-extraction/.gitnexus/lbug",
        "symbol": "flowsint-core/src/flowsint_execution/fetch.py:execute_fetch_with_source_proof",
        "rootSymbols": 1,
        "totalSymbols": 2,
        "totalEdges": 1,
        "filesMatched": 2,
        "truncated": false,
        "direct": 1,
        "processes": 0,
        "modules": 1
    },
    "warnings": [],
    "completeness": "complete",
    "completenessReasons": [],
    "indexStatus": "ready"
}
