{
    "symbol": "flowsint-enrichers/src/flowsint_enrichers/website/to_links.py:WebsiteToLinks",
    "repo": "fl0sint-def45-extraction",
    "lbugPath": "/home/n4s5ti/Documents/dev/fl0sint-def45-extraction/.gitnexus/lbug",
    "rootPath": "/home/n4s5ti/Documents/dev/fl0sint-def45-extraction",
    "direction": "upstream",
    "risk": "UNKNOWN",
    "target": {
        "id": "Class:flowsint-enrichers/src/flowsint_enrichers/website/to_links.py:WebsiteToLinks",
        "name": "WebsiteToLinks",
        "filePath": "flowsint-enrichers/src/flowsint_enrichers/website/to_links.py",
        "nodeType": "Class",
        "startLine": 12,
        "endLine": 210,
        "content": "class WebsiteToLinks(Enricher):     \"\"\"From website to spread crawler that extracts domains and internal/external links.\"\"\"     # Define types as class attributes - base class handles schema generation automatically     InputType = Website     OutputType = Website     @classmethod     def name(cls) -> str:         return \"website_to_links\"     @classmethod     def category(cls) -> str:         return \"Website\"     @classmethod     def key(cls) -> str:         return \"url\"     def extract_domain(self, url: str) -> str:         \"\"\"Extract domain from URL.\"\"\"         try:             parsed_url = urlparse(url)             return parsed_url.netloc         except Exception:             return \"\"     async def scan(self, data: List[InputType]) -> List[OutputType]:         \"\"\"Crawl websites using reconspread to extract internal and external links.\"\"\"         results = []         for website in data:             try:                 Logger.info(                     self.sketch_id,                     {\"message\": f\"Starting reconspread crawl of {str(website.url)}\"},                 )                 # Extract main domain from input website (needed in callback)                 main_domain = self.extract_domain(str(website.url))                 # Create main website and domain nodes upfront                 if self._graph_service:                     self.create_node(website)                     if main_domain:                         domain_obj = Domain(domain=main_domain)                         self.create_node(domain_obj)                         self.create_relationship(website, domain_obj, \"BELONGS_TO_DOMAIN\")                         self.log_graph_message(                             f\"Website {str(website.url)} belongs to domain {main_domain}\"                         )                 # Store discovered URLs                 internal_urls = []                 external_urls = []                 external_domains = set()                 def url_handler(url, is_external=False):                     \"\"\"Custom callback to handle URLs as they're discovered.\"\"\"                     if is_external:                         external_urls.append(url)                         domain = self.extract_domain(url)                         if domain:                             external_domains.add(domain)                             # Create external website node immediately                             if self._graph_service:                                 url_obj = Website(url=url)                                 self.create_node(url_obj)                                 self.create_relationship(website, url_obj, \"LINKS_TO\")                                 self.log_graph_message(                                     f\"Website {str(website.url)} links to external website {url}\"                                 )                                 # Create external domain node and link external website to its domain                                 if domain != main_domain:                                     domain_obj_ext = Domain(domain=domain)                                     self.create_node(domain_obj_ext)                                     self.create_relationship(url_obj, domain_obj_ext, \"BELONGS_TO_DOMAIN\")                                     domain_obj_main = Domain(domain=main_domain)                                     self.create_relationship(domain_obj_main, domain_obj_ext, \"LINKS_TO\")                                     self.log_graph_message(                                         f\"External website {url} belongs to domain {domain}\"                                     )                                     self.log_graph_message(                                         f\"Website {str(website.url)} links to external domain {domain}\"                                     )                         Logger.info(                             self.sketch_id,                             {\"message\": f\"[EXTERNAL] Found: {url} -> Domain: {domain}\"},                         )                     else:                         internal_urls.append(url)                         # Create internal website node immediately                         if self._graph_service and url != str(                             website.url                         ):  # Don't create duplicate of main website                             internal_website = Website(url=url)                             self.create_node(internal_website)                             self.create_relationship(website, internal_website, \"LINKS_TO\")                             self.log_graph_message(                                 f\"Website {str(website.url)} links to internal website {url}\"                             )                             # Also link internal websites to main domain                             if main_domain:                                 domain_obj_int = Domain(domain=main_domain)                                 self.create_relationship(intern ... [truncated]"
    },
    "symbols": [
        {
            "id": "Class:flowsint-enrichers/src/flowsint_enrichers/website/to_links.py:WebsiteToLinks",
            "name": "WebsiteToLinks",
            "filePath": "flowsint-enrichers/src/flowsint_enrichers/website/to_links.py",
            "nodeType": "Class",
            "startLine": 12,
            "endLine": 210,
            "content": "class WebsiteToLinks(Enricher):     \"\"\"From website to spread crawler that extracts domains and internal/external links.\"\"\"     # Define types as class attributes - base class handles schema generation automatically     InputType = Website     OutputType = Website     @classmethod     def name(cls) -> str:         return \"website_to_links\"     @classmethod     def category(cls) -> str:         return \"Website\"     @classmethod     def key(cls) -> str:         return \"url\"     def extract_domain(self, url: str) -> str:         \"\"\"Extract domain from URL.\"\"\"         try:             parsed_url = urlparse(url)             return parsed_url.netloc         except Exception:             return \"\"     async def scan(self, data: List[InputType]) -> List[OutputType]:         \"\"\"Crawl websites using reconspread to extract internal and external links.\"\"\"         results = []         for website in data:             try:                 Logger.info(                     self.sketch_id,                     {\"message\": f\"Starting reconspread crawl of {str(website.url)}\"},                 )                 # Extract main domain from input website (needed in callback)                 main_domain = self.extract_domain(str(website.url))                 # Create main website and domain nodes upfront                 if self._graph_service:                     self.create_node(website)                     if main_domain:                         domain_obj = Domain(domain=main_domain)                         self.create_node(domain_obj)                         self.create_relationship(website, domain_obj, \"BELONGS_TO_DOMAIN\")                         self.log_graph_message(                             f\"Website {str(website.url)} belongs to domain {main_domain}\"                         )                 # Store discovered URLs                 internal_urls = []                 external_urls = []                 external_domains = set()                 def url_handler(url, is_external=False):                     \"\"\"Custom callback to handle URLs as they're discovered.\"\"\"                     if is_external:                         external_urls.append(url)                         domain = self.extract_domain(url)                         if domain:                             external_domains.add(domain)                             # Create external website node immediately                             if self._graph_service:                                 url_obj = Website(url=url)                                 self.create_node(url_obj)                                 self.create_relationship(website, url_obj, \"LINKS_TO\")                                 self.log_graph_message(                                     f\"Website {str(website.url)} links to external website {url}\"                                 )                                 # Create external domain node and link external website to its domain                                 if domain != main_domain:                                     domain_obj_ext = Domain(domain=domain)                                     self.create_node(domain_obj_ext)                                     self.create_relationship(url_obj, domain_obj_ext, \"BELONGS_TO_DOMAIN\")                                     domain_obj_main = Domain(domain=main_domain)                                     self.create_relationship(domain_obj_main, domain_obj_ext, \"LINKS_TO\")                                     self.log_graph_message(                                         f\"External website {url} belongs to domain {domain}\"                                     )                                     self.log_graph_message(                                         f\"Website {str(website.url)} links to external domain {domain}\"                                     )                         Logger.info(                             self.sketch_id,                             {\"message\": f\"[EXTERNAL] Found: {url} -> Domain: {domain}\"},                         )                     else:                         internal_urls.append(url)                         # Create internal website node immediately                         if self._graph_service and url != str(                             website.url                         ):  # Don't create duplicate of main website                             internal_website = Website(url=url)                             self.create_node(internal_website)                             self.create_relationship(website, internal_website, \"LINKS_TO\")                             self.log_graph_message(                                 f\"Website {str(website.url)} links to internal website {url}\"                             )                             # Also link internal websites to main domain                             if main_domain:                                 domain_obj_int = Domain(domain=main_domain)                                 self.create_relationship(intern ... [truncated]"
        }
    ],
    "edges": [],
    "files": [
        {
            "filePath": "flowsint-enrichers/src/flowsint_enrichers/website/to_links.py",
            "count": 1,
            "symbols": [
                {
                    "id": "Class:flowsint-enrichers/src/flowsint_enrichers/website/to_links.py:WebsiteToLinks",
                    "name": "WebsiteToLinks",
                    "filePath": "flowsint-enrichers/src/flowsint_enrichers/website/to_links.py",
                    "nodeType": "Class",
                    "startLine": 12,
                    "endLine": 210,
                    "content": "class WebsiteToLinks(Enricher):     \"\"\"From website to spread crawler that extracts domains and internal/external links.\"\"\"     # Define types as class attributes - base class handles schema generation automatically     InputType = Website     OutputType = Website     @classmethod     def name(cls) -> str:         return \"website_to_links\"     @classmethod     def category(cls) -> str:         return \"Website\"     @classmethod     def key(cls) -> str:         return \"url\"     def extract_domain(self, url: str) -> str:         \"\"\"Extract domain from URL.\"\"\"         try:             parsed_url = urlparse(url)             return parsed_url.netloc         except Exception:             return \"\"     async def scan(self, data: List[InputType]) -> List[OutputType]:         \"\"\"Crawl websites using reconspread to extract internal and external links.\"\"\"         results = []         for website in data:             try:                 Logger.info(                     self.sketch_id,                     {\"message\": f\"Starting reconspread crawl of {str(website.url)}\"},                 )                 # Extract main domain from input website (needed in callback)                 main_domain = self.extract_domain(str(website.url))                 # Create main website and domain nodes upfront                 if self._graph_service:                     self.create_node(website)                     if main_domain:                         domain_obj = Domain(domain=main_domain)                         self.create_node(domain_obj)                         self.create_relationship(website, domain_obj, \"BELONGS_TO_DOMAIN\")                         self.log_graph_message(                             f\"Website {str(website.url)} belongs to domain {main_domain}\"                         )                 # Store discovered URLs                 internal_urls = []                 external_urls = []                 external_domains = set()                 def url_handler(url, is_external=False):                     \"\"\"Custom callback to handle URLs as they're discovered.\"\"\"                     if is_external:                         external_urls.append(url)                         domain = self.extract_domain(url)                         if domain:                             external_domains.add(domain)                             # Create external website node immediately                             if self._graph_service:                                 url_obj = Website(url=url)                                 self.create_node(url_obj)                                 self.create_relationship(website, url_obj, \"LINKS_TO\")                                 self.log_graph_message(                                     f\"Website {str(website.url)} links to external website {url}\"                                 )                                 # Create external domain node and link external website to its domain                                 if domain != main_domain:                                     domain_obj_ext = Domain(domain=domain)                                     self.create_node(domain_obj_ext)                                     self.create_relationship(url_obj, domain_obj_ext, \"BELONGS_TO_DOMAIN\")                                     domain_obj_main = Domain(domain=main_domain)                                     self.create_relationship(domain_obj_main, domain_obj_ext, \"LINKS_TO\")                                     self.log_graph_message(                                         f\"External website {url} belongs to domain {domain}\"                                     )                                     self.log_graph_message(                                         f\"Website {str(website.url)} links to external domain {domain}\"                                     )                         Logger.info(                             self.sketch_id,                             {\"message\": f\"[EXTERNAL] Found: {url} -> Domain: {domain}\"},                         )                     else:                         internal_urls.append(url)                         # Create internal website node immediately                         if self._graph_service and url != str(                             website.url                         ):  # Don't create duplicate of main website                             internal_website = Website(url=url)                             self.create_node(internal_website)                             self.create_relationship(website, internal_website, \"LINKS_TO\")                             self.log_graph_message(                                 f\"Website {str(website.url)} links to internal website {url}\"                             )                             # Also link internal websites to main domain                             if main_domain:                                 domain_obj_int = Domain(domain=main_domain)                                 self.create_relationship(intern ... [truncated]"
                }
            ]
        }
    ],
    "affected_modules": [],
    "affected_processes": [],
    "byDepth": {},
    "summary": {
        "cwd": "/home/n4s5ti/Documents/dev/fl0sint-def45-extraction",
        "rootPath": "/home/n4s5ti/Documents/dev/fl0sint-def45-extraction",
        "repo": "fl0sint-def45-extraction",
        "lbugPath": "/home/n4s5ti/Documents/dev/fl0sint-def45-extraction/.gitnexus/lbug",
        "symbol": "flowsint-enrichers/src/flowsint_enrichers/website/to_links.py:WebsiteToLinks",
        "rootSymbols": 1,
        "totalSymbols": 1,
        "totalEdges": 0,
        "filesMatched": 1,
        "truncated": false,
        "direct": 0,
        "processes": 0,
        "modules": 0
    },
    "warnings": [],
    "completeness": "partial",
    "completenessReasons": [
        "no-call-edges"
    ],
    "indexStatus": "ready"
}
