{
    "symbol": "flowsint-core/src/flowsint_execution/artifact_runtime.py:resolve_persisted_observation",
    "repo": "fl0sint-def45-extraction",
    "lbugPath": "/home/n4s5ti/Documents/dev/fl0sint-def45-extraction/.gitnexus/lbug",
    "rootPath": "/home/n4s5ti/Documents/dev/fl0sint-def45-extraction",
    "direction": "upstream",
    "risk": "UNKNOWN",
    "target": {
        "id": "Function:flowsint-core/src/flowsint_execution/artifact_runtime.py:resolve_persisted_observation",
        "name": "resolve_persisted_observation",
        "filePath": "flowsint-core/src/flowsint_execution/artifact_runtime.py",
        "nodeType": "Function",
        "startLine": 264,
        "endLine": 314,
        "content": "def resolve_persisted_observation(     value: str,     metadata: object,     observation_id: str,     *,     caller_id: str,     scope: str,     source_family: str,     operation_id: str,     occurrence_id: str,     config_path: str | os.PathLike[str] | None = None,     now: datetime | None = None, ) -> ObservationResolveResult:     \"\"\"Resolve one canonical persisted observation under current retention authority.\"\"\"     from .models import PersistedMetadata     from .observed_extraction import (         extraction_policy_from_metadata, parse_observed_extraction_metadata,         resolve_observation_span,     )     source = resolve_persisted_source_proof(         value, caller_id=caller_id, scope=scope, source_family=source_family,         operation_id=operation_id, occurrence_id=occurrence_id,         config_path=config_path, now=now,     )     if source.state is not ArtifactState.AVAILABLE or source.body is None:         return ObservationResolveResult(source.state, source.reason)     try:         proof = decode_source_proof(value)         if type(metadata) is not PersistedMetadata:             raise ValueError(\"metadata type mismatch\")         result = parse_observed_extraction_metadata(metadata)         matches = tuple(item for item in result.observations                         if item.observation_id == observation_id)         if len(matches) != 1:             raise ValueError(\"observation id mismatch\")         observation = matches[0]         if (observation.occurrence_id != proof.context.occurrence_id                 or observation.input_ref != proof.input_ref):             raise ValueError(\"observation proof ownership mismatch\")         resolved = resolve_observation_span(             source.body, proof.artifact, observation,             expected_occurrence_id=occurrence_id, expected_input_ref=proof.input_ref,             policy=extraction_policy_from_metadata(metadata),         )     except (TypeError, ValueError, ArtifactBindingError):         return ObservationResolveResult(ArtifactState.REVIEW, \"observation_metadata_invalid\")     return ObservationResolveResult(         ArtifactState.AVAILABLE, \"resolved\", observation, resolved.raw, resolved.text,         resolved.context_raw, resolved.context_text,     )"
    },
    "symbols": [
        {
            "id": "Function:flowsint-core/src/flowsint_execution/artifact_runtime.py:resolve_persisted_observation",
            "name": "resolve_persisted_observation",
            "filePath": "flowsint-core/src/flowsint_execution/artifact_runtime.py",
            "nodeType": "Function",
            "startLine": 264,
            "endLine": 314,
            "content": "def resolve_persisted_observation(     value: str,     metadata: object,     observation_id: str,     *,     caller_id: str,     scope: str,     source_family: str,     operation_id: str,     occurrence_id: str,     config_path: str | os.PathLike[str] | None = None,     now: datetime | None = None, ) -> ObservationResolveResult:     \"\"\"Resolve one canonical persisted observation under current retention authority.\"\"\"     from .models import PersistedMetadata     from .observed_extraction import (         extraction_policy_from_metadata, parse_observed_extraction_metadata,         resolve_observation_span,     )     source = resolve_persisted_source_proof(         value, caller_id=caller_id, scope=scope, source_family=source_family,         operation_id=operation_id, occurrence_id=occurrence_id,         config_path=config_path, now=now,     )     if source.state is not ArtifactState.AVAILABLE or source.body is None:         return ObservationResolveResult(source.state, source.reason)     try:         proof = decode_source_proof(value)         if type(metadata) is not PersistedMetadata:             raise ValueError(\"metadata type mismatch\")         result = parse_observed_extraction_metadata(metadata)         matches = tuple(item for item in result.observations                         if item.observation_id == observation_id)         if len(matches) != 1:             raise ValueError(\"observation id mismatch\")         observation = matches[0]         if (observation.occurrence_id != proof.context.occurrence_id                 or observation.input_ref != proof.input_ref):             raise ValueError(\"observation proof ownership mismatch\")         resolved = resolve_observation_span(             source.body, proof.artifact, observation,             expected_occurrence_id=occurrence_id, expected_input_ref=proof.input_ref,             policy=extraction_policy_from_metadata(metadata),         )     except (TypeError, ValueError, ArtifactBindingError):         return ObservationResolveResult(ArtifactState.REVIEW, \"observation_metadata_invalid\")     return ObservationResolveResult(         ArtifactState.AVAILABLE, \"resolved\", observation, resolved.raw, resolved.text,         resolved.context_raw, resolved.context_text,     )"
        }
    ],
    "edges": [],
    "files": [
        {
            "filePath": "flowsint-core/src/flowsint_execution/artifact_runtime.py",
            "count": 1,
            "symbols": [
                {
                    "id": "Function:flowsint-core/src/flowsint_execution/artifact_runtime.py:resolve_persisted_observation",
                    "name": "resolve_persisted_observation",
                    "filePath": "flowsint-core/src/flowsint_execution/artifact_runtime.py",
                    "nodeType": "Function",
                    "startLine": 264,
                    "endLine": 314,
                    "content": "def resolve_persisted_observation(     value: str,     metadata: object,     observation_id: str,     *,     caller_id: str,     scope: str,     source_family: str,     operation_id: str,     occurrence_id: str,     config_path: str | os.PathLike[str] | None = None,     now: datetime | None = None, ) -> ObservationResolveResult:     \"\"\"Resolve one canonical persisted observation under current retention authority.\"\"\"     from .models import PersistedMetadata     from .observed_extraction import (         extraction_policy_from_metadata, parse_observed_extraction_metadata,         resolve_observation_span,     )     source = resolve_persisted_source_proof(         value, caller_id=caller_id, scope=scope, source_family=source_family,         operation_id=operation_id, occurrence_id=occurrence_id,         config_path=config_path, now=now,     )     if source.state is not ArtifactState.AVAILABLE or source.body is None:         return ObservationResolveResult(source.state, source.reason)     try:         proof = decode_source_proof(value)         if type(metadata) is not PersistedMetadata:             raise ValueError(\"metadata type mismatch\")         result = parse_observed_extraction_metadata(metadata)         matches = tuple(item for item in result.observations                         if item.observation_id == observation_id)         if len(matches) != 1:             raise ValueError(\"observation id mismatch\")         observation = matches[0]         if (observation.occurrence_id != proof.context.occurrence_id                 or observation.input_ref != proof.input_ref):             raise ValueError(\"observation proof ownership mismatch\")         resolved = resolve_observation_span(             source.body, proof.artifact, observation,             expected_occurrence_id=occurrence_id, expected_input_ref=proof.input_ref,             policy=extraction_policy_from_metadata(metadata),         )     except (TypeError, ValueError, ArtifactBindingError):         return ObservationResolveResult(ArtifactState.REVIEW, \"observation_metadata_invalid\")     return ObservationResolveResult(         ArtifactState.AVAILABLE, \"resolved\", observation, resolved.raw, resolved.text,         resolved.context_raw, resolved.context_text,     )"
                }
            ]
        }
    ],
    "affected_modules": [],
    "affected_processes": [],
    "byDepth": {},
    "summary": {
        "cwd": "/home/n4s5ti/Documents/dev/fl0sint-def45-extraction",
        "rootPath": "/home/n4s5ti/Documents/dev/fl0sint-def45-extraction",
        "repo": "fl0sint-def45-extraction",
        "lbugPath": "/home/n4s5ti/Documents/dev/fl0sint-def45-extraction/.gitnexus/lbug",
        "symbol": "flowsint-core/src/flowsint_execution/artifact_runtime.py:resolve_persisted_observation",
        "rootSymbols": 1,
        "totalSymbols": 1,
        "totalEdges": 0,
        "filesMatched": 1,
        "truncated": false,
        "direct": 0,
        "processes": 0,
        "modules": 0
    },
    "warnings": [],
    "completeness": "partial",
    "completenessReasons": [
        "no-call-edges"
    ],
    "indexStatus": "ready"
}
