{
    "symbol": "flowsint-core/src/flowsint_execution/artifacts.py:resolve_span",
    "repo": "fl0sint-def45-extraction",
    "lbugPath": "/home/n4s5ti/Documents/dev/fl0sint-def45-extraction/.gitnexus/lbug",
    "rootPath": "/home/n4s5ti/Documents/dev/fl0sint-def45-extraction",
    "direction": "downstream",
    "risk": "MEDIUM",
    "target": {
        "id": "Function:flowsint-core/src/flowsint_execution/artifacts.py:resolve_span",
        "name": "resolve_span",
        "filePath": "flowsint-core/src/flowsint_execution/artifacts.py",
        "nodeType": "Function",
        "startLine": 367,
        "endLine": 389,
        "content": "def resolve_span(store: FilesystemArtifactStore, context: ArtifactContext,                  decision: RetentionDecision | None, artifact: ArtifactReference, span: SourceProofSpanReference, *,                  authority: RetentionAuthority | None = None, now: datetime | None = None) -> SpanResolveResult:     resolved = resolve_source(store, context, decision, artifact, authority=authority, now=now)     if resolved.state is not ArtifactState.AVAILABLE or resolved.body is None:         return SpanResolveResult(resolved.state, resolved.reason)     if decision is None or not decision.retain_normalized_text:         return SpanResolveResult(ArtifactState.REVIEW, \"normalized_retention_prohibited\")     fresh = normalize_html(resolved.body)     for index, mapped in enumerate(fresh.spans):         if (getattr(span, \"span_id\", None) == f\"span-{artifact.snapshot_id}-{index}\"             and getattr(span, \"artifact_id\", None) == artifact.artifact_id             and getattr(span, \"field_pointer\", None) is None             and getattr(span, \"byte_start\", None) == mapped.raw_start             and getattr(span, \"byte_end\", None) == mapped.raw_end             and getattr(span, \"normalized_start\", None) == mapped.normalized_start             and getattr(span, \"normalized_end\", None) == mapped.normalized_end             and getattr(span, \"raw_offset_unit\", None) == \"byte\"             and getattr(span, \"normalized_offset_unit\", None) == \"unicode_code_point\"             and getattr(span, \"source_encoding\", None) == \"utf-8\"):             return SpanResolveResult(ArtifactState.AVAILABLE, \"resolved\",                 fresh.text[mapped.normalized_start:mapped.normalized_end])     return SpanResolveResult(ArtifactState.REVIEW, \"span_mismatch\")"
    },
    "symbols": [
        {
            "id": "Function:flowsint-core/src/flowsint_execution/artifacts.py:resolve_span",
            "name": "resolve_span",
            "filePath": "flowsint-core/src/flowsint_execution/artifacts.py",
            "nodeType": "Function",
            "startLine": 367,
            "endLine": 389,
            "content": "def resolve_span(store: FilesystemArtifactStore, context: ArtifactContext,                  decision: RetentionDecision | None, artifact: ArtifactReference, span: SourceProofSpanReference, *,                  authority: RetentionAuthority | None = None, now: datetime | None = None) -> SpanResolveResult:     resolved = resolve_source(store, context, decision, artifact, authority=authority, now=now)     if resolved.state is not ArtifactState.AVAILABLE or resolved.body is None:         return SpanResolveResult(resolved.state, resolved.reason)     if decision is None or not decision.retain_normalized_text:         return SpanResolveResult(ArtifactState.REVIEW, \"normalized_retention_prohibited\")     fresh = normalize_html(resolved.body)     for index, mapped in enumerate(fresh.spans):         if (getattr(span, \"span_id\", None) == f\"span-{artifact.snapshot_id}-{index}\"             and getattr(span, \"artifact_id\", None) == artifact.artifact_id             and getattr(span, \"field_pointer\", None) is None             and getattr(span, \"byte_start\", None) == mapped.raw_start             and getattr(span, \"byte_end\", None) == mapped.raw_end             and getattr(span, \"normalized_start\", None) == mapped.normalized_start             and getattr(span, \"normalized_end\", None) == mapped.normalized_end             and getattr(span, \"raw_offset_unit\", None) == \"byte\"             and getattr(span, \"normalized_offset_unit\", None) == \"unicode_code_point\"             and getattr(span, \"source_encoding\", None) == \"utf-8\"):             return SpanResolveResult(ArtifactState.AVAILABLE, \"resolved\",                 fresh.text[mapped.normalized_start:mapped.normalized_end])     return SpanResolveResult(ArtifactState.REVIEW, \"span_mismatch\")"
        },
        {
            "id": "Function:flowsint-core/src/flowsint_execution/artifacts.py:_aware",
            "name": "_aware",
            "filePath": "flowsint-core/src/flowsint_execution/artifacts.py",
            "nodeType": "Function",
            "startLine": 135,
            "endLine": 136,
            "content": "def _aware(value: datetime) -> bool:     return value.tzinfo is not None and value.utcoffset() is not None"
        },
        {
            "id": "Function:flowsint-core/src/flowsint_execution/artifacts.py:_bound",
            "name": "_bound",
            "filePath": "flowsint-core/src/flowsint_execution/artifacts.py",
            "nodeType": "Function",
            "startLine": 138,
            "endLine": 148,
            "content": "def _bound(context: ArtifactContext, decision: RetentionDecision, now: datetime) -> str | None:     if not _aware(now) or not _aware(decision.issued_at) or not _aware(decision.expires_at):         return \"malformed_policy_time\"     if now < decision.issued_at:         return \"policy_not_yet_valid\"     if now >= decision.expires_at:         return \"policy_expired\"     if (context.operation_id != decision.operation_id or context.caller_id != decision.caller_id             or context.scope != decision.scope or context.source_family != decision.source_family):         return \"authorization_mismatch\"     return None"
        },
        {
            "id": "Function:flowsint-core/src/flowsint_execution/artifacts.py:_current_policy",
            "name": "_current_policy",
            "filePath": "flowsint-core/src/flowsint_execution/artifacts.py",
            "nodeType": "Function",
            "startLine": 150,
            "endLine": 162,
            "content": "def _current_policy(decision: RetentionDecision, authority: RetentionAuthority | None,                     now: datetime) -> tuple[ArtifactState, str] | None:     if authority is None:         return ArtifactState.HOLD, \"current_policy_unavailable\"     if not _aware(authority.expires_at):         return ArtifactState.REVIEW, \"malformed_current_policy\"     if now >= authority.expires_at:         return ArtifactState.REVIEW, \"current_policy_expired\"     fields = (\"issuer_id\", \"reviewer_id\", \"policy_id\", \"policy_digest\", \"caller_id\", \"scope\",               \"source_family\", \"expires_at\", \"retain_body\", \"retain_normalized_text\")     if any(getattr(decision, name) != getattr(authority, name) for name in fields):         return ArtifactState.REVIEW, \"current_policy_mismatch\"     return None"
        },
        {
            "id": "Function:flowsint-core/src/flowsint_execution/artifacts.py:resolve_source",
            "name": "resolve_source",
            "filePath": "flowsint-core/src/flowsint_execution/artifacts.py",
            "nodeType": "Function",
            "startLine": 328,
            "endLine": 365,
            "content": "def resolve_source(store: FilesystemArtifactStore, context: ArtifactContext,                    decision: RetentionDecision | None, artifact: ArtifactReference, *,                    authority: RetentionAuthority | None = None, now: datetime | None = None) -> ResolveResult:     current = now or datetime.now(timezone.utc)     if decision is None: return ResolveResult(ArtifactState.HOLD, \"retention_policy_unavailable\")     policy = _current_policy(decision, authority, current)     if policy: return ResolveResult(*policy)     mismatch = _bound(context, decision, current)     if mismatch: return ResolveResult(ArtifactState.REVIEW, mismatch)     try: body, metadata = store.read(artifact.content_digest, artifact.snapshot_id, expected_length=artifact.byte_length)     except (FileNotFoundError, OSError, ValueError, TypeError, json.JSONDecodeError): return ResolveResult(ArtifactState.REVIEW, \"artifact_missing\")     try:         issued, expiry = datetime.fromisoformat(metadata[\"issued_at\"]), datetime.fromisoformat(metadata[\"expires_at\"])         if not _aware(issued) or not _aware(expiry): raise ValueError     except (KeyError, TypeError, ValueError): return ResolveResult(ArtifactState.REVIEW, \"metadata_mismatch\")     if current >= expiry: return ResolveResult(ArtifactState.REVIEW, \"artifact_expired\")     expected = {\"snapshot_id\": artifact.snapshot_id, \"artifact_id\": artifact.artifact_id,         \"operation_id\": context.operation_id, \"occurrence_id\": context.occurrence_id, \"caller_id\": context.caller_id,         \"scope\": context.scope, \"source_family\": context.source_family, \"origin\": context.origin,         \"requested_url\": context.requested_url, \"final_url\": context.final_url,         \"retrieved_at\": artifact.retrieved_at.isoformat(), \"event_at\": artifact.event_at.isoformat() if artifact.event_at else None,         \"policy_digest\": decision.policy_digest, \"policy_id\": decision.policy_id, \"issuer_id\": decision.issuer_id,         \"reviewer_id\": decision.reviewer_id, \"issued_at\": decision.issued_at.isoformat(),         \"expires_at\": decision.expires_at.isoformat(), \"retain_body\": decision.retain_body,         \"retain_normalized_text\": decision.retain_normalized_text, \"content_digest\": artifact.content_digest,         \"byte_length\": artifact.byte_length}     if any(metadata.get(k) != v for k, v in expected.items()): return ResolveResult(ArtifactState.REVIEW, \"metadata_mismatch\")     if artifact.origin != context.origin or artifact.requested_url != context.requested_url or artifact.final_url != context.final_url:         return ResolveResult(ArtifactState.REVIEW, \"metadata_mismatch\")     if len(body) != artifact.byte_length or hashlib.sha256(body).hexdigest() != artifact.content_digest:         return ResolveResult(ArtifactState.REVIEW, \"digest_mismatch\")     try: fresh = normalize_html(body)     except ValueError: return ResolveResult(ArtifactState.REVIEW, \"normalized_source_mismatch\")     stored = metadata.get(\"normalized\")     wanted = ({\"text\": fresh.text, \"spans\": [asdict(s) for s in fresh.spans], \"source_digest\": fresh.source_digest}               if decision.retain_normalized_text else None)     if stored is not None and stored != wanted: return ResolveResult(ArtifactState.REVIEW, \"normalized_metadata_mismatch\")     return ResolveResult(ArtifactState.AVAILABLE, \"resolved\", body)"
        },
        {
            "id": "Function:flowsint-core/src/flowsint_execution/artifacts.py:normalize_html",
            "name": "normalize_html",
            "filePath": "flowsint-core/src/flowsint_execution/artifacts.py",
            "nodeType": "Function",
            "startLine": 419,
            "endLine": 453,
            "content": "def normalize_html(body: bytes) -> NormalizedSource:     try: source = body.decode(\"utf-8\", errors=\"strict\")     except UnicodeDecodeError as error: raise ValueError(\"unsupported_source_encoding\") from error     char_to_byte = [0]     for character in source: char_to_byte.append(char_to_byte[-1] + len(character.encode(\"utf-8\")))     parser = _ExactHTMLText(source, char_to_byte)     try: parser.feed(source); parser.close()     except (ValueError, AssertionError) as error: raise ValueError(\"malformed_html_mapping\") from error     spans: list[NormalizedSpan] = []; normalized = \"\"; pending: tuple[int, int] | None = None; previous_end = None     def emit(text: str, raw_start: int, raw_end: int) -> None:         nonlocal normalized         if not text or raw_start >= raw_end: return         start = len(normalized); normalized += text         spans.append(NormalizedSpan(raw_start, raw_end, start, len(normalized), text))     for atom in parser.atoms:         if previous_end is not None and atom.raw_start > previous_end and normalized: pending = (previous_end, atom.raw_start)         # One deterministic mapping per text node is enough even when whitespace is         # normalized.  Entity callbacks remain separate atoms because their raw byte         # ranges differ.  This avoids token/character-scale metadata growth.         value = re.sub(r\"\\s+\", \" \", atom.text, flags=re.UNICODE)         leading = value.startswith(\" \")         trailing = value.endswith(\" \")         content = value.strip(\" \")         if leading and normalized:             pending = (atom.raw_start, atom.raw_end)         if content:             if pending and normalized: emit(\" \", *pending)             pending = None             emit(content, atom.raw_start, atom.raw_end)         if trailing and normalized:             pending = (atom.raw_start, atom.raw_end)         previous_end = atom.raw_end     result = NormalizedSource(normalized, tuple(spans), source_digest=hashlib.sha256(body).hexdigest())     if \"\".join(span.emitted_text for span in spans) != normalized: raise ValueError(\"normalized_mapping_invariant\")     return result"
        },
        {
            "id": "Function:flowsint-core/src/flowsint_execution/artifacts.py:emit",
            "name": "emit",
            "filePath": "flowsint-core/src/flowsint_execution/artifacts.py",
            "nodeType": "Function",
            "startLine": 428,
            "endLine": 432,
            "content": "    def emit(text: str, raw_start: int, raw_end: int) -> None:         nonlocal normalized         if not text or raw_start >= raw_end: return         start = len(normalized); normalized += text         spans.append(NormalizedSpan(raw_start, raw_end, start, len(normalized), text))"
        },
        {
            "id": "Method:flowsint-core/src/flowsint_execution/artifacts.py:FilesystemArtifactStore._root_fd#0",
            "name": "_root_fd",
            "filePath": "flowsint-core/src/flowsint_execution/artifacts.py",
            "nodeType": "Method",
            "startLine": 178,
            "endLine": 179,
            "content": "    def _root_fd(self) -> int:         return os.open(self.root, os.O_RDONLY | os.O_DIRECTORY | os.O_NOFOLLOW)"
        },
        {
            "id": "Method:flowsint-core/src/flowsint_execution/artifacts.py:FilesystemArtifactStore._dir#2",
            "name": "_dir",
            "filePath": "flowsint-core/src/flowsint_execution/artifacts.py",
            "nodeType": "Method",
            "startLine": 181,
            "endLine": 182,
            "content": "    def _dir(fd: int, name: str) -> int:         return os.open(name, os.O_RDONLY | os.O_DIRECTORY | os.O_NOFOLLOW, dir_fd=fd)"
        },
        {
            "id": "Method:flowsint-core/src/flowsint_execution/artifacts.py:FilesystemArtifactStore._read_bounded#2",
            "name": "_read_bounded",
            "filePath": "flowsint-core/src/flowsint_execution/artifacts.py",
            "nodeType": "Method",
            "startLine": 184,
            "endLine": 194,
            "content": "    def _read_bounded(fd: int, limit: int) -> bytes:         info = os.fstat(fd)         if not stat.S_ISREG(info.st_mode) or info.st_size > limit:             raise OSError(\"unsafe or oversized artifact file\")         chunks, remaining = [], info.st_size         while remaining:             chunk = os.read(fd, min(remaining, 1024 * 1024))             if not chunk: raise OSError(\"short artifact read\")             chunks.append(chunk); remaining -= len(chunk)         if os.read(fd, 1): raise OSError(\"artifact grew during read\")         return b\"\".join(chunks)"
        },
        {
            "id": "Method:flowsint-core/src/flowsint_execution/artifacts.py:FilesystemArtifactStore.read#3",
            "name": "read",
            "filePath": "flowsint-core/src/flowsint_execution/artifacts.py",
            "nodeType": "Method",
            "startLine": 250,
            "endLine": 271,
            "content": "    def read(self, digest: str, snapshot_id: str, *, expected_length: int | None = None) -> tuple[bytes, dict[str, Any]]:         if not re.fullmatch(_DIGEST, digest) or not re.fullmatch(r\"[a-f0-9]{32}\", snapshot_id): raise FileNotFoundError         if expected_length is None or not 0 <= expected_length <= _MAX_ARTIFACT_BYTES: raise ValueError(\"invalid length\")         root_fd = self._root_fd()         try:             records_fd = self._dir(root_fd, \"records\")             try:                 fd = os.open(f\"{snapshot_id}.json\", os.O_RDONLY | os.O_NOFOLLOW, dir_fd=records_fd)                 try: metadata = json.loads(self._read_bounded(fd, _MAX_METADATA_BYTES))                 finally: os.close(fd)             finally: os.close(records_fd)             objects_fd = self._dir(root_fd, \"objects\")             try:                 prefix_fd = self._dir(objects_fd, digest[:2])                 try:                     fd = os.open(f\"{digest}.body\", os.O_RDONLY | os.O_NOFOLLOW, dir_fd=prefix_fd)                     try: body = self._read_bounded(fd, expected_length)                     finally: os.close(fd)                 finally: os.close(prefix_fd)             finally: os.close(objects_fd)             return body, metadata         finally: os.close(root_fd)"
        }
    ],
    "edges": [
        {
            "from": "Function:flowsint-core/src/flowsint_execution/artifacts.py:resolve_span",
            "to": "Function:flowsint-core/src/flowsint_execution/artifacts.py:resolve_source",
            "type": "CALLS",
            "confidence": 0.85
        },
        {
            "from": "Function:flowsint-core/src/flowsint_execution/artifacts.py:resolve_span",
            "to": "Function:flowsint-core/src/flowsint_execution/artifacts.py:normalize_html",
            "type": "CALLS",
            "confidence": 0.85
        },
        {
            "from": "Function:flowsint-core/src/flowsint_execution/artifacts.py:resolve_source",
            "to": "Method:flowsint-core/src/flowsint_execution/artifacts.py:FilesystemArtifactStore.read#3",
            "type": "CALLS",
            "confidence": 0.85
        },
        {
            "from": "Function:flowsint-core/src/flowsint_execution/artifacts.py:resolve_source",
            "to": "Function:flowsint-core/src/flowsint_execution/artifacts.py:_aware",
            "type": "CALLS",
            "confidence": 0.85
        },
        {
            "from": "Function:flowsint-core/src/flowsint_execution/artifacts.py:resolve_source",
            "to": "Function:flowsint-core/src/flowsint_execution/artifacts.py:_bound",
            "type": "CALLS",
            "confidence": 0.85
        },
        {
            "from": "Function:flowsint-core/src/flowsint_execution/artifacts.py:resolve_source",
            "to": "Function:flowsint-core/src/flowsint_execution/artifacts.py:_current_policy",
            "type": "CALLS",
            "confidence": 0.85
        },
        {
            "from": "Function:flowsint-core/src/flowsint_execution/artifacts.py:resolve_source",
            "to": "Function:flowsint-core/src/flowsint_execution/artifacts.py:normalize_html",
            "type": "CALLS",
            "confidence": 0.85
        },
        {
            "from": "Function:flowsint-core/src/flowsint_execution/artifacts.py:normalize_html",
            "to": "Function:flowsint-core/src/flowsint_execution/artifacts.py:emit",
            "type": "CALLS",
            "confidence": 0.85
        },
        {
            "from": "Method:flowsint-core/src/flowsint_execution/artifacts.py:FilesystemArtifactStore.read#3",
            "to": "Method:flowsint-core/src/flowsint_execution/artifacts.py:FilesystemArtifactStore._root_fd#0",
            "type": "CALLS",
            "confidence": 0.85
        },
        {
            "from": "Method:flowsint-core/src/flowsint_execution/artifacts.py:FilesystemArtifactStore.read#3",
            "to": "Method:flowsint-core/src/flowsint_execution/artifacts.py:FilesystemArtifactStore._dir#2",
            "type": "CALLS",
            "confidence": 0.85
        },
        {
            "from": "Method:flowsint-core/src/flowsint_execution/artifacts.py:FilesystemArtifactStore.read#3",
            "to": "Method:flowsint-core/src/flowsint_execution/artifacts.py:FilesystemArtifactStore._read_bounded#2",
            "type": "CALLS",
            "confidence": 0.85
        },
        {
            "from": "Function:flowsint-core/src/flowsint_execution/artifacts.py:_current_policy",
            "to": "Function:flowsint-core/src/flowsint_execution/artifacts.py:_aware",
            "type": "CALLS",
            "confidence": 0.85
        },
        {
            "from": "Function:flowsint-core/src/flowsint_execution/artifacts.py:_bound",
            "to": "Function:flowsint-core/src/flowsint_execution/artifacts.py:_aware",
            "type": "CALLS",
            "confidence": 0.85
        }
    ],
    "files": [
        {
            "filePath": "flowsint-core/src/flowsint_execution/artifacts.py",
            "count": 11,
            "symbols": [
                {
                    "id": "Function:flowsint-core/src/flowsint_execution/artifacts.py:resolve_span",
                    "name": "resolve_span",
                    "filePath": "flowsint-core/src/flowsint_execution/artifacts.py",
                    "nodeType": "Function",
                    "startLine": 367,
                    "endLine": 389,
                    "content": "def resolve_span(store: FilesystemArtifactStore, context: ArtifactContext,                  decision: RetentionDecision | None, artifact: ArtifactReference, span: SourceProofSpanReference, *,                  authority: RetentionAuthority | None = None, now: datetime | None = None) -> SpanResolveResult:     resolved = resolve_source(store, context, decision, artifact, authority=authority, now=now)     if resolved.state is not ArtifactState.AVAILABLE or resolved.body is None:         return SpanResolveResult(resolved.state, resolved.reason)     if decision is None or not decision.retain_normalized_text:         return SpanResolveResult(ArtifactState.REVIEW, \"normalized_retention_prohibited\")     fresh = normalize_html(resolved.body)     for index, mapped in enumerate(fresh.spans):         if (getattr(span, \"span_id\", None) == f\"span-{artifact.snapshot_id}-{index}\"             and getattr(span, \"artifact_id\", None) == artifact.artifact_id             and getattr(span, \"field_pointer\", None) is None             and getattr(span, \"byte_start\", None) == mapped.raw_start             and getattr(span, \"byte_end\", None) == mapped.raw_end             and getattr(span, \"normalized_start\", None) == mapped.normalized_start             and getattr(span, \"normalized_end\", None) == mapped.normalized_end             and getattr(span, \"raw_offset_unit\", None) == \"byte\"             and getattr(span, \"normalized_offset_unit\", None) == \"unicode_code_point\"             and getattr(span, \"source_encoding\", None) == \"utf-8\"):             return SpanResolveResult(ArtifactState.AVAILABLE, \"resolved\",                 fresh.text[mapped.normalized_start:mapped.normalized_end])     return SpanResolveResult(ArtifactState.REVIEW, \"span_mismatch\")"
                },
                {
                    "id": "Function:flowsint-core/src/flowsint_execution/artifacts.py:_aware",
                    "name": "_aware",
                    "filePath": "flowsint-core/src/flowsint_execution/artifacts.py",
                    "nodeType": "Function",
                    "startLine": 135,
                    "endLine": 136,
                    "content": "def _aware(value: datetime) -> bool:     return value.tzinfo is not None and value.utcoffset() is not None"
                },
                {
                    "id": "Function:flowsint-core/src/flowsint_execution/artifacts.py:_bound",
                    "name": "_bound",
                    "filePath": "flowsint-core/src/flowsint_execution/artifacts.py",
                    "nodeType": "Function",
                    "startLine": 138,
                    "endLine": 148,
                    "content": "def _bound(context: ArtifactContext, decision: RetentionDecision, now: datetime) -> str | None:     if not _aware(now) or not _aware(decision.issued_at) or not _aware(decision.expires_at):         return \"malformed_policy_time\"     if now < decision.issued_at:         return \"policy_not_yet_valid\"     if now >= decision.expires_at:         return \"policy_expired\"     if (context.operation_id != decision.operation_id or context.caller_id != decision.caller_id             or context.scope != decision.scope or context.source_family != decision.source_family):         return \"authorization_mismatch\"     return None"
                },
                {
                    "id": "Function:flowsint-core/src/flowsint_execution/artifacts.py:_current_policy",
                    "name": "_current_policy",
                    "filePath": "flowsint-core/src/flowsint_execution/artifacts.py",
                    "nodeType": "Function",
                    "startLine": 150,
                    "endLine": 162,
                    "content": "def _current_policy(decision: RetentionDecision, authority: RetentionAuthority | None,                     now: datetime) -> tuple[ArtifactState, str] | None:     if authority is None:         return ArtifactState.HOLD, \"current_policy_unavailable\"     if not _aware(authority.expires_at):         return ArtifactState.REVIEW, \"malformed_current_policy\"     if now >= authority.expires_at:         return ArtifactState.REVIEW, \"current_policy_expired\"     fields = (\"issuer_id\", \"reviewer_id\", \"policy_id\", \"policy_digest\", \"caller_id\", \"scope\",               \"source_family\", \"expires_at\", \"retain_body\", \"retain_normalized_text\")     if any(getattr(decision, name) != getattr(authority, name) for name in fields):         return ArtifactState.REVIEW, \"current_policy_mismatch\"     return None"
                },
                {
                    "id": "Function:flowsint-core/src/flowsint_execution/artifacts.py:resolve_source",
                    "name": "resolve_source",
                    "filePath": "flowsint-core/src/flowsint_execution/artifacts.py",
                    "nodeType": "Function",
                    "startLine": 328,
                    "endLine": 365,
                    "content": "def resolve_source(store: FilesystemArtifactStore, context: ArtifactContext,                    decision: RetentionDecision | None, artifact: ArtifactReference, *,                    authority: RetentionAuthority | None = None, now: datetime | None = None) -> ResolveResult:     current = now or datetime.now(timezone.utc)     if decision is None: return ResolveResult(ArtifactState.HOLD, \"retention_policy_unavailable\")     policy = _current_policy(decision, authority, current)     if policy: return ResolveResult(*policy)     mismatch = _bound(context, decision, current)     if mismatch: return ResolveResult(ArtifactState.REVIEW, mismatch)     try: body, metadata = store.read(artifact.content_digest, artifact.snapshot_id, expected_length=artifact.byte_length)     except (FileNotFoundError, OSError, ValueError, TypeError, json.JSONDecodeError): return ResolveResult(ArtifactState.REVIEW, \"artifact_missing\")     try:         issued, expiry = datetime.fromisoformat(metadata[\"issued_at\"]), datetime.fromisoformat(metadata[\"expires_at\"])         if not _aware(issued) or not _aware(expiry): raise ValueError     except (KeyError, TypeError, ValueError): return ResolveResult(ArtifactState.REVIEW, \"metadata_mismatch\")     if current >= expiry: return ResolveResult(ArtifactState.REVIEW, \"artifact_expired\")     expected = {\"snapshot_id\": artifact.snapshot_id, \"artifact_id\": artifact.artifact_id,         \"operation_id\": context.operation_id, \"occurrence_id\": context.occurrence_id, \"caller_id\": context.caller_id,         \"scope\": context.scope, \"source_family\": context.source_family, \"origin\": context.origin,         \"requested_url\": context.requested_url, \"final_url\": context.final_url,         \"retrieved_at\": artifact.retrieved_at.isoformat(), \"event_at\": artifact.event_at.isoformat() if artifact.event_at else None,         \"policy_digest\": decision.policy_digest, \"policy_id\": decision.policy_id, \"issuer_id\": decision.issuer_id,         \"reviewer_id\": decision.reviewer_id, \"issued_at\": decision.issued_at.isoformat(),         \"expires_at\": decision.expires_at.isoformat(), \"retain_body\": decision.retain_body,         \"retain_normalized_text\": decision.retain_normalized_text, \"content_digest\": artifact.content_digest,         \"byte_length\": artifact.byte_length}     if any(metadata.get(k) != v for k, v in expected.items()): return ResolveResult(ArtifactState.REVIEW, \"metadata_mismatch\")     if artifact.origin != context.origin or artifact.requested_url != context.requested_url or artifact.final_url != context.final_url:         return ResolveResult(ArtifactState.REVIEW, \"metadata_mismatch\")     if len(body) != artifact.byte_length or hashlib.sha256(body).hexdigest() != artifact.content_digest:         return ResolveResult(ArtifactState.REVIEW, \"digest_mismatch\")     try: fresh = normalize_html(body)     except ValueError: return ResolveResult(ArtifactState.REVIEW, \"normalized_source_mismatch\")     stored = metadata.get(\"normalized\")     wanted = ({\"text\": fresh.text, \"spans\": [asdict(s) for s in fresh.spans], \"source_digest\": fresh.source_digest}               if decision.retain_normalized_text else None)     if stored is not None and stored != wanted: return ResolveResult(ArtifactState.REVIEW, \"normalized_metadata_mismatch\")     return ResolveResult(ArtifactState.AVAILABLE, \"resolved\", body)"
                },
                {
                    "id": "Function:flowsint-core/src/flowsint_execution/artifacts.py:normalize_html",
                    "name": "normalize_html",
                    "filePath": "flowsint-core/src/flowsint_execution/artifacts.py",
                    "nodeType": "Function",
                    "startLine": 419,
                    "endLine": 453,
                    "content": "def normalize_html(body: bytes) -> NormalizedSource:     try: source = body.decode(\"utf-8\", errors=\"strict\")     except UnicodeDecodeError as error: raise ValueError(\"unsupported_source_encoding\") from error     char_to_byte = [0]     for character in source: char_to_byte.append(char_to_byte[-1] + len(character.encode(\"utf-8\")))     parser = _ExactHTMLText(source, char_to_byte)     try: parser.feed(source); parser.close()     except (ValueError, AssertionError) as error: raise ValueError(\"malformed_html_mapping\") from error     spans: list[NormalizedSpan] = []; normalized = \"\"; pending: tuple[int, int] | None = None; previous_end = None     def emit(text: str, raw_start: int, raw_end: int) -> None:         nonlocal normalized         if not text or raw_start >= raw_end: return         start = len(normalized); normalized += text         spans.append(NormalizedSpan(raw_start, raw_end, start, len(normalized), text))     for atom in parser.atoms:         if previous_end is not None and atom.raw_start > previous_end and normalized: pending = (previous_end, atom.raw_start)         # One deterministic mapping per text node is enough even when whitespace is         # normalized.  Entity callbacks remain separate atoms because their raw byte         # ranges differ.  This avoids token/character-scale metadata growth.         value = re.sub(r\"\\s+\", \" \", atom.text, flags=re.UNICODE)         leading = value.startswith(\" \")         trailing = value.endswith(\" \")         content = value.strip(\" \")         if leading and normalized:             pending = (atom.raw_start, atom.raw_end)         if content:             if pending and normalized: emit(\" \", *pending)             pending = None             emit(content, atom.raw_start, atom.raw_end)         if trailing and normalized:             pending = (atom.raw_start, atom.raw_end)         previous_end = atom.raw_end     result = NormalizedSource(normalized, tuple(spans), source_digest=hashlib.sha256(body).hexdigest())     if \"\".join(span.emitted_text for span in spans) != normalized: raise ValueError(\"normalized_mapping_invariant\")     return result"
                },
                {
                    "id": "Function:flowsint-core/src/flowsint_execution/artifacts.py:emit",
                    "name": "emit",
                    "filePath": "flowsint-core/src/flowsint_execution/artifacts.py",
                    "nodeType": "Function",
                    "startLine": 428,
                    "endLine": 432,
                    "content": "    def emit(text: str, raw_start: int, raw_end: int) -> None:         nonlocal normalized         if not text or raw_start >= raw_end: return         start = len(normalized); normalized += text         spans.append(NormalizedSpan(raw_start, raw_end, start, len(normalized), text))"
                },
                {
                    "id": "Method:flowsint-core/src/flowsint_execution/artifacts.py:FilesystemArtifactStore._root_fd#0",
                    "name": "_root_fd",
                    "filePath": "flowsint-core/src/flowsint_execution/artifacts.py",
                    "nodeType": "Method",
                    "startLine": 178,
                    "endLine": 179,
                    "content": "    def _root_fd(self) -> int:         return os.open(self.root, os.O_RDONLY | os.O_DIRECTORY | os.O_NOFOLLOW)"
                },
                {
                    "id": "Method:flowsint-core/src/flowsint_execution/artifacts.py:FilesystemArtifactStore._dir#2",
                    "name": "_dir",
                    "filePath": "flowsint-core/src/flowsint_execution/artifacts.py",
                    "nodeType": "Method",
                    "startLine": 181,
                    "endLine": 182,
                    "content": "    def _dir(fd: int, name: str) -> int:         return os.open(name, os.O_RDONLY | os.O_DIRECTORY | os.O_NOFOLLOW, dir_fd=fd)"
                },
                {
                    "id": "Method:flowsint-core/src/flowsint_execution/artifacts.py:FilesystemArtifactStore._read_bounded#2",
                    "name": "_read_bounded",
                    "filePath": "flowsint-core/src/flowsint_execution/artifacts.py",
                    "nodeType": "Method",
                    "startLine": 184,
                    "endLine": 194,
                    "content": "    def _read_bounded(fd: int, limit: int) -> bytes:         info = os.fstat(fd)         if not stat.S_ISREG(info.st_mode) or info.st_size > limit:             raise OSError(\"unsafe or oversized artifact file\")         chunks, remaining = [], info.st_size         while remaining:             chunk = os.read(fd, min(remaining, 1024 * 1024))             if not chunk: raise OSError(\"short artifact read\")             chunks.append(chunk); remaining -= len(chunk)         if os.read(fd, 1): raise OSError(\"artifact grew during read\")         return b\"\".join(chunks)"
                },
                {
                    "id": "Method:flowsint-core/src/flowsint_execution/artifacts.py:FilesystemArtifactStore.read#3",
                    "name": "read",
                    "filePath": "flowsint-core/src/flowsint_execution/artifacts.py",
                    "nodeType": "Method",
                    "startLine": 250,
                    "endLine": 271,
                    "content": "    def read(self, digest: str, snapshot_id: str, *, expected_length: int | None = None) -> tuple[bytes, dict[str, Any]]:         if not re.fullmatch(_DIGEST, digest) or not re.fullmatch(r\"[a-f0-9]{32}\", snapshot_id): raise FileNotFoundError         if expected_length is None or not 0 <= expected_length <= _MAX_ARTIFACT_BYTES: raise ValueError(\"invalid length\")         root_fd = self._root_fd()         try:             records_fd = self._dir(root_fd, \"records\")             try:                 fd = os.open(f\"{snapshot_id}.json\", os.O_RDONLY | os.O_NOFOLLOW, dir_fd=records_fd)                 try: metadata = json.loads(self._read_bounded(fd, _MAX_METADATA_BYTES))                 finally: os.close(fd)             finally: os.close(records_fd)             objects_fd = self._dir(root_fd, \"objects\")             try:                 prefix_fd = self._dir(objects_fd, digest[:2])                 try:                     fd = os.open(f\"{digest}.body\", os.O_RDONLY | os.O_NOFOLLOW, dir_fd=prefix_fd)                     try: body = self._read_bounded(fd, expected_length)                     finally: os.close(fd)                 finally: os.close(prefix_fd)             finally: os.close(objects_fd)             return body, metadata         finally: os.close(root_fd)"
                }
            ]
        }
    ],
    "affected_modules": [
        {
            "name": "flowsint-core",
            "direct": true,
            "symbolCount": 10
        }
    ],
    "affected_processes": [],
    "byDepth": {
        "d=1": {
            "depth": 1,
            "label": "WILL BREAK",
            "symbols": [
                {
                    "id": "Function:flowsint-core/src/flowsint_execution/artifacts.py:resolve_source",
                    "name": "resolve_source",
                    "filePath": "flowsint-core/src/flowsint_execution/artifacts.py",
                    "nodeType": "Function",
                    "startLine": 328,
                    "endLine": 365,
                    "content": "def resolve_source(store: FilesystemArtifactStore, context: ArtifactContext,                    decision: RetentionDecision | None, artifact: ArtifactReference, *,                    authority: RetentionAuthority | None = None, now: datetime | None = None) -> ResolveResult:     current = now or datetime.now(timezone.utc)     if decision is None: return ResolveResult(ArtifactState.HOLD, \"retention_policy_unavailable\")     policy = _current_policy(decision, authority, current)     if policy: return ResolveResult(*policy)     mismatch = _bound(context, decision, current)     if mismatch: return ResolveResult(ArtifactState.REVIEW, mismatch)     try: body, metadata = store.read(artifact.content_digest, artifact.snapshot_id, expected_length=artifact.byte_length)     except (FileNotFoundError, OSError, ValueError, TypeError, json.JSONDecodeError): return ResolveResult(ArtifactState.REVIEW, \"artifact_missing\")     try:         issued, expiry = datetime.fromisoformat(metadata[\"issued_at\"]), datetime.fromisoformat(metadata[\"expires_at\"])         if not _aware(issued) or not _aware(expiry): raise ValueError     except (KeyError, TypeError, ValueError): return ResolveResult(ArtifactState.REVIEW, \"metadata_mismatch\")     if current >= expiry: return ResolveResult(ArtifactState.REVIEW, \"artifact_expired\")     expected = {\"snapshot_id\": artifact.snapshot_id, \"artifact_id\": artifact.artifact_id,         \"operation_id\": context.operation_id, \"occurrence_id\": context.occurrence_id, \"caller_id\": context.caller_id,         \"scope\": context.scope, \"source_family\": context.source_family, \"origin\": context.origin,         \"requested_url\": context.requested_url, \"final_url\": context.final_url,         \"retrieved_at\": artifact.retrieved_at.isoformat(), \"event_at\": artifact.event_at.isoformat() if artifact.event_at else None,         \"policy_digest\": decision.policy_digest, \"policy_id\": decision.policy_id, \"issuer_id\": decision.issuer_id,         \"reviewer_id\": decision.reviewer_id, \"issued_at\": decision.issued_at.isoformat(),         \"expires_at\": decision.expires_at.isoformat(), \"retain_body\": decision.retain_body,         \"retain_normalized_text\": decision.retain_normalized_text, \"content_digest\": artifact.content_digest,         \"byte_length\": artifact.byte_length}     if any(metadata.get(k) != v for k, v in expected.items()): return ResolveResult(ArtifactState.REVIEW, \"metadata_mismatch\")     if artifact.origin != context.origin or artifact.requested_url != context.requested_url or artifact.final_url != context.final_url:         return ResolveResult(ArtifactState.REVIEW, \"metadata_mismatch\")     if len(body) != artifact.byte_length or hashlib.sha256(body).hexdigest() != artifact.content_digest:         return ResolveResult(ArtifactState.REVIEW, \"digest_mismatch\")     try: fresh = normalize_html(body)     except ValueError: return ResolveResult(ArtifactState.REVIEW, \"normalized_source_mismatch\")     stored = metadata.get(\"normalized\")     wanted = ({\"text\": fresh.text, \"spans\": [asdict(s) for s in fresh.spans], \"source_digest\": fresh.source_digest}               if decision.retain_normalized_text else None)     if stored is not None and stored != wanted: return ResolveResult(ArtifactState.REVIEW, \"normalized_metadata_mismatch\")     return ResolveResult(ArtifactState.AVAILABLE, \"resolved\", body)"
                },
                {
                    "id": "Function:flowsint-core/src/flowsint_execution/artifacts.py:normalize_html",
                    "name": "normalize_html",
                    "filePath": "flowsint-core/src/flowsint_execution/artifacts.py",
                    "nodeType": "Function",
                    "startLine": 419,
                    "endLine": 453,
                    "content": "def normalize_html(body: bytes) -> NormalizedSource:     try: source = body.decode(\"utf-8\", errors=\"strict\")     except UnicodeDecodeError as error: raise ValueError(\"unsupported_source_encoding\") from error     char_to_byte = [0]     for character in source: char_to_byte.append(char_to_byte[-1] + len(character.encode(\"utf-8\")))     parser = _ExactHTMLText(source, char_to_byte)     try: parser.feed(source); parser.close()     except (ValueError, AssertionError) as error: raise ValueError(\"malformed_html_mapping\") from error     spans: list[NormalizedSpan] = []; normalized = \"\"; pending: tuple[int, int] | None = None; previous_end = None     def emit(text: str, raw_start: int, raw_end: int) -> None:         nonlocal normalized         if not text or raw_start >= raw_end: return         start = len(normalized); normalized += text         spans.append(NormalizedSpan(raw_start, raw_end, start, len(normalized), text))     for atom in parser.atoms:         if previous_end is not None and atom.raw_start > previous_end and normalized: pending = (previous_end, atom.raw_start)         # One deterministic mapping per text node is enough even when whitespace is         # normalized.  Entity callbacks remain separate atoms because their raw byte         # ranges differ.  This avoids token/character-scale metadata growth.         value = re.sub(r\"\\s+\", \" \", atom.text, flags=re.UNICODE)         leading = value.startswith(\" \")         trailing = value.endswith(\" \")         content = value.strip(\" \")         if leading and normalized:             pending = (atom.raw_start, atom.raw_end)         if content:             if pending and normalized: emit(\" \", *pending)             pending = None             emit(content, atom.raw_start, atom.raw_end)         if trailing and normalized:             pending = (atom.raw_start, atom.raw_end)         previous_end = atom.raw_end     result = NormalizedSource(normalized, tuple(spans), source_digest=hashlib.sha256(body).hexdigest())     if \"\".join(span.emitted_text for span in spans) != normalized: raise ValueError(\"normalized_mapping_invariant\")     return result"
                }
            ]
        },
        "d=2": {
            "depth": 2,
            "label": "LIKELY AFFECTED",
            "symbols": [
                {
                    "id": "Method:flowsint-core/src/flowsint_execution/artifacts.py:FilesystemArtifactStore.read#3",
                    "name": "read",
                    "filePath": "flowsint-core/src/flowsint_execution/artifacts.py",
                    "nodeType": "Method",
                    "startLine": 250,
                    "endLine": 271,
                    "content": "    def read(self, digest: str, snapshot_id: str, *, expected_length: int | None = None) -> tuple[bytes, dict[str, Any]]:         if not re.fullmatch(_DIGEST, digest) or not re.fullmatch(r\"[a-f0-9]{32}\", snapshot_id): raise FileNotFoundError         if expected_length is None or not 0 <= expected_length <= _MAX_ARTIFACT_BYTES: raise ValueError(\"invalid length\")         root_fd = self._root_fd()         try:             records_fd = self._dir(root_fd, \"records\")             try:                 fd = os.open(f\"{snapshot_id}.json\", os.O_RDONLY | os.O_NOFOLLOW, dir_fd=records_fd)                 try: metadata = json.loads(self._read_bounded(fd, _MAX_METADATA_BYTES))                 finally: os.close(fd)             finally: os.close(records_fd)             objects_fd = self._dir(root_fd, \"objects\")             try:                 prefix_fd = self._dir(objects_fd, digest[:2])                 try:                     fd = os.open(f\"{digest}.body\", os.O_RDONLY | os.O_NOFOLLOW, dir_fd=prefix_fd)                     try: body = self._read_bounded(fd, expected_length)                     finally: os.close(fd)                 finally: os.close(prefix_fd)             finally: os.close(objects_fd)             return body, metadata         finally: os.close(root_fd)"
                },
                {
                    "id": "Function:flowsint-core/src/flowsint_execution/artifacts.py:_aware",
                    "name": "_aware",
                    "filePath": "flowsint-core/src/flowsint_execution/artifacts.py",
                    "nodeType": "Function",
                    "startLine": 135,
                    "endLine": 136,
                    "content": "def _aware(value: datetime) -> bool:     return value.tzinfo is not None and value.utcoffset() is not None"
                },
                {
                    "id": "Function:flowsint-core/src/flowsint_execution/artifacts.py:_bound",
                    "name": "_bound",
                    "filePath": "flowsint-core/src/flowsint_execution/artifacts.py",
                    "nodeType": "Function",
                    "startLine": 138,
                    "endLine": 148,
                    "content": "def _bound(context: ArtifactContext, decision: RetentionDecision, now: datetime) -> str | None:     if not _aware(now) or not _aware(decision.issued_at) or not _aware(decision.expires_at):         return \"malformed_policy_time\"     if now < decision.issued_at:         return \"policy_not_yet_valid\"     if now >= decision.expires_at:         return \"policy_expired\"     if (context.operation_id != decision.operation_id or context.caller_id != decision.caller_id             or context.scope != decision.scope or context.source_family != decision.source_family):         return \"authorization_mismatch\"     return None"
                },
                {
                    "id": "Function:flowsint-core/src/flowsint_execution/artifacts.py:_current_policy",
                    "name": "_current_policy",
                    "filePath": "flowsint-core/src/flowsint_execution/artifacts.py",
                    "nodeType": "Function",
                    "startLine": 150,
                    "endLine": 162,
                    "content": "def _current_policy(decision: RetentionDecision, authority: RetentionAuthority | None,                     now: datetime) -> tuple[ArtifactState, str] | None:     if authority is None:         return ArtifactState.HOLD, \"current_policy_unavailable\"     if not _aware(authority.expires_at):         return ArtifactState.REVIEW, \"malformed_current_policy\"     if now >= authority.expires_at:         return ArtifactState.REVIEW, \"current_policy_expired\"     fields = (\"issuer_id\", \"reviewer_id\", \"policy_id\", \"policy_digest\", \"caller_id\", \"scope\",               \"source_family\", \"expires_at\", \"retain_body\", \"retain_normalized_text\")     if any(getattr(decision, name) != getattr(authority, name) for name in fields):         return ArtifactState.REVIEW, \"current_policy_mismatch\"     return None"
                },
                {
                    "id": "Function:flowsint-core/src/flowsint_execution/artifacts.py:emit",
                    "name": "emit",
                    "filePath": "flowsint-core/src/flowsint_execution/artifacts.py",
                    "nodeType": "Function",
                    "startLine": 428,
                    "endLine": 432,
                    "content": "    def emit(text: str, raw_start: int, raw_end: int) -> None:         nonlocal normalized         if not text or raw_start >= raw_end: return         start = len(normalized); normalized += text         spans.append(NormalizedSpan(raw_start, raw_end, start, len(normalized), text))"
                }
            ]
        },
        "d=3": {
            "depth": 3,
            "label": "MAY NEED TESTING",
            "symbols": [
                {
                    "id": "Method:flowsint-core/src/flowsint_execution/artifacts.py:FilesystemArtifactStore._root_fd#0",
                    "name": "_root_fd",
                    "filePath": "flowsint-core/src/flowsint_execution/artifacts.py",
                    "nodeType": "Method",
                    "startLine": 178,
                    "endLine": 179,
                    "content": "    def _root_fd(self) -> int:         return os.open(self.root, os.O_RDONLY | os.O_DIRECTORY | os.O_NOFOLLOW)"
                },
                {
                    "id": "Method:flowsint-core/src/flowsint_execution/artifacts.py:FilesystemArtifactStore._dir#2",
                    "name": "_dir",
                    "filePath": "flowsint-core/src/flowsint_execution/artifacts.py",
                    "nodeType": "Method",
                    "startLine": 181,
                    "endLine": 182,
                    "content": "    def _dir(fd: int, name: str) -> int:         return os.open(name, os.O_RDONLY | os.O_DIRECTORY | os.O_NOFOLLOW, dir_fd=fd)"
                },
                {
                    "id": "Method:flowsint-core/src/flowsint_execution/artifacts.py:FilesystemArtifactStore._read_bounded#2",
                    "name": "_read_bounded",
                    "filePath": "flowsint-core/src/flowsint_execution/artifacts.py",
                    "nodeType": "Method",
                    "startLine": 184,
                    "endLine": 194,
                    "content": "    def _read_bounded(fd: int, limit: int) -> bytes:         info = os.fstat(fd)         if not stat.S_ISREG(info.st_mode) or info.st_size > limit:             raise OSError(\"unsafe or oversized artifact file\")         chunks, remaining = [], info.st_size         while remaining:             chunk = os.read(fd, min(remaining, 1024 * 1024))             if not chunk: raise OSError(\"short artifact read\")             chunks.append(chunk); remaining -= len(chunk)         if os.read(fd, 1): raise OSError(\"artifact grew during read\")         return b\"\".join(chunks)"
                }
            ]
        }
    },
    "summary": {
        "cwd": "/home/n4s5ti/Documents/dev/fl0sint-def45-extraction",
        "rootPath": "/home/n4s5ti/Documents/dev/fl0sint-def45-extraction",
        "repo": "fl0sint-def45-extraction",
        "lbugPath": "/home/n4s5ti/Documents/dev/fl0sint-def45-extraction/.gitnexus/lbug",
        "symbol": "flowsint-core/src/flowsint_execution/artifacts.py:resolve_span",
        "rootSymbols": 1,
        "totalSymbols": 11,
        "totalEdges": 13,
        "filesMatched": 1,
        "truncated": false,
        "direct": 2,
        "processes": 0,
        "modules": 1
    },
    "warnings": [],
    "completeness": "complete",
    "completenessReasons": [],
    "indexStatus": "ready"
}
