{
    "symbol": "flowsint-core/src/flowsint_execution/url_policy.py:disclose_url",
    "repo": "fl0sint-def45-extraction",
    "lbugPath": "/home/n4s5ti/Documents/dev/fl0sint-def45-extraction/.gitnexus/lbug",
    "rootPath": "/home/n4s5ti/Documents/dev/fl0sint-def45-extraction",
    "direction": "upstream",
    "risk": "MEDIUM",
    "target": {
        "id": "Function:flowsint-core/src/flowsint_execution/url_policy.py:disclose_url",
        "name": "disclose_url",
        "filePath": "flowsint-core/src/flowsint_execution/url_policy.py",
        "nodeType": "Function",
        "startLine": 28,
        "endLine": 38,
        "content": "def disclose_url(url: str) -> str:     \"\"\"Return a report-safe URL, dropping an ambiguous credential-like query.\"\"\"     parts = urlsplit(url)     host = f\"[{parts.hostname}]\" if parts.hostname and \":\" in parts.hostname else parts.hostname     port = f\":{parts.port}\" if parts.port is not None else \"\"     try:         pairs = parse_qsl(parts.query, keep_blank_values=True, strict_parsing=False)         query = urlencode(pairs) if all(_query_name_supported(name) for name, _ in pairs) else \"\"     except (UnicodeError, ValueError):         query = \"\"     return urlunsplit((parts.scheme, f\"{host or ''}{port}\", parts.path or \"/\", query, \"\"))"
    },
    "symbols": [
        {
            "id": "Function:flowsint-core/src/flowsint_execution/url_policy.py:disclose_url",
            "name": "disclose_url",
            "filePath": "flowsint-core/src/flowsint_execution/url_policy.py",
            "nodeType": "Function",
            "startLine": 28,
            "endLine": 38,
            "content": "def disclose_url(url: str) -> str:     \"\"\"Return a report-safe URL, dropping an ambiguous credential-like query.\"\"\"     parts = urlsplit(url)     host = f\"[{parts.hostname}]\" if parts.hostname and \":\" in parts.hostname else parts.hostname     port = f\":{parts.port}\" if parts.port is not None else \"\"     try:         pairs = parse_qsl(parts.query, keep_blank_values=True, strict_parsing=False)         query = urlencode(pairs) if all(_query_name_supported(name) for name, _ in pairs) else \"\"     except (UnicodeError, ValueError):         query = \"\"     return urlunsplit((parts.scheme, f\"{host or ''}{port}\", parts.path or \"/\", query, \"\"))"
        },
        {
            "id": "Function:flowsint-core/src/flowsint_execution/artifact_runtime.py:resolve_persisted_observation",
            "name": "resolve_persisted_observation",
            "filePath": "flowsint-core/src/flowsint_execution/artifact_runtime.py",
            "nodeType": "Function",
            "startLine": 264,
            "endLine": 314,
            "content": "def resolve_persisted_observation(     value: str,     metadata: object,     observation_id: str,     *,     caller_id: str,     scope: str,     source_family: str,     operation_id: str,     occurrence_id: str,     config_path: str | os.PathLike[str] | None = None,     now: datetime | None = None, ) -> ObservationResolveResult:     \"\"\"Resolve one canonical persisted observation under current retention authority.\"\"\"     from .models import PersistedMetadata     from .observed_extraction import (         extraction_policy_from_metadata, parse_observed_extraction_metadata,         resolve_observation_span,     )     source = resolve_persisted_source_proof(         value, caller_id=caller_id, scope=scope, source_family=source_family,         operation_id=operation_id, occurrence_id=occurrence_id,         config_path=config_path, now=now,     )     if source.state is not ArtifactState.AVAILABLE or source.body is None:         return ObservationResolveResult(source.state, source.reason)     try:         proof = decode_source_proof(value)         if type(metadata) is not PersistedMetadata:             raise ValueError(\"metadata type mismatch\")         result = parse_observed_extraction_metadata(metadata)         matches = tuple(item for item in result.observations                         if item.observation_id == observation_id)         if len(matches) != 1:             raise ValueError(\"observation id mismatch\")         observation = matches[0]         if (observation.occurrence_id != proof.context.occurrence_id                 or observation.input_ref != proof.input_ref):             raise ValueError(\"observation proof ownership mismatch\")         resolved = resolve_observation_span(             source.body, proof.artifact, observation,             expected_occurrence_id=occurrence_id, expected_input_ref=proof.input_ref,             policy=extraction_policy_from_metadata(metadata),         )     except (TypeError, ValueError, ArtifactBindingError):         return ObservationResolveResult(ArtifactState.REVIEW, \"observation_metadata_invalid\")     return ObservationResolveResult(         ArtifactState.AVAILABLE, \"resolved\", observation, resolved.raw, resolved.text,         resolved.context_raw, resolved.context_text,     )"
        },
        {
            "id": "Function:flowsint-core/src/flowsint_execution/fetch.py:execute_fetch",
            "name": "execute_fetch",
            "filePath": "flowsint-core/src/flowsint_execution/fetch.py",
            "nodeType": "Function",
            "startLine": 385,
            "endLine": 713,
            "content": "async def execute_fetch(     operation: AdmittedFetchOperation,     *,     transport: httpx.AsyncBaseTransport | None = None, ) -> FetchResult:     \"\"\"Execute only a sealed operation using verified async HTTP streaming.\"\"\"     operation.validate_seal()     operation.claim_execution()     ledger = _Ledger(operation)     concurrency = min(operation.allocation.concurrency or 1, len(operation.inputs) or 1)     semaphore = asyncio.Semaphore(concurrency)     timeout = operation.allocation.elapsed_seconds or 0.001     client = httpx.AsyncClient(         transport=transport,         verify=True,         trust_env=False,         follow_redirects=False,         timeout=httpx.Timeout(timeout),         headers={\"accept-encoding\": \"identity\"},     )     async def one(item: AdmittedInput) -> FetchOutcome:         requested_origin = _origin(item.url)         def failed(status: FetchStatus, code: str, message: str, retryable=False):             return FetchOutcome(                 occurrence_id=item.occurrence_id,                 input_ref=item.input_ref,                 status=status,                 requested_origin=requested_origin,                 diagnostic=_diagnostic(code, message, retryable=retryable),                 actual_resources=ledger.occurrence_resources(item.occurrence_id),             )         url = item.url         redirects = retries = 0         async with semaphore:             while True:                 if not await ledger.charge_request(item.occurrence_id):                     return failed(                         FetchStatus.TOOL_ERROR,                         \"request_budget_exhausted\",                         \"The request allocation was exhausted.\",                     )                 try:                     request = client.build_request(\"GET\", url)                     response = await client.send(request, stream=True)                 except asyncio.CancelledError:                     if asyncio.current_task().cancelling():                         raise                     return failed(                         FetchStatus.CANCELLED,                         \"cancelled\",                         \"The transport cancelled this occurrence.\",                     )                 except httpx.TimeoutException:                     return failed(                         FetchStatus.TIMEOUT,                         \"timeout\",                         \"The HTTP operation timed out.\",                         True,                     )                 except httpx.HTTPError:                     if retries < operation.parameters.max_retries:                         retries += 1                         if operation.parameters.retry_backoff_seconds:                             await asyncio.sleep(                                 operation.parameters.retry_backoff_seconds                             )                         continue                     return failed(                         FetchStatus.TOOL_ERROR,                         \"transport_error\",                         \"The HTTP transport failed.\",                         True,                     )                 try:                     if response.status_code in _REDIRECTS:                         location = response.headers.get(\"location\")                         if not location:                             return failed(                                 FetchStatus.HTTP_ERROR,                                 \"invalid_redirect\",                                 \"The redirect had no destination.\",                             )                         destination = urljoin(url, location)                         try:                             destination_origin = _origin(destination)                         except ValueError:                             return failed(                                 FetchStatus.POLICY_DENIED,                                 \"redirect_denied\",                                 \"The redirect destination was denied before dispatch.\",                             )                         if destination_origin != requested_origin:                             return failed(                                 FetchStatus.POLICY_DENIED,                                 \"redirect_denied\",                                 \"The redirect destination was denied before dispatch.\",                             )                         if redirects >= operation.parameters.max_redirects:                             return failed(                                 FetchStatus.POLICY_DENIED,                                 \"redirect_limit\",                                 \"The redirect limit was reached before dispatch.\",                             )                         redirects += 1                         url = destination                         continue                     if response.status_code == 429:                         return failed(                             FetchStatus.RATE_LIMITED,                            ... [truncated]"
        },
        {
            "id": "Function:flowsint-core/src/flowsint_execution/fetch.py:one",
            "name": "one",
            "filePath": "flowsint-core/src/flowsint_execution/fetch.py",
            "nodeType": "Function",
            "startLine": 407,
            "endLine": 626,
            "content": "    async def one(item: AdmittedInput) -> FetchOutcome:         requested_origin = _origin(item.url)         def failed(status: FetchStatus, code: str, message: str, retryable=False):             return FetchOutcome(                 occurrence_id=item.occurrence_id,                 input_ref=item.input_ref,                 status=status,                 requested_origin=requested_origin,                 diagnostic=_diagnostic(code, message, retryable=retryable),                 actual_resources=ledger.occurrence_resources(item.occurrence_id),             )         url = item.url         redirects = retries = 0         async with semaphore:             while True:                 if not await ledger.charge_request(item.occurrence_id):                     return failed(                         FetchStatus.TOOL_ERROR,                         \"request_budget_exhausted\",                         \"The request allocation was exhausted.\",                     )                 try:                     request = client.build_request(\"GET\", url)                     response = await client.send(request, stream=True)                 except asyncio.CancelledError:                     if asyncio.current_task().cancelling():                         raise                     return failed(                         FetchStatus.CANCELLED,                         \"cancelled\",                         \"The transport cancelled this occurrence.\",                     )                 except httpx.TimeoutException:                     return failed(                         FetchStatus.TIMEOUT,                         \"timeout\",                         \"The HTTP operation timed out.\",                         True,                     )                 except httpx.HTTPError:                     if retries < operation.parameters.max_retries:                         retries += 1                         if operation.parameters.retry_backoff_seconds:                             await asyncio.sleep(                                 operation.parameters.retry_backoff_seconds                             )                         continue                     return failed(                         FetchStatus.TOOL_ERROR,                         \"transport_error\",                         \"The HTTP transport failed.\",                         True,                     )                 try:                     if response.status_code in _REDIRECTS:                         location = response.headers.get(\"location\")                         if not location:                             return failed(                                 FetchStatus.HTTP_ERROR,                                 \"invalid_redirect\",                                 \"The redirect had no destination.\",                             )                         destination = urljoin(url, location)                         try:                             destination_origin = _origin(destination)                         except ValueError:                             return failed(                                 FetchStatus.POLICY_DENIED,                                 \"redirect_denied\",                                 \"The redirect destination was denied before dispatch.\",                             )                         if destination_origin != requested_origin:                             return failed(                                 FetchStatus.POLICY_DENIED,                                 \"redirect_denied\",                                 \"The redirect destination was denied before dispatch.\",                             )                         if redirects >= operation.parameters.max_redirects:                             return failed(                                 FetchStatus.POLICY_DENIED,                                 \"redirect_limit\",                                 \"The redirect limit was reached before dispatch.\",                             )                         redirects += 1                         url = destination                         continue                     if response.status_code == 429:                         return failed(                             FetchStatus.RATE_LIMITED,                             \"rate_limited\",                             \"The server rate limited the request.\",                             True,                         )                     if (                         response.status_code in _RETRYABLE                         and retries < operation.parameters.max_retries                     ):                         retries += 1                         if operation.parameters.retry_backoff_seconds:                             await asyncio.sleep(                                 operation.parameters.retry_backoff_seconds                             )                         continue                     if response.status_code < 200 or response.status_code >= 300:                         return failed(           ... [truncated]"
        },
        {
            "id": "Function:flowsint-core/src/flowsint_execution/fetch.py:process",
            "name": "process",
            "filePath": "flowsint-core/src/flowsint_execution/fetch.py",
            "nodeType": "Function",
            "startLine": 773,
            "endLine": 831,
            "content": "    def process() -> tuple[SourceProofOutcome, ...]:         outcomes = []         for item in fetched.outcomes:             if item.status is not FetchStatus.SUCCESS:                 outcomes.append(SourceProofOutcome(item.occurrence_id, item.input_ref, item.status, CaptureResult(ArtifactState.REVIEW, \"fetch_failed\"), None, item.diagnostic, item.actual_resources))                 continue             source = admitted[item.occurrence_id]             if expired():                 raise TimeoutError             context = ArtifactContext(                 operation_id=operation.operation_id, occurrence_id=item.occurrence_id,                 caller_id=operation.policy.caller_id, scope=operation.policy.scope,                 source_family=\"http\", origin=item.final_origin or item.requested_origin,                 requested_url=item.requested_url or _redacted_location(source.url),                 final_url=item.final_url or _redacted_location(source.url),                 retrieved_at=datetime.now(timezone.utc),             )             try:                 normalized = normalize_html(item.body or b\"\")             except ValueError:                 capture = CaptureResult(ArtifactState.REVIEW, \"unsupported_source_encoding\")                 normalized = None             else:                 if expired():                     raise TimeoutError                 if retention_decision is None:                     capture = CaptureResult(ArtifactState.HOLD, \"retention_policy_unavailable\")                 elif artifact_store is None:                     capture = CaptureResult(ArtifactState.HOLD, \"artifact_store_unavailable\")                 else:                     capture = capture_source(artifact_store, context, retention_decision,                                              item.body, normalized=normalized, cancelled=expired)                 if expired():                     raise TimeoutError                 if capture.state is not ArtifactState.AVAILABLE:                     normalized = None             spans = ()             observations = None             if capture.artifact is not None and normalized is not None:                 spans = tuple(SourceProofSpanReference(                     span_id=f\"span-{capture.artifact.snapshot_id}-{index}\", artifact_id=capture.artifact.artifact_id,                     byte_start=span.raw_start, byte_end=span.raw_end,                     normalized_start=span.normalized_start, normalized_end=span.normalized_end,                     raw_offset_unit=\"byte\", normalized_offset_unit=\"unicode_code_point\", source_encoding=\"utf-8\",                 ) for index, span in enumerate(normalized.spans))                 if expired():                     raise TimeoutError                 from .observed_extraction import extract_observations                 observations = extract_observations(                     item.body or b\"\", artifact=capture.artifact,                     occurrence_id=item.occurrence_id, input_ref=item.input_ref,                     final_url=context.final_url or \"\", cancelled=expired,                 )                 if expired():                     raise TimeoutError             outcomes.append(SourceProofOutcome(item.occurrence_id, item.input_ref, item.status,                                                capture, normalized, item.diagnostic, item.actual_resources, spans,                                                observations))         return tuple(outcomes)"
        },
        {
            "id": "Function:flowsint-core/src/flowsint_execution/fetch.py:_redacted_location",
            "name": "_redacted_location",
            "filePath": "flowsint-core/src/flowsint_execution/fetch.py",
            "nodeType": "Function",
            "startLine": 880,
            "endLine": 881,
            "content": "def _redacted_location(url: str) -> str:     return disclose_url(url)"
        },
        {
            "id": "Function:flowsint-core/src/flowsint_execution/observed_extraction.py:resolve_observation_span",
            "name": "resolve_observation_span",
            "filePath": "flowsint-core/src/flowsint_execution/observed_extraction.py",
            "nodeType": "Function",
            "startLine": 320,
            "endLine": 352,
            "content": "def resolve_observation_span(body: bytes, artifact: ArtifactReference,                              observation: Observation, *,                              expected_occurrence_id: str,                              expected_input_ref: str,                              policy: ExtractionPolicy | None = None) -> ResolvedObservation:     _verify_artifact(body, artifact)     if type(observation) is not Observation:         raise TypeError(\"observation must be Observation\")     if observation.occurrence_id != expected_occurrence_id or observation.input_ref != expected_input_ref:         raise ArtifactBindingError(\"observation ownership mismatch\")     if (observation.artifact_id != artifact.artifact_id             or observation.snapshot_id != artifact.snapshot_id             or observation.content_digest != artifact.content_digest             or observation.source_url != artifact.final_url):         raise ArtifactBindingError(\"observation artifact binding mismatch\")     canonical = extract_observations(         body, artifact=artifact, occurrence_id=expected_occurrence_id,         input_ref=expected_input_ref, final_url=observation.source_url, policy=policy,     )     matches = tuple(item for item in canonical.observations                     if item.observation_id == observation.observation_id)     if len(matches) != 1 or matches[0] != observation:         raise ArtifactBindingError(\"observation does not match canonical extraction\")     span = observation.raw_span     raw = body[span.start_byte:span.end_byte]     try:         text = raw.decode(\"utf-8\")         context_raw = None if observation.context_span is None else body[             observation.context_span.start_byte:observation.context_span.end_byte]         context_text = None if context_raw is None else context_raw.decode(\"utf-8\")         return ResolvedObservation(raw, text, context_raw, context_text)     except UnicodeDecodeError as exc:         raise ValueError(\"observation span is not valid UTF-8\") from exc"
        },
        {
            "id": "Function:flowsint-core/src/flowsint_execution/observed_extraction.py:extract_observations",
            "name": "extract_observations",
            "filePath": "flowsint-core/src/flowsint_execution/observed_extraction.py",
            "nodeType": "Function",
            "startLine": 619,
            "endLine": 695,
            "content": "def extract_observations(body: bytes, *, artifact: ArtifactReference, occurrence_id: str,                          input_ref: str, final_url: str,                          policy: ExtractionPolicy | None = None,                          cancelled: Callable[[], bool] | None = None) -> ObservedExtractionResult:     selected = policy or ExtractionPolicy()     _verify_artifact(body, artifact)     if _safe_http_url(final_url, None, allow_relative=False) != final_url:         raise ValueError(\"final_url must be an HTTP(S) URL without credentials\")     if artifact.final_url is not None and final_url != artifact.final_url:         raise ArtifactBindingError(\"source final URL does not match artifact final URL\")     if len(body) > selected.max_body_bytes:         raise ValueError(\"retained body exceeds extraction body limit\")     if cancelled is not None and cancelled():         return ObservedExtractionResult(\"\", (), (_diagnostic(\"extraction_cancelled\", \"Extraction was cancelled.\"),), False, 0, 0)     try:         source = body.decode(\"utf-8\")     except UnicodeDecodeError:         return ObservedExtractionResult(\"\", (), (_diagnostic(\"decode_error\", \"Retained source is not valid UTF-8.\"),), False, 0, 0)     line_starts = [0]     for match in re.finditer(\"\\n\", source):         line_starts.append(match.end())     parser = _SourceParser(source, line_starts)     parser.feed(source)     parser.close()     parser.close_open_frames()     if cancelled is not None and cancelled():         return ObservedExtractionResult(\" \".join(parser.readable_parts), (),             (_diagnostic(\"extraction_cancelled\", \"Extraction was cancelled.\"),), False, 0, 0)     byte_offsets = _byte_map(source)     observations: list[Observation] = []     context_used = 0     total = len(parser.candidates)     for candidate in parser.candidates:         value = candidate.value         if candidate.kind in {ObservationKind.LINK, ObservationKind.FORM_CANDIDATE}:             resolved = _safe_http_url(value, final_url, allow_relative=selected.allow_relative_hrefs)             if resolved is None:                 continue             if not selected.allow_external_links and urlsplit(resolved).hostname != urlsplit(final_url).hostname:                 continue             value = resolved             value = disclose_url(value)         if len(value.encode(\"utf-8\")) > selected.max_value_bytes:             continue         raw_span = RawSpan(byte_offsets[candidate.start_char], byte_offsets[candidate.end_char])         context_span = None         person_name = None         if candidate.context is not None:             context_start = candidate.context_start_char             context_end = candidate.context_end_char             if context_start is None or context_end is None:                 context_start = candidate.context.start_char                 context_end = candidate.context.end_char or len(source)             proposed = RawSpan(byte_offsets[context_start], byte_offsets[context_end])             cost = proposed.end_byte - proposed.start_byte             if context_used + cost > selected.max_context_bytes:                 continue             context_used += cost             context_span = proposed             if candidate.kind is ObservationKind.PERSON_ASSOCIATED:                 person_name = candidate.person_name         if len(observations) >= selected.max_observations:             continue         observations.append(Observation(             observation_id=_observation_id(artifact, occurrence_id, candidate.kind, raw_span),             occurrence_id=occurrence_id, kind=candidate.kind, value=value,             artifact_id=artifact.artifact_id, snapshot_id=artifact.snapshot_id,             content_digest=artifact.content_digest, input_ref=input_ref,             source_url=final_url, raw_span=raw_span, context_span=context_span,             anchor_text=candidate.anchor_text, person_name=person_name,         ))     skipped = total - len(observations)     return ObservedExtractionResult(         readable_text=\" \".join(parser.readable_parts), observations=tuple(observations),         diagnostics=(), was_truncated=skipped > 0, observations_skipped=skipped,         total_observations_found=total,     )"
        }
    ],
    "edges": [
        {
            "from": "Function:flowsint-core/src/flowsint_execution/fetch.py:_redacted_location",
            "to": "Function:flowsint-core/src/flowsint_execution/url_policy.py:disclose_url",
            "type": "CALLS",
            "confidence": 0.85
        },
        {
            "from": "Function:flowsint-core/src/flowsint_execution/observed_extraction.py:extract_observations",
            "to": "Function:flowsint-core/src/flowsint_execution/url_policy.py:disclose_url",
            "type": "CALLS",
            "confidence": 0.85
        },
        {
            "from": "Function:flowsint-core/src/flowsint_execution/fetch.py:one",
            "to": "Function:flowsint-core/src/flowsint_execution/fetch.py:_redacted_location",
            "type": "CALLS",
            "confidence": 0.85
        },
        {
            "from": "Function:flowsint-core/src/flowsint_execution/fetch.py:process",
            "to": "Function:flowsint-core/src/flowsint_execution/observed_extraction.py:extract_observations",
            "type": "CALLS",
            "confidence": 0.85
        },
        {
            "from": "Function:flowsint-core/src/flowsint_execution/fetch.py:process",
            "to": "Function:flowsint-core/src/flowsint_execution/fetch.py:_redacted_location",
            "type": "CALLS",
            "confidence": 0.85
        },
        {
            "from": "Function:flowsint-core/src/flowsint_execution/observed_extraction.py:resolve_observation_span",
            "to": "Function:flowsint-core/src/flowsint_execution/observed_extraction.py:extract_observations",
            "type": "CALLS",
            "confidence": 0.85
        },
        {
            "from": "Function:flowsint-core/src/flowsint_execution/artifact_runtime.py:resolve_persisted_observation",
            "to": "Function:flowsint-core/src/flowsint_execution/observed_extraction.py:resolve_observation_span",
            "type": "CALLS",
            "confidence": 0.85
        },
        {
            "from": "Function:flowsint-core/src/flowsint_execution/fetch.py:execute_fetch",
            "to": "Function:flowsint-core/src/flowsint_execution/fetch.py:one",
            "type": "CALLS",
            "confidence": 0.85
        }
    ],
    "files": [
        {
            "filePath": "flowsint-core/src/flowsint_execution/url_policy.py",
            "count": 1,
            "symbols": [
                {
                    "id": "Function:flowsint-core/src/flowsint_execution/url_policy.py:disclose_url",
                    "name": "disclose_url",
                    "filePath": "flowsint-core/src/flowsint_execution/url_policy.py",
                    "nodeType": "Function",
                    "startLine": 28,
                    "endLine": 38,
                    "content": "def disclose_url(url: str) -> str:     \"\"\"Return a report-safe URL, dropping an ambiguous credential-like query.\"\"\"     parts = urlsplit(url)     host = f\"[{parts.hostname}]\" if parts.hostname and \":\" in parts.hostname else parts.hostname     port = f\":{parts.port}\" if parts.port is not None else \"\"     try:         pairs = parse_qsl(parts.query, keep_blank_values=True, strict_parsing=False)         query = urlencode(pairs) if all(_query_name_supported(name) for name, _ in pairs) else \"\"     except (UnicodeError, ValueError):         query = \"\"     return urlunsplit((parts.scheme, f\"{host or ''}{port}\", parts.path or \"/\", query, \"\"))"
                }
            ]
        },
        {
            "filePath": "flowsint-core/src/flowsint_execution/artifact_runtime.py",
            "count": 1,
            "symbols": [
                {
                    "id": "Function:flowsint-core/src/flowsint_execution/artifact_runtime.py:resolve_persisted_observation",
                    "name": "resolve_persisted_observation",
                    "filePath": "flowsint-core/src/flowsint_execution/artifact_runtime.py",
                    "nodeType": "Function",
                    "startLine": 264,
                    "endLine": 314,
                    "content": "def resolve_persisted_observation(     value: str,     metadata: object,     observation_id: str,     *,     caller_id: str,     scope: str,     source_family: str,     operation_id: str,     occurrence_id: str,     config_path: str | os.PathLike[str] | None = None,     now: datetime | None = None, ) -> ObservationResolveResult:     \"\"\"Resolve one canonical persisted observation under current retention authority.\"\"\"     from .models import PersistedMetadata     from .observed_extraction import (         extraction_policy_from_metadata, parse_observed_extraction_metadata,         resolve_observation_span,     )     source = resolve_persisted_source_proof(         value, caller_id=caller_id, scope=scope, source_family=source_family,         operation_id=operation_id, occurrence_id=occurrence_id,         config_path=config_path, now=now,     )     if source.state is not ArtifactState.AVAILABLE or source.body is None:         return ObservationResolveResult(source.state, source.reason)     try:         proof = decode_source_proof(value)         if type(metadata) is not PersistedMetadata:             raise ValueError(\"metadata type mismatch\")         result = parse_observed_extraction_metadata(metadata)         matches = tuple(item for item in result.observations                         if item.observation_id == observation_id)         if len(matches) != 1:             raise ValueError(\"observation id mismatch\")         observation = matches[0]         if (observation.occurrence_id != proof.context.occurrence_id                 or observation.input_ref != proof.input_ref):             raise ValueError(\"observation proof ownership mismatch\")         resolved = resolve_observation_span(             source.body, proof.artifact, observation,             expected_occurrence_id=occurrence_id, expected_input_ref=proof.input_ref,             policy=extraction_policy_from_metadata(metadata),         )     except (TypeError, ValueError, ArtifactBindingError):         return ObservationResolveResult(ArtifactState.REVIEW, \"observation_metadata_invalid\")     return ObservationResolveResult(         ArtifactState.AVAILABLE, \"resolved\", observation, resolved.raw, resolved.text,         resolved.context_raw, resolved.context_text,     )"
                }
            ]
        },
        {
            "filePath": "flowsint-core/src/flowsint_execution/fetch.py",
            "count": 4,
            "symbols": [
                {
                    "id": "Function:flowsint-core/src/flowsint_execution/fetch.py:execute_fetch",
                    "name": "execute_fetch",
                    "filePath": "flowsint-core/src/flowsint_execution/fetch.py",
                    "nodeType": "Function",
                    "startLine": 385,
                    "endLine": 713,
                    "content": "async def execute_fetch(     operation: AdmittedFetchOperation,     *,     transport: httpx.AsyncBaseTransport | None = None, ) -> FetchResult:     \"\"\"Execute only a sealed operation using verified async HTTP streaming.\"\"\"     operation.validate_seal()     operation.claim_execution()     ledger = _Ledger(operation)     concurrency = min(operation.allocation.concurrency or 1, len(operation.inputs) or 1)     semaphore = asyncio.Semaphore(concurrency)     timeout = operation.allocation.elapsed_seconds or 0.001     client = httpx.AsyncClient(         transport=transport,         verify=True,         trust_env=False,         follow_redirects=False,         timeout=httpx.Timeout(timeout),         headers={\"accept-encoding\": \"identity\"},     )     async def one(item: AdmittedInput) -> FetchOutcome:         requested_origin = _origin(item.url)         def failed(status: FetchStatus, code: str, message: str, retryable=False):             return FetchOutcome(                 occurrence_id=item.occurrence_id,                 input_ref=item.input_ref,                 status=status,                 requested_origin=requested_origin,                 diagnostic=_diagnostic(code, message, retryable=retryable),                 actual_resources=ledger.occurrence_resources(item.occurrence_id),             )         url = item.url         redirects = retries = 0         async with semaphore:             while True:                 if not await ledger.charge_request(item.occurrence_id):                     return failed(                         FetchStatus.TOOL_ERROR,                         \"request_budget_exhausted\",                         \"The request allocation was exhausted.\",                     )                 try:                     request = client.build_request(\"GET\", url)                     response = await client.send(request, stream=True)                 except asyncio.CancelledError:                     if asyncio.current_task().cancelling():                         raise                     return failed(                         FetchStatus.CANCELLED,                         \"cancelled\",                         \"The transport cancelled this occurrence.\",                     )                 except httpx.TimeoutException:                     return failed(                         FetchStatus.TIMEOUT,                         \"timeout\",                         \"The HTTP operation timed out.\",                         True,                     )                 except httpx.HTTPError:                     if retries < operation.parameters.max_retries:                         retries += 1                         if operation.parameters.retry_backoff_seconds:                             await asyncio.sleep(                                 operation.parameters.retry_backoff_seconds                             )                         continue                     return failed(                         FetchStatus.TOOL_ERROR,                         \"transport_error\",                         \"The HTTP transport failed.\",                         True,                     )                 try:                     if response.status_code in _REDIRECTS:                         location = response.headers.get(\"location\")                         if not location:                             return failed(                                 FetchStatus.HTTP_ERROR,                                 \"invalid_redirect\",                                 \"The redirect had no destination.\",                             )                         destination = urljoin(url, location)                         try:                             destination_origin = _origin(destination)                         except ValueError:                             return failed(                                 FetchStatus.POLICY_DENIED,                                 \"redirect_denied\",                                 \"The redirect destination was denied before dispatch.\",                             )                         if destination_origin != requested_origin:                             return failed(                                 FetchStatus.POLICY_DENIED,                                 \"redirect_denied\",                                 \"The redirect destination was denied before dispatch.\",                             )                         if redirects >= operation.parameters.max_redirects:                             return failed(                                 FetchStatus.POLICY_DENIED,                                 \"redirect_limit\",                                 \"The redirect limit was reached before dispatch.\",                             )                         redirects += 1                         url = destination                         continue                     if response.status_code == 429:                         return failed(                             FetchStatus.RATE_LIMITED,                            ... [truncated]"
                },
                {
                    "id": "Function:flowsint-core/src/flowsint_execution/fetch.py:one",
                    "name": "one",
                    "filePath": "flowsint-core/src/flowsint_execution/fetch.py",
                    "nodeType": "Function",
                    "startLine": 407,
                    "endLine": 626,
                    "content": "    async def one(item: AdmittedInput) -> FetchOutcome:         requested_origin = _origin(item.url)         def failed(status: FetchStatus, code: str, message: str, retryable=False):             return FetchOutcome(                 occurrence_id=item.occurrence_id,                 input_ref=item.input_ref,                 status=status,                 requested_origin=requested_origin,                 diagnostic=_diagnostic(code, message, retryable=retryable),                 actual_resources=ledger.occurrence_resources(item.occurrence_id),             )         url = item.url         redirects = retries = 0         async with semaphore:             while True:                 if not await ledger.charge_request(item.occurrence_id):                     return failed(                         FetchStatus.TOOL_ERROR,                         \"request_budget_exhausted\",                         \"The request allocation was exhausted.\",                     )                 try:                     request = client.build_request(\"GET\", url)                     response = await client.send(request, stream=True)                 except asyncio.CancelledError:                     if asyncio.current_task().cancelling():                         raise                     return failed(                         FetchStatus.CANCELLED,                         \"cancelled\",                         \"The transport cancelled this occurrence.\",                     )                 except httpx.TimeoutException:                     return failed(                         FetchStatus.TIMEOUT,                         \"timeout\",                         \"The HTTP operation timed out.\",                         True,                     )                 except httpx.HTTPError:                     if retries < operation.parameters.max_retries:                         retries += 1                         if operation.parameters.retry_backoff_seconds:                             await asyncio.sleep(                                 operation.parameters.retry_backoff_seconds                             )                         continue                     return failed(                         FetchStatus.TOOL_ERROR,                         \"transport_error\",                         \"The HTTP transport failed.\",                         True,                     )                 try:                     if response.status_code in _REDIRECTS:                         location = response.headers.get(\"location\")                         if not location:                             return failed(                                 FetchStatus.HTTP_ERROR,                                 \"invalid_redirect\",                                 \"The redirect had no destination.\",                             )                         destination = urljoin(url, location)                         try:                             destination_origin = _origin(destination)                         except ValueError:                             return failed(                                 FetchStatus.POLICY_DENIED,                                 \"redirect_denied\",                                 \"The redirect destination was denied before dispatch.\",                             )                         if destination_origin != requested_origin:                             return failed(                                 FetchStatus.POLICY_DENIED,                                 \"redirect_denied\",                                 \"The redirect destination was denied before dispatch.\",                             )                         if redirects >= operation.parameters.max_redirects:                             return failed(                                 FetchStatus.POLICY_DENIED,                                 \"redirect_limit\",                                 \"The redirect limit was reached before dispatch.\",                             )                         redirects += 1                         url = destination                         continue                     if response.status_code == 429:                         return failed(                             FetchStatus.RATE_LIMITED,                             \"rate_limited\",                             \"The server rate limited the request.\",                             True,                         )                     if (                         response.status_code in _RETRYABLE                         and retries < operation.parameters.max_retries                     ):                         retries += 1                         if operation.parameters.retry_backoff_seconds:                             await asyncio.sleep(                                 operation.parameters.retry_backoff_seconds                             )                         continue                     if response.status_code < 200 or response.status_code >= 300:                         return failed(           ... [truncated]"
                },
                {
                    "id": "Function:flowsint-core/src/flowsint_execution/fetch.py:process",
                    "name": "process",
                    "filePath": "flowsint-core/src/flowsint_execution/fetch.py",
                    "nodeType": "Function",
                    "startLine": 773,
                    "endLine": 831,
                    "content": "    def process() -> tuple[SourceProofOutcome, ...]:         outcomes = []         for item in fetched.outcomes:             if item.status is not FetchStatus.SUCCESS:                 outcomes.append(SourceProofOutcome(item.occurrence_id, item.input_ref, item.status, CaptureResult(ArtifactState.REVIEW, \"fetch_failed\"), None, item.diagnostic, item.actual_resources))                 continue             source = admitted[item.occurrence_id]             if expired():                 raise TimeoutError             context = ArtifactContext(                 operation_id=operation.operation_id, occurrence_id=item.occurrence_id,                 caller_id=operation.policy.caller_id, scope=operation.policy.scope,                 source_family=\"http\", origin=item.final_origin or item.requested_origin,                 requested_url=item.requested_url or _redacted_location(source.url),                 final_url=item.final_url or _redacted_location(source.url),                 retrieved_at=datetime.now(timezone.utc),             )             try:                 normalized = normalize_html(item.body or b\"\")             except ValueError:                 capture = CaptureResult(ArtifactState.REVIEW, \"unsupported_source_encoding\")                 normalized = None             else:                 if expired():                     raise TimeoutError                 if retention_decision is None:                     capture = CaptureResult(ArtifactState.HOLD, \"retention_policy_unavailable\")                 elif artifact_store is None:                     capture = CaptureResult(ArtifactState.HOLD, \"artifact_store_unavailable\")                 else:                     capture = capture_source(artifact_store, context, retention_decision,                                              item.body, normalized=normalized, cancelled=expired)                 if expired():                     raise TimeoutError                 if capture.state is not ArtifactState.AVAILABLE:                     normalized = None             spans = ()             observations = None             if capture.artifact is not None and normalized is not None:                 spans = tuple(SourceProofSpanReference(                     span_id=f\"span-{capture.artifact.snapshot_id}-{index}\", artifact_id=capture.artifact.artifact_id,                     byte_start=span.raw_start, byte_end=span.raw_end,                     normalized_start=span.normalized_start, normalized_end=span.normalized_end,                     raw_offset_unit=\"byte\", normalized_offset_unit=\"unicode_code_point\", source_encoding=\"utf-8\",                 ) for index, span in enumerate(normalized.spans))                 if expired():                     raise TimeoutError                 from .observed_extraction import extract_observations                 observations = extract_observations(                     item.body or b\"\", artifact=capture.artifact,                     occurrence_id=item.occurrence_id, input_ref=item.input_ref,                     final_url=context.final_url or \"\", cancelled=expired,                 )                 if expired():                     raise TimeoutError             outcomes.append(SourceProofOutcome(item.occurrence_id, item.input_ref, item.status,                                                capture, normalized, item.diagnostic, item.actual_resources, spans,                                                observations))         return tuple(outcomes)"
                },
                {
                    "id": "Function:flowsint-core/src/flowsint_execution/fetch.py:_redacted_location",
                    "name": "_redacted_location",
                    "filePath": "flowsint-core/src/flowsint_execution/fetch.py",
                    "nodeType": "Function",
                    "startLine": 880,
                    "endLine": 881,
                    "content": "def _redacted_location(url: str) -> str:     return disclose_url(url)"
                }
            ]
        },
        {
            "filePath": "flowsint-core/src/flowsint_execution/observed_extraction.py",
            "count": 2,
            "symbols": [
                {
                    "id": "Function:flowsint-core/src/flowsint_execution/observed_extraction.py:resolve_observation_span",
                    "name": "resolve_observation_span",
                    "filePath": "flowsint-core/src/flowsint_execution/observed_extraction.py",
                    "nodeType": "Function",
                    "startLine": 320,
                    "endLine": 352,
                    "content": "def resolve_observation_span(body: bytes, artifact: ArtifactReference,                              observation: Observation, *,                              expected_occurrence_id: str,                              expected_input_ref: str,                              policy: ExtractionPolicy | None = None) -> ResolvedObservation:     _verify_artifact(body, artifact)     if type(observation) is not Observation:         raise TypeError(\"observation must be Observation\")     if observation.occurrence_id != expected_occurrence_id or observation.input_ref != expected_input_ref:         raise ArtifactBindingError(\"observation ownership mismatch\")     if (observation.artifact_id != artifact.artifact_id             or observation.snapshot_id != artifact.snapshot_id             or observation.content_digest != artifact.content_digest             or observation.source_url != artifact.final_url):         raise ArtifactBindingError(\"observation artifact binding mismatch\")     canonical = extract_observations(         body, artifact=artifact, occurrence_id=expected_occurrence_id,         input_ref=expected_input_ref, final_url=observation.source_url, policy=policy,     )     matches = tuple(item for item in canonical.observations                     if item.observation_id == observation.observation_id)     if len(matches) != 1 or matches[0] != observation:         raise ArtifactBindingError(\"observation does not match canonical extraction\")     span = observation.raw_span     raw = body[span.start_byte:span.end_byte]     try:         text = raw.decode(\"utf-8\")         context_raw = None if observation.context_span is None else body[             observation.context_span.start_byte:observation.context_span.end_byte]         context_text = None if context_raw is None else context_raw.decode(\"utf-8\")         return ResolvedObservation(raw, text, context_raw, context_text)     except UnicodeDecodeError as exc:         raise ValueError(\"observation span is not valid UTF-8\") from exc"
                },
                {
                    "id": "Function:flowsint-core/src/flowsint_execution/observed_extraction.py:extract_observations",
                    "name": "extract_observations",
                    "filePath": "flowsint-core/src/flowsint_execution/observed_extraction.py",
                    "nodeType": "Function",
                    "startLine": 619,
                    "endLine": 695,
                    "content": "def extract_observations(body: bytes, *, artifact: ArtifactReference, occurrence_id: str,                          input_ref: str, final_url: str,                          policy: ExtractionPolicy | None = None,                          cancelled: Callable[[], bool] | None = None) -> ObservedExtractionResult:     selected = policy or ExtractionPolicy()     _verify_artifact(body, artifact)     if _safe_http_url(final_url, None, allow_relative=False) != final_url:         raise ValueError(\"final_url must be an HTTP(S) URL without credentials\")     if artifact.final_url is not None and final_url != artifact.final_url:         raise ArtifactBindingError(\"source final URL does not match artifact final URL\")     if len(body) > selected.max_body_bytes:         raise ValueError(\"retained body exceeds extraction body limit\")     if cancelled is not None and cancelled():         return ObservedExtractionResult(\"\", (), (_diagnostic(\"extraction_cancelled\", \"Extraction was cancelled.\"),), False, 0, 0)     try:         source = body.decode(\"utf-8\")     except UnicodeDecodeError:         return ObservedExtractionResult(\"\", (), (_diagnostic(\"decode_error\", \"Retained source is not valid UTF-8.\"),), False, 0, 0)     line_starts = [0]     for match in re.finditer(\"\\n\", source):         line_starts.append(match.end())     parser = _SourceParser(source, line_starts)     parser.feed(source)     parser.close()     parser.close_open_frames()     if cancelled is not None and cancelled():         return ObservedExtractionResult(\" \".join(parser.readable_parts), (),             (_diagnostic(\"extraction_cancelled\", \"Extraction was cancelled.\"),), False, 0, 0)     byte_offsets = _byte_map(source)     observations: list[Observation] = []     context_used = 0     total = len(parser.candidates)     for candidate in parser.candidates:         value = candidate.value         if candidate.kind in {ObservationKind.LINK, ObservationKind.FORM_CANDIDATE}:             resolved = _safe_http_url(value, final_url, allow_relative=selected.allow_relative_hrefs)             if resolved is None:                 continue             if not selected.allow_external_links and urlsplit(resolved).hostname != urlsplit(final_url).hostname:                 continue             value = resolved             value = disclose_url(value)         if len(value.encode(\"utf-8\")) > selected.max_value_bytes:             continue         raw_span = RawSpan(byte_offsets[candidate.start_char], byte_offsets[candidate.end_char])         context_span = None         person_name = None         if candidate.context is not None:             context_start = candidate.context_start_char             context_end = candidate.context_end_char             if context_start is None or context_end is None:                 context_start = candidate.context.start_char                 context_end = candidate.context.end_char or len(source)             proposed = RawSpan(byte_offsets[context_start], byte_offsets[context_end])             cost = proposed.end_byte - proposed.start_byte             if context_used + cost > selected.max_context_bytes:                 continue             context_used += cost             context_span = proposed             if candidate.kind is ObservationKind.PERSON_ASSOCIATED:                 person_name = candidate.person_name         if len(observations) >= selected.max_observations:             continue         observations.append(Observation(             observation_id=_observation_id(artifact, occurrence_id, candidate.kind, raw_span),             occurrence_id=occurrence_id, kind=candidate.kind, value=value,             artifact_id=artifact.artifact_id, snapshot_id=artifact.snapshot_id,             content_digest=artifact.content_digest, input_ref=input_ref,             source_url=final_url, raw_span=raw_span, context_span=context_span,             anchor_text=candidate.anchor_text, person_name=person_name,         ))     skipped = total - len(observations)     return ObservedExtractionResult(         readable_text=\" \".join(parser.readable_parts), observations=tuple(observations),         diagnostics=(), was_truncated=skipped > 0, observations_skipped=skipped,         total_observations_found=total,     )"
                }
            ]
        }
    ],
    "affected_modules": [
        {
            "name": "flowsint-core",
            "direct": true,
            "symbolCount": 7
        }
    ],
    "affected_processes": [],
    "byDepth": {
        "d=1": {
            "depth": 1,
            "label": "WILL BREAK",
            "symbols": [
                {
                    "id": "Function:flowsint-core/src/flowsint_execution/fetch.py:_redacted_location",
                    "name": "_redacted_location",
                    "filePath": "flowsint-core/src/flowsint_execution/fetch.py",
                    "nodeType": "Function",
                    "startLine": 880,
                    "endLine": 881,
                    "content": "def _redacted_location(url: str) -> str:     return disclose_url(url)"
                },
                {
                    "id": "Function:flowsint-core/src/flowsint_execution/observed_extraction.py:extract_observations",
                    "name": "extract_observations",
                    "filePath": "flowsint-core/src/flowsint_execution/observed_extraction.py",
                    "nodeType": "Function",
                    "startLine": 619,
                    "endLine": 695,
                    "content": "def extract_observations(body: bytes, *, artifact: ArtifactReference, occurrence_id: str,                          input_ref: str, final_url: str,                          policy: ExtractionPolicy | None = None,                          cancelled: Callable[[], bool] | None = None) -> ObservedExtractionResult:     selected = policy or ExtractionPolicy()     _verify_artifact(body, artifact)     if _safe_http_url(final_url, None, allow_relative=False) != final_url:         raise ValueError(\"final_url must be an HTTP(S) URL without credentials\")     if artifact.final_url is not None and final_url != artifact.final_url:         raise ArtifactBindingError(\"source final URL does not match artifact final URL\")     if len(body) > selected.max_body_bytes:         raise ValueError(\"retained body exceeds extraction body limit\")     if cancelled is not None and cancelled():         return ObservedExtractionResult(\"\", (), (_diagnostic(\"extraction_cancelled\", \"Extraction was cancelled.\"),), False, 0, 0)     try:         source = body.decode(\"utf-8\")     except UnicodeDecodeError:         return ObservedExtractionResult(\"\", (), (_diagnostic(\"decode_error\", \"Retained source is not valid UTF-8.\"),), False, 0, 0)     line_starts = [0]     for match in re.finditer(\"\\n\", source):         line_starts.append(match.end())     parser = _SourceParser(source, line_starts)     parser.feed(source)     parser.close()     parser.close_open_frames()     if cancelled is not None and cancelled():         return ObservedExtractionResult(\" \".join(parser.readable_parts), (),             (_diagnostic(\"extraction_cancelled\", \"Extraction was cancelled.\"),), False, 0, 0)     byte_offsets = _byte_map(source)     observations: list[Observation] = []     context_used = 0     total = len(parser.candidates)     for candidate in parser.candidates:         value = candidate.value         if candidate.kind in {ObservationKind.LINK, ObservationKind.FORM_CANDIDATE}:             resolved = _safe_http_url(value, final_url, allow_relative=selected.allow_relative_hrefs)             if resolved is None:                 continue             if not selected.allow_external_links and urlsplit(resolved).hostname != urlsplit(final_url).hostname:                 continue             value = resolved             value = disclose_url(value)         if len(value.encode(\"utf-8\")) > selected.max_value_bytes:             continue         raw_span = RawSpan(byte_offsets[candidate.start_char], byte_offsets[candidate.end_char])         context_span = None         person_name = None         if candidate.context is not None:             context_start = candidate.context_start_char             context_end = candidate.context_end_char             if context_start is None or context_end is None:                 context_start = candidate.context.start_char                 context_end = candidate.context.end_char or len(source)             proposed = RawSpan(byte_offsets[context_start], byte_offsets[context_end])             cost = proposed.end_byte - proposed.start_byte             if context_used + cost > selected.max_context_bytes:                 continue             context_used += cost             context_span = proposed             if candidate.kind is ObservationKind.PERSON_ASSOCIATED:                 person_name = candidate.person_name         if len(observations) >= selected.max_observations:             continue         observations.append(Observation(             observation_id=_observation_id(artifact, occurrence_id, candidate.kind, raw_span),             occurrence_id=occurrence_id, kind=candidate.kind, value=value,             artifact_id=artifact.artifact_id, snapshot_id=artifact.snapshot_id,             content_digest=artifact.content_digest, input_ref=input_ref,             source_url=final_url, raw_span=raw_span, context_span=context_span,             anchor_text=candidate.anchor_text, person_name=person_name,         ))     skipped = total - len(observations)     return ObservedExtractionResult(         readable_text=\" \".join(parser.readable_parts), observations=tuple(observations),         diagnostics=(), was_truncated=skipped > 0, observations_skipped=skipped,         total_observations_found=total,     )"
                }
            ]
        },
        "d=2": {
            "depth": 2,
            "label": "LIKELY AFFECTED",
            "symbols": [
                {
                    "id": "Function:flowsint-core/src/flowsint_execution/fetch.py:one",
                    "name": "one",
                    "filePath": "flowsint-core/src/flowsint_execution/fetch.py",
                    "nodeType": "Function",
                    "startLine": 407,
                    "endLine": 626,
                    "content": "    async def one(item: AdmittedInput) -> FetchOutcome:         requested_origin = _origin(item.url)         def failed(status: FetchStatus, code: str, message: str, retryable=False):             return FetchOutcome(                 occurrence_id=item.occurrence_id,                 input_ref=item.input_ref,                 status=status,                 requested_origin=requested_origin,                 diagnostic=_diagnostic(code, message, retryable=retryable),                 actual_resources=ledger.occurrence_resources(item.occurrence_id),             )         url = item.url         redirects = retries = 0         async with semaphore:             while True:                 if not await ledger.charge_request(item.occurrence_id):                     return failed(                         FetchStatus.TOOL_ERROR,                         \"request_budget_exhausted\",                         \"The request allocation was exhausted.\",                     )                 try:                     request = client.build_request(\"GET\", url)                     response = await client.send(request, stream=True)                 except asyncio.CancelledError:                     if asyncio.current_task().cancelling():                         raise                     return failed(                         FetchStatus.CANCELLED,                         \"cancelled\",                         \"The transport cancelled this occurrence.\",                     )                 except httpx.TimeoutException:                     return failed(                         FetchStatus.TIMEOUT,                         \"timeout\",                         \"The HTTP operation timed out.\",                         True,                     )                 except httpx.HTTPError:                     if retries < operation.parameters.max_retries:                         retries += 1                         if operation.parameters.retry_backoff_seconds:                             await asyncio.sleep(                                 operation.parameters.retry_backoff_seconds                             )                         continue                     return failed(                         FetchStatus.TOOL_ERROR,                         \"transport_error\",                         \"The HTTP transport failed.\",                         True,                     )                 try:                     if response.status_code in _REDIRECTS:                         location = response.headers.get(\"location\")                         if not location:                             return failed(                                 FetchStatus.HTTP_ERROR,                                 \"invalid_redirect\",                                 \"The redirect had no destination.\",                             )                         destination = urljoin(url, location)                         try:                             destination_origin = _origin(destination)                         except ValueError:                             return failed(                                 FetchStatus.POLICY_DENIED,                                 \"redirect_denied\",                                 \"The redirect destination was denied before dispatch.\",                             )                         if destination_origin != requested_origin:                             return failed(                                 FetchStatus.POLICY_DENIED,                                 \"redirect_denied\",                                 \"The redirect destination was denied before dispatch.\",                             )                         if redirects >= operation.parameters.max_redirects:                             return failed(                                 FetchStatus.POLICY_DENIED,                                 \"redirect_limit\",                                 \"The redirect limit was reached before dispatch.\",                             )                         redirects += 1                         url = destination                         continue                     if response.status_code == 429:                         return failed(                             FetchStatus.RATE_LIMITED,                             \"rate_limited\",                             \"The server rate limited the request.\",                             True,                         )                     if (                         response.status_code in _RETRYABLE                         and retries < operation.parameters.max_retries                     ):                         retries += 1                         if operation.parameters.retry_backoff_seconds:                             await asyncio.sleep(                                 operation.parameters.retry_backoff_seconds                             )                         continue                     if response.status_code < 200 or response.status_code >= 300:                         return failed(           ... [truncated]"
                },
                {
                    "id": "Function:flowsint-core/src/flowsint_execution/fetch.py:process",
                    "name": "process",
                    "filePath": "flowsint-core/src/flowsint_execution/fetch.py",
                    "nodeType": "Function",
                    "startLine": 773,
                    "endLine": 831,
                    "content": "    def process() -> tuple[SourceProofOutcome, ...]:         outcomes = []         for item in fetched.outcomes:             if item.status is not FetchStatus.SUCCESS:                 outcomes.append(SourceProofOutcome(item.occurrence_id, item.input_ref, item.status, CaptureResult(ArtifactState.REVIEW, \"fetch_failed\"), None, item.diagnostic, item.actual_resources))                 continue             source = admitted[item.occurrence_id]             if expired():                 raise TimeoutError             context = ArtifactContext(                 operation_id=operation.operation_id, occurrence_id=item.occurrence_id,                 caller_id=operation.policy.caller_id, scope=operation.policy.scope,                 source_family=\"http\", origin=item.final_origin or item.requested_origin,                 requested_url=item.requested_url or _redacted_location(source.url),                 final_url=item.final_url or _redacted_location(source.url),                 retrieved_at=datetime.now(timezone.utc),             )             try:                 normalized = normalize_html(item.body or b\"\")             except ValueError:                 capture = CaptureResult(ArtifactState.REVIEW, \"unsupported_source_encoding\")                 normalized = None             else:                 if expired():                     raise TimeoutError                 if retention_decision is None:                     capture = CaptureResult(ArtifactState.HOLD, \"retention_policy_unavailable\")                 elif artifact_store is None:                     capture = CaptureResult(ArtifactState.HOLD, \"artifact_store_unavailable\")                 else:                     capture = capture_source(artifact_store, context, retention_decision,                                              item.body, normalized=normalized, cancelled=expired)                 if expired():                     raise TimeoutError                 if capture.state is not ArtifactState.AVAILABLE:                     normalized = None             spans = ()             observations = None             if capture.artifact is not None and normalized is not None:                 spans = tuple(SourceProofSpanReference(                     span_id=f\"span-{capture.artifact.snapshot_id}-{index}\", artifact_id=capture.artifact.artifact_id,                     byte_start=span.raw_start, byte_end=span.raw_end,                     normalized_start=span.normalized_start, normalized_end=span.normalized_end,                     raw_offset_unit=\"byte\", normalized_offset_unit=\"unicode_code_point\", source_encoding=\"utf-8\",                 ) for index, span in enumerate(normalized.spans))                 if expired():                     raise TimeoutError                 from .observed_extraction import extract_observations                 observations = extract_observations(                     item.body or b\"\", artifact=capture.artifact,                     occurrence_id=item.occurrence_id, input_ref=item.input_ref,                     final_url=context.final_url or \"\", cancelled=expired,                 )                 if expired():                     raise TimeoutError             outcomes.append(SourceProofOutcome(item.occurrence_id, item.input_ref, item.status,                                                capture, normalized, item.diagnostic, item.actual_resources, spans,                                                observations))         return tuple(outcomes)"
                },
                {
                    "id": "Function:flowsint-core/src/flowsint_execution/observed_extraction.py:resolve_observation_span",
                    "name": "resolve_observation_span",
                    "filePath": "flowsint-core/src/flowsint_execution/observed_extraction.py",
                    "nodeType": "Function",
                    "startLine": 320,
                    "endLine": 352,
                    "content": "def resolve_observation_span(body: bytes, artifact: ArtifactReference,                              observation: Observation, *,                              expected_occurrence_id: str,                              expected_input_ref: str,                              policy: ExtractionPolicy | None = None) -> ResolvedObservation:     _verify_artifact(body, artifact)     if type(observation) is not Observation:         raise TypeError(\"observation must be Observation\")     if observation.occurrence_id != expected_occurrence_id or observation.input_ref != expected_input_ref:         raise ArtifactBindingError(\"observation ownership mismatch\")     if (observation.artifact_id != artifact.artifact_id             or observation.snapshot_id != artifact.snapshot_id             or observation.content_digest != artifact.content_digest             or observation.source_url != artifact.final_url):         raise ArtifactBindingError(\"observation artifact binding mismatch\")     canonical = extract_observations(         body, artifact=artifact, occurrence_id=expected_occurrence_id,         input_ref=expected_input_ref, final_url=observation.source_url, policy=policy,     )     matches = tuple(item for item in canonical.observations                     if item.observation_id == observation.observation_id)     if len(matches) != 1 or matches[0] != observation:         raise ArtifactBindingError(\"observation does not match canonical extraction\")     span = observation.raw_span     raw = body[span.start_byte:span.end_byte]     try:         text = raw.decode(\"utf-8\")         context_raw = None if observation.context_span is None else body[             observation.context_span.start_byte:observation.context_span.end_byte]         context_text = None if context_raw is None else context_raw.decode(\"utf-8\")         return ResolvedObservation(raw, text, context_raw, context_text)     except UnicodeDecodeError as exc:         raise ValueError(\"observation span is not valid UTF-8\") from exc"
                }
            ]
        },
        "d=3": {
            "depth": 3,
            "label": "MAY NEED TESTING",
            "symbols": [
                {
                    "id": "Function:flowsint-core/src/flowsint_execution/artifact_runtime.py:resolve_persisted_observation",
                    "name": "resolve_persisted_observation",
                    "filePath": "flowsint-core/src/flowsint_execution/artifact_runtime.py",
                    "nodeType": "Function",
                    "startLine": 264,
                    "endLine": 314,
                    "content": "def resolve_persisted_observation(     value: str,     metadata: object,     observation_id: str,     *,     caller_id: str,     scope: str,     source_family: str,     operation_id: str,     occurrence_id: str,     config_path: str | os.PathLike[str] | None = None,     now: datetime | None = None, ) -> ObservationResolveResult:     \"\"\"Resolve one canonical persisted observation under current retention authority.\"\"\"     from .models import PersistedMetadata     from .observed_extraction import (         extraction_policy_from_metadata, parse_observed_extraction_metadata,         resolve_observation_span,     )     source = resolve_persisted_source_proof(         value, caller_id=caller_id, scope=scope, source_family=source_family,         operation_id=operation_id, occurrence_id=occurrence_id,         config_path=config_path, now=now,     )     if source.state is not ArtifactState.AVAILABLE or source.body is None:         return ObservationResolveResult(source.state, source.reason)     try:         proof = decode_source_proof(value)         if type(metadata) is not PersistedMetadata:             raise ValueError(\"metadata type mismatch\")         result = parse_observed_extraction_metadata(metadata)         matches = tuple(item for item in result.observations                         if item.observation_id == observation_id)         if len(matches) != 1:             raise ValueError(\"observation id mismatch\")         observation = matches[0]         if (observation.occurrence_id != proof.context.occurrence_id                 or observation.input_ref != proof.input_ref):             raise ValueError(\"observation proof ownership mismatch\")         resolved = resolve_observation_span(             source.body, proof.artifact, observation,             expected_occurrence_id=occurrence_id, expected_input_ref=proof.input_ref,             policy=extraction_policy_from_metadata(metadata),         )     except (TypeError, ValueError, ArtifactBindingError):         return ObservationResolveResult(ArtifactState.REVIEW, \"observation_metadata_invalid\")     return ObservationResolveResult(         ArtifactState.AVAILABLE, \"resolved\", observation, resolved.raw, resolved.text,         resolved.context_raw, resolved.context_text,     )"
                },
                {
                    "id": "Function:flowsint-core/src/flowsint_execution/fetch.py:execute_fetch",
                    "name": "execute_fetch",
                    "filePath": "flowsint-core/src/flowsint_execution/fetch.py",
                    "nodeType": "Function",
                    "startLine": 385,
                    "endLine": 713,
                    "content": "async def execute_fetch(     operation: AdmittedFetchOperation,     *,     transport: httpx.AsyncBaseTransport | None = None, ) -> FetchResult:     \"\"\"Execute only a sealed operation using verified async HTTP streaming.\"\"\"     operation.validate_seal()     operation.claim_execution()     ledger = _Ledger(operation)     concurrency = min(operation.allocation.concurrency or 1, len(operation.inputs) or 1)     semaphore = asyncio.Semaphore(concurrency)     timeout = operation.allocation.elapsed_seconds or 0.001     client = httpx.AsyncClient(         transport=transport,         verify=True,         trust_env=False,         follow_redirects=False,         timeout=httpx.Timeout(timeout),         headers={\"accept-encoding\": \"identity\"},     )     async def one(item: AdmittedInput) -> FetchOutcome:         requested_origin = _origin(item.url)         def failed(status: FetchStatus, code: str, message: str, retryable=False):             return FetchOutcome(                 occurrence_id=item.occurrence_id,                 input_ref=item.input_ref,                 status=status,                 requested_origin=requested_origin,                 diagnostic=_diagnostic(code, message, retryable=retryable),                 actual_resources=ledger.occurrence_resources(item.occurrence_id),             )         url = item.url         redirects = retries = 0         async with semaphore:             while True:                 if not await ledger.charge_request(item.occurrence_id):                     return failed(                         FetchStatus.TOOL_ERROR,                         \"request_budget_exhausted\",                         \"The request allocation was exhausted.\",                     )                 try:                     request = client.build_request(\"GET\", url)                     response = await client.send(request, stream=True)                 except asyncio.CancelledError:                     if asyncio.current_task().cancelling():                         raise                     return failed(                         FetchStatus.CANCELLED,                         \"cancelled\",                         \"The transport cancelled this occurrence.\",                     )                 except httpx.TimeoutException:                     return failed(                         FetchStatus.TIMEOUT,                         \"timeout\",                         \"The HTTP operation timed out.\",                         True,                     )                 except httpx.HTTPError:                     if retries < operation.parameters.max_retries:                         retries += 1                         if operation.parameters.retry_backoff_seconds:                             await asyncio.sleep(                                 operation.parameters.retry_backoff_seconds                             )                         continue                     return failed(                         FetchStatus.TOOL_ERROR,                         \"transport_error\",                         \"The HTTP transport failed.\",                         True,                     )                 try:                     if response.status_code in _REDIRECTS:                         location = response.headers.get(\"location\")                         if not location:                             return failed(                                 FetchStatus.HTTP_ERROR,                                 \"invalid_redirect\",                                 \"The redirect had no destination.\",                             )                         destination = urljoin(url, location)                         try:                             destination_origin = _origin(destination)                         except ValueError:                             return failed(                                 FetchStatus.POLICY_DENIED,                                 \"redirect_denied\",                                 \"The redirect destination was denied before dispatch.\",                             )                         if destination_origin != requested_origin:                             return failed(                                 FetchStatus.POLICY_DENIED,                                 \"redirect_denied\",                                 \"The redirect destination was denied before dispatch.\",                             )                         if redirects >= operation.parameters.max_redirects:                             return failed(                                 FetchStatus.POLICY_DENIED,                                 \"redirect_limit\",                                 \"The redirect limit was reached before dispatch.\",                             )                         redirects += 1                         url = destination                         continue                     if response.status_code == 429:                         return failed(                             FetchStatus.RATE_LIMITED,                            ... [truncated]"
                }
            ]
        }
    },
    "summary": {
        "cwd": "/home/n4s5ti/Documents/dev/fl0sint-def45-extraction",
        "rootPath": "/home/n4s5ti/Documents/dev/fl0sint-def45-extraction",
        "repo": "fl0sint-def45-extraction",
        "lbugPath": "/home/n4s5ti/Documents/dev/fl0sint-def45-extraction/.gitnexus/lbug",
        "symbol": "flowsint-core/src/flowsint_execution/url_policy.py:disclose_url",
        "rootSymbols": 1,
        "totalSymbols": 8,
        "totalEdges": 8,
        "filesMatched": 4,
        "truncated": false,
        "direct": 2,
        "processes": 0,
        "modules": 1
    },
    "warnings": [],
    "completeness": "complete",
    "completenessReasons": [],
    "indexStatus": "ready"
}
