{
    "symbol": "flowsint-core/src/flowsint_execution/observed_extraction.py:resolve_observation_span",
    "repo": "fl0sint-def45-extraction",
    "lbugPath": "/home/n4s5ti/Documents/dev/fl0sint-def45-extraction/.gitnexus/lbug",
    "rootPath": "/home/n4s5ti/Documents/dev/fl0sint-def45-extraction",
    "direction": "downstream",
    "risk": "MEDIUM",
    "target": {
        "id": "Function:flowsint-core/src/flowsint_execution/observed_extraction.py:resolve_observation_span",
        "name": "resolve_observation_span",
        "filePath": "flowsint-core/src/flowsint_execution/observed_extraction.py",
        "nodeType": "Function",
        "startLine": 320,
        "endLine": 352,
        "content": "def resolve_observation_span(body: bytes, artifact: ArtifactReference,                              observation: Observation, *,                              expected_occurrence_id: str,                              expected_input_ref: str,                              policy: ExtractionPolicy | None = None) -> ResolvedObservation:     _verify_artifact(body, artifact)     if type(observation) is not Observation:         raise TypeError(\"observation must be Observation\")     if observation.occurrence_id != expected_occurrence_id or observation.input_ref != expected_input_ref:         raise ArtifactBindingError(\"observation ownership mismatch\")     if (observation.artifact_id != artifact.artifact_id             or observation.snapshot_id != artifact.snapshot_id             or observation.content_digest != artifact.content_digest             or observation.source_url != artifact.final_url):         raise ArtifactBindingError(\"observation artifact binding mismatch\")     canonical = extract_observations(         body, artifact=artifact, occurrence_id=expected_occurrence_id,         input_ref=expected_input_ref, final_url=observation.source_url, policy=policy,     )     matches = tuple(item for item in canonical.observations                     if item.observation_id == observation.observation_id)     if len(matches) != 1 or matches[0] != observation:         raise ArtifactBindingError(\"observation does not match canonical extraction\")     span = observation.raw_span     raw = body[span.start_byte:span.end_byte]     try:         text = raw.decode(\"utf-8\")         context_raw = None if observation.context_span is None else body[             observation.context_span.start_byte:observation.context_span.end_byte]         context_text = None if context_raw is None else context_raw.decode(\"utf-8\")         return ResolvedObservation(raw, text, context_raw, context_text)     except UnicodeDecodeError as exc:         raise ValueError(\"observation span is not valid UTF-8\") from exc"
    },
    "symbols": [
        {
            "id": "Function:flowsint-core/src/flowsint_execution/observed_extraction.py:resolve_observation_span",
            "name": "resolve_observation_span",
            "filePath": "flowsint-core/src/flowsint_execution/observed_extraction.py",
            "nodeType": "Function",
            "startLine": 320,
            "endLine": 352,
            "content": "def resolve_observation_span(body: bytes, artifact: ArtifactReference,                              observation: Observation, *,                              expected_occurrence_id: str,                              expected_input_ref: str,                              policy: ExtractionPolicy | None = None) -> ResolvedObservation:     _verify_artifact(body, artifact)     if type(observation) is not Observation:         raise TypeError(\"observation must be Observation\")     if observation.occurrence_id != expected_occurrence_id or observation.input_ref != expected_input_ref:         raise ArtifactBindingError(\"observation ownership mismatch\")     if (observation.artifact_id != artifact.artifact_id             or observation.snapshot_id != artifact.snapshot_id             or observation.content_digest != artifact.content_digest             or observation.source_url != artifact.final_url):         raise ArtifactBindingError(\"observation artifact binding mismatch\")     canonical = extract_observations(         body, artifact=artifact, occurrence_id=expected_occurrence_id,         input_ref=expected_input_ref, final_url=observation.source_url, policy=policy,     )     matches = tuple(item for item in canonical.observations                     if item.observation_id == observation.observation_id)     if len(matches) != 1 or matches[0] != observation:         raise ArtifactBindingError(\"observation does not match canonical extraction\")     span = observation.raw_span     raw = body[span.start_byte:span.end_byte]     try:         text = raw.decode(\"utf-8\")         context_raw = None if observation.context_span is None else body[             observation.context_span.start_byte:observation.context_span.end_byte]         context_text = None if context_raw is None else context_raw.decode(\"utf-8\")         return ResolvedObservation(raw, text, context_raw, context_text)     except UnicodeDecodeError as exc:         raise ValueError(\"observation span is not valid UTF-8\") from exc"
        },
        {
            "id": "Function:flowsint-core/src/flowsint_execution/observed_extraction.py:_verify_artifact",
            "name": "_verify_artifact",
            "filePath": "flowsint-core/src/flowsint_execution/observed_extraction.py",
            "nodeType": "Function",
            "startLine": 303,
            "endLine": 309,
            "content": "def _verify_artifact(body: bytes, artifact: ArtifactReference) -> None:     if not isinstance(body, bytes):         raise TypeError(\"body must be bytes\")     if len(body) != artifact.byte_length:         raise ArtifactBindingError(\"artifact byte length mismatch\")     if hashlib.sha256(body).hexdigest() != artifact.content_digest:         raise ArtifactBindingError(\"artifact digest mismatch\")"
        },
        {
            "id": "Function:flowsint-core/src/flowsint_execution/observed_extraction.py:_safe_http_url",
            "name": "_safe_http_url",
            "filePath": "flowsint-core/src/flowsint_execution/observed_extraction.py",
            "nodeType": "Function",
            "startLine": 581,
            "endLine": 596,
            "content": "def _safe_http_url(value: str, base: str | None, *, allow_relative: bool) -> str | None:     if not value or any(character.isspace() for character in value):         return None     try:         parsed = urlsplit(value)     except ValueError:         return None     if parsed.scheme:         if parsed.scheme.lower() not in {\"http\", \"https\"}:             return None         if not parsed.hostname or parsed.username is not None or parsed.password is not None:             return None         return value     if not allow_relative or value.startswith(\"//\"):         return None     return urljoin(base, value) if base else value"
        },
        {
            "id": "Function:flowsint-core/src/flowsint_execution/observed_extraction.py:_byte_map",
            "name": "_byte_map",
            "filePath": "flowsint-core/src/flowsint_execution/observed_extraction.py",
            "nodeType": "Function",
            "startLine": 599,
            "endLine": 605,
            "content": "def _byte_map(source: str) -> list[int]:     offsets = [0]     total = 0     for character in source:         total += len(character.encode(\"utf-8\"))         offsets.append(total)     return offsets"
        },
        {
            "id": "Function:flowsint-core/src/flowsint_execution/observed_extraction.py:_observation_id",
            "name": "_observation_id",
            "filePath": "flowsint-core/src/flowsint_execution/observed_extraction.py",
            "nodeType": "Function",
            "startLine": 608,
            "endLine": 612,
            "content": "def _observation_id(artifact: ArtifactReference, occurrence_id: str,                     kind: ObservationKind, span: RawSpan) -> str:     key = \"\\0\".join((artifact.snapshot_id, artifact.content_digest, occurrence_id,                      kind.value, str(span.start_byte), str(span.end_byte))).encode()     return \"observation-\" + hashlib.sha256(key).hexdigest()[:32]"
        },
        {
            "id": "Function:flowsint-core/src/flowsint_execution/observed_extraction.py:_diagnostic",
            "name": "_diagnostic",
            "filePath": "flowsint-core/src/flowsint_execution/observed_extraction.py",
            "nodeType": "Function",
            "startLine": 615,
            "endLine": 616,
            "content": "def _diagnostic(code: str, message: str) -> RedactedDiagnostic:     return RedactedDiagnostic(code=code, safe_message=message, retryable=False)"
        },
        {
            "id": "Function:flowsint-core/src/flowsint_execution/observed_extraction.py:extract_observations",
            "name": "extract_observations",
            "filePath": "flowsint-core/src/flowsint_execution/observed_extraction.py",
            "nodeType": "Function",
            "startLine": 619,
            "endLine": 695,
            "content": "def extract_observations(body: bytes, *, artifact: ArtifactReference, occurrence_id: str,                          input_ref: str, final_url: str,                          policy: ExtractionPolicy | None = None,                          cancelled: Callable[[], bool] | None = None) -> ObservedExtractionResult:     selected = policy or ExtractionPolicy()     _verify_artifact(body, artifact)     if _safe_http_url(final_url, None, allow_relative=False) != final_url:         raise ValueError(\"final_url must be an HTTP(S) URL without credentials\")     if artifact.final_url is not None and final_url != artifact.final_url:         raise ArtifactBindingError(\"source final URL does not match artifact final URL\")     if len(body) > selected.max_body_bytes:         raise ValueError(\"retained body exceeds extraction body limit\")     if cancelled is not None and cancelled():         return ObservedExtractionResult(\"\", (), (_diagnostic(\"extraction_cancelled\", \"Extraction was cancelled.\"),), False, 0, 0)     try:         source = body.decode(\"utf-8\")     except UnicodeDecodeError:         return ObservedExtractionResult(\"\", (), (_diagnostic(\"decode_error\", \"Retained source is not valid UTF-8.\"),), False, 0, 0)     line_starts = [0]     for match in re.finditer(\"\\n\", source):         line_starts.append(match.end())     parser = _SourceParser(source, line_starts)     parser.feed(source)     parser.close()     parser.close_open_frames()     if cancelled is not None and cancelled():         return ObservedExtractionResult(\" \".join(parser.readable_parts), (),             (_diagnostic(\"extraction_cancelled\", \"Extraction was cancelled.\"),), False, 0, 0)     byte_offsets = _byte_map(source)     observations: list[Observation] = []     context_used = 0     total = len(parser.candidates)     for candidate in parser.candidates:         value = candidate.value         if candidate.kind in {ObservationKind.LINK, ObservationKind.FORM_CANDIDATE}:             resolved = _safe_http_url(value, final_url, allow_relative=selected.allow_relative_hrefs)             if resolved is None:                 continue             if not selected.allow_external_links and urlsplit(resolved).hostname != urlsplit(final_url).hostname:                 continue             value = resolved             value = disclose_url(value)         if len(value.encode(\"utf-8\")) > selected.max_value_bytes:             continue         raw_span = RawSpan(byte_offsets[candidate.start_char], byte_offsets[candidate.end_char])         context_span = None         person_name = None         if candidate.context is not None:             context_start = candidate.context_start_char             context_end = candidate.context_end_char             if context_start is None or context_end is None:                 context_start = candidate.context.start_char                 context_end = candidate.context.end_char or len(source)             proposed = RawSpan(byte_offsets[context_start], byte_offsets[context_end])             cost = proposed.end_byte - proposed.start_byte             if context_used + cost > selected.max_context_bytes:                 continue             context_used += cost             context_span = proposed             if candidate.kind is ObservationKind.PERSON_ASSOCIATED:                 person_name = candidate.person_name         if len(observations) >= selected.max_observations:             continue         observations.append(Observation(             observation_id=_observation_id(artifact, occurrence_id, candidate.kind, raw_span),             occurrence_id=occurrence_id, kind=candidate.kind, value=value,             artifact_id=artifact.artifact_id, snapshot_id=artifact.snapshot_id,             content_digest=artifact.content_digest, input_ref=input_ref,             source_url=final_url, raw_span=raw_span, context_span=context_span,             anchor_text=candidate.anchor_text, person_name=person_name,         ))     skipped = total - len(observations)     return ObservedExtractionResult(         readable_text=\" \".join(parser.readable_parts), observations=tuple(observations),         diagnostics=(), was_truncated=skipped > 0, observations_skipped=skipped,         total_observations_found=total,     )"
        },
        {
            "id": "Function:flowsint-core/src/flowsint_execution/url_policy.py:_query_name_supported",
            "name": "_query_name_supported",
            "filePath": "flowsint-core/src/flowsint_execution/url_policy.py",
            "nodeType": "Function",
            "startLine": 16,
            "endLine": 25,
            "content": "def _query_name_supported(name: str) -> bool:     normalized = name.casefold()     pieces = tuple(piece for piece in re.split(r\"[^a-z0-9]+|(?<=[a-z])(?=[A-Z])\", normalized) if piece)     if normalized in _BENIGN_QUERY_NAMES:         return True     return not any(         piece in _CREDENTIAL_WORDS         or any(piece.startswith(word) or piece.endswith(word) for word in _CREDENTIAL_WORDS)         for piece in pieces     )"
        },
        {
            "id": "Function:flowsint-core/src/flowsint_execution/url_policy.py:disclose_url",
            "name": "disclose_url",
            "filePath": "flowsint-core/src/flowsint_execution/url_policy.py",
            "nodeType": "Function",
            "startLine": 28,
            "endLine": 38,
            "content": "def disclose_url(url: str) -> str:     \"\"\"Return a report-safe URL, dropping an ambiguous credential-like query.\"\"\"     parts = urlsplit(url)     host = f\"[{parts.hostname}]\" if parts.hostname and \":\" in parts.hostname else parts.hostname     port = f\":{parts.port}\" if parts.port is not None else \"\"     try:         pairs = parse_qsl(parts.query, keep_blank_values=True, strict_parsing=False)         query = urlencode(pairs) if all(_query_name_supported(name) for name, _ in pairs) else \"\"     except (UnicodeError, ValueError):         query = \"\"     return urlunsplit((parts.scheme, f\"{host or ''}{port}\", parts.path or \"/\", query, \"\"))"
        },
        {
            "id": "Method:flowsint-core/src/flowsint_execution/observed_extraction.py:_SourceParser.close_open_frames#0",
            "name": "close_open_frames",
            "filePath": "flowsint-core/src/flowsint_execution/observed_extraction.py",
            "nodeType": "Method",
            "startLine": 541,
            "endLine": 544,
            "content": "    def close_open_frames(self) -> None:         for frame in self.stack:             frame.end_char = len(self.source)         self.stack.clear()"
        }
    ],
    "edges": [
        {
            "from": "Function:flowsint-core/src/flowsint_execution/observed_extraction.py:resolve_observation_span",
            "to": "Function:flowsint-core/src/flowsint_execution/observed_extraction.py:_verify_artifact",
            "type": "CALLS",
            "confidence": 0.85
        },
        {
            "from": "Function:flowsint-core/src/flowsint_execution/observed_extraction.py:resolve_observation_span",
            "to": "Function:flowsint-core/src/flowsint_execution/observed_extraction.py:extract_observations",
            "type": "CALLS",
            "confidence": 0.85
        },
        {
            "from": "Function:flowsint-core/src/flowsint_execution/observed_extraction.py:extract_observations",
            "to": "Method:flowsint-core/src/flowsint_execution/observed_extraction.py:_SourceParser.close_open_frames#0",
            "type": "CALLS",
            "confidence": 0.85
        },
        {
            "from": "Function:flowsint-core/src/flowsint_execution/observed_extraction.py:extract_observations",
            "to": "Function:flowsint-core/src/flowsint_execution/observed_extraction.py:_verify_artifact",
            "type": "CALLS",
            "confidence": 0.85
        },
        {
            "from": "Function:flowsint-core/src/flowsint_execution/observed_extraction.py:extract_observations",
            "to": "Function:flowsint-core/src/flowsint_execution/observed_extraction.py:_safe_http_url",
            "type": "CALLS",
            "confidence": 0.85
        },
        {
            "from": "Function:flowsint-core/src/flowsint_execution/observed_extraction.py:extract_observations",
            "to": "Function:flowsint-core/src/flowsint_execution/observed_extraction.py:_byte_map",
            "type": "CALLS",
            "confidence": 0.85
        },
        {
            "from": "Function:flowsint-core/src/flowsint_execution/observed_extraction.py:extract_observations",
            "to": "Function:flowsint-core/src/flowsint_execution/observed_extraction.py:_observation_id",
            "type": "CALLS",
            "confidence": 0.85
        },
        {
            "from": "Function:flowsint-core/src/flowsint_execution/observed_extraction.py:extract_observations",
            "to": "Function:flowsint-core/src/flowsint_execution/observed_extraction.py:_diagnostic",
            "type": "CALLS",
            "confidence": 0.85
        },
        {
            "from": "Function:flowsint-core/src/flowsint_execution/observed_extraction.py:extract_observations",
            "to": "Function:flowsint-core/src/flowsint_execution/url_policy.py:disclose_url",
            "type": "CALLS",
            "confidence": 0.85
        },
        {
            "from": "Function:flowsint-core/src/flowsint_execution/url_policy.py:disclose_url",
            "to": "Function:flowsint-core/src/flowsint_execution/url_policy.py:_query_name_supported",
            "type": "CALLS",
            "confidence": 0.85
        }
    ],
    "files": [
        {
            "filePath": "flowsint-core/src/flowsint_execution/observed_extraction.py",
            "count": 8,
            "symbols": [
                {
                    "id": "Function:flowsint-core/src/flowsint_execution/observed_extraction.py:resolve_observation_span",
                    "name": "resolve_observation_span",
                    "filePath": "flowsint-core/src/flowsint_execution/observed_extraction.py",
                    "nodeType": "Function",
                    "startLine": 320,
                    "endLine": 352,
                    "content": "def resolve_observation_span(body: bytes, artifact: ArtifactReference,                              observation: Observation, *,                              expected_occurrence_id: str,                              expected_input_ref: str,                              policy: ExtractionPolicy | None = None) -> ResolvedObservation:     _verify_artifact(body, artifact)     if type(observation) is not Observation:         raise TypeError(\"observation must be Observation\")     if observation.occurrence_id != expected_occurrence_id or observation.input_ref != expected_input_ref:         raise ArtifactBindingError(\"observation ownership mismatch\")     if (observation.artifact_id != artifact.artifact_id             or observation.snapshot_id != artifact.snapshot_id             or observation.content_digest != artifact.content_digest             or observation.source_url != artifact.final_url):         raise ArtifactBindingError(\"observation artifact binding mismatch\")     canonical = extract_observations(         body, artifact=artifact, occurrence_id=expected_occurrence_id,         input_ref=expected_input_ref, final_url=observation.source_url, policy=policy,     )     matches = tuple(item for item in canonical.observations                     if item.observation_id == observation.observation_id)     if len(matches) != 1 or matches[0] != observation:         raise ArtifactBindingError(\"observation does not match canonical extraction\")     span = observation.raw_span     raw = body[span.start_byte:span.end_byte]     try:         text = raw.decode(\"utf-8\")         context_raw = None if observation.context_span is None else body[             observation.context_span.start_byte:observation.context_span.end_byte]         context_text = None if context_raw is None else context_raw.decode(\"utf-8\")         return ResolvedObservation(raw, text, context_raw, context_text)     except UnicodeDecodeError as exc:         raise ValueError(\"observation span is not valid UTF-8\") from exc"
                },
                {
                    "id": "Function:flowsint-core/src/flowsint_execution/observed_extraction.py:_verify_artifact",
                    "name": "_verify_artifact",
                    "filePath": "flowsint-core/src/flowsint_execution/observed_extraction.py",
                    "nodeType": "Function",
                    "startLine": 303,
                    "endLine": 309,
                    "content": "def _verify_artifact(body: bytes, artifact: ArtifactReference) -> None:     if not isinstance(body, bytes):         raise TypeError(\"body must be bytes\")     if len(body) != artifact.byte_length:         raise ArtifactBindingError(\"artifact byte length mismatch\")     if hashlib.sha256(body).hexdigest() != artifact.content_digest:         raise ArtifactBindingError(\"artifact digest mismatch\")"
                },
                {
                    "id": "Function:flowsint-core/src/flowsint_execution/observed_extraction.py:_safe_http_url",
                    "name": "_safe_http_url",
                    "filePath": "flowsint-core/src/flowsint_execution/observed_extraction.py",
                    "nodeType": "Function",
                    "startLine": 581,
                    "endLine": 596,
                    "content": "def _safe_http_url(value: str, base: str | None, *, allow_relative: bool) -> str | None:     if not value or any(character.isspace() for character in value):         return None     try:         parsed = urlsplit(value)     except ValueError:         return None     if parsed.scheme:         if parsed.scheme.lower() not in {\"http\", \"https\"}:             return None         if not parsed.hostname or parsed.username is not None or parsed.password is not None:             return None         return value     if not allow_relative or value.startswith(\"//\"):         return None     return urljoin(base, value) if base else value"
                },
                {
                    "id": "Function:flowsint-core/src/flowsint_execution/observed_extraction.py:_byte_map",
                    "name": "_byte_map",
                    "filePath": "flowsint-core/src/flowsint_execution/observed_extraction.py",
                    "nodeType": "Function",
                    "startLine": 599,
                    "endLine": 605,
                    "content": "def _byte_map(source: str) -> list[int]:     offsets = [0]     total = 0     for character in source:         total += len(character.encode(\"utf-8\"))         offsets.append(total)     return offsets"
                },
                {
                    "id": "Function:flowsint-core/src/flowsint_execution/observed_extraction.py:_observation_id",
                    "name": "_observation_id",
                    "filePath": "flowsint-core/src/flowsint_execution/observed_extraction.py",
                    "nodeType": "Function",
                    "startLine": 608,
                    "endLine": 612,
                    "content": "def _observation_id(artifact: ArtifactReference, occurrence_id: str,                     kind: ObservationKind, span: RawSpan) -> str:     key = \"\\0\".join((artifact.snapshot_id, artifact.content_digest, occurrence_id,                      kind.value, str(span.start_byte), str(span.end_byte))).encode()     return \"observation-\" + hashlib.sha256(key).hexdigest()[:32]"
                },
                {
                    "id": "Function:flowsint-core/src/flowsint_execution/observed_extraction.py:_diagnostic",
                    "name": "_diagnostic",
                    "filePath": "flowsint-core/src/flowsint_execution/observed_extraction.py",
                    "nodeType": "Function",
                    "startLine": 615,
                    "endLine": 616,
                    "content": "def _diagnostic(code: str, message: str) -> RedactedDiagnostic:     return RedactedDiagnostic(code=code, safe_message=message, retryable=False)"
                },
                {
                    "id": "Function:flowsint-core/src/flowsint_execution/observed_extraction.py:extract_observations",
                    "name": "extract_observations",
                    "filePath": "flowsint-core/src/flowsint_execution/observed_extraction.py",
                    "nodeType": "Function",
                    "startLine": 619,
                    "endLine": 695,
                    "content": "def extract_observations(body: bytes, *, artifact: ArtifactReference, occurrence_id: str,                          input_ref: str, final_url: str,                          policy: ExtractionPolicy | None = None,                          cancelled: Callable[[], bool] | None = None) -> ObservedExtractionResult:     selected = policy or ExtractionPolicy()     _verify_artifact(body, artifact)     if _safe_http_url(final_url, None, allow_relative=False) != final_url:         raise ValueError(\"final_url must be an HTTP(S) URL without credentials\")     if artifact.final_url is not None and final_url != artifact.final_url:         raise ArtifactBindingError(\"source final URL does not match artifact final URL\")     if len(body) > selected.max_body_bytes:         raise ValueError(\"retained body exceeds extraction body limit\")     if cancelled is not None and cancelled():         return ObservedExtractionResult(\"\", (), (_diagnostic(\"extraction_cancelled\", \"Extraction was cancelled.\"),), False, 0, 0)     try:         source = body.decode(\"utf-8\")     except UnicodeDecodeError:         return ObservedExtractionResult(\"\", (), (_diagnostic(\"decode_error\", \"Retained source is not valid UTF-8.\"),), False, 0, 0)     line_starts = [0]     for match in re.finditer(\"\\n\", source):         line_starts.append(match.end())     parser = _SourceParser(source, line_starts)     parser.feed(source)     parser.close()     parser.close_open_frames()     if cancelled is not None and cancelled():         return ObservedExtractionResult(\" \".join(parser.readable_parts), (),             (_diagnostic(\"extraction_cancelled\", \"Extraction was cancelled.\"),), False, 0, 0)     byte_offsets = _byte_map(source)     observations: list[Observation] = []     context_used = 0     total = len(parser.candidates)     for candidate in parser.candidates:         value = candidate.value         if candidate.kind in {ObservationKind.LINK, ObservationKind.FORM_CANDIDATE}:             resolved = _safe_http_url(value, final_url, allow_relative=selected.allow_relative_hrefs)             if resolved is None:                 continue             if not selected.allow_external_links and urlsplit(resolved).hostname != urlsplit(final_url).hostname:                 continue             value = resolved             value = disclose_url(value)         if len(value.encode(\"utf-8\")) > selected.max_value_bytes:             continue         raw_span = RawSpan(byte_offsets[candidate.start_char], byte_offsets[candidate.end_char])         context_span = None         person_name = None         if candidate.context is not None:             context_start = candidate.context_start_char             context_end = candidate.context_end_char             if context_start is None or context_end is None:                 context_start = candidate.context.start_char                 context_end = candidate.context.end_char or len(source)             proposed = RawSpan(byte_offsets[context_start], byte_offsets[context_end])             cost = proposed.end_byte - proposed.start_byte             if context_used + cost > selected.max_context_bytes:                 continue             context_used += cost             context_span = proposed             if candidate.kind is ObservationKind.PERSON_ASSOCIATED:                 person_name = candidate.person_name         if len(observations) >= selected.max_observations:             continue         observations.append(Observation(             observation_id=_observation_id(artifact, occurrence_id, candidate.kind, raw_span),             occurrence_id=occurrence_id, kind=candidate.kind, value=value,             artifact_id=artifact.artifact_id, snapshot_id=artifact.snapshot_id,             content_digest=artifact.content_digest, input_ref=input_ref,             source_url=final_url, raw_span=raw_span, context_span=context_span,             anchor_text=candidate.anchor_text, person_name=person_name,         ))     skipped = total - len(observations)     return ObservedExtractionResult(         readable_text=\" \".join(parser.readable_parts), observations=tuple(observations),         diagnostics=(), was_truncated=skipped > 0, observations_skipped=skipped,         total_observations_found=total,     )"
                },
                {
                    "id": "Method:flowsint-core/src/flowsint_execution/observed_extraction.py:_SourceParser.close_open_frames#0",
                    "name": "close_open_frames",
                    "filePath": "flowsint-core/src/flowsint_execution/observed_extraction.py",
                    "nodeType": "Method",
                    "startLine": 541,
                    "endLine": 544,
                    "content": "    def close_open_frames(self) -> None:         for frame in self.stack:             frame.end_char = len(self.source)         self.stack.clear()"
                }
            ]
        },
        {
            "filePath": "flowsint-core/src/flowsint_execution/url_policy.py",
            "count": 2,
            "symbols": [
                {
                    "id": "Function:flowsint-core/src/flowsint_execution/url_policy.py:_query_name_supported",
                    "name": "_query_name_supported",
                    "filePath": "flowsint-core/src/flowsint_execution/url_policy.py",
                    "nodeType": "Function",
                    "startLine": 16,
                    "endLine": 25,
                    "content": "def _query_name_supported(name: str) -> bool:     normalized = name.casefold()     pieces = tuple(piece for piece in re.split(r\"[^a-z0-9]+|(?<=[a-z])(?=[A-Z])\", normalized) if piece)     if normalized in _BENIGN_QUERY_NAMES:         return True     return not any(         piece in _CREDENTIAL_WORDS         or any(piece.startswith(word) or piece.endswith(word) for word in _CREDENTIAL_WORDS)         for piece in pieces     )"
                },
                {
                    "id": "Function:flowsint-core/src/flowsint_execution/url_policy.py:disclose_url",
                    "name": "disclose_url",
                    "filePath": "flowsint-core/src/flowsint_execution/url_policy.py",
                    "nodeType": "Function",
                    "startLine": 28,
                    "endLine": 38,
                    "content": "def disclose_url(url: str) -> str:     \"\"\"Return a report-safe URL, dropping an ambiguous credential-like query.\"\"\"     parts = urlsplit(url)     host = f\"[{parts.hostname}]\" if parts.hostname and \":\" in parts.hostname else parts.hostname     port = f\":{parts.port}\" if parts.port is not None else \"\"     try:         pairs = parse_qsl(parts.query, keep_blank_values=True, strict_parsing=False)         query = urlencode(pairs) if all(_query_name_supported(name) for name, _ in pairs) else \"\"     except (UnicodeError, ValueError):         query = \"\"     return urlunsplit((parts.scheme, f\"{host or ''}{port}\", parts.path or \"/\", query, \"\"))"
                }
            ]
        }
    ],
    "affected_modules": [
        {
            "name": "flowsint-core",
            "direct": true,
            "symbolCount": 9
        }
    ],
    "affected_processes": [],
    "byDepth": {
        "d=1": {
            "depth": 1,
            "label": "WILL BREAK",
            "symbols": [
                {
                    "id": "Function:flowsint-core/src/flowsint_execution/observed_extraction.py:_verify_artifact",
                    "name": "_verify_artifact",
                    "filePath": "flowsint-core/src/flowsint_execution/observed_extraction.py",
                    "nodeType": "Function",
                    "startLine": 303,
                    "endLine": 309,
                    "content": "def _verify_artifact(body: bytes, artifact: ArtifactReference) -> None:     if not isinstance(body, bytes):         raise TypeError(\"body must be bytes\")     if len(body) != artifact.byte_length:         raise ArtifactBindingError(\"artifact byte length mismatch\")     if hashlib.sha256(body).hexdigest() != artifact.content_digest:         raise ArtifactBindingError(\"artifact digest mismatch\")"
                },
                {
                    "id": "Function:flowsint-core/src/flowsint_execution/observed_extraction.py:extract_observations",
                    "name": "extract_observations",
                    "filePath": "flowsint-core/src/flowsint_execution/observed_extraction.py",
                    "nodeType": "Function",
                    "startLine": 619,
                    "endLine": 695,
                    "content": "def extract_observations(body: bytes, *, artifact: ArtifactReference, occurrence_id: str,                          input_ref: str, final_url: str,                          policy: ExtractionPolicy | None = None,                          cancelled: Callable[[], bool] | None = None) -> ObservedExtractionResult:     selected = policy or ExtractionPolicy()     _verify_artifact(body, artifact)     if _safe_http_url(final_url, None, allow_relative=False) != final_url:         raise ValueError(\"final_url must be an HTTP(S) URL without credentials\")     if artifact.final_url is not None and final_url != artifact.final_url:         raise ArtifactBindingError(\"source final URL does not match artifact final URL\")     if len(body) > selected.max_body_bytes:         raise ValueError(\"retained body exceeds extraction body limit\")     if cancelled is not None and cancelled():         return ObservedExtractionResult(\"\", (), (_diagnostic(\"extraction_cancelled\", \"Extraction was cancelled.\"),), False, 0, 0)     try:         source = body.decode(\"utf-8\")     except UnicodeDecodeError:         return ObservedExtractionResult(\"\", (), (_diagnostic(\"decode_error\", \"Retained source is not valid UTF-8.\"),), False, 0, 0)     line_starts = [0]     for match in re.finditer(\"\\n\", source):         line_starts.append(match.end())     parser = _SourceParser(source, line_starts)     parser.feed(source)     parser.close()     parser.close_open_frames()     if cancelled is not None and cancelled():         return ObservedExtractionResult(\" \".join(parser.readable_parts), (),             (_diagnostic(\"extraction_cancelled\", \"Extraction was cancelled.\"),), False, 0, 0)     byte_offsets = _byte_map(source)     observations: list[Observation] = []     context_used = 0     total = len(parser.candidates)     for candidate in parser.candidates:         value = candidate.value         if candidate.kind in {ObservationKind.LINK, ObservationKind.FORM_CANDIDATE}:             resolved = _safe_http_url(value, final_url, allow_relative=selected.allow_relative_hrefs)             if resolved is None:                 continue             if not selected.allow_external_links and urlsplit(resolved).hostname != urlsplit(final_url).hostname:                 continue             value = resolved             value = disclose_url(value)         if len(value.encode(\"utf-8\")) > selected.max_value_bytes:             continue         raw_span = RawSpan(byte_offsets[candidate.start_char], byte_offsets[candidate.end_char])         context_span = None         person_name = None         if candidate.context is not None:             context_start = candidate.context_start_char             context_end = candidate.context_end_char             if context_start is None or context_end is None:                 context_start = candidate.context.start_char                 context_end = candidate.context.end_char or len(source)             proposed = RawSpan(byte_offsets[context_start], byte_offsets[context_end])             cost = proposed.end_byte - proposed.start_byte             if context_used + cost > selected.max_context_bytes:                 continue             context_used += cost             context_span = proposed             if candidate.kind is ObservationKind.PERSON_ASSOCIATED:                 person_name = candidate.person_name         if len(observations) >= selected.max_observations:             continue         observations.append(Observation(             observation_id=_observation_id(artifact, occurrence_id, candidate.kind, raw_span),             occurrence_id=occurrence_id, kind=candidate.kind, value=value,             artifact_id=artifact.artifact_id, snapshot_id=artifact.snapshot_id,             content_digest=artifact.content_digest, input_ref=input_ref,             source_url=final_url, raw_span=raw_span, context_span=context_span,             anchor_text=candidate.anchor_text, person_name=person_name,         ))     skipped = total - len(observations)     return ObservedExtractionResult(         readable_text=\" \".join(parser.readable_parts), observations=tuple(observations),         diagnostics=(), was_truncated=skipped > 0, observations_skipped=skipped,         total_observations_found=total,     )"
                }
            ]
        },
        "d=2": {
            "depth": 2,
            "label": "LIKELY AFFECTED",
            "symbols": [
                {
                    "id": "Method:flowsint-core/src/flowsint_execution/observed_extraction.py:_SourceParser.close_open_frames#0",
                    "name": "close_open_frames",
                    "filePath": "flowsint-core/src/flowsint_execution/observed_extraction.py",
                    "nodeType": "Method",
                    "startLine": 541,
                    "endLine": 544,
                    "content": "    def close_open_frames(self) -> None:         for frame in self.stack:             frame.end_char = len(self.source)         self.stack.clear()"
                },
                {
                    "id": "Function:flowsint-core/src/flowsint_execution/observed_extraction.py:_safe_http_url",
                    "name": "_safe_http_url",
                    "filePath": "flowsint-core/src/flowsint_execution/observed_extraction.py",
                    "nodeType": "Function",
                    "startLine": 581,
                    "endLine": 596,
                    "content": "def _safe_http_url(value: str, base: str | None, *, allow_relative: bool) -> str | None:     if not value or any(character.isspace() for character in value):         return None     try:         parsed = urlsplit(value)     except ValueError:         return None     if parsed.scheme:         if parsed.scheme.lower() not in {\"http\", \"https\"}:             return None         if not parsed.hostname or parsed.username is not None or parsed.password is not None:             return None         return value     if not allow_relative or value.startswith(\"//\"):         return None     return urljoin(base, value) if base else value"
                },
                {
                    "id": "Function:flowsint-core/src/flowsint_execution/observed_extraction.py:_byte_map",
                    "name": "_byte_map",
                    "filePath": "flowsint-core/src/flowsint_execution/observed_extraction.py",
                    "nodeType": "Function",
                    "startLine": 599,
                    "endLine": 605,
                    "content": "def _byte_map(source: str) -> list[int]:     offsets = [0]     total = 0     for character in source:         total += len(character.encode(\"utf-8\"))         offsets.append(total)     return offsets"
                },
                {
                    "id": "Function:flowsint-core/src/flowsint_execution/observed_extraction.py:_observation_id",
                    "name": "_observation_id",
                    "filePath": "flowsint-core/src/flowsint_execution/observed_extraction.py",
                    "nodeType": "Function",
                    "startLine": 608,
                    "endLine": 612,
                    "content": "def _observation_id(artifact: ArtifactReference, occurrence_id: str,                     kind: ObservationKind, span: RawSpan) -> str:     key = \"\\0\".join((artifact.snapshot_id, artifact.content_digest, occurrence_id,                      kind.value, str(span.start_byte), str(span.end_byte))).encode()     return \"observation-\" + hashlib.sha256(key).hexdigest()[:32]"
                },
                {
                    "id": "Function:flowsint-core/src/flowsint_execution/observed_extraction.py:_diagnostic",
                    "name": "_diagnostic",
                    "filePath": "flowsint-core/src/flowsint_execution/observed_extraction.py",
                    "nodeType": "Function",
                    "startLine": 615,
                    "endLine": 616,
                    "content": "def _diagnostic(code: str, message: str) -> RedactedDiagnostic:     return RedactedDiagnostic(code=code, safe_message=message, retryable=False)"
                },
                {
                    "id": "Function:flowsint-core/src/flowsint_execution/url_policy.py:disclose_url",
                    "name": "disclose_url",
                    "filePath": "flowsint-core/src/flowsint_execution/url_policy.py",
                    "nodeType": "Function",
                    "startLine": 28,
                    "endLine": 38,
                    "content": "def disclose_url(url: str) -> str:     \"\"\"Return a report-safe URL, dropping an ambiguous credential-like query.\"\"\"     parts = urlsplit(url)     host = f\"[{parts.hostname}]\" if parts.hostname and \":\" in parts.hostname else parts.hostname     port = f\":{parts.port}\" if parts.port is not None else \"\"     try:         pairs = parse_qsl(parts.query, keep_blank_values=True, strict_parsing=False)         query = urlencode(pairs) if all(_query_name_supported(name) for name, _ in pairs) else \"\"     except (UnicodeError, ValueError):         query = \"\"     return urlunsplit((parts.scheme, f\"{host or ''}{port}\", parts.path or \"/\", query, \"\"))"
                }
            ]
        },
        "d=3": {
            "depth": 3,
            "label": "MAY NEED TESTING",
            "symbols": [
                {
                    "id": "Function:flowsint-core/src/flowsint_execution/url_policy.py:_query_name_supported",
                    "name": "_query_name_supported",
                    "filePath": "flowsint-core/src/flowsint_execution/url_policy.py",
                    "nodeType": "Function",
                    "startLine": 16,
                    "endLine": 25,
                    "content": "def _query_name_supported(name: str) -> bool:     normalized = name.casefold()     pieces = tuple(piece for piece in re.split(r\"[^a-z0-9]+|(?<=[a-z])(?=[A-Z])\", normalized) if piece)     if normalized in _BENIGN_QUERY_NAMES:         return True     return not any(         piece in _CREDENTIAL_WORDS         or any(piece.startswith(word) or piece.endswith(word) for word in _CREDENTIAL_WORDS)         for piece in pieces     )"
                }
            ]
        }
    },
    "summary": {
        "cwd": "/home/n4s5ti/Documents/dev/fl0sint-def45-extraction",
        "rootPath": "/home/n4s5ti/Documents/dev/fl0sint-def45-extraction",
        "repo": "fl0sint-def45-extraction",
        "lbugPath": "/home/n4s5ti/Documents/dev/fl0sint-def45-extraction/.gitnexus/lbug",
        "symbol": "flowsint-core/src/flowsint_execution/observed_extraction.py:resolve_observation_span",
        "rootSymbols": 1,
        "totalSymbols": 10,
        "totalEdges": 10,
        "filesMatched": 2,
        "truncated": false,
        "direct": 2,
        "processes": 0,
        "modules": 1
    },
    "warnings": [],
    "completeness": "complete",
    "completenessReasons": [],
    "indexStatus": "ready"
}
