{
    "symbol": "flowsint-enrichers/src/flowsint_enrichers/website/to_text.py:_fetch_text_async",
    "repo": "fl0sint-def43-s03",
    "lbugPath": "/home/n4s5ti/Documents/dev/fl0sint-def43-s03/.gitnexus/lbug",
    "rootPath": "/home/n4s5ti/Documents/dev/fl0sint-def43-s03",
    "direction": "upstream",
    "risk": "MEDIUM",
    "target": {
        "id": "Method:flowsint-enrichers/src/flowsint_enrichers/website/to_text.py:WebsiteToText._fetch_text_async#3",
        "name": "_fetch_text_async",
        "filePath": "flowsint-enrichers/src/flowsint_enrichers/website/to_text.py",
        "nodeType": "Method",
        "startLine": 239,
        "endLine": 287,
        "content": "    async def _fetch_text_async(         self,         url: str,         timeout: int = 10,         enable_quic: bool = False,     ) -> Optional[str]:         \"\"\"Fetch URL using httpx (primary), aioquic (optional), requests (fallback).\"\"\"         # 1) httpx — async HTTP/2 + HTTP/1.1 with connection pooling         try:             import httpx             if self._http_client is None:                 self._http_client = httpx.AsyncClient(                     http2=True,                     timeout=timeout,                     follow_redirects=True,                     limits=httpx.Limits(                         max_connections=self.params.get(\"max_concurrency\", 10)                     ),                 )             resp = await self._http_client.get(url)             resp.raise_for_status()             return self._extract_text(html=resp.text)         except Exception as exc:             log.debug(\"httpx failed for %s: %s\", url, exc)         # 2) aioquic — experimental QUIC probe (opt-in)         if HAS_QUIC and enable_quic:             try:                 text = await self._fetch_via_quic(url, timeout=min(timeout, 5))                 if text:                     return text             except Exception as exc:                 log.debug(\"QUIC failed for %s: %s\", url, exc)         # 3) requests — sync fallback         try:             import requests             resp = requests.get(url, timeout=timeout, allow_redirects=True)             resp.raise_for_status()             return self._extract_text(html=resp.text)         except Exception as exc:             Logger.error(                 self.sketch_id,                 {\"message\": f\"All transports failed for {url}: {exc}\"},             )             return None"
    },
    "symbols": [
        {
            "id": "Method:flowsint-enrichers/src/flowsint_enrichers/website/to_text.py:WebsiteToText._fetch_text_async#3",
            "name": "_fetch_text_async",
            "filePath": "flowsint-enrichers/src/flowsint_enrichers/website/to_text.py",
            "nodeType": "Method",
            "startLine": 239,
            "endLine": 287,
            "content": "    async def _fetch_text_async(         self,         url: str,         timeout: int = 10,         enable_quic: bool = False,     ) -> Optional[str]:         \"\"\"Fetch URL using httpx (primary), aioquic (optional), requests (fallback).\"\"\"         # 1) httpx — async HTTP/2 + HTTP/1.1 with connection pooling         try:             import httpx             if self._http_client is None:                 self._http_client = httpx.AsyncClient(                     http2=True,                     timeout=timeout,                     follow_redirects=True,                     limits=httpx.Limits(                         max_connections=self.params.get(\"max_concurrency\", 10)                     ),                 )             resp = await self._http_client.get(url)             resp.raise_for_status()             return self._extract_text(html=resp.text)         except Exception as exc:             log.debug(\"httpx failed for %s: %s\", url, exc)         # 2) aioquic — experimental QUIC probe (opt-in)         if HAS_QUIC and enable_quic:             try:                 text = await self._fetch_via_quic(url, timeout=min(timeout, 5))                 if text:                     return text             except Exception as exc:                 log.debug(\"QUIC failed for %s: %s\", url, exc)         # 3) requests — sync fallback         try:             import requests             resp = requests.get(url, timeout=timeout, allow_redirects=True)             resp.raise_for_status()             return self._extract_text(html=resp.text)         except Exception as exc:             Logger.error(                 self.sketch_id,                 {\"message\": f\"All transports failed for {url}: {exc}\"},             )             return None"
        },
        {
            "id": "Method:flowsint-enrichers/src/flowsint_enrichers/website/to_text.py:WebsiteToText._fetch_occurrence#4",
            "name": "_fetch_occurrence",
            "filePath": "flowsint-enrichers/src/flowsint_enrichers/website/to_text.py",
            "nodeType": "Method",
            "startLine": 155,
            "endLine": 186,
            "content": "    async def _fetch_occurrence(         self, index: int, source: Website, input_ref: str, semaphore: asyncio.Semaphore     ) -> WebsiteTextOccurrence:         \"\"\"Return one terminal, source-owned outcome from one transport future.\"\"\"         try:             async with semaphore:                 text = await self._fetch_text_async(                     str(source.url),                     timeout=self.params.get(\"request_timeout\", 10),                     enable_quic=self.params.get(\"enable_quic\", False),                 )             if text is None:                 return WebsiteTextOccurrence(                     source=source,                     index=index,                     input_ref=input_ref,                     status=OutcomeStatus.FAILURE,                     diagnostic=self._diagnostic(                         \"transport_failed\", \"All configured transports failed.\"                     ),                 )             return WebsiteTextOccurrence(                 source=source,                 index=index,                 input_ref=input_ref,                 status=OutcomeStatus.SUCCESS,                 outputs=self._outputs_from_text(text),             )         except asyncio.CancelledError:             return self._cancelled_occurrence(index, source, input_ref)         except Exception:             return self._failed_occurrence(index, source, input_ref)"
        },
        {
            "id": "Method:flowsint-enrichers/src/flowsint_enrichers/website/to_text.py:WebsiteToText._scan_occurrence_specs#1",
            "name": "_scan_occurrence_specs",
            "filePath": "flowsint-enrichers/src/flowsint_enrichers/website/to_text.py",
            "nodeType": "Method",
            "startLine": 188,
            "endLine": 212,
            "content": "    async def _scan_occurrence_specs(         self, specs: Sequence[tuple[int, Website, str]]     ) -> tuple[WebsiteTextOccurrence, ...]:         semaphore = asyncio.Semaphore(self.params.get(\"max_concurrency\", 10))         tasks = tuple(             asyncio.create_task(self._fetch_occurrence(index, source, input_ref, semaphore))             for index, source, input_ref in specs         )         try:             results = await asyncio.gather(*tasks)         except asyncio.CancelledError:             for task in tasks:                 task.cancel()             results = await asyncio.gather(*tasks, return_exceptions=True)         occurrences: list[WebsiteTextOccurrence] = []         for position, result in enumerate(results):             index, source, input_ref = specs[position]             if isinstance(result, WebsiteTextOccurrence):                 occurrences.append(result)             elif isinstance(result, asyncio.CancelledError):                 occurrences.append(self._cancelled_occurrence(index, source, input_ref))             else:                 occurrences.append(self._failed_occurrence(index, source, input_ref))         return tuple(occurrences)"
        },
        {
            "id": "Method:flowsint-enrichers/src/flowsint_enrichers/website/to_text.py:WebsiteToText._scan_occurrences#2",
            "name": "_scan_occurrences",
            "filePath": "flowsint-enrichers/src/flowsint_enrichers/website/to_text.py",
            "nodeType": "Method",
            "startLine": 214,
            "endLine": 222,
            "content": "    async def _scan_occurrences(         self, data: Sequence[Website], *, start_index: int = 0     ) -> tuple[WebsiteTextOccurrence, ...]:         return await self._scan_occurrence_specs(             tuple(                 (start_index + offset, source, canonical_input_hash(source))                 for offset, source in enumerate(data)             )         )"
        },
        {
            "id": "Method:flowsint-enrichers/src/flowsint_enrichers/website/to_text.py:WebsiteToText.execute_structured#1",
            "name": "execute_structured",
            "filePath": "flowsint-enrichers/src/flowsint_enrichers/website/to_text.py",
            "nodeType": "Method",
            "startLine": 447,
            "endLine": 543,
            "content": "    async def execute_structured(self, values: List[Any]) -> StructuredExecutionResult:         \"\"\"Preserve every original input as one terminal structured outcome.\"\"\"         outcomes: list[InputOutcome | None] = [None] * len(values)         if self.name() != \"enricher_orchestrator\":             Logger.info(self.sketch_id, {\"message\": f\"Enricher {self.name()} started.\"})         try:             await self.async_init()         except asyncio.CancelledError:             outcomes = [                 InputOutcome(                     input_ref=canonical_input_hash(value),                     status=OutcomeStatus.HOLD,                     diagnostic=self._diagnostic(                         \"cancelled\", \"The operation was cancelled before completion.\"                     ),                 )                 for value in values             ]         except Exception as error:             diagnostic = self._classify_structured_exception(error)             outcomes = [                 InputOutcome(                     input_ref=canonical_input_hash(value),                     status=OutcomeStatus.FAILURE,                     diagnostic=diagnostic,                 )                 for value in values             ]         else:             adapter, primary_field = self._input_validation_context()             specs: list[tuple[int, Website, str]] = []             for index, value in enumerate(values):                 try:                     source = self._validate_single_input(                         value, adapter=adapter, primary_field=primary_field                     )                 except Exception as error:                     outcomes[index] = InputOutcome(                         input_ref=canonical_input_hash(value),                         status=OutcomeStatus.FAILURE,                         diagnostic=self._classify_structured_exception(error),                     )                 else:                     specs.append((index, source, canonical_input_hash(value)))             try:                 occurrences = await self._scan_occurrence_specs(specs)                 self.postprocess(occurrences)             except asyncio.CancelledError:                 for index, value in enumerate(values):                     if outcomes[index] is None:                         outcomes[index] = InputOutcome(                             input_ref=canonical_input_hash(value),                             status=OutcomeStatus.HOLD,                             diagnostic=self._diagnostic(                                 \"cancelled\", \"The operation was cancelled before completion.\"                             ),                         )             except Exception as error:                 diagnostic = self._classify_structured_exception(error)                 for index, value in enumerate(values):                     if outcomes[index] is None:                         outcomes[index] = InputOutcome(                             input_ref=canonical_input_hash(value),                             status=OutcomeStatus.FAILURE,                             diagnostic=diagnostic,                         )             else:                 for occurrence in occurrences:                     outcomes[occurrence.index] = occurrence.to_input_outcome()         finally:             try:                 self._graph_service.flush()             except Exception:                 Logger.error(                     self.sketch_id,                     {\"message\": f\"Enricher {self.name()} graph flush failed.\"},                 )         final_outcomes: list[InputOutcome] = []         for index, value in enumerate(values):             outcome = outcomes[index]             if outcome is None:                 outcome = InputOutcome(                     input_ref=canonical_input_hash(value),                     status=OutcomeStatus.FAILURE,                     diagnostic=self._diagnostic(                         \"unexpected_error\", \"Processing ended without a terminal outcome.\"                     ),                 )             final_outcomes.append(outcome)         if self.name() != \"enricher_orchestrator\":             Logger.completed(self.sketch_id, {\"message\": f\"Enricher {self.name()} finished.\"})         return StructuredExecutionResult(             enricher_name=self.name(),             outcomes=tuple(final_outcomes),         )"
        },
        {
            "id": "Class:docs/audits/DEF-42/recovery/review/attack_def42.py:OneToMany",
            "name": "OneToMany",
            "filePath": "docs/audits/DEF-42/recovery/review/attack_def42.py",
            "nodeType": "Class",
            "startLine": 38,
            "endLine": 40,
            "content": "class OneToMany(WebsiteToText):     def _outputs_from_text(self, text):         return (Phrase(text=f\"{text}:1\"), Phrase(text=f\"{text}:2\"))"
        },
        {
            "id": "Class:flowsint-enrichers/src/flowsint_enrichers/website/to_text.py:WebsiteToText",
            "name": "WebsiteToText",
            "filePath": "flowsint-enrichers/src/flowsint_enrichers/website/to_text.py",
            "nodeType": "Class",
            "startLine": 71,
            "endLine": 543,
            "content": "class WebsiteToText(Enricher):     \"\"\"Extracts text from webpages using async HTTP/2 with optional QUIC.\"\"\"     InputType = Website     OutputType = Phrase     # Reusable httpx client — lazy-initialised per event loop     _http_client: Optional[\"httpx.AsyncClient\"] = None     @classmethod     def name(cls) -> str:         return \"website_to_text\"     @classmethod     def category(cls) -> str:         return \"Website\"     @classmethod     def key(cls) -> str:         return \"website\"     @classmethod     def get_params_schema(cls) -> List[Dict[str, Any]]:         return [             {                 \"name\": \"enable_quic\",                 \"type\": \"bool\",                 \"default\": False,                 \"label\": \"Enable QUIC/HTTP3 probe\",                 \"description\": \"Try HTTP/3 via QUIC as transport (experimental, most servers ignore it)\",             },             {                 \"name\": \"max_concurrency\",                 \"type\": \"int\",                 \"default\": 10,                 \"label\": \"Max concurrent connections\",                 \"description\": \"Maximum number of simultaneous HTTP connections\",             },             {                 \"name\": \"request_timeout\",                 \"type\": \"int\",                 \"default\": 10,                 \"label\": \"Request timeout (seconds)\",                 \"description\": \"Timeout for each HTTP request\",             },         ]     # ------------------------------------------------------------------     # scan — async concurrent fetches     # ------------------------------------------------------------------     def _outputs_from_text(self, text: str) -> tuple[Phrase, ...]:         \"\"\"Build the per-occurrence outputs without flattening their ownership.\"\"\"         return (Phrase(text=text),) if text else ()     @staticmethod     def _diagnostic(code: str, message: str) -> RedactedDiagnostic:         return RedactedDiagnostic(code=code, safe_message=message, retryable=False)     def _cancelled_occurrence(         self, index: int, source: Website, input_ref: str     ) -> WebsiteTextOccurrence:         return WebsiteTextOccurrence(             source=source,             index=index,             input_ref=input_ref,             status=OutcomeStatus.HOLD,             diagnostic=self._diagnostic(                 \"cancelled\", \"The operation was cancelled before completion.\"             ),         )     def _failed_occurrence(         self, index: int, source: Website, input_ref: str     ) -> WebsiteTextOccurrence:         return WebsiteTextOccurrence(             source=source,             index=index,             input_ref=input_ref,             status=OutcomeStatus.FAILURE,             diagnostic=self._diagnostic(                 \"unexpected_error\", \"Unexpected processing failure.\"             ),         )     async def _fetch_occurrence(         self, index: int, source: Website, input_ref: str, semaphore: asyncio.Semaphore     ) -> WebsiteTextOccurrence:         \"\"\"Return one terminal, source-owned outcome from one transport future.\"\"\"         try:             async with semaphore:                 text = await self._fetch_text_async(                     str(source.url),                     timeout=self.params.get(\"request_timeout\", 10),                     enable_quic=self.params.get(\"enable_quic\", False),                 )             if text is None:                 return WebsiteTextOccurrence(                     source=source,                     index=index,                     input_ref=input_ref,                     status=OutcomeStatus.FAILURE,                     diagnostic=self._diagnostic(                         \"transport_failed\", \"All configured transports failed.\"                     ),                 )             return WebsiteTextOccurrence(                 source=source,                 index=index,                 input_ref=input_ref,                 status=OutcomeStatus.SUCCESS,                 outputs=self._outputs_from_text(text),             )         except asyncio.CancelledError:             return self._cancelled_occurrence(index, source, input_ref)         except Exception:             return self._failed_occurrence(index, source, input_ref)     async def _scan_occurrence_specs(         self, specs: Sequence[tuple[int, Website, str]]     ) -> tuple[WebsiteTextOccurrence, ...]:         semaphore = asyncio.Semaphore(self.params.get(\"max_concurrency\", 10))         tasks = tuple(             asyncio.create_task(self._fetch_occurrence(index, source, input_ref, semaphore))             for index, source, input_ref in specs         )         try:             results = await asyncio.gather(*tasks)         except asyncio.CancelledError:             for task in tasks:                 task.cancel()             results = await asyncio.gather(*tasks, return_exceptions=True)         occurrences: list[WebsiteTextOccurrence] = []         for position, result in enumerate(results):             index, source, input_ref = specs[positio ... [truncated]"
        },
        {
            "id": "Class:flowsint-enrichers/tests/enrichers/test_website_to_text.py:_SectioningWebsiteToText",
            "name": "_SectioningWebsiteToText",
            "filePath": "flowsint-enrichers/tests/enrichers/test_website_to_text.py",
            "nodeType": "Class",
            "startLine": 200,
            "endLine": 202,
            "content": "class _SectioningWebsiteToText(WebsiteToText):     def _outputs_from_text(self, text):         return (Phrase(text=text + \" first\"), Phrase(text=text + \" second\"))"
        }
    ],
    "edges": [
        {
            "from": "Method:flowsint-enrichers/src/flowsint_enrichers/website/to_text.py:WebsiteToText._fetch_occurrence#4",
            "to": "Method:flowsint-enrichers/src/flowsint_enrichers/website/to_text.py:WebsiteToText._fetch_text_async#3",
            "type": "CALLS",
            "confidence": 0.85
        },
        {
            "from": "Class:flowsint-enrichers/src/flowsint_enrichers/website/to_text.py:WebsiteToText",
            "to": "Method:flowsint-enrichers/src/flowsint_enrichers/website/to_text.py:WebsiteToText._fetch_text_async#3",
            "type": "HAS_METHOD",
            "confidence": 1
        },
        {
            "from": "Method:flowsint-enrichers/src/flowsint_enrichers/website/to_text.py:WebsiteToText._scan_occurrence_specs#1",
            "to": "Method:flowsint-enrichers/src/flowsint_enrichers/website/to_text.py:WebsiteToText._fetch_occurrence#4",
            "type": "CALLS",
            "confidence": 0.85
        },
        {
            "from": "Class:docs/audits/DEF-42/recovery/review/attack_def42.py:OneToMany",
            "to": "Class:flowsint-enrichers/src/flowsint_enrichers/website/to_text.py:WebsiteToText",
            "type": "EXTENDS",
            "confidence": 0.85
        },
        {
            "from": "Class:flowsint-enrichers/src/flowsint_enrichers/website/to_text.py:WebsiteToText",
            "to": "Method:flowsint-enrichers/src/flowsint_enrichers/website/to_text.py:WebsiteToText._fetch_occurrence#4",
            "type": "HAS_METHOD",
            "confidence": 1
        },
        {
            "from": "Class:flowsint-enrichers/tests/enrichers/test_website_to_text.py:_SectioningWebsiteToText",
            "to": "Class:flowsint-enrichers/src/flowsint_enrichers/website/to_text.py:WebsiteToText",
            "type": "EXTENDS",
            "confidence": 0.85
        },
        {
            "from": "Method:flowsint-enrichers/src/flowsint_enrichers/website/to_text.py:WebsiteToText._scan_occurrences#2",
            "to": "Method:flowsint-enrichers/src/flowsint_enrichers/website/to_text.py:WebsiteToText._scan_occurrence_specs#1",
            "type": "CALLS",
            "confidence": 0.85
        },
        {
            "from": "Method:flowsint-enrichers/src/flowsint_enrichers/website/to_text.py:WebsiteToText.execute_structured#1",
            "to": "Method:flowsint-enrichers/src/flowsint_enrichers/website/to_text.py:WebsiteToText._scan_occurrence_specs#1",
            "type": "CALLS",
            "confidence": 0.85
        },
        {
            "from": "Class:flowsint-enrichers/src/flowsint_enrichers/website/to_text.py:WebsiteToText",
            "to": "Method:flowsint-enrichers/src/flowsint_enrichers/website/to_text.py:WebsiteToText._scan_occurrence_specs#1",
            "type": "HAS_METHOD",
            "confidence": 1
        }
    ],
    "files": [
        {
            "filePath": "flowsint-enrichers/src/flowsint_enrichers/website/to_text.py",
            "count": 6,
            "symbols": [
                {
                    "id": "Method:flowsint-enrichers/src/flowsint_enrichers/website/to_text.py:WebsiteToText._fetch_text_async#3",
                    "name": "_fetch_text_async",
                    "filePath": "flowsint-enrichers/src/flowsint_enrichers/website/to_text.py",
                    "nodeType": "Method",
                    "startLine": 239,
                    "endLine": 287,
                    "content": "    async def _fetch_text_async(         self,         url: str,         timeout: int = 10,         enable_quic: bool = False,     ) -> Optional[str]:         \"\"\"Fetch URL using httpx (primary), aioquic (optional), requests (fallback).\"\"\"         # 1) httpx — async HTTP/2 + HTTP/1.1 with connection pooling         try:             import httpx             if self._http_client is None:                 self._http_client = httpx.AsyncClient(                     http2=True,                     timeout=timeout,                     follow_redirects=True,                     limits=httpx.Limits(                         max_connections=self.params.get(\"max_concurrency\", 10)                     ),                 )             resp = await self._http_client.get(url)             resp.raise_for_status()             return self._extract_text(html=resp.text)         except Exception as exc:             log.debug(\"httpx failed for %s: %s\", url, exc)         # 2) aioquic — experimental QUIC probe (opt-in)         if HAS_QUIC and enable_quic:             try:                 text = await self._fetch_via_quic(url, timeout=min(timeout, 5))                 if text:                     return text             except Exception as exc:                 log.debug(\"QUIC failed for %s: %s\", url, exc)         # 3) requests — sync fallback         try:             import requests             resp = requests.get(url, timeout=timeout, allow_redirects=True)             resp.raise_for_status()             return self._extract_text(html=resp.text)         except Exception as exc:             Logger.error(                 self.sketch_id,                 {\"message\": f\"All transports failed for {url}: {exc}\"},             )             return None"
                },
                {
                    "id": "Method:flowsint-enrichers/src/flowsint_enrichers/website/to_text.py:WebsiteToText._fetch_occurrence#4",
                    "name": "_fetch_occurrence",
                    "filePath": "flowsint-enrichers/src/flowsint_enrichers/website/to_text.py",
                    "nodeType": "Method",
                    "startLine": 155,
                    "endLine": 186,
                    "content": "    async def _fetch_occurrence(         self, index: int, source: Website, input_ref: str, semaphore: asyncio.Semaphore     ) -> WebsiteTextOccurrence:         \"\"\"Return one terminal, source-owned outcome from one transport future.\"\"\"         try:             async with semaphore:                 text = await self._fetch_text_async(                     str(source.url),                     timeout=self.params.get(\"request_timeout\", 10),                     enable_quic=self.params.get(\"enable_quic\", False),                 )             if text is None:                 return WebsiteTextOccurrence(                     source=source,                     index=index,                     input_ref=input_ref,                     status=OutcomeStatus.FAILURE,                     diagnostic=self._diagnostic(                         \"transport_failed\", \"All configured transports failed.\"                     ),                 )             return WebsiteTextOccurrence(                 source=source,                 index=index,                 input_ref=input_ref,                 status=OutcomeStatus.SUCCESS,                 outputs=self._outputs_from_text(text),             )         except asyncio.CancelledError:             return self._cancelled_occurrence(index, source, input_ref)         except Exception:             return self._failed_occurrence(index, source, input_ref)"
                },
                {
                    "id": "Method:flowsint-enrichers/src/flowsint_enrichers/website/to_text.py:WebsiteToText._scan_occurrence_specs#1",
                    "name": "_scan_occurrence_specs",
                    "filePath": "flowsint-enrichers/src/flowsint_enrichers/website/to_text.py",
                    "nodeType": "Method",
                    "startLine": 188,
                    "endLine": 212,
                    "content": "    async def _scan_occurrence_specs(         self, specs: Sequence[tuple[int, Website, str]]     ) -> tuple[WebsiteTextOccurrence, ...]:         semaphore = asyncio.Semaphore(self.params.get(\"max_concurrency\", 10))         tasks = tuple(             asyncio.create_task(self._fetch_occurrence(index, source, input_ref, semaphore))             for index, source, input_ref in specs         )         try:             results = await asyncio.gather(*tasks)         except asyncio.CancelledError:             for task in tasks:                 task.cancel()             results = await asyncio.gather(*tasks, return_exceptions=True)         occurrences: list[WebsiteTextOccurrence] = []         for position, result in enumerate(results):             index, source, input_ref = specs[position]             if isinstance(result, WebsiteTextOccurrence):                 occurrences.append(result)             elif isinstance(result, asyncio.CancelledError):                 occurrences.append(self._cancelled_occurrence(index, source, input_ref))             else:                 occurrences.append(self._failed_occurrence(index, source, input_ref))         return tuple(occurrences)"
                },
                {
                    "id": "Method:flowsint-enrichers/src/flowsint_enrichers/website/to_text.py:WebsiteToText._scan_occurrences#2",
                    "name": "_scan_occurrences",
                    "filePath": "flowsint-enrichers/src/flowsint_enrichers/website/to_text.py",
                    "nodeType": "Method",
                    "startLine": 214,
                    "endLine": 222,
                    "content": "    async def _scan_occurrences(         self, data: Sequence[Website], *, start_index: int = 0     ) -> tuple[WebsiteTextOccurrence, ...]:         return await self._scan_occurrence_specs(             tuple(                 (start_index + offset, source, canonical_input_hash(source))                 for offset, source in enumerate(data)             )         )"
                },
                {
                    "id": "Method:flowsint-enrichers/src/flowsint_enrichers/website/to_text.py:WebsiteToText.execute_structured#1",
                    "name": "execute_structured",
                    "filePath": "flowsint-enrichers/src/flowsint_enrichers/website/to_text.py",
                    "nodeType": "Method",
                    "startLine": 447,
                    "endLine": 543,
                    "content": "    async def execute_structured(self, values: List[Any]) -> StructuredExecutionResult:         \"\"\"Preserve every original input as one terminal structured outcome.\"\"\"         outcomes: list[InputOutcome | None] = [None] * len(values)         if self.name() != \"enricher_orchestrator\":             Logger.info(self.sketch_id, {\"message\": f\"Enricher {self.name()} started.\"})         try:             await self.async_init()         except asyncio.CancelledError:             outcomes = [                 InputOutcome(                     input_ref=canonical_input_hash(value),                     status=OutcomeStatus.HOLD,                     diagnostic=self._diagnostic(                         \"cancelled\", \"The operation was cancelled before completion.\"                     ),                 )                 for value in values             ]         except Exception as error:             diagnostic = self._classify_structured_exception(error)             outcomes = [                 InputOutcome(                     input_ref=canonical_input_hash(value),                     status=OutcomeStatus.FAILURE,                     diagnostic=diagnostic,                 )                 for value in values             ]         else:             adapter, primary_field = self._input_validation_context()             specs: list[tuple[int, Website, str]] = []             for index, value in enumerate(values):                 try:                     source = self._validate_single_input(                         value, adapter=adapter, primary_field=primary_field                     )                 except Exception as error:                     outcomes[index] = InputOutcome(                         input_ref=canonical_input_hash(value),                         status=OutcomeStatus.FAILURE,                         diagnostic=self._classify_structured_exception(error),                     )                 else:                     specs.append((index, source, canonical_input_hash(value)))             try:                 occurrences = await self._scan_occurrence_specs(specs)                 self.postprocess(occurrences)             except asyncio.CancelledError:                 for index, value in enumerate(values):                     if outcomes[index] is None:                         outcomes[index] = InputOutcome(                             input_ref=canonical_input_hash(value),                             status=OutcomeStatus.HOLD,                             diagnostic=self._diagnostic(                                 \"cancelled\", \"The operation was cancelled before completion.\"                             ),                         )             except Exception as error:                 diagnostic = self._classify_structured_exception(error)                 for index, value in enumerate(values):                     if outcomes[index] is None:                         outcomes[index] = InputOutcome(                             input_ref=canonical_input_hash(value),                             status=OutcomeStatus.FAILURE,                             diagnostic=diagnostic,                         )             else:                 for occurrence in occurrences:                     outcomes[occurrence.index] = occurrence.to_input_outcome()         finally:             try:                 self._graph_service.flush()             except Exception:                 Logger.error(                     self.sketch_id,                     {\"message\": f\"Enricher {self.name()} graph flush failed.\"},                 )         final_outcomes: list[InputOutcome] = []         for index, value in enumerate(values):             outcome = outcomes[index]             if outcome is None:                 outcome = InputOutcome(                     input_ref=canonical_input_hash(value),                     status=OutcomeStatus.FAILURE,                     diagnostic=self._diagnostic(                         \"unexpected_error\", \"Processing ended without a terminal outcome.\"                     ),                 )             final_outcomes.append(outcome)         if self.name() != \"enricher_orchestrator\":             Logger.completed(self.sketch_id, {\"message\": f\"Enricher {self.name()} finished.\"})         return StructuredExecutionResult(             enricher_name=self.name(),             outcomes=tuple(final_outcomes),         )"
                },
                {
                    "id": "Class:flowsint-enrichers/src/flowsint_enrichers/website/to_text.py:WebsiteToText",
                    "name": "WebsiteToText",
                    "filePath": "flowsint-enrichers/src/flowsint_enrichers/website/to_text.py",
                    "nodeType": "Class",
                    "startLine": 71,
                    "endLine": 543,
                    "content": "class WebsiteToText(Enricher):     \"\"\"Extracts text from webpages using async HTTP/2 with optional QUIC.\"\"\"     InputType = Website     OutputType = Phrase     # Reusable httpx client — lazy-initialised per event loop     _http_client: Optional[\"httpx.AsyncClient\"] = None     @classmethod     def name(cls) -> str:         return \"website_to_text\"     @classmethod     def category(cls) -> str:         return \"Website\"     @classmethod     def key(cls) -> str:         return \"website\"     @classmethod     def get_params_schema(cls) -> List[Dict[str, Any]]:         return [             {                 \"name\": \"enable_quic\",                 \"type\": \"bool\",                 \"default\": False,                 \"label\": \"Enable QUIC/HTTP3 probe\",                 \"description\": \"Try HTTP/3 via QUIC as transport (experimental, most servers ignore it)\",             },             {                 \"name\": \"max_concurrency\",                 \"type\": \"int\",                 \"default\": 10,                 \"label\": \"Max concurrent connections\",                 \"description\": \"Maximum number of simultaneous HTTP connections\",             },             {                 \"name\": \"request_timeout\",                 \"type\": \"int\",                 \"default\": 10,                 \"label\": \"Request timeout (seconds)\",                 \"description\": \"Timeout for each HTTP request\",             },         ]     # ------------------------------------------------------------------     # scan — async concurrent fetches     # ------------------------------------------------------------------     def _outputs_from_text(self, text: str) -> tuple[Phrase, ...]:         \"\"\"Build the per-occurrence outputs without flattening their ownership.\"\"\"         return (Phrase(text=text),) if text else ()     @staticmethod     def _diagnostic(code: str, message: str) -> RedactedDiagnostic:         return RedactedDiagnostic(code=code, safe_message=message, retryable=False)     def _cancelled_occurrence(         self, index: int, source: Website, input_ref: str     ) -> WebsiteTextOccurrence:         return WebsiteTextOccurrence(             source=source,             index=index,             input_ref=input_ref,             status=OutcomeStatus.HOLD,             diagnostic=self._diagnostic(                 \"cancelled\", \"The operation was cancelled before completion.\"             ),         )     def _failed_occurrence(         self, index: int, source: Website, input_ref: str     ) -> WebsiteTextOccurrence:         return WebsiteTextOccurrence(             source=source,             index=index,             input_ref=input_ref,             status=OutcomeStatus.FAILURE,             diagnostic=self._diagnostic(                 \"unexpected_error\", \"Unexpected processing failure.\"             ),         )     async def _fetch_occurrence(         self, index: int, source: Website, input_ref: str, semaphore: asyncio.Semaphore     ) -> WebsiteTextOccurrence:         \"\"\"Return one terminal, source-owned outcome from one transport future.\"\"\"         try:             async with semaphore:                 text = await self._fetch_text_async(                     str(source.url),                     timeout=self.params.get(\"request_timeout\", 10),                     enable_quic=self.params.get(\"enable_quic\", False),                 )             if text is None:                 return WebsiteTextOccurrence(                     source=source,                     index=index,                     input_ref=input_ref,                     status=OutcomeStatus.FAILURE,                     diagnostic=self._diagnostic(                         \"transport_failed\", \"All configured transports failed.\"                     ),                 )             return WebsiteTextOccurrence(                 source=source,                 index=index,                 input_ref=input_ref,                 status=OutcomeStatus.SUCCESS,                 outputs=self._outputs_from_text(text),             )         except asyncio.CancelledError:             return self._cancelled_occurrence(index, source, input_ref)         except Exception:             return self._failed_occurrence(index, source, input_ref)     async def _scan_occurrence_specs(         self, specs: Sequence[tuple[int, Website, str]]     ) -> tuple[WebsiteTextOccurrence, ...]:         semaphore = asyncio.Semaphore(self.params.get(\"max_concurrency\", 10))         tasks = tuple(             asyncio.create_task(self._fetch_occurrence(index, source, input_ref, semaphore))             for index, source, input_ref in specs         )         try:             results = await asyncio.gather(*tasks)         except asyncio.CancelledError:             for task in tasks:                 task.cancel()             results = await asyncio.gather(*tasks, return_exceptions=True)         occurrences: list[WebsiteTextOccurrence] = []         for position, result in enumerate(results):             index, source, input_ref = specs[positio ... [truncated]"
                }
            ]
        },
        {
            "filePath": "docs/audits/DEF-42/recovery/review/attack_def42.py",
            "count": 1,
            "symbols": [
                {
                    "id": "Class:docs/audits/DEF-42/recovery/review/attack_def42.py:OneToMany",
                    "name": "OneToMany",
                    "filePath": "docs/audits/DEF-42/recovery/review/attack_def42.py",
                    "nodeType": "Class",
                    "startLine": 38,
                    "endLine": 40,
                    "content": "class OneToMany(WebsiteToText):     def _outputs_from_text(self, text):         return (Phrase(text=f\"{text}:1\"), Phrase(text=f\"{text}:2\"))"
                }
            ]
        },
        {
            "filePath": "flowsint-enrichers/tests/enrichers/test_website_to_text.py",
            "count": 1,
            "symbols": [
                {
                    "id": "Class:flowsint-enrichers/tests/enrichers/test_website_to_text.py:_SectioningWebsiteToText",
                    "name": "_SectioningWebsiteToText",
                    "filePath": "flowsint-enrichers/tests/enrichers/test_website_to_text.py",
                    "nodeType": "Class",
                    "startLine": 200,
                    "endLine": 202,
                    "content": "class _SectioningWebsiteToText(WebsiteToText):     def _outputs_from_text(self, text):         return (Phrase(text=text + \" first\"), Phrase(text=text + \" second\"))"
                }
            ]
        }
    ],
    "affected_modules": [
        {
            "name": "flowsint-enrichers",
            "direct": true,
            "symbolCount": 6
        },
        {
            "name": "docs",
            "direct": false,
            "symbolCount": 1
        }
    ],
    "affected_processes": [],
    "byDepth": {
        "d=1": {
            "depth": 1,
            "label": "WILL BREAK",
            "symbols": [
                {
                    "id": "Method:flowsint-enrichers/src/flowsint_enrichers/website/to_text.py:WebsiteToText._fetch_occurrence#4",
                    "name": "_fetch_occurrence",
                    "filePath": "flowsint-enrichers/src/flowsint_enrichers/website/to_text.py",
                    "nodeType": "Method",
                    "startLine": 155,
                    "endLine": 186,
                    "content": "    async def _fetch_occurrence(         self, index: int, source: Website, input_ref: str, semaphore: asyncio.Semaphore     ) -> WebsiteTextOccurrence:         \"\"\"Return one terminal, source-owned outcome from one transport future.\"\"\"         try:             async with semaphore:                 text = await self._fetch_text_async(                     str(source.url),                     timeout=self.params.get(\"request_timeout\", 10),                     enable_quic=self.params.get(\"enable_quic\", False),                 )             if text is None:                 return WebsiteTextOccurrence(                     source=source,                     index=index,                     input_ref=input_ref,                     status=OutcomeStatus.FAILURE,                     diagnostic=self._diagnostic(                         \"transport_failed\", \"All configured transports failed.\"                     ),                 )             return WebsiteTextOccurrence(                 source=source,                 index=index,                 input_ref=input_ref,                 status=OutcomeStatus.SUCCESS,                 outputs=self._outputs_from_text(text),             )         except asyncio.CancelledError:             return self._cancelled_occurrence(index, source, input_ref)         except Exception:             return self._failed_occurrence(index, source, input_ref)"
                },
                {
                    "id": "Class:flowsint-enrichers/src/flowsint_enrichers/website/to_text.py:WebsiteToText",
                    "name": "WebsiteToText",
                    "filePath": "flowsint-enrichers/src/flowsint_enrichers/website/to_text.py",
                    "nodeType": "Class",
                    "startLine": 71,
                    "endLine": 543,
                    "content": "class WebsiteToText(Enricher):     \"\"\"Extracts text from webpages using async HTTP/2 with optional QUIC.\"\"\"     InputType = Website     OutputType = Phrase     # Reusable httpx client — lazy-initialised per event loop     _http_client: Optional[\"httpx.AsyncClient\"] = None     @classmethod     def name(cls) -> str:         return \"website_to_text\"     @classmethod     def category(cls) -> str:         return \"Website\"     @classmethod     def key(cls) -> str:         return \"website\"     @classmethod     def get_params_schema(cls) -> List[Dict[str, Any]]:         return [             {                 \"name\": \"enable_quic\",                 \"type\": \"bool\",                 \"default\": False,                 \"label\": \"Enable QUIC/HTTP3 probe\",                 \"description\": \"Try HTTP/3 via QUIC as transport (experimental, most servers ignore it)\",             },             {                 \"name\": \"max_concurrency\",                 \"type\": \"int\",                 \"default\": 10,                 \"label\": \"Max concurrent connections\",                 \"description\": \"Maximum number of simultaneous HTTP connections\",             },             {                 \"name\": \"request_timeout\",                 \"type\": \"int\",                 \"default\": 10,                 \"label\": \"Request timeout (seconds)\",                 \"description\": \"Timeout for each HTTP request\",             },         ]     # ------------------------------------------------------------------     # scan — async concurrent fetches     # ------------------------------------------------------------------     def _outputs_from_text(self, text: str) -> tuple[Phrase, ...]:         \"\"\"Build the per-occurrence outputs without flattening their ownership.\"\"\"         return (Phrase(text=text),) if text else ()     @staticmethod     def _diagnostic(code: str, message: str) -> RedactedDiagnostic:         return RedactedDiagnostic(code=code, safe_message=message, retryable=False)     def _cancelled_occurrence(         self, index: int, source: Website, input_ref: str     ) -> WebsiteTextOccurrence:         return WebsiteTextOccurrence(             source=source,             index=index,             input_ref=input_ref,             status=OutcomeStatus.HOLD,             diagnostic=self._diagnostic(                 \"cancelled\", \"The operation was cancelled before completion.\"             ),         )     def _failed_occurrence(         self, index: int, source: Website, input_ref: str     ) -> WebsiteTextOccurrence:         return WebsiteTextOccurrence(             source=source,             index=index,             input_ref=input_ref,             status=OutcomeStatus.FAILURE,             diagnostic=self._diagnostic(                 \"unexpected_error\", \"Unexpected processing failure.\"             ),         )     async def _fetch_occurrence(         self, index: int, source: Website, input_ref: str, semaphore: asyncio.Semaphore     ) -> WebsiteTextOccurrence:         \"\"\"Return one terminal, source-owned outcome from one transport future.\"\"\"         try:             async with semaphore:                 text = await self._fetch_text_async(                     str(source.url),                     timeout=self.params.get(\"request_timeout\", 10),                     enable_quic=self.params.get(\"enable_quic\", False),                 )             if text is None:                 return WebsiteTextOccurrence(                     source=source,                     index=index,                     input_ref=input_ref,                     status=OutcomeStatus.FAILURE,                     diagnostic=self._diagnostic(                         \"transport_failed\", \"All configured transports failed.\"                     ),                 )             return WebsiteTextOccurrence(                 source=source,                 index=index,                 input_ref=input_ref,                 status=OutcomeStatus.SUCCESS,                 outputs=self._outputs_from_text(text),             )         except asyncio.CancelledError:             return self._cancelled_occurrence(index, source, input_ref)         except Exception:             return self._failed_occurrence(index, source, input_ref)     async def _scan_occurrence_specs(         self, specs: Sequence[tuple[int, Website, str]]     ) -> tuple[WebsiteTextOccurrence, ...]:         semaphore = asyncio.Semaphore(self.params.get(\"max_concurrency\", 10))         tasks = tuple(             asyncio.create_task(self._fetch_occurrence(index, source, input_ref, semaphore))             for index, source, input_ref in specs         )         try:             results = await asyncio.gather(*tasks)         except asyncio.CancelledError:             for task in tasks:                 task.cancel()             results = await asyncio.gather(*tasks, return_exceptions=True)         occurrences: list[WebsiteTextOccurrence] = []         for position, result in enumerate(results):             index, source, input_ref = specs[positio ... [truncated]"
                }
            ]
        },
        "d=2": {
            "depth": 2,
            "label": "LIKELY AFFECTED",
            "symbols": [
                {
                    "id": "Method:flowsint-enrichers/src/flowsint_enrichers/website/to_text.py:WebsiteToText._scan_occurrence_specs#1",
                    "name": "_scan_occurrence_specs",
                    "filePath": "flowsint-enrichers/src/flowsint_enrichers/website/to_text.py",
                    "nodeType": "Method",
                    "startLine": 188,
                    "endLine": 212,
                    "content": "    async def _scan_occurrence_specs(         self, specs: Sequence[tuple[int, Website, str]]     ) -> tuple[WebsiteTextOccurrence, ...]:         semaphore = asyncio.Semaphore(self.params.get(\"max_concurrency\", 10))         tasks = tuple(             asyncio.create_task(self._fetch_occurrence(index, source, input_ref, semaphore))             for index, source, input_ref in specs         )         try:             results = await asyncio.gather(*tasks)         except asyncio.CancelledError:             for task in tasks:                 task.cancel()             results = await asyncio.gather(*tasks, return_exceptions=True)         occurrences: list[WebsiteTextOccurrence] = []         for position, result in enumerate(results):             index, source, input_ref = specs[position]             if isinstance(result, WebsiteTextOccurrence):                 occurrences.append(result)             elif isinstance(result, asyncio.CancelledError):                 occurrences.append(self._cancelled_occurrence(index, source, input_ref))             else:                 occurrences.append(self._failed_occurrence(index, source, input_ref))         return tuple(occurrences)"
                },
                {
                    "id": "Class:docs/audits/DEF-42/recovery/review/attack_def42.py:OneToMany",
                    "name": "OneToMany",
                    "filePath": "docs/audits/DEF-42/recovery/review/attack_def42.py",
                    "nodeType": "Class",
                    "startLine": 38,
                    "endLine": 40,
                    "content": "class OneToMany(WebsiteToText):     def _outputs_from_text(self, text):         return (Phrase(text=f\"{text}:1\"), Phrase(text=f\"{text}:2\"))"
                },
                {
                    "id": "Class:flowsint-enrichers/tests/enrichers/test_website_to_text.py:_SectioningWebsiteToText",
                    "name": "_SectioningWebsiteToText",
                    "filePath": "flowsint-enrichers/tests/enrichers/test_website_to_text.py",
                    "nodeType": "Class",
                    "startLine": 200,
                    "endLine": 202,
                    "content": "class _SectioningWebsiteToText(WebsiteToText):     def _outputs_from_text(self, text):         return (Phrase(text=text + \" first\"), Phrase(text=text + \" second\"))"
                }
            ]
        },
        "d=3": {
            "depth": 3,
            "label": "MAY NEED TESTING",
            "symbols": [
                {
                    "id": "Method:flowsint-enrichers/src/flowsint_enrichers/website/to_text.py:WebsiteToText._scan_occurrences#2",
                    "name": "_scan_occurrences",
                    "filePath": "flowsint-enrichers/src/flowsint_enrichers/website/to_text.py",
                    "nodeType": "Method",
                    "startLine": 214,
                    "endLine": 222,
                    "content": "    async def _scan_occurrences(         self, data: Sequence[Website], *, start_index: int = 0     ) -> tuple[WebsiteTextOccurrence, ...]:         return await self._scan_occurrence_specs(             tuple(                 (start_index + offset, source, canonical_input_hash(source))                 for offset, source in enumerate(data)             )         )"
                },
                {
                    "id": "Method:flowsint-enrichers/src/flowsint_enrichers/website/to_text.py:WebsiteToText.execute_structured#1",
                    "name": "execute_structured",
                    "filePath": "flowsint-enrichers/src/flowsint_enrichers/website/to_text.py",
                    "nodeType": "Method",
                    "startLine": 447,
                    "endLine": 543,
                    "content": "    async def execute_structured(self, values: List[Any]) -> StructuredExecutionResult:         \"\"\"Preserve every original input as one terminal structured outcome.\"\"\"         outcomes: list[InputOutcome | None] = [None] * len(values)         if self.name() != \"enricher_orchestrator\":             Logger.info(self.sketch_id, {\"message\": f\"Enricher {self.name()} started.\"})         try:             await self.async_init()         except asyncio.CancelledError:             outcomes = [                 InputOutcome(                     input_ref=canonical_input_hash(value),                     status=OutcomeStatus.HOLD,                     diagnostic=self._diagnostic(                         \"cancelled\", \"The operation was cancelled before completion.\"                     ),                 )                 for value in values             ]         except Exception as error:             diagnostic = self._classify_structured_exception(error)             outcomes = [                 InputOutcome(                     input_ref=canonical_input_hash(value),                     status=OutcomeStatus.FAILURE,                     diagnostic=diagnostic,                 )                 for value in values             ]         else:             adapter, primary_field = self._input_validation_context()             specs: list[tuple[int, Website, str]] = []             for index, value in enumerate(values):                 try:                     source = self._validate_single_input(                         value, adapter=adapter, primary_field=primary_field                     )                 except Exception as error:                     outcomes[index] = InputOutcome(                         input_ref=canonical_input_hash(value),                         status=OutcomeStatus.FAILURE,                         diagnostic=self._classify_structured_exception(error),                     )                 else:                     specs.append((index, source, canonical_input_hash(value)))             try:                 occurrences = await self._scan_occurrence_specs(specs)                 self.postprocess(occurrences)             except asyncio.CancelledError:                 for index, value in enumerate(values):                     if outcomes[index] is None:                         outcomes[index] = InputOutcome(                             input_ref=canonical_input_hash(value),                             status=OutcomeStatus.HOLD,                             diagnostic=self._diagnostic(                                 \"cancelled\", \"The operation was cancelled before completion.\"                             ),                         )             except Exception as error:                 diagnostic = self._classify_structured_exception(error)                 for index, value in enumerate(values):                     if outcomes[index] is None:                         outcomes[index] = InputOutcome(                             input_ref=canonical_input_hash(value),                             status=OutcomeStatus.FAILURE,                             diagnostic=diagnostic,                         )             else:                 for occurrence in occurrences:                     outcomes[occurrence.index] = occurrence.to_input_outcome()         finally:             try:                 self._graph_service.flush()             except Exception:                 Logger.error(                     self.sketch_id,                     {\"message\": f\"Enricher {self.name()} graph flush failed.\"},                 )         final_outcomes: list[InputOutcome] = []         for index, value in enumerate(values):             outcome = outcomes[index]             if outcome is None:                 outcome = InputOutcome(                     input_ref=canonical_input_hash(value),                     status=OutcomeStatus.FAILURE,                     diagnostic=self._diagnostic(                         \"unexpected_error\", \"Processing ended without a terminal outcome.\"                     ),                 )             final_outcomes.append(outcome)         if self.name() != \"enricher_orchestrator\":             Logger.completed(self.sketch_id, {\"message\": f\"Enricher {self.name()} finished.\"})         return StructuredExecutionResult(             enricher_name=self.name(),             outcomes=tuple(final_outcomes),         )"
                }
            ]
        }
    },
    "summary": {
        "cwd": "/home/n4s5ti/Documents/dev/fl0sint-def43-s03",
        "rootPath": "/home/n4s5ti/Documents/dev/fl0sint-def43-s03",
        "repo": "fl0sint-def43-s03",
        "lbugPath": "/home/n4s5ti/Documents/dev/fl0sint-def43-s03/.gitnexus/lbug",
        "symbol": "flowsint-enrichers/src/flowsint_enrichers/website/to_text.py:_fetch_text_async",
        "rootSymbols": 1,
        "totalSymbols": 8,
        "totalEdges": 9,
        "filesMatched": 3,
        "truncated": false,
        "direct": 2,
        "processes": 0,
        "modules": 2
    },
    "warnings": [],
    "completeness": "complete",
    "completenessReasons": [],
    "indexStatus": "ready"
}
