{
    "symbol": "flowsint-enrichers/src/flowsint_enrichers/website/to_text.py:scan",
    "repo": "fl0sint-def43-s03",
    "lbugPath": "/home/n4s5ti/Documents/dev/fl0sint-def43-s03/.gitnexus/lbug",
    "rootPath": "/home/n4s5ti/Documents/dev/fl0sint-def43-s03",
    "direction": "downstream",
    "risk": "LOW",
    "target": {
        "id": "Method:flowsint-enrichers/src/flowsint_enrichers/website/to_text.py:WebsiteToText.scan#1",
        "name": "scan",
        "filePath": "flowsint-enrichers/src/flowsint_enrichers/website/to_text.py",
        "nodeType": "Method",
        "startLine": 235,
        "endLine": 237,
        "content": "    async def scan(self, data: List[InputType]) -> List[WebsiteTextOccurrence]:         \"\"\"Return source-owned occurrence envelopes for postprocess graph capture.\"\"\"         return list(await self._scan_occurrences(data))"
    },
    "symbols": [
        {
            "id": "Method:flowsint-enrichers/src/flowsint_enrichers/website/to_text.py:WebsiteToText.scan#1",
            "name": "scan",
            "filePath": "flowsint-enrichers/src/flowsint_enrichers/website/to_text.py",
            "nodeType": "Method",
            "startLine": 235,
            "endLine": 237,
            "content": "    async def scan(self, data: List[InputType]) -> List[WebsiteTextOccurrence]:         \"\"\"Return source-owned occurrence envelopes for postprocess graph capture.\"\"\"         return list(await self._scan_occurrences(data))"
        },
        {
            "id": "Method:flowsint-enrichers/src/flowsint_enrichers/website/to_text.py:WebsiteToText._cancelled_occurrence#3",
            "name": "_cancelled_occurrence",
            "filePath": "flowsint-enrichers/src/flowsint_enrichers/website/to_text.py",
            "nodeType": "Method",
            "startLine": 129,
            "endLine": 140,
            "content": "    def _cancelled_occurrence(         self, index: int, source: Website, input_ref: str     ) -> WebsiteTextOccurrence:         return WebsiteTextOccurrence(             source=source,             index=index,             input_ref=input_ref,             status=OutcomeStatus.HOLD,             diagnostic=self._diagnostic(                 \"cancelled\", \"The operation was cancelled before completion.\"             ),         )"
        },
        {
            "id": "Method:flowsint-enrichers/src/flowsint_enrichers/website/to_text.py:WebsiteToText._failed_occurrence#3",
            "name": "_failed_occurrence",
            "filePath": "flowsint-enrichers/src/flowsint_enrichers/website/to_text.py",
            "nodeType": "Method",
            "startLine": 142,
            "endLine": 153,
            "content": "    def _failed_occurrence(         self, index: int, source: Website, input_ref: str     ) -> WebsiteTextOccurrence:         return WebsiteTextOccurrence(             source=source,             index=index,             input_ref=input_ref,             status=OutcomeStatus.FAILURE,             diagnostic=self._diagnostic(                 \"unexpected_error\", \"Unexpected processing failure.\"             ),         )"
        },
        {
            "id": "Method:flowsint-enrichers/src/flowsint_enrichers/website/to_text.py:WebsiteToText._fetch_occurrence#4",
            "name": "_fetch_occurrence",
            "filePath": "flowsint-enrichers/src/flowsint_enrichers/website/to_text.py",
            "nodeType": "Method",
            "startLine": 155,
            "endLine": 186,
            "content": "    async def _fetch_occurrence(         self, index: int, source: Website, input_ref: str, semaphore: asyncio.Semaphore     ) -> WebsiteTextOccurrence:         \"\"\"Return one terminal, source-owned outcome from one transport future.\"\"\"         try:             async with semaphore:                 text = await self._fetch_text_async(                     str(source.url),                     timeout=self.params.get(\"request_timeout\", 10),                     enable_quic=self.params.get(\"enable_quic\", False),                 )             if text is None:                 return WebsiteTextOccurrence(                     source=source,                     index=index,                     input_ref=input_ref,                     status=OutcomeStatus.FAILURE,                     diagnostic=self._diagnostic(                         \"transport_failed\", \"All configured transports failed.\"                     ),                 )             return WebsiteTextOccurrence(                 source=source,                 index=index,                 input_ref=input_ref,                 status=OutcomeStatus.SUCCESS,                 outputs=self._outputs_from_text(text),             )         except asyncio.CancelledError:             return self._cancelled_occurrence(index, source, input_ref)         except Exception:             return self._failed_occurrence(index, source, input_ref)"
        },
        {
            "id": "Method:flowsint-enrichers/src/flowsint_enrichers/website/to_text.py:WebsiteToText._scan_occurrence_specs#1",
            "name": "_scan_occurrence_specs",
            "filePath": "flowsint-enrichers/src/flowsint_enrichers/website/to_text.py",
            "nodeType": "Method",
            "startLine": 188,
            "endLine": 212,
            "content": "    async def _scan_occurrence_specs(         self, specs: Sequence[tuple[int, Website, str]]     ) -> tuple[WebsiteTextOccurrence, ...]:         semaphore = asyncio.Semaphore(self.params.get(\"max_concurrency\", 10))         tasks = tuple(             asyncio.create_task(self._fetch_occurrence(index, source, input_ref, semaphore))             for index, source, input_ref in specs         )         try:             results = await asyncio.gather(*tasks)         except asyncio.CancelledError:             for task in tasks:                 task.cancel()             results = await asyncio.gather(*tasks, return_exceptions=True)         occurrences: list[WebsiteTextOccurrence] = []         for position, result in enumerate(results):             index, source, input_ref = specs[position]             if isinstance(result, WebsiteTextOccurrence):                 occurrences.append(result)             elif isinstance(result, asyncio.CancelledError):                 occurrences.append(self._cancelled_occurrence(index, source, input_ref))             else:                 occurrences.append(self._failed_occurrence(index, source, input_ref))         return tuple(occurrences)"
        },
        {
            "id": "Method:flowsint-enrichers/src/flowsint_enrichers/website/to_text.py:WebsiteToText._scan_occurrences#2",
            "name": "_scan_occurrences",
            "filePath": "flowsint-enrichers/src/flowsint_enrichers/website/to_text.py",
            "nodeType": "Method",
            "startLine": 214,
            "endLine": 222,
            "content": "    async def _scan_occurrences(         self, data: Sequence[Website], *, start_index: int = 0     ) -> tuple[WebsiteTextOccurrence, ...]:         return await self._scan_occurrence_specs(             tuple(                 (start_index + offset, source, canonical_input_hash(source))                 for offset, source in enumerate(data)             )         )"
        }
    ],
    "edges": [
        {
            "from": "Method:flowsint-enrichers/src/flowsint_enrichers/website/to_text.py:WebsiteToText.scan#1",
            "to": "Method:flowsint-enrichers/src/flowsint_enrichers/website/to_text.py:WebsiteToText._scan_occurrences#2",
            "type": "CALLS",
            "confidence": 0.85
        },
        {
            "from": "Method:flowsint-enrichers/src/flowsint_enrichers/website/to_text.py:WebsiteToText._scan_occurrences#2",
            "to": "Method:flowsint-enrichers/src/flowsint_enrichers/website/to_text.py:WebsiteToText._scan_occurrence_specs#1",
            "type": "CALLS",
            "confidence": 0.85
        },
        {
            "from": "Method:flowsint-enrichers/src/flowsint_enrichers/website/to_text.py:WebsiteToText._scan_occurrence_specs#1",
            "to": "Method:flowsint-enrichers/src/flowsint_enrichers/website/to_text.py:WebsiteToText._cancelled_occurrence#3",
            "type": "CALLS",
            "confidence": 0.85
        },
        {
            "from": "Method:flowsint-enrichers/src/flowsint_enrichers/website/to_text.py:WebsiteToText._scan_occurrence_specs#1",
            "to": "Method:flowsint-enrichers/src/flowsint_enrichers/website/to_text.py:WebsiteToText._failed_occurrence#3",
            "type": "CALLS",
            "confidence": 0.85
        },
        {
            "from": "Method:flowsint-enrichers/src/flowsint_enrichers/website/to_text.py:WebsiteToText._scan_occurrence_specs#1",
            "to": "Method:flowsint-enrichers/src/flowsint_enrichers/website/to_text.py:WebsiteToText._fetch_occurrence#4",
            "type": "CALLS",
            "confidence": 0.85
        }
    ],
    "files": [
        {
            "filePath": "flowsint-enrichers/src/flowsint_enrichers/website/to_text.py",
            "count": 6,
            "symbols": [
                {
                    "id": "Method:flowsint-enrichers/src/flowsint_enrichers/website/to_text.py:WebsiteToText.scan#1",
                    "name": "scan",
                    "filePath": "flowsint-enrichers/src/flowsint_enrichers/website/to_text.py",
                    "nodeType": "Method",
                    "startLine": 235,
                    "endLine": 237,
                    "content": "    async def scan(self, data: List[InputType]) -> List[WebsiteTextOccurrence]:         \"\"\"Return source-owned occurrence envelopes for postprocess graph capture.\"\"\"         return list(await self._scan_occurrences(data))"
                },
                {
                    "id": "Method:flowsint-enrichers/src/flowsint_enrichers/website/to_text.py:WebsiteToText._cancelled_occurrence#3",
                    "name": "_cancelled_occurrence",
                    "filePath": "flowsint-enrichers/src/flowsint_enrichers/website/to_text.py",
                    "nodeType": "Method",
                    "startLine": 129,
                    "endLine": 140,
                    "content": "    def _cancelled_occurrence(         self, index: int, source: Website, input_ref: str     ) -> WebsiteTextOccurrence:         return WebsiteTextOccurrence(             source=source,             index=index,             input_ref=input_ref,             status=OutcomeStatus.HOLD,             diagnostic=self._diagnostic(                 \"cancelled\", \"The operation was cancelled before completion.\"             ),         )"
                },
                {
                    "id": "Method:flowsint-enrichers/src/flowsint_enrichers/website/to_text.py:WebsiteToText._failed_occurrence#3",
                    "name": "_failed_occurrence",
                    "filePath": "flowsint-enrichers/src/flowsint_enrichers/website/to_text.py",
                    "nodeType": "Method",
                    "startLine": 142,
                    "endLine": 153,
                    "content": "    def _failed_occurrence(         self, index: int, source: Website, input_ref: str     ) -> WebsiteTextOccurrence:         return WebsiteTextOccurrence(             source=source,             index=index,             input_ref=input_ref,             status=OutcomeStatus.FAILURE,             diagnostic=self._diagnostic(                 \"unexpected_error\", \"Unexpected processing failure.\"             ),         )"
                },
                {
                    "id": "Method:flowsint-enrichers/src/flowsint_enrichers/website/to_text.py:WebsiteToText._fetch_occurrence#4",
                    "name": "_fetch_occurrence",
                    "filePath": "flowsint-enrichers/src/flowsint_enrichers/website/to_text.py",
                    "nodeType": "Method",
                    "startLine": 155,
                    "endLine": 186,
                    "content": "    async def _fetch_occurrence(         self, index: int, source: Website, input_ref: str, semaphore: asyncio.Semaphore     ) -> WebsiteTextOccurrence:         \"\"\"Return one terminal, source-owned outcome from one transport future.\"\"\"         try:             async with semaphore:                 text = await self._fetch_text_async(                     str(source.url),                     timeout=self.params.get(\"request_timeout\", 10),                     enable_quic=self.params.get(\"enable_quic\", False),                 )             if text is None:                 return WebsiteTextOccurrence(                     source=source,                     index=index,                     input_ref=input_ref,                     status=OutcomeStatus.FAILURE,                     diagnostic=self._diagnostic(                         \"transport_failed\", \"All configured transports failed.\"                     ),                 )             return WebsiteTextOccurrence(                 source=source,                 index=index,                 input_ref=input_ref,                 status=OutcomeStatus.SUCCESS,                 outputs=self._outputs_from_text(text),             )         except asyncio.CancelledError:             return self._cancelled_occurrence(index, source, input_ref)         except Exception:             return self._failed_occurrence(index, source, input_ref)"
                },
                {
                    "id": "Method:flowsint-enrichers/src/flowsint_enrichers/website/to_text.py:WebsiteToText._scan_occurrence_specs#1",
                    "name": "_scan_occurrence_specs",
                    "filePath": "flowsint-enrichers/src/flowsint_enrichers/website/to_text.py",
                    "nodeType": "Method",
                    "startLine": 188,
                    "endLine": 212,
                    "content": "    async def _scan_occurrence_specs(         self, specs: Sequence[tuple[int, Website, str]]     ) -> tuple[WebsiteTextOccurrence, ...]:         semaphore = asyncio.Semaphore(self.params.get(\"max_concurrency\", 10))         tasks = tuple(             asyncio.create_task(self._fetch_occurrence(index, source, input_ref, semaphore))             for index, source, input_ref in specs         )         try:             results = await asyncio.gather(*tasks)         except asyncio.CancelledError:             for task in tasks:                 task.cancel()             results = await asyncio.gather(*tasks, return_exceptions=True)         occurrences: list[WebsiteTextOccurrence] = []         for position, result in enumerate(results):             index, source, input_ref = specs[position]             if isinstance(result, WebsiteTextOccurrence):                 occurrences.append(result)             elif isinstance(result, asyncio.CancelledError):                 occurrences.append(self._cancelled_occurrence(index, source, input_ref))             else:                 occurrences.append(self._failed_occurrence(index, source, input_ref))         return tuple(occurrences)"
                },
                {
                    "id": "Method:flowsint-enrichers/src/flowsint_enrichers/website/to_text.py:WebsiteToText._scan_occurrences#2",
                    "name": "_scan_occurrences",
                    "filePath": "flowsint-enrichers/src/flowsint_enrichers/website/to_text.py",
                    "nodeType": "Method",
                    "startLine": 214,
                    "endLine": 222,
                    "content": "    async def _scan_occurrences(         self, data: Sequence[Website], *, start_index: int = 0     ) -> tuple[WebsiteTextOccurrence, ...]:         return await self._scan_occurrence_specs(             tuple(                 (start_index + offset, source, canonical_input_hash(source))                 for offset, source in enumerate(data)             )         )"
                }
            ]
        }
    ],
    "affected_modules": [
        {
            "name": "flowsint-enrichers",
            "direct": true,
            "symbolCount": 5
        }
    ],
    "affected_processes": [],
    "byDepth": {
        "d=1": {
            "depth": 1,
            "label": "WILL BREAK",
            "symbols": [
                {
                    "id": "Method:flowsint-enrichers/src/flowsint_enrichers/website/to_text.py:WebsiteToText._scan_occurrences#2",
                    "name": "_scan_occurrences",
                    "filePath": "flowsint-enrichers/src/flowsint_enrichers/website/to_text.py",
                    "nodeType": "Method",
                    "startLine": 214,
                    "endLine": 222,
                    "content": "    async def _scan_occurrences(         self, data: Sequence[Website], *, start_index: int = 0     ) -> tuple[WebsiteTextOccurrence, ...]:         return await self._scan_occurrence_specs(             tuple(                 (start_index + offset, source, canonical_input_hash(source))                 for offset, source in enumerate(data)             )         )"
                }
            ]
        },
        "d=2": {
            "depth": 2,
            "label": "LIKELY AFFECTED",
            "symbols": [
                {
                    "id": "Method:flowsint-enrichers/src/flowsint_enrichers/website/to_text.py:WebsiteToText._scan_occurrence_specs#1",
                    "name": "_scan_occurrence_specs",
                    "filePath": "flowsint-enrichers/src/flowsint_enrichers/website/to_text.py",
                    "nodeType": "Method",
                    "startLine": 188,
                    "endLine": 212,
                    "content": "    async def _scan_occurrence_specs(         self, specs: Sequence[tuple[int, Website, str]]     ) -> tuple[WebsiteTextOccurrence, ...]:         semaphore = asyncio.Semaphore(self.params.get(\"max_concurrency\", 10))         tasks = tuple(             asyncio.create_task(self._fetch_occurrence(index, source, input_ref, semaphore))             for index, source, input_ref in specs         )         try:             results = await asyncio.gather(*tasks)         except asyncio.CancelledError:             for task in tasks:                 task.cancel()             results = await asyncio.gather(*tasks, return_exceptions=True)         occurrences: list[WebsiteTextOccurrence] = []         for position, result in enumerate(results):             index, source, input_ref = specs[position]             if isinstance(result, WebsiteTextOccurrence):                 occurrences.append(result)             elif isinstance(result, asyncio.CancelledError):                 occurrences.append(self._cancelled_occurrence(index, source, input_ref))             else:                 occurrences.append(self._failed_occurrence(index, source, input_ref))         return tuple(occurrences)"
                }
            ]
        },
        "d=3": {
            "depth": 3,
            "label": "MAY NEED TESTING",
            "symbols": [
                {
                    "id": "Method:flowsint-enrichers/src/flowsint_enrichers/website/to_text.py:WebsiteToText._cancelled_occurrence#3",
                    "name": "_cancelled_occurrence",
                    "filePath": "flowsint-enrichers/src/flowsint_enrichers/website/to_text.py",
                    "nodeType": "Method",
                    "startLine": 129,
                    "endLine": 140,
                    "content": "    def _cancelled_occurrence(         self, index: int, source: Website, input_ref: str     ) -> WebsiteTextOccurrence:         return WebsiteTextOccurrence(             source=source,             index=index,             input_ref=input_ref,             status=OutcomeStatus.HOLD,             diagnostic=self._diagnostic(                 \"cancelled\", \"The operation was cancelled before completion.\"             ),         )"
                },
                {
                    "id": "Method:flowsint-enrichers/src/flowsint_enrichers/website/to_text.py:WebsiteToText._failed_occurrence#3",
                    "name": "_failed_occurrence",
                    "filePath": "flowsint-enrichers/src/flowsint_enrichers/website/to_text.py",
                    "nodeType": "Method",
                    "startLine": 142,
                    "endLine": 153,
                    "content": "    def _failed_occurrence(         self, index: int, source: Website, input_ref: str     ) -> WebsiteTextOccurrence:         return WebsiteTextOccurrence(             source=source,             index=index,             input_ref=input_ref,             status=OutcomeStatus.FAILURE,             diagnostic=self._diagnostic(                 \"unexpected_error\", \"Unexpected processing failure.\"             ),         )"
                },
                {
                    "id": "Method:flowsint-enrichers/src/flowsint_enrichers/website/to_text.py:WebsiteToText._fetch_occurrence#4",
                    "name": "_fetch_occurrence",
                    "filePath": "flowsint-enrichers/src/flowsint_enrichers/website/to_text.py",
                    "nodeType": "Method",
                    "startLine": 155,
                    "endLine": 186,
                    "content": "    async def _fetch_occurrence(         self, index: int, source: Website, input_ref: str, semaphore: asyncio.Semaphore     ) -> WebsiteTextOccurrence:         \"\"\"Return one terminal, source-owned outcome from one transport future.\"\"\"         try:             async with semaphore:                 text = await self._fetch_text_async(                     str(source.url),                     timeout=self.params.get(\"request_timeout\", 10),                     enable_quic=self.params.get(\"enable_quic\", False),                 )             if text is None:                 return WebsiteTextOccurrence(                     source=source,                     index=index,                     input_ref=input_ref,                     status=OutcomeStatus.FAILURE,                     diagnostic=self._diagnostic(                         \"transport_failed\", \"All configured transports failed.\"                     ),                 )             return WebsiteTextOccurrence(                 source=source,                 index=index,                 input_ref=input_ref,                 status=OutcomeStatus.SUCCESS,                 outputs=self._outputs_from_text(text),             )         except asyncio.CancelledError:             return self._cancelled_occurrence(index, source, input_ref)         except Exception:             return self._failed_occurrence(index, source, input_ref)"
                }
            ]
        }
    },
    "summary": {
        "cwd": "/home/n4s5ti/Documents/dev/fl0sint-def43-s03",
        "rootPath": "/home/n4s5ti/Documents/dev/fl0sint-def43-s03",
        "repo": "fl0sint-def43-s03",
        "lbugPath": "/home/n4s5ti/Documents/dev/fl0sint-def43-s03/.gitnexus/lbug",
        "symbol": "flowsint-enrichers/src/flowsint_enrichers/website/to_text.py:scan",
        "rootSymbols": 1,
        "totalSymbols": 6,
        "totalEdges": 5,
        "filesMatched": 1,
        "truncated": false,
        "direct": 1,
        "processes": 0,
        "modules": 1
    },
    "warnings": [],
    "completeness": "complete",
    "completenessReasons": [],
    "indexStatus": "ready"
}
