{
  "rawBytes": 2023,
  "refactor": {
    "concept": "build_bundle",
    "symbols": [
      {
        "name": "build_bundle",
        "filePath": "flowsint-core/src/flowsint_execution/acquisition.py",
        "safetyScore": 100,
        "wave": 1,
        "findings": [
          "dead_code"
        ],
        "recommendation": "safe to delete"
      }
    ],
    "waves": {
      "safe": 1,
      "moderate": 0,
      "careful": 0
    },
    "warnings": [],
    "summary": {
      "totalSymbols": 1,
      "totalFlows": 3,
      "suggestedStart": "Start with wave 1 safe changes.",
      "durationMs": 218
    }
  },
  "keys": [
    "cwd",
    "packageName",
    "packageManager",
    "requestedChecks",
    "results",
    "graph",
    "refactor"
  ],
  "graph": {
    "status": "passed",
    "repo": "fl0sint-def41-s01",
    "lbugPath": "/home/n4s5ti/Documents/dev/fl0sint-def41-s01/.gitnexus/lbug",
    "isOpen": true,
    "discoveredTables": [
      "Function",
      "Union",
      "Static",
      "Const",
      "Annotation",
      "Interface",
      "Delegate",
      "Typedef",
      "Community",
      "Macro",
      "Enum",
      "CodeElement",
      "Record",
      "Trait",
      "Constructor",
      "Impl",
      "Method",
      "Folder",
      "Process",
      "Module",
      "Struct",
      "Property",
      "Class",
      "Template",
      "File",
      "TypeAlias",
      "Namespace"
    ],
    "fileCount": 1147,
    "indexStatus": "ready",
    "warnings": []
  },
  "rc": "0",
  "timingNs": "1767329049",
  "raw": "__ARGV__=[\"pip3r\",\"doctor\",\"--cwd\",\".\",\"--verify-refactor\",\"build_bundle\",\"--json\"]\n__STDOUT__\n{\n    \"cwd\": \"/home/n4s5ti/Documents/dev/fl0sint-def41-s01\",\n    \"packageName\": \"flowsint\",\n    \"packageManager\": \"npm\",\n    \"requestedChecks\": [],\n    \"results\": [],\n    \"graph\": {\n        \"status\": \"passed\",\n        \"repo\": \"fl0sint-def41-s01\",\n        \"lbugPath\": \"/home/n4s5ti/Documents/dev/fl0sint-def41-s01/.gitnexus/lbug\",\n        \"isOpen\": true,\n        \"discoveredTables\": [\n            \"Function\",\n            \"Union\",\n            \"Static\",\n            \"Const\",\n            \"Annotation\",\n            \"Interface\",\n            \"Delegate\",\n            \"Typedef\",\n            \"Community\",\n            \"Macro\",\n            \"Enum\",\n            \"CodeElement\",\n            \"Record\",\n            \"Trait\",\n            \"Constructor\",\n            \"Impl\",\n            \"Method\",\n            \"Folder\",\n            \"Process\",\n            \"Module\",\n            \"Struct\",\n            \"Property\",\n            \"Class\",\n            \"Template\",\n            \"File\",\n            \"TypeAlias\",\n            \"Namespace\"\n        ],\n        \"fileCount\": 1147,\n        \"indexStatus\": \"ready\",\n        \"warnings\": []\n    },\n    \"refactor\": {\n        \"concept\": \"build_bundle\",\n        \"symbols\": [\n            {\n                \"name\": \"build_bundle\",\n                \"filePath\": \"flowsint-core/src/flowsint_execution/acquisition.py\",\n                \"safetyScore\": 100,\n                \"wave\": 1,\n                \"findings\": [\n                    \"dead_code\"\n                ],\n                \"recommendation\": \"safe to delete\"\n            }\n        ],\n        \"waves\": {\n            \"safe\": 1,\n            \"moderate\": 0,\n            \"careful\": 0\n        },\n        \"warnings\": [],\n        \"summary\": {\n            \"totalSymbols\": 1,\n            \"totalFlows\": 3,\n            \"suggestedStart\": \"Start with wave 1 safe changes.\",\n            \"durationMs\": 218\n        }\n    }\n}\n\n__STDERR__\n\n__RC__=0\n__TIMING_NS__=1767329049\n\n\nWall time: 1.77 seconds"
}
