{
    "cwd": "/home/n4s5ti/Documents/dev/fl0sint/.worktrees/def-40-b03",
    "packageName": "flowsint",
    "packageManager": "npm",
    "requestedChecks": [],
    "results": [],
    "graph": {
        "status": "passed",
        "repo": "def-40-b03",
        "lbugPath": "/home/n4s5ti/Documents/dev/fl0sint/.worktrees/def-40-b03/.gitnexus/lbug",
        "isOpen": true,
        "discoveredTables": [
            "Function",
            "Union",
            "Static",
            "Const",
            "Annotation",
            "Interface",
            "Delegate",
            "Typedef",
            "Community",
            "Macro",
            "Enum",
            "CodeElement",
            "Record",
            "Trait",
            "Constructor",
            "Impl",
            "Method",
            "Folder",
            "Process",
            "Module",
            "Struct",
            "Property",
            "Class",
            "Template",
            "File",
            "TypeAlias",
            "Namespace"
        ],
        "fileCount": 1036,
        "indexStatus": "ready",
        "warnings": []
    },
    "refactor": {
        "concept": "load_manifest",
        "symbols": [
            {
                "name": "load_manifest",
                "filePath": "scripts/acquisition_fixtures.py",
                "safetyScore": 90,
                "wave": 1,
                "findings": [
                    "fragile_single"
                ],
                "recommendation": "safe to modify"
            }
        ],
        "waves": {
            "safe": 1,
            "moderate": 0,
            "careful": 0
        },
        "warnings": [],
        "summary": {
            "totalSymbols": 1,
            "totalFlows": 10,
            "suggestedStart": "Start with wave 1 safe changes.",
            "durationMs": 255
        }
    }
}
