{
    "symbol": "flowsint-enrichers/src/flowsint_enrichers/website/to_text.py:postprocess",
    "repo": "fl0sint-def43-s03",
    "lbugPath": "/home/n4s5ti/Documents/dev/fl0sint-def43-s03/.gitnexus/lbug",
    "rootPath": "/home/n4s5ti/Documents/dev/fl0sint-def43-s03",
    "direction": "downstream",
    "risk": "MEDIUM",
    "target": {
        "id": "Method:flowsint-enrichers/src/flowsint_enrichers/website/to_text.py:WebsiteToText.postprocess#1",
        "name": "postprocess",
        "filePath": "flowsint-enrichers/src/flowsint_enrichers/website/to_text.py",
        "nodeType": "Method",
        "startLine": 372,
        "endLine": 379,
        "content": "    def postprocess(self, occurrences):         retained = tuple(occurrences)         if any(not isinstance(item, WebsiteTextOccurrence) for item in retained):             raise TypeError(                 \"WebsiteToText.postprocess requires occurrence envelopes from scan().\"             )         self._postprocess_occurrences(retained)         return self._legacy_outputs(retained)"
    },
    "symbols": [
        {
            "id": "Method:flowsint-enrichers/src/flowsint_enrichers/website/to_text.py:WebsiteToText.postprocess#1",
            "name": "postprocess",
            "filePath": "flowsint-enrichers/src/flowsint_enrichers/website/to_text.py",
            "nodeType": "Method",
            "startLine": 372,
            "endLine": 379,
            "content": "    def postprocess(self, occurrences):         retained = tuple(occurrences)         if any(not isinstance(item, WebsiteTextOccurrence) for item in retained):             raise TypeError(                 \"WebsiteToText.postprocess requires occurrence envelopes from scan().\"             )         self._postprocess_occurrences(retained)         return self._legacy_outputs(retained)"
        },
        {
            "id": "Method:flowsint-core/src/flowsint_core/core/enricher_base.py:Enricher.create_node#1",
            "name": "create_node",
            "filePath": "flowsint-core/src/flowsint_core/core/enricher_base.py",
            "nodeType": "Method",
            "startLine": 657,
            "endLine": 676,
            "content": "    def create_node(self, node_obj) -> None:         \"\"\"         Create a single Neo4j node.         The following properties are automatically added to every node:         - type: Lowercase version of node_type         - sketch_id: Current sketch ID from enricher context         - label: Automatically computed by FlowsintType, or defaults to key_value if not provided         - created_at: ISO 8601 UTC timestamp (only on creation, not updates)         Use Pydantic object directly:             ```python             self.create_node(ip)             ```         Args:             node_obj: Either a Pydantic object or node label string             **properties: Additional node properties or overrides         \"\"\"         self._graph_service.create_node_from_flowsint_type(node_obj=node_obj)"
        },
        {
            "id": "Method:flowsint-core/src/flowsint_core/core/enricher_base.py:Enricher.create_relationship#3",
            "name": "create_relationship",
            "filePath": "flowsint-core/src/flowsint_core/core/enricher_base.py",
            "nodeType": "Method",
            "startLine": 678,
            "endLine": 700,
            "content": "    def create_relationship(         self,         from_obj,         to_obj,         rel_label=\"IS_RELATED_TO\",     ) -> None:         \"\"\"         Create a relationship between two nodes.         Best Practice - Use Pydantic objects directly:             ```python             self.create_relationship(individual, domain, \"HAS_DOMAIN\")             self.create_relationship(email, breach, \"FOUND_IN_BREACH\")             ```         Args:             from_obj: Either a Pydantic object (source) or source node label             to_obj: Either a Pydantic object (target) or source node key property             rel_label: Either relationship type (Pydantic) or source node key value         \"\"\"         self._graph_service.create_relationship(             from_obj=from_obj, to_obj=to_obj, rel_label=rel_label         )"
        },
        {
            "id": "Method:flowsint-core/src/flowsint_core/core/enricher_base.py:Enricher.log_graph_message#1",
            "name": "log_graph_message",
            "filePath": "flowsint-core/src/flowsint_core/core/enricher_base.py",
            "nodeType": "Method",
            "startLine": 702,
            "endLine": 709,
            "content": "    def log_graph_message(self, message: str) -> None:         \"\"\"         Log a graph operation message.         Args:             message: Message to log         \"\"\"         self._graph_service.log_graph_message(message)"
        },
        {
            "id": "Method:flowsint-enrichers/src/flowsint_enrichers/website/to_text.py:WebsiteToText._legacy_outputs#1",
            "name": "_legacy_outputs",
            "filePath": "flowsint-enrichers/src/flowsint_enrichers/website/to_text.py",
            "nodeType": "Method",
            "startLine": 357,
            "endLine": 363,
            "content": "    def _legacy_outputs(occurrences):         return [             output             for occurrence in occurrences             if occurrence.status is OutcomeStatus.SUCCESS             for output in occurrence.outputs         ]"
        },
        {
            "id": "Method:flowsint-enrichers/src/flowsint_enrichers/website/to_text.py:WebsiteToText._postprocess_occurrences#1",
            "name": "_postprocess_occurrences",
            "filePath": "flowsint-enrichers/src/flowsint_enrichers/website/to_text.py",
            "nodeType": "Method",
            "startLine": 381,
            "endLine": 396,
            "content": "    def _postprocess_occurrences(self, occurrences):         if not self._graph_service:             return         for occurrence in occurrences:             if occurrence.status is not OutcomeStatus.SUCCESS:                 continue             self.create_node(occurrence.source)             for output in occurrence.outputs:                 if output.text:                     self.create_node(output)                     self.create_relationship(                         occurrence.source, output, \"HAS_INNER_TEXT\"                     )                     self.log_graph_message(                         f\"Extracted text from {occurrence.source.url} ({len(output.text)} chars).\"                     )"
        }
    ],
    "edges": [
        {
            "from": "Method:flowsint-enrichers/src/flowsint_enrichers/website/to_text.py:WebsiteToText.postprocess#1",
            "to": "Method:flowsint-enrichers/src/flowsint_enrichers/website/to_text.py:WebsiteToText._legacy_outputs#1",
            "type": "CALLS",
            "confidence": 0.85
        },
        {
            "from": "Method:flowsint-enrichers/src/flowsint_enrichers/website/to_text.py:WebsiteToText.postprocess#1",
            "to": "Method:flowsint-enrichers/src/flowsint_enrichers/website/to_text.py:WebsiteToText._postprocess_occurrences#1",
            "type": "CALLS",
            "confidence": 0.85
        },
        {
            "from": "Method:flowsint-enrichers/src/flowsint_enrichers/website/to_text.py:WebsiteToText._postprocess_occurrences#1",
            "to": "Method:flowsint-core/src/flowsint_core/core/enricher_base.py:Enricher.create_node#1",
            "type": "CALLS",
            "confidence": 0.85
        },
        {
            "from": "Method:flowsint-enrichers/src/flowsint_enrichers/website/to_text.py:WebsiteToText._postprocess_occurrences#1",
            "to": "Method:flowsint-core/src/flowsint_core/core/enricher_base.py:Enricher.create_relationship#3",
            "type": "CALLS",
            "confidence": 0.85
        },
        {
            "from": "Method:flowsint-enrichers/src/flowsint_enrichers/website/to_text.py:WebsiteToText._postprocess_occurrences#1",
            "to": "Method:flowsint-core/src/flowsint_core/core/enricher_base.py:Enricher.log_graph_message#1",
            "type": "CALLS",
            "confidence": 0.85
        }
    ],
    "files": [
        {
            "filePath": "flowsint-enrichers/src/flowsint_enrichers/website/to_text.py",
            "count": 3,
            "symbols": [
                {
                    "id": "Method:flowsint-enrichers/src/flowsint_enrichers/website/to_text.py:WebsiteToText.postprocess#1",
                    "name": "postprocess",
                    "filePath": "flowsint-enrichers/src/flowsint_enrichers/website/to_text.py",
                    "nodeType": "Method",
                    "startLine": 372,
                    "endLine": 379,
                    "content": "    def postprocess(self, occurrences):         retained = tuple(occurrences)         if any(not isinstance(item, WebsiteTextOccurrence) for item in retained):             raise TypeError(                 \"WebsiteToText.postprocess requires occurrence envelopes from scan().\"             )         self._postprocess_occurrences(retained)         return self._legacy_outputs(retained)"
                },
                {
                    "id": "Method:flowsint-enrichers/src/flowsint_enrichers/website/to_text.py:WebsiteToText._legacy_outputs#1",
                    "name": "_legacy_outputs",
                    "filePath": "flowsint-enrichers/src/flowsint_enrichers/website/to_text.py",
                    "nodeType": "Method",
                    "startLine": 357,
                    "endLine": 363,
                    "content": "    def _legacy_outputs(occurrences):         return [             output             for occurrence in occurrences             if occurrence.status is OutcomeStatus.SUCCESS             for output in occurrence.outputs         ]"
                },
                {
                    "id": "Method:flowsint-enrichers/src/flowsint_enrichers/website/to_text.py:WebsiteToText._postprocess_occurrences#1",
                    "name": "_postprocess_occurrences",
                    "filePath": "flowsint-enrichers/src/flowsint_enrichers/website/to_text.py",
                    "nodeType": "Method",
                    "startLine": 381,
                    "endLine": 396,
                    "content": "    def _postprocess_occurrences(self, occurrences):         if not self._graph_service:             return         for occurrence in occurrences:             if occurrence.status is not OutcomeStatus.SUCCESS:                 continue             self.create_node(occurrence.source)             for output in occurrence.outputs:                 if output.text:                     self.create_node(output)                     self.create_relationship(                         occurrence.source, output, \"HAS_INNER_TEXT\"                     )                     self.log_graph_message(                         f\"Extracted text from {occurrence.source.url} ({len(output.text)} chars).\"                     )"
                }
            ]
        },
        {
            "filePath": "flowsint-core/src/flowsint_core/core/enricher_base.py",
            "count": 3,
            "symbols": [
                {
                    "id": "Method:flowsint-core/src/flowsint_core/core/enricher_base.py:Enricher.create_node#1",
                    "name": "create_node",
                    "filePath": "flowsint-core/src/flowsint_core/core/enricher_base.py",
                    "nodeType": "Method",
                    "startLine": 657,
                    "endLine": 676,
                    "content": "    def create_node(self, node_obj) -> None:         \"\"\"         Create a single Neo4j node.         The following properties are automatically added to every node:         - type: Lowercase version of node_type         - sketch_id: Current sketch ID from enricher context         - label: Automatically computed by FlowsintType, or defaults to key_value if not provided         - created_at: ISO 8601 UTC timestamp (only on creation, not updates)         Use Pydantic object directly:             ```python             self.create_node(ip)             ```         Args:             node_obj: Either a Pydantic object or node label string             **properties: Additional node properties or overrides         \"\"\"         self._graph_service.create_node_from_flowsint_type(node_obj=node_obj)"
                },
                {
                    "id": "Method:flowsint-core/src/flowsint_core/core/enricher_base.py:Enricher.create_relationship#3",
                    "name": "create_relationship",
                    "filePath": "flowsint-core/src/flowsint_core/core/enricher_base.py",
                    "nodeType": "Method",
                    "startLine": 678,
                    "endLine": 700,
                    "content": "    def create_relationship(         self,         from_obj,         to_obj,         rel_label=\"IS_RELATED_TO\",     ) -> None:         \"\"\"         Create a relationship between two nodes.         Best Practice - Use Pydantic objects directly:             ```python             self.create_relationship(individual, domain, \"HAS_DOMAIN\")             self.create_relationship(email, breach, \"FOUND_IN_BREACH\")             ```         Args:             from_obj: Either a Pydantic object (source) or source node label             to_obj: Either a Pydantic object (target) or source node key property             rel_label: Either relationship type (Pydantic) or source node key value         \"\"\"         self._graph_service.create_relationship(             from_obj=from_obj, to_obj=to_obj, rel_label=rel_label         )"
                },
                {
                    "id": "Method:flowsint-core/src/flowsint_core/core/enricher_base.py:Enricher.log_graph_message#1",
                    "name": "log_graph_message",
                    "filePath": "flowsint-core/src/flowsint_core/core/enricher_base.py",
                    "nodeType": "Method",
                    "startLine": 702,
                    "endLine": 709,
                    "content": "    def log_graph_message(self, message: str) -> None:         \"\"\"         Log a graph operation message.         Args:             message: Message to log         \"\"\"         self._graph_service.log_graph_message(message)"
                }
            ]
        }
    ],
    "affected_modules": [
        {
            "name": "flowsint-core",
            "direct": false,
            "symbolCount": 3
        },
        {
            "name": "flowsint-enrichers",
            "direct": true,
            "symbolCount": 2
        }
    ],
    "affected_processes": [],
    "byDepth": {
        "d=1": {
            "depth": 1,
            "label": "WILL BREAK",
            "symbols": [
                {
                    "id": "Method:flowsint-enrichers/src/flowsint_enrichers/website/to_text.py:WebsiteToText._legacy_outputs#1",
                    "name": "_legacy_outputs",
                    "filePath": "flowsint-enrichers/src/flowsint_enrichers/website/to_text.py",
                    "nodeType": "Method",
                    "startLine": 357,
                    "endLine": 363,
                    "content": "    def _legacy_outputs(occurrences):         return [             output             for occurrence in occurrences             if occurrence.status is OutcomeStatus.SUCCESS             for output in occurrence.outputs         ]"
                },
                {
                    "id": "Method:flowsint-enrichers/src/flowsint_enrichers/website/to_text.py:WebsiteToText._postprocess_occurrences#1",
                    "name": "_postprocess_occurrences",
                    "filePath": "flowsint-enrichers/src/flowsint_enrichers/website/to_text.py",
                    "nodeType": "Method",
                    "startLine": 381,
                    "endLine": 396,
                    "content": "    def _postprocess_occurrences(self, occurrences):         if not self._graph_service:             return         for occurrence in occurrences:             if occurrence.status is not OutcomeStatus.SUCCESS:                 continue             self.create_node(occurrence.source)             for output in occurrence.outputs:                 if output.text:                     self.create_node(output)                     self.create_relationship(                         occurrence.source, output, \"HAS_INNER_TEXT\"                     )                     self.log_graph_message(                         f\"Extracted text from {occurrence.source.url} ({len(output.text)} chars).\"                     )"
                }
            ]
        },
        "d=2": {
            "depth": 2,
            "label": "LIKELY AFFECTED",
            "symbols": [
                {
                    "id": "Method:flowsint-core/src/flowsint_core/core/enricher_base.py:Enricher.create_node#1",
                    "name": "create_node",
                    "filePath": "flowsint-core/src/flowsint_core/core/enricher_base.py",
                    "nodeType": "Method",
                    "startLine": 657,
                    "endLine": 676,
                    "content": "    def create_node(self, node_obj) -> None:         \"\"\"         Create a single Neo4j node.         The following properties are automatically added to every node:         - type: Lowercase version of node_type         - sketch_id: Current sketch ID from enricher context         - label: Automatically computed by FlowsintType, or defaults to key_value if not provided         - created_at: ISO 8601 UTC timestamp (only on creation, not updates)         Use Pydantic object directly:             ```python             self.create_node(ip)             ```         Args:             node_obj: Either a Pydantic object or node label string             **properties: Additional node properties or overrides         \"\"\"         self._graph_service.create_node_from_flowsint_type(node_obj=node_obj)"
                },
                {
                    "id": "Method:flowsint-core/src/flowsint_core/core/enricher_base.py:Enricher.create_relationship#3",
                    "name": "create_relationship",
                    "filePath": "flowsint-core/src/flowsint_core/core/enricher_base.py",
                    "nodeType": "Method",
                    "startLine": 678,
                    "endLine": 700,
                    "content": "    def create_relationship(         self,         from_obj,         to_obj,         rel_label=\"IS_RELATED_TO\",     ) -> None:         \"\"\"         Create a relationship between two nodes.         Best Practice - Use Pydantic objects directly:             ```python             self.create_relationship(individual, domain, \"HAS_DOMAIN\")             self.create_relationship(email, breach, \"FOUND_IN_BREACH\")             ```         Args:             from_obj: Either a Pydantic object (source) or source node label             to_obj: Either a Pydantic object (target) or source node key property             rel_label: Either relationship type (Pydantic) or source node key value         \"\"\"         self._graph_service.create_relationship(             from_obj=from_obj, to_obj=to_obj, rel_label=rel_label         )"
                },
                {
                    "id": "Method:flowsint-core/src/flowsint_core/core/enricher_base.py:Enricher.log_graph_message#1",
                    "name": "log_graph_message",
                    "filePath": "flowsint-core/src/flowsint_core/core/enricher_base.py",
                    "nodeType": "Method",
                    "startLine": 702,
                    "endLine": 709,
                    "content": "    def log_graph_message(self, message: str) -> None:         \"\"\"         Log a graph operation message.         Args:             message: Message to log         \"\"\"         self._graph_service.log_graph_message(message)"
                }
            ]
        }
    },
    "summary": {
        "cwd": "/home/n4s5ti/Documents/dev/fl0sint-def43-s03",
        "rootPath": "/home/n4s5ti/Documents/dev/fl0sint-def43-s03",
        "repo": "fl0sint-def43-s03",
        "lbugPath": "/home/n4s5ti/Documents/dev/fl0sint-def43-s03/.gitnexus/lbug",
        "symbol": "flowsint-enrichers/src/flowsint_enrichers/website/to_text.py:postprocess",
        "rootSymbols": 1,
        "totalSymbols": 6,
        "totalEdges": 5,
        "filesMatched": 2,
        "truncated": false,
        "direct": 2,
        "processes": 0,
        "modules": 2
    },
    "warnings": [],
    "completeness": "complete",
    "completenessReasons": [],
    "indexStatus": "ready"
}
