{
    "symbol": "flowsint-core/src/flowsint_execution/models.py:canonical_input_hash",
    "repo": "fl0sint-def41-s01",
    "lbugPath": "/home/n4s5ti/Documents/dev/fl0sint-def41-s01/.gitnexus/lbug",
    "rootPath": "/home/n4s5ti/Documents/dev/fl0sint-def41-s01",
    "direction": "upstream",
    "risk": "UNKNOWN",
    "target": {
        "id": "Function:flowsint-core/src/flowsint_execution/models.py:canonical_input_hash",
        "name": "canonical_input_hash",
        "filePath": "flowsint-core/src/flowsint_execution/models.py",
        "nodeType": "Function",
        "startLine": 139,
        "endLine": 149,
        "content": "def canonical_input_hash(value: Any) -> str:     \"\"\"Return the stable SHA-256 reference for an input without retaining it.\"\"\"     canonical = json.dumps(         _canonicalize_input(value),         ensure_ascii=False,         separators=(\",\", \":\"),         sort_keys=True,         allow_nan=False,     )     return hashlib.sha256(canonical.encode(\"utf-8\")).hexdigest()"
    },
    "symbols": [
        {
            "id": "Function:flowsint-core/src/flowsint_execution/models.py:canonical_input_hash",
            "name": "canonical_input_hash",
            "filePath": "flowsint-core/src/flowsint_execution/models.py",
            "nodeType": "Function",
            "startLine": 139,
            "endLine": 149,
            "content": "def canonical_input_hash(value: Any) -> str:     \"\"\"Return the stable SHA-256 reference for an input without retaining it.\"\"\"     canonical = json.dumps(         _canonicalize_input(value),         ensure_ascii=False,         separators=(\",\", \":\"),         sort_keys=True,         allow_nan=False,     )     return hashlib.sha256(canonical.encode(\"utf-8\")).hexdigest()"
        },
        {
            "id": "Function:flowsint-core/src/flowsint_core/tasks/enricher.py:run_connector_template",
            "name": "run_connector_template",
            "filePath": "flowsint-core/src/flowsint_core/tasks/enricher.py",
            "nodeType": "Function",
            "startLine": 197,
            "endLine": 380,
            "content": "def run_connector_template(     self,     template_id: str,     template_digest: str,     serialized_objects: List[dict],     sketch_id: str | None,     owner_id: str,     idempotency_key: Optional[str] = None, ):     \"\"\"Run a registry-backed template with Stage 3 replay and lease fencing intact.\"\"\"     from flowsint_execution.models import RedactedDiagnostic, canonical_input_hash     from ..core.services.execution_service import (         FINAL_RUN_STATUSES,         RunLeaseLost,         create_execution_service,     )     session = SessionLocal()     scan = None     flow_run = None     lease = None     execution_service = None     safe_diagnostic = RedactedDiagnostic(         code=\"connector_execution_failed\",         safe_message=\"Connector execution could not be completed.\",         retryable=False,     )     try:         scan_id = uuid.UUID(self.request.id)         owner_uuid = uuid.UUID(owner_id)         template_uuid = uuid.UUID(template_id)         idempotency_key = idempotency_key or str(scan_id)         sketch_uuid = uuid.UUID(sketch_id) if sketch_id else None         input_digest = canonical_input_hash(serialized_objects)         operation_digest = hashlib.sha256(             f\"{template_uuid}:{template_digest}:{sketch_uuid or ''}\".encode(\"utf-8\")         ).hexdigest()         step_key = f\"connector-template:{template_uuid}:{template_digest}\"         execution_service = create_execution_service(session)         def canonical_scan(current_run):             return _get_or_create_scan(session, current_run.id, sketch_uuid)         def replay_or_attach():             session.expire_all()             current_run, _ = execution_service.create_or_reuse_run(                 owner_id=owner_uuid,                 idempotency_key=idempotency_key,                 input_digest=input_digest,                 input_count=len(serialized_objects),                 operation_digest=operation_digest,                 sketch_id=sketch_uuid,                 run_id=scan_id,             )             replayed_step = execution_service.get_step(current_run, step_key)             if current_run.status in FINAL_RUN_STATUSES:                 current_scan = canonical_scan(current_run)                 if (                     replayed_step is not None                     and replayed_step.status in FINAL_RUN_STATUSES                 ):                     current_scan.status = EventLevel.COMPLETED                     current_scan.error = None                     current_scan.details = _safe_connector_scan_details(                         execution_service.reconstruct_structured_result(replayed_step)                     )                 else:                     diagnostic = current_run.safe_error_diagnostic or {}                     current_scan.status = EventLevel.FAILED                     current_scan.error = diagnostic.get(                         \"safe_message\", safe_diagnostic.safe_message                     )                     current_scan.details = {                         \"status\": \"failed\",                         \"flow_run_id\": str(current_run.id),                         \"flow_run_reference\": f\"flow_run:{current_run.id}\",                         \"error_code\": diagnostic.get(\"code\", safe_diagnostic.code),                     }                 session.commit()                 return {\"result\": current_scan.details}             return {                 \"result\": {                     \"status\": \"in_progress\",                     \"flow_run_id\": str(current_run.id),                     \"flow_run_reference\": f\"flow_run:{current_run.id}\",                 }             }         flow_run, _ = execution_service.create_or_reuse_run(             owner_id=owner_uuid,             idempotency_key=idempotency_key,             input_digest=input_digest,             input_count=len(serialized_objects),             operation_digest=operation_digest,             sketch_id=sketch_uuid,             run_id=scan_id,         )         lease = execution_service.claim_run(flow_run, str(scan_id))         if lease is None:             return replay_or_attach()         scan = canonical_scan(flow_run)         template_service = create_enricher_template_service(session)         db_template = template_service.get_template(template_uuid, owner_uuid)         template = Template.model_validate(db_template.content)         projection_binding = projection_registry.resolve(template.projection)         if connector_template_digest(template) != template_digest:             raise ConnectorPolicyError(\"connector template digest denied\")         enricher = TemplateEnricher(             template=template,             registry=destination_registry,             runtime_authorizer=EgressAuthorizer.enrichment(),             sketch_id=sketch_id,             scan_id=str(flow_run.id),         )         step_run = execution_service.begin_or_resume_step(             flow_run, lease, step_key, len(serialized_objects)         )         execution_service.update_st ... [truncated]"
        },
        {
            "id": "Method:flowsint-core/src/flowsint_core/core/enricher_base.py:Enricher._execute_structured_input#4",
            "name": "_execute_structured_input",
            "filePath": "flowsint-core/src/flowsint_core/core/enricher_base.py",
            "nodeType": "Method",
            "startLine": 515,
            "endLine": 563,
            "content": "    async def _execute_structured_input(         self,         original_input: Any,         context: Any,         *,         adapter: TypeAdapter | None = None,         primary_field: str | None = None,     ) -> InputOutcome:         input_ref = canonical_input_hash(original_input)         try:             input_obj = self._validate_single_input(                 original_input, adapter=adapter, primary_field=primary_field             )         except Exception as error:             return InputOutcome(                 input_ref=input_ref,                 status=OutcomeStatus.FAILURE,                 diagnostic=self._classify_structured_exception(error),             )         outputs: tuple[Any, ...] = ()         diagnostic: RedactedDiagnostic | None = None         status = OutcomeStatus.SUCCESS         try:             processed = await self._process_single_input_structured(input_obj, context)             outputs = tuple(self.postprocess(processed, [input_obj]))         except Exception as error:             status = OutcomeStatus.FAILURE             diagnostic = self._classify_structured_exception(error)         try:             evidence = self._build_structured_evidence(input_obj, input_ref)         except Exception as error:             evidence = ()             status = OutcomeStatus.FAILURE             diagnostic = self._classify_structured_exception(error)         if status is OutcomeStatus.SUCCESS:             status, diagnostic = self._classify_structured_success(outputs, evidence)         if status is not OutcomeStatus.SUCCESS:             outputs = ()         return InputOutcome(             input_ref=input_ref,             status=status,             outputs=outputs,             diagnostic=diagnostic,             evidence=evidence,         )"
        },
        {
            "id": "Method:flowsint-core/src/flowsint_core/core/enricher_base.py:Enricher.execute_structured#1",
            "name": "execute_structured",
            "filePath": "flowsint-core/src/flowsint_core/core/enricher_base.py",
            "nodeType": "Method",
            "startLine": 565,
            "endLine": 622,
            "content": "    async def execute_structured(self, values: List[Any]) -> StructuredExecutionResult:         \"\"\"Execute independently per original input without flattening outputs.\"\"\"         outcomes: list[InputOutcome] = []         if self.name() != \"enricher_orchestrator\":             Logger.info(self.sketch_id, {\"message\": f\"Enricher {self.name()} started.\"})         try:             await self.async_init()         except Exception as error:             diagnostic = self._classify_structured_exception(error)             outcomes = [                 InputOutcome(                     input_ref=canonical_input_hash(value),                     status=OutcomeStatus.FAILURE,                     diagnostic=diagnostic,                 )                 for value in values             ]         else:             try:                 adapter, primary_field = self._input_validation_context()                 async with self._structured_execution_context() as context:                     for value in values:                         outcomes.append(                             await self._execute_structured_input(                                 value,                                 context,                                 adapter=adapter,                                 primary_field=primary_field,                             )                         )             except Exception as error:                 diagnostic = self._classify_structured_exception(error)                 for value in values[len(outcomes) :]:                     outcomes.append(                         InputOutcome(                             input_ref=canonical_input_hash(value),                             status=OutcomeStatus.FAILURE,                             diagnostic=diagnostic,                         )                     )         finally:             try:                 self._graph_service.flush()             except Exception:                 Logger.error(                     self.sketch_id,                     {\"message\": f\"Enricher {self.name()} graph flush failed.\"},                 )         if self.name() != \"enricher_orchestrator\":             Logger.completed(                 self.sketch_id, {\"message\": f\"Enricher {self.name()} finished.\"}             )         return StructuredExecutionResult(             enricher_name=self.name(),             outcomes=tuple(outcomes),         )"
        },
        {
            "id": "Method:flowsint-core/src/flowsint_core/core/template_enricher.py:TemplateEnricher.execute_structured#1",
            "name": "execute_structured",
            "filePath": "flowsint-core/src/flowsint_core/core/template_enricher.py",
            "nodeType": "Method",
            "startLine": 356,
            "endLine": 416,
            "content": "    async def execute_structured(self, values: List[Any]) -> StructuredExecutionResult:         \"\"\"Execute inputs independently without logging, retaining, or returning raw egress data.\"\"\"         outcomes: list[InputOutcome] = []         try:             async with self._structured_execution_context() as client:                 for original_input in values:                     input_ref = canonical_input_hash(original_input)                     self._last_response_artifact_sha256 = None                     self._last_http_status_class = None                     try:                         self._reject_unknown_input_fields(original_input)                         input_obj = self._validate_single_input(original_input)                         processed = await self._process_single_input(client, input_obj)                         evidence = self._build_structured_evidence(input_obj, input_ref)                         status, diagnostic = self._classify_structured_success(                             tuple(processed), evidence                         )                         outcomes.append(                             InputOutcome(                                 input_ref=input_ref,                                 status=status,                                 outputs=tuple(processed)                                 if status is OutcomeStatus.SUCCESS                                 else (),                                 diagnostic=diagnostic,                                 evidence=evidence,                             )                         )                     except Exception as error:                         outcomes.append(                             InputOutcome(                                 input_ref=input_ref,                                 status=OutcomeStatus.FAILURE,                                 diagnostic=self._classify_structured_exception(error),                                 evidence=self._build_structured_evidence(                                     original_input, input_ref                                 ),                             )                         )         finally:             try:                 self._graph_service.flush()             except Exception:                 pass         Logger.info(             self.sketch_id,             {                 \"event\": \"connector_completed\",                 \"destination_id\": self.endpoint.destination_id,                 \"endpoint_id\": self.endpoint.endpoint_id,                 \"capability\": self.endpoint.capability,                 \"outcome_counts\": {                     status.value: sum(                         outcome.status is status for outcome in outcomes                     )                     for status in OutcomeStatus                 },                 \"http_status_class\": self._last_http_status_class,             },         )         return StructuredExecutionResult(enricher_name=self.name(), outcomes=tuple(outcomes))"
        },
        {
            "id": "Method:flowsint-core/src/flowsint_execution/acquisition.py:InputOccurrence.check_input_hash#0",
            "name": "check_input_hash",
            "filePath": "flowsint-core/src/flowsint_execution/acquisition.py",
            "nodeType": "Method",
            "startLine": 121,
            "endLine": 124,
            "content": "    def check_input_hash(self):         if self.input_ref != canonical_input_hash(self.value):             raise ValueError(\"input_ref does not match canonical input value\")         return self"
        }
    ],
    "edges": [
        {
            "from": "Method:flowsint-core/src/flowsint_core/core/enricher_base.py:Enricher._execute_structured_input#4",
            "to": "Function:flowsint-core/src/flowsint_execution/models.py:canonical_input_hash",
            "type": "CALLS",
            "confidence": 0.85
        },
        {
            "from": "Method:flowsint-core/src/flowsint_core/core/enricher_base.py:Enricher.execute_structured#1",
            "to": "Function:flowsint-core/src/flowsint_execution/models.py:canonical_input_hash",
            "type": "CALLS",
            "confidence": 0.85
        },
        {
            "from": "Method:flowsint-core/src/flowsint_core/core/template_enricher.py:TemplateEnricher.execute_structured#1",
            "to": "Function:flowsint-core/src/flowsint_execution/models.py:canonical_input_hash",
            "type": "CALLS",
            "confidence": 0.85
        },
        {
            "from": "Method:flowsint-core/src/flowsint_execution/acquisition.py:InputOccurrence.check_input_hash#0",
            "to": "Function:flowsint-core/src/flowsint_execution/models.py:canonical_input_hash",
            "type": "CALLS",
            "confidence": 0.85
        },
        {
            "from": "Function:flowsint-core/src/flowsint_core/tasks/enricher.py:run_connector_template",
            "to": "Function:flowsint-core/src/flowsint_execution/models.py:canonical_input_hash",
            "type": "CALLS",
            "confidence": 0.85
        }
    ],
    "files": [
        {
            "filePath": "flowsint-core/src/flowsint_execution/models.py",
            "count": 1,
            "symbols": [
                {
                    "id": "Function:flowsint-core/src/flowsint_execution/models.py:canonical_input_hash",
                    "name": "canonical_input_hash",
                    "filePath": "flowsint-core/src/flowsint_execution/models.py",
                    "nodeType": "Function",
                    "startLine": 139,
                    "endLine": 149,
                    "content": "def canonical_input_hash(value: Any) -> str:     \"\"\"Return the stable SHA-256 reference for an input without retaining it.\"\"\"     canonical = json.dumps(         _canonicalize_input(value),         ensure_ascii=False,         separators=(\",\", \":\"),         sort_keys=True,         allow_nan=False,     )     return hashlib.sha256(canonical.encode(\"utf-8\")).hexdigest()"
                }
            ]
        },
        {
            "filePath": "flowsint-core/src/flowsint_core/tasks/enricher.py",
            "count": 1,
            "symbols": [
                {
                    "id": "Function:flowsint-core/src/flowsint_core/tasks/enricher.py:run_connector_template",
                    "name": "run_connector_template",
                    "filePath": "flowsint-core/src/flowsint_core/tasks/enricher.py",
                    "nodeType": "Function",
                    "startLine": 197,
                    "endLine": 380,
                    "content": "def run_connector_template(     self,     template_id: str,     template_digest: str,     serialized_objects: List[dict],     sketch_id: str | None,     owner_id: str,     idempotency_key: Optional[str] = None, ):     \"\"\"Run a registry-backed template with Stage 3 replay and lease fencing intact.\"\"\"     from flowsint_execution.models import RedactedDiagnostic, canonical_input_hash     from ..core.services.execution_service import (         FINAL_RUN_STATUSES,         RunLeaseLost,         create_execution_service,     )     session = SessionLocal()     scan = None     flow_run = None     lease = None     execution_service = None     safe_diagnostic = RedactedDiagnostic(         code=\"connector_execution_failed\",         safe_message=\"Connector execution could not be completed.\",         retryable=False,     )     try:         scan_id = uuid.UUID(self.request.id)         owner_uuid = uuid.UUID(owner_id)         template_uuid = uuid.UUID(template_id)         idempotency_key = idempotency_key or str(scan_id)         sketch_uuid = uuid.UUID(sketch_id) if sketch_id else None         input_digest = canonical_input_hash(serialized_objects)         operation_digest = hashlib.sha256(             f\"{template_uuid}:{template_digest}:{sketch_uuid or ''}\".encode(\"utf-8\")         ).hexdigest()         step_key = f\"connector-template:{template_uuid}:{template_digest}\"         execution_service = create_execution_service(session)         def canonical_scan(current_run):             return _get_or_create_scan(session, current_run.id, sketch_uuid)         def replay_or_attach():             session.expire_all()             current_run, _ = execution_service.create_or_reuse_run(                 owner_id=owner_uuid,                 idempotency_key=idempotency_key,                 input_digest=input_digest,                 input_count=len(serialized_objects),                 operation_digest=operation_digest,                 sketch_id=sketch_uuid,                 run_id=scan_id,             )             replayed_step = execution_service.get_step(current_run, step_key)             if current_run.status in FINAL_RUN_STATUSES:                 current_scan = canonical_scan(current_run)                 if (                     replayed_step is not None                     and replayed_step.status in FINAL_RUN_STATUSES                 ):                     current_scan.status = EventLevel.COMPLETED                     current_scan.error = None                     current_scan.details = _safe_connector_scan_details(                         execution_service.reconstruct_structured_result(replayed_step)                     )                 else:                     diagnostic = current_run.safe_error_diagnostic or {}                     current_scan.status = EventLevel.FAILED                     current_scan.error = diagnostic.get(                         \"safe_message\", safe_diagnostic.safe_message                     )                     current_scan.details = {                         \"status\": \"failed\",                         \"flow_run_id\": str(current_run.id),                         \"flow_run_reference\": f\"flow_run:{current_run.id}\",                         \"error_code\": diagnostic.get(\"code\", safe_diagnostic.code),                     }                 session.commit()                 return {\"result\": current_scan.details}             return {                 \"result\": {                     \"status\": \"in_progress\",                     \"flow_run_id\": str(current_run.id),                     \"flow_run_reference\": f\"flow_run:{current_run.id}\",                 }             }         flow_run, _ = execution_service.create_or_reuse_run(             owner_id=owner_uuid,             idempotency_key=idempotency_key,             input_digest=input_digest,             input_count=len(serialized_objects),             operation_digest=operation_digest,             sketch_id=sketch_uuid,             run_id=scan_id,         )         lease = execution_service.claim_run(flow_run, str(scan_id))         if lease is None:             return replay_or_attach()         scan = canonical_scan(flow_run)         template_service = create_enricher_template_service(session)         db_template = template_service.get_template(template_uuid, owner_uuid)         template = Template.model_validate(db_template.content)         projection_binding = projection_registry.resolve(template.projection)         if connector_template_digest(template) != template_digest:             raise ConnectorPolicyError(\"connector template digest denied\")         enricher = TemplateEnricher(             template=template,             registry=destination_registry,             runtime_authorizer=EgressAuthorizer.enrichment(),             sketch_id=sketch_id,             scan_id=str(flow_run.id),         )         step_run = execution_service.begin_or_resume_step(             flow_run, lease, step_key, len(serialized_objects)         )         execution_service.update_st ... [truncated]"
                }
            ]
        },
        {
            "filePath": "flowsint-core/src/flowsint_core/core/enricher_base.py",
            "count": 2,
            "symbols": [
                {
                    "id": "Method:flowsint-core/src/flowsint_core/core/enricher_base.py:Enricher._execute_structured_input#4",
                    "name": "_execute_structured_input",
                    "filePath": "flowsint-core/src/flowsint_core/core/enricher_base.py",
                    "nodeType": "Method",
                    "startLine": 515,
                    "endLine": 563,
                    "content": "    async def _execute_structured_input(         self,         original_input: Any,         context: Any,         *,         adapter: TypeAdapter | None = None,         primary_field: str | None = None,     ) -> InputOutcome:         input_ref = canonical_input_hash(original_input)         try:             input_obj = self._validate_single_input(                 original_input, adapter=adapter, primary_field=primary_field             )         except Exception as error:             return InputOutcome(                 input_ref=input_ref,                 status=OutcomeStatus.FAILURE,                 diagnostic=self._classify_structured_exception(error),             )         outputs: tuple[Any, ...] = ()         diagnostic: RedactedDiagnostic | None = None         status = OutcomeStatus.SUCCESS         try:             processed = await self._process_single_input_structured(input_obj, context)             outputs = tuple(self.postprocess(processed, [input_obj]))         except Exception as error:             status = OutcomeStatus.FAILURE             diagnostic = self._classify_structured_exception(error)         try:             evidence = self._build_structured_evidence(input_obj, input_ref)         except Exception as error:             evidence = ()             status = OutcomeStatus.FAILURE             diagnostic = self._classify_structured_exception(error)         if status is OutcomeStatus.SUCCESS:             status, diagnostic = self._classify_structured_success(outputs, evidence)         if status is not OutcomeStatus.SUCCESS:             outputs = ()         return InputOutcome(             input_ref=input_ref,             status=status,             outputs=outputs,             diagnostic=diagnostic,             evidence=evidence,         )"
                },
                {
                    "id": "Method:flowsint-core/src/flowsint_core/core/enricher_base.py:Enricher.execute_structured#1",
                    "name": "execute_structured",
                    "filePath": "flowsint-core/src/flowsint_core/core/enricher_base.py",
                    "nodeType": "Method",
                    "startLine": 565,
                    "endLine": 622,
                    "content": "    async def execute_structured(self, values: List[Any]) -> StructuredExecutionResult:         \"\"\"Execute independently per original input without flattening outputs.\"\"\"         outcomes: list[InputOutcome] = []         if self.name() != \"enricher_orchestrator\":             Logger.info(self.sketch_id, {\"message\": f\"Enricher {self.name()} started.\"})         try:             await self.async_init()         except Exception as error:             diagnostic = self._classify_structured_exception(error)             outcomes = [                 InputOutcome(                     input_ref=canonical_input_hash(value),                     status=OutcomeStatus.FAILURE,                     diagnostic=diagnostic,                 )                 for value in values             ]         else:             try:                 adapter, primary_field = self._input_validation_context()                 async with self._structured_execution_context() as context:                     for value in values:                         outcomes.append(                             await self._execute_structured_input(                                 value,                                 context,                                 adapter=adapter,                                 primary_field=primary_field,                             )                         )             except Exception as error:                 diagnostic = self._classify_structured_exception(error)                 for value in values[len(outcomes) :]:                     outcomes.append(                         InputOutcome(                             input_ref=canonical_input_hash(value),                             status=OutcomeStatus.FAILURE,                             diagnostic=diagnostic,                         )                     )         finally:             try:                 self._graph_service.flush()             except Exception:                 Logger.error(                     self.sketch_id,                     {\"message\": f\"Enricher {self.name()} graph flush failed.\"},                 )         if self.name() != \"enricher_orchestrator\":             Logger.completed(                 self.sketch_id, {\"message\": f\"Enricher {self.name()} finished.\"}             )         return StructuredExecutionResult(             enricher_name=self.name(),             outcomes=tuple(outcomes),         )"
                }
            ]
        },
        {
            "filePath": "flowsint-core/src/flowsint_core/core/template_enricher.py",
            "count": 1,
            "symbols": [
                {
                    "id": "Method:flowsint-core/src/flowsint_core/core/template_enricher.py:TemplateEnricher.execute_structured#1",
                    "name": "execute_structured",
                    "filePath": "flowsint-core/src/flowsint_core/core/template_enricher.py",
                    "nodeType": "Method",
                    "startLine": 356,
                    "endLine": 416,
                    "content": "    async def execute_structured(self, values: List[Any]) -> StructuredExecutionResult:         \"\"\"Execute inputs independently without logging, retaining, or returning raw egress data.\"\"\"         outcomes: list[InputOutcome] = []         try:             async with self._structured_execution_context() as client:                 for original_input in values:                     input_ref = canonical_input_hash(original_input)                     self._last_response_artifact_sha256 = None                     self._last_http_status_class = None                     try:                         self._reject_unknown_input_fields(original_input)                         input_obj = self._validate_single_input(original_input)                         processed = await self._process_single_input(client, input_obj)                         evidence = self._build_structured_evidence(input_obj, input_ref)                         status, diagnostic = self._classify_structured_success(                             tuple(processed), evidence                         )                         outcomes.append(                             InputOutcome(                                 input_ref=input_ref,                                 status=status,                                 outputs=tuple(processed)                                 if status is OutcomeStatus.SUCCESS                                 else (),                                 diagnostic=diagnostic,                                 evidence=evidence,                             )                         )                     except Exception as error:                         outcomes.append(                             InputOutcome(                                 input_ref=input_ref,                                 status=OutcomeStatus.FAILURE,                                 diagnostic=self._classify_structured_exception(error),                                 evidence=self._build_structured_evidence(                                     original_input, input_ref                                 ),                             )                         )         finally:             try:                 self._graph_service.flush()             except Exception:                 pass         Logger.info(             self.sketch_id,             {                 \"event\": \"connector_completed\",                 \"destination_id\": self.endpoint.destination_id,                 \"endpoint_id\": self.endpoint.endpoint_id,                 \"capability\": self.endpoint.capability,                 \"outcome_counts\": {                     status.value: sum(                         outcome.status is status for outcome in outcomes                     )                     for status in OutcomeStatus                 },                 \"http_status_class\": self._last_http_status_class,             },         )         return StructuredExecutionResult(enricher_name=self.name(), outcomes=tuple(outcomes))"
                }
            ]
        },
        {
            "filePath": "flowsint-core/src/flowsint_execution/acquisition.py",
            "count": 1,
            "symbols": [
                {
                    "id": "Method:flowsint-core/src/flowsint_execution/acquisition.py:InputOccurrence.check_input_hash#0",
                    "name": "check_input_hash",
                    "filePath": "flowsint-core/src/flowsint_execution/acquisition.py",
                    "nodeType": "Method",
                    "startLine": 121,
                    "endLine": 124,
                    "content": "    def check_input_hash(self):         if self.input_ref != canonical_input_hash(self.value):             raise ValueError(\"input_ref does not match canonical input value\")         return self"
                }
            ]
        }
    ],
    "affected_modules": [
        {
            "name": "flowsint-core",
            "direct": true,
            "symbolCount": 5
        }
    ],
    "affected_processes": [],
    "byDepth": {
        "d=1": {
            "depth": 1,
            "label": "WILL BREAK",
            "symbols": [
                {
                    "id": "Method:flowsint-core/src/flowsint_core/core/enricher_base.py:Enricher._execute_structured_input#4",
                    "name": "_execute_structured_input",
                    "filePath": "flowsint-core/src/flowsint_core/core/enricher_base.py",
                    "nodeType": "Method",
                    "startLine": 515,
                    "endLine": 563,
                    "content": "    async def _execute_structured_input(         self,         original_input: Any,         context: Any,         *,         adapter: TypeAdapter | None = None,         primary_field: str | None = None,     ) -> InputOutcome:         input_ref = canonical_input_hash(original_input)         try:             input_obj = self._validate_single_input(                 original_input, adapter=adapter, primary_field=primary_field             )         except Exception as error:             return InputOutcome(                 input_ref=input_ref,                 status=OutcomeStatus.FAILURE,                 diagnostic=self._classify_structured_exception(error),             )         outputs: tuple[Any, ...] = ()         diagnostic: RedactedDiagnostic | None = None         status = OutcomeStatus.SUCCESS         try:             processed = await self._process_single_input_structured(input_obj, context)             outputs = tuple(self.postprocess(processed, [input_obj]))         except Exception as error:             status = OutcomeStatus.FAILURE             diagnostic = self._classify_structured_exception(error)         try:             evidence = self._build_structured_evidence(input_obj, input_ref)         except Exception as error:             evidence = ()             status = OutcomeStatus.FAILURE             diagnostic = self._classify_structured_exception(error)         if status is OutcomeStatus.SUCCESS:             status, diagnostic = self._classify_structured_success(outputs, evidence)         if status is not OutcomeStatus.SUCCESS:             outputs = ()         return InputOutcome(             input_ref=input_ref,             status=status,             outputs=outputs,             diagnostic=diagnostic,             evidence=evidence,         )"
                },
                {
                    "id": "Method:flowsint-core/src/flowsint_core/core/enricher_base.py:Enricher.execute_structured#1",
                    "name": "execute_structured",
                    "filePath": "flowsint-core/src/flowsint_core/core/enricher_base.py",
                    "nodeType": "Method",
                    "startLine": 565,
                    "endLine": 622,
                    "content": "    async def execute_structured(self, values: List[Any]) -> StructuredExecutionResult:         \"\"\"Execute independently per original input without flattening outputs.\"\"\"         outcomes: list[InputOutcome] = []         if self.name() != \"enricher_orchestrator\":             Logger.info(self.sketch_id, {\"message\": f\"Enricher {self.name()} started.\"})         try:             await self.async_init()         except Exception as error:             diagnostic = self._classify_structured_exception(error)             outcomes = [                 InputOutcome(                     input_ref=canonical_input_hash(value),                     status=OutcomeStatus.FAILURE,                     diagnostic=diagnostic,                 )                 for value in values             ]         else:             try:                 adapter, primary_field = self._input_validation_context()                 async with self._structured_execution_context() as context:                     for value in values:                         outcomes.append(                             await self._execute_structured_input(                                 value,                                 context,                                 adapter=adapter,                                 primary_field=primary_field,                             )                         )             except Exception as error:                 diagnostic = self._classify_structured_exception(error)                 for value in values[len(outcomes) :]:                     outcomes.append(                         InputOutcome(                             input_ref=canonical_input_hash(value),                             status=OutcomeStatus.FAILURE,                             diagnostic=diagnostic,                         )                     )         finally:             try:                 self._graph_service.flush()             except Exception:                 Logger.error(                     self.sketch_id,                     {\"message\": f\"Enricher {self.name()} graph flush failed.\"},                 )         if self.name() != \"enricher_orchestrator\":             Logger.completed(                 self.sketch_id, {\"message\": f\"Enricher {self.name()} finished.\"}             )         return StructuredExecutionResult(             enricher_name=self.name(),             outcomes=tuple(outcomes),         )"
                },
                {
                    "id": "Method:flowsint-core/src/flowsint_core/core/template_enricher.py:TemplateEnricher.execute_structured#1",
                    "name": "execute_structured",
                    "filePath": "flowsint-core/src/flowsint_core/core/template_enricher.py",
                    "nodeType": "Method",
                    "startLine": 356,
                    "endLine": 416,
                    "content": "    async def execute_structured(self, values: List[Any]) -> StructuredExecutionResult:         \"\"\"Execute inputs independently without logging, retaining, or returning raw egress data.\"\"\"         outcomes: list[InputOutcome] = []         try:             async with self._structured_execution_context() as client:                 for original_input in values:                     input_ref = canonical_input_hash(original_input)                     self._last_response_artifact_sha256 = None                     self._last_http_status_class = None                     try:                         self._reject_unknown_input_fields(original_input)                         input_obj = self._validate_single_input(original_input)                         processed = await self._process_single_input(client, input_obj)                         evidence = self._build_structured_evidence(input_obj, input_ref)                         status, diagnostic = self._classify_structured_success(                             tuple(processed), evidence                         )                         outcomes.append(                             InputOutcome(                                 input_ref=input_ref,                                 status=status,                                 outputs=tuple(processed)                                 if status is OutcomeStatus.SUCCESS                                 else (),                                 diagnostic=diagnostic,                                 evidence=evidence,                             )                         )                     except Exception as error:                         outcomes.append(                             InputOutcome(                                 input_ref=input_ref,                                 status=OutcomeStatus.FAILURE,                                 diagnostic=self._classify_structured_exception(error),                                 evidence=self._build_structured_evidence(                                     original_input, input_ref                                 ),                             )                         )         finally:             try:                 self._graph_service.flush()             except Exception:                 pass         Logger.info(             self.sketch_id,             {                 \"event\": \"connector_completed\",                 \"destination_id\": self.endpoint.destination_id,                 \"endpoint_id\": self.endpoint.endpoint_id,                 \"capability\": self.endpoint.capability,                 \"outcome_counts\": {                     status.value: sum(                         outcome.status is status for outcome in outcomes                     )                     for status in OutcomeStatus                 },                 \"http_status_class\": self._last_http_status_class,             },         )         return StructuredExecutionResult(enricher_name=self.name(), outcomes=tuple(outcomes))"
                },
                {
                    "id": "Method:flowsint-core/src/flowsint_execution/acquisition.py:InputOccurrence.check_input_hash#0",
                    "name": "check_input_hash",
                    "filePath": "flowsint-core/src/flowsint_execution/acquisition.py",
                    "nodeType": "Method",
                    "startLine": 121,
                    "endLine": 124,
                    "content": "    def check_input_hash(self):         if self.input_ref != canonical_input_hash(self.value):             raise ValueError(\"input_ref does not match canonical input value\")         return self"
                },
                {
                    "id": "Function:flowsint-core/src/flowsint_core/tasks/enricher.py:run_connector_template",
                    "name": "run_connector_template",
                    "filePath": "flowsint-core/src/flowsint_core/tasks/enricher.py",
                    "nodeType": "Function",
                    "startLine": 197,
                    "endLine": 380,
                    "content": "def run_connector_template(     self,     template_id: str,     template_digest: str,     serialized_objects: List[dict],     sketch_id: str | None,     owner_id: str,     idempotency_key: Optional[str] = None, ):     \"\"\"Run a registry-backed template with Stage 3 replay and lease fencing intact.\"\"\"     from flowsint_execution.models import RedactedDiagnostic, canonical_input_hash     from ..core.services.execution_service import (         FINAL_RUN_STATUSES,         RunLeaseLost,         create_execution_service,     )     session = SessionLocal()     scan = None     flow_run = None     lease = None     execution_service = None     safe_diagnostic = RedactedDiagnostic(         code=\"connector_execution_failed\",         safe_message=\"Connector execution could not be completed.\",         retryable=False,     )     try:         scan_id = uuid.UUID(self.request.id)         owner_uuid = uuid.UUID(owner_id)         template_uuid = uuid.UUID(template_id)         idempotency_key = idempotency_key or str(scan_id)         sketch_uuid = uuid.UUID(sketch_id) if sketch_id else None         input_digest = canonical_input_hash(serialized_objects)         operation_digest = hashlib.sha256(             f\"{template_uuid}:{template_digest}:{sketch_uuid or ''}\".encode(\"utf-8\")         ).hexdigest()         step_key = f\"connector-template:{template_uuid}:{template_digest}\"         execution_service = create_execution_service(session)         def canonical_scan(current_run):             return _get_or_create_scan(session, current_run.id, sketch_uuid)         def replay_or_attach():             session.expire_all()             current_run, _ = execution_service.create_or_reuse_run(                 owner_id=owner_uuid,                 idempotency_key=idempotency_key,                 input_digest=input_digest,                 input_count=len(serialized_objects),                 operation_digest=operation_digest,                 sketch_id=sketch_uuid,                 run_id=scan_id,             )             replayed_step = execution_service.get_step(current_run, step_key)             if current_run.status in FINAL_RUN_STATUSES:                 current_scan = canonical_scan(current_run)                 if (                     replayed_step is not None                     and replayed_step.status in FINAL_RUN_STATUSES                 ):                     current_scan.status = EventLevel.COMPLETED                     current_scan.error = None                     current_scan.details = _safe_connector_scan_details(                         execution_service.reconstruct_structured_result(replayed_step)                     )                 else:                     diagnostic = current_run.safe_error_diagnostic or {}                     current_scan.status = EventLevel.FAILED                     current_scan.error = diagnostic.get(                         \"safe_message\", safe_diagnostic.safe_message                     )                     current_scan.details = {                         \"status\": \"failed\",                         \"flow_run_id\": str(current_run.id),                         \"flow_run_reference\": f\"flow_run:{current_run.id}\",                         \"error_code\": diagnostic.get(\"code\", safe_diagnostic.code),                     }                 session.commit()                 return {\"result\": current_scan.details}             return {                 \"result\": {                     \"status\": \"in_progress\",                     \"flow_run_id\": str(current_run.id),                     \"flow_run_reference\": f\"flow_run:{current_run.id}\",                 }             }         flow_run, _ = execution_service.create_or_reuse_run(             owner_id=owner_uuid,             idempotency_key=idempotency_key,             input_digest=input_digest,             input_count=len(serialized_objects),             operation_digest=operation_digest,             sketch_id=sketch_uuid,             run_id=scan_id,         )         lease = execution_service.claim_run(flow_run, str(scan_id))         if lease is None:             return replay_or_attach()         scan = canonical_scan(flow_run)         template_service = create_enricher_template_service(session)         db_template = template_service.get_template(template_uuid, owner_uuid)         template = Template.model_validate(db_template.content)         projection_binding = projection_registry.resolve(template.projection)         if connector_template_digest(template) != template_digest:             raise ConnectorPolicyError(\"connector template digest denied\")         enricher = TemplateEnricher(             template=template,             registry=destination_registry,             runtime_authorizer=EgressAuthorizer.enrichment(),             sketch_id=sketch_id,             scan_id=str(flow_run.id),         )         step_run = execution_service.begin_or_resume_step(             flow_run, lease, step_key, len(serialized_objects)         )         execution_service.update_st ... [truncated]"
                }
            ]
        }
    },
    "summary": {
        "cwd": "/home/n4s5ti/Documents/dev/fl0sint-def41-s01",
        "rootPath": "/home/n4s5ti/Documents/dev/fl0sint-def41-s01",
        "repo": "fl0sint-def41-s01",
        "lbugPath": "/home/n4s5ti/Documents/dev/fl0sint-def41-s01/.gitnexus/lbug",
        "symbol": "flowsint-core/src/flowsint_execution/models.py:canonical_input_hash",
        "rootSymbols": 1,
        "totalSymbols": 6,
        "totalEdges": 5,
        "filesMatched": 5,
        "truncated": false,
        "direct": 5,
        "processes": 0,
        "modules": 1
    },
    "warnings": [],
    "completeness": "partial",
    "completenessReasons": [
        "query-interrupted"
    ],
    "indexStatus": "ready"
}
