{
    "symbol": "flowsint-core/src/flowsint_core/core/services/execution_service.py:reconstruct_structured_result",
    "repo": "fl0sint-def41-s01",
    "lbugPath": "/home/n4s5ti/Documents/dev/fl0sint-def41-s01/.gitnexus/lbug",
    "rootPath": "/home/n4s5ti/Documents/dev/fl0sint-def41-s01",
    "direction": "downstream",
    "risk": "LOW",
    "target": {
        "id": "Method:flowsint-core/src/flowsint_core/core/services/execution_service.py:ExecutionService.reconstruct_structured_result#1",
        "name": "reconstruct_structured_result",
        "filePath": "flowsint-core/src/flowsint_core/core/services/execution_service.py",
        "nodeType": "Method",
        "startLine": 397,
        "endLine": 434,
        "content": "    def reconstruct_structured_result(         self, step: StepRun     ) -> StructuredExecutionResult:         \"\"\"Reload the active evidence rows into the structured execution contract.\"\"\"         records = self._repo.list_evidence_for_attempt(step.id, step.attempt)         superseded_ids = {             record.supersedes_id for record in records if record.supersedes_id is not None         }         active_records = [record for record in records if record.id not in superseded_ids]         grouped: dict[int, list[EvidenceEnvelopeRecord]] = {}         for record in active_records:             grouped.setdefault(record.input_index, []).append(record)         outcomes = []         for input_index in sorted(grouped):             outcome_records = grouped[input_index]             first = outcome_records[0]             evidence = tuple(                 self._envelope_from_record(record)                 for record in outcome_records                 if record.destination_id is not None             )             diagnostic = (                 RedactedDiagnostic.model_validate(first.diagnostic)                 if first.diagnostic is not None                 else None             )             outcomes.append(                 InputOutcome(                     input_ref=first.input_ref,                     status=OutcomeStatus(first.status),                     outputs=tuple(first.mapped_outputs),                     diagnostic=diagnostic,                     evidence=evidence,                 )             )         source = active_records[0].source if active_records else step.step_key         return StructuredExecutionResult(enricher_name=source, outcomes=tuple(outcomes))"
    },
    "symbols": [
        {
            "id": "Method:flowsint-core/src/flowsint_core/core/services/execution_service.py:ExecutionService.reconstruct_structured_result#1",
            "name": "reconstruct_structured_result",
            "filePath": "flowsint-core/src/flowsint_core/core/services/execution_service.py",
            "nodeType": "Method",
            "startLine": 397,
            "endLine": 434,
            "content": "    def reconstruct_structured_result(         self, step: StepRun     ) -> StructuredExecutionResult:         \"\"\"Reload the active evidence rows into the structured execution contract.\"\"\"         records = self._repo.list_evidence_for_attempt(step.id, step.attempt)         superseded_ids = {             record.supersedes_id for record in records if record.supersedes_id is not None         }         active_records = [record for record in records if record.id not in superseded_ids]         grouped: dict[int, list[EvidenceEnvelopeRecord]] = {}         for record in active_records:             grouped.setdefault(record.input_index, []).append(record)         outcomes = []         for input_index in sorted(grouped):             outcome_records = grouped[input_index]             first = outcome_records[0]             evidence = tuple(                 self._envelope_from_record(record)                 for record in outcome_records                 if record.destination_id is not None             )             diagnostic = (                 RedactedDiagnostic.model_validate(first.diagnostic)                 if first.diagnostic is not None                 else None             )             outcomes.append(                 InputOutcome(                     input_ref=first.input_ref,                     status=OutcomeStatus(first.status),                     outputs=tuple(first.mapped_outputs),                     diagnostic=diagnostic,                     evidence=evidence,                 )             )         source = active_records[0].source if active_records else step.step_key         return StructuredExecutionResult(enricher_name=source, outcomes=tuple(outcomes))"
        },
        {
            "id": "Function:flowsint-core/src/flowsint_core/core/services/execution_service.py:ExecutionService.utc_timestamp#1",
            "name": "utc_timestamp",
            "filePath": "flowsint-core/src/flowsint_core/core/services/execution_service.py",
            "nodeType": "Function",
            "startLine": 486,
            "endLine": 489,
            "content": "        def utc_timestamp(value: datetime) -> datetime:             if value.tzinfo is None or value.utcoffset() is None:                 return value.replace(tzinfo=timezone.utc)             return value.astimezone(timezone.utc)"
        },
        {
            "id": "Method:flowsint-core/src/flowsint_core/core/services/execution_service.py:ExecutionService._envelope_from_record#1",
            "name": "_envelope_from_record",
            "filePath": "flowsint-core/src/flowsint_core/core/services/execution_service.py",
            "nodeType": "Method",
            "startLine": 485,
            "endLine": 509,
            "content": "    def _envelope_from_record(record: EvidenceEnvelopeRecord) -> EvidenceEnvelope:         def utc_timestamp(value: datetime) -> datetime:             if value.tzinfo is None or value.utcoffset() is None:                 return value.replace(tzinfo=timezone.utc)             return value.astimezone(timezone.utc)         return EvidenceEnvelope(             input_ref=record.input_ref,             destination_id=record.destination_id or \"unknown\",             endpoint_id=record.endpoint_id or \"unknown\",             capability=record.capability or \"enrich.read\",             policy_version=record.policy_version or \"unknown\",             artifact_sha256=record.artifact_sha256,             artifact_reference=record.artifact_reference,             source_rights=record.source_rights or \"unspecified\",             schema_version=record.schema_version or \"unknown\",             parser_version=record.parser_version or \"unknown\",             confidence=record.confidence if record.confidence is not None else 0.0,             verification_state=record.verification_state or \"unverified\",             event_at=(                 utc_timestamp(record.event_at) if record.event_at is not None else None             ),             retrieved_at=utc_timestamp(record.retrieved_at),             ingested_at=utc_timestamp(record.ingested_at),         )"
        }
    ],
    "edges": [
        {
            "from": "Method:flowsint-core/src/flowsint_core/core/services/execution_service.py:ExecutionService.reconstruct_structured_result#1",
            "to": "Method:flowsint-core/src/flowsint_core/core/services/execution_service.py:ExecutionService._envelope_from_record#1",
            "type": "CALLS",
            "confidence": 0.85
        },
        {
            "from": "Method:flowsint-core/src/flowsint_core/core/services/execution_service.py:ExecutionService._envelope_from_record#1",
            "to": "Function:flowsint-core/src/flowsint_core/core/services/execution_service.py:ExecutionService.utc_timestamp#1",
            "type": "CALLS",
            "confidence": 0.85
        }
    ],
    "files": [
        {
            "filePath": "flowsint-core/src/flowsint_core/core/services/execution_service.py",
            "count": 3,
            "symbols": [
                {
                    "id": "Method:flowsint-core/src/flowsint_core/core/services/execution_service.py:ExecutionService.reconstruct_structured_result#1",
                    "name": "reconstruct_structured_result",
                    "filePath": "flowsint-core/src/flowsint_core/core/services/execution_service.py",
                    "nodeType": "Method",
                    "startLine": 397,
                    "endLine": 434,
                    "content": "    def reconstruct_structured_result(         self, step: StepRun     ) -> StructuredExecutionResult:         \"\"\"Reload the active evidence rows into the structured execution contract.\"\"\"         records = self._repo.list_evidence_for_attempt(step.id, step.attempt)         superseded_ids = {             record.supersedes_id for record in records if record.supersedes_id is not None         }         active_records = [record for record in records if record.id not in superseded_ids]         grouped: dict[int, list[EvidenceEnvelopeRecord]] = {}         for record in active_records:             grouped.setdefault(record.input_index, []).append(record)         outcomes = []         for input_index in sorted(grouped):             outcome_records = grouped[input_index]             first = outcome_records[0]             evidence = tuple(                 self._envelope_from_record(record)                 for record in outcome_records                 if record.destination_id is not None             )             diagnostic = (                 RedactedDiagnostic.model_validate(first.diagnostic)                 if first.diagnostic is not None                 else None             )             outcomes.append(                 InputOutcome(                     input_ref=first.input_ref,                     status=OutcomeStatus(first.status),                     outputs=tuple(first.mapped_outputs),                     diagnostic=diagnostic,                     evidence=evidence,                 )             )         source = active_records[0].source if active_records else step.step_key         return StructuredExecutionResult(enricher_name=source, outcomes=tuple(outcomes))"
                },
                {
                    "id": "Function:flowsint-core/src/flowsint_core/core/services/execution_service.py:ExecutionService.utc_timestamp#1",
                    "name": "utc_timestamp",
                    "filePath": "flowsint-core/src/flowsint_core/core/services/execution_service.py",
                    "nodeType": "Function",
                    "startLine": 486,
                    "endLine": 489,
                    "content": "        def utc_timestamp(value: datetime) -> datetime:             if value.tzinfo is None or value.utcoffset() is None:                 return value.replace(tzinfo=timezone.utc)             return value.astimezone(timezone.utc)"
                },
                {
                    "id": "Method:flowsint-core/src/flowsint_core/core/services/execution_service.py:ExecutionService._envelope_from_record#1",
                    "name": "_envelope_from_record",
                    "filePath": "flowsint-core/src/flowsint_core/core/services/execution_service.py",
                    "nodeType": "Method",
                    "startLine": 485,
                    "endLine": 509,
                    "content": "    def _envelope_from_record(record: EvidenceEnvelopeRecord) -> EvidenceEnvelope:         def utc_timestamp(value: datetime) -> datetime:             if value.tzinfo is None or value.utcoffset() is None:                 return value.replace(tzinfo=timezone.utc)             return value.astimezone(timezone.utc)         return EvidenceEnvelope(             input_ref=record.input_ref,             destination_id=record.destination_id or \"unknown\",             endpoint_id=record.endpoint_id or \"unknown\",             capability=record.capability or \"enrich.read\",             policy_version=record.policy_version or \"unknown\",             artifact_sha256=record.artifact_sha256,             artifact_reference=record.artifact_reference,             source_rights=record.source_rights or \"unspecified\",             schema_version=record.schema_version or \"unknown\",             parser_version=record.parser_version or \"unknown\",             confidence=record.confidence if record.confidence is not None else 0.0,             verification_state=record.verification_state or \"unverified\",             event_at=(                 utc_timestamp(record.event_at) if record.event_at is not None else None             ),             retrieved_at=utc_timestamp(record.retrieved_at),             ingested_at=utc_timestamp(record.ingested_at),         )"
                }
            ]
        }
    ],
    "affected_modules": [
        {
            "name": "flowsint-core",
            "direct": true,
            "symbolCount": 2
        }
    ],
    "affected_processes": [],
    "byDepth": {
        "d=1": {
            "depth": 1,
            "label": "WILL BREAK",
            "symbols": [
                {
                    "id": "Method:flowsint-core/src/flowsint_core/core/services/execution_service.py:ExecutionService._envelope_from_record#1",
                    "name": "_envelope_from_record",
                    "filePath": "flowsint-core/src/flowsint_core/core/services/execution_service.py",
                    "nodeType": "Method",
                    "startLine": 485,
                    "endLine": 509,
                    "content": "    def _envelope_from_record(record: EvidenceEnvelopeRecord) -> EvidenceEnvelope:         def utc_timestamp(value: datetime) -> datetime:             if value.tzinfo is None or value.utcoffset() is None:                 return value.replace(tzinfo=timezone.utc)             return value.astimezone(timezone.utc)         return EvidenceEnvelope(             input_ref=record.input_ref,             destination_id=record.destination_id or \"unknown\",             endpoint_id=record.endpoint_id or \"unknown\",             capability=record.capability or \"enrich.read\",             policy_version=record.policy_version or \"unknown\",             artifact_sha256=record.artifact_sha256,             artifact_reference=record.artifact_reference,             source_rights=record.source_rights or \"unspecified\",             schema_version=record.schema_version or \"unknown\",             parser_version=record.parser_version or \"unknown\",             confidence=record.confidence if record.confidence is not None else 0.0,             verification_state=record.verification_state or \"unverified\",             event_at=(                 utc_timestamp(record.event_at) if record.event_at is not None else None             ),             retrieved_at=utc_timestamp(record.retrieved_at),             ingested_at=utc_timestamp(record.ingested_at),         )"
                }
            ]
        },
        "d=2": {
            "depth": 2,
            "label": "LIKELY AFFECTED",
            "symbols": [
                {
                    "id": "Function:flowsint-core/src/flowsint_core/core/services/execution_service.py:ExecutionService.utc_timestamp#1",
                    "name": "utc_timestamp",
                    "filePath": "flowsint-core/src/flowsint_core/core/services/execution_service.py",
                    "nodeType": "Function",
                    "startLine": 486,
                    "endLine": 489,
                    "content": "        def utc_timestamp(value: datetime) -> datetime:             if value.tzinfo is None or value.utcoffset() is None:                 return value.replace(tzinfo=timezone.utc)             return value.astimezone(timezone.utc)"
                }
            ]
        }
    },
    "summary": {
        "cwd": "/home/n4s5ti/Documents/dev/fl0sint-def41-s01",
        "rootPath": "/home/n4s5ti/Documents/dev/fl0sint-def41-s01",
        "repo": "fl0sint-def41-s01",
        "lbugPath": "/home/n4s5ti/Documents/dev/fl0sint-def41-s01/.gitnexus/lbug",
        "symbol": "flowsint-core/src/flowsint_core/core/services/execution_service.py:reconstruct_structured_result",
        "rootSymbols": 1,
        "totalSymbols": 3,
        "totalEdges": 2,
        "filesMatched": 1,
        "truncated": false,
        "direct": 1,
        "processes": 0,
        "modules": 1
    },
    "warnings": [],
    "completeness": "complete",
    "completenessReasons": [],
    "indexStatus": "ready"
}
