{
    "mode": "index",
    "result": {
        "targetPath": "/home/n4s5ti/Documents/dev/fl0sint-def41-s01",
        "lbugPath": "/home/n4s5ti/Documents/dev/fl0sint-def41-s01/.gitnexus/lbug",
        "success": true,
        "warnings": [
            "No workspace packages with recognised entry files — sidecar will be empty"
        ],
        "generation": "sha256:51feb3012224314f60c99bc3c79990ff7c3c9e6d340fa98689717f15920e3d72",
        "planAction": "incremental",
        "deltaAdded": 9,
        "deltaModified": 0,
        "deltaDeleted": 0,
        "deltaRenamed": 0,
        "deltaUnreadable": 0,
        "indexLatencyMs": 33804,
        "filesParsed": 1156
    }
}
