{
    "symbol": "flowsint-core/src/flowsint_execution/acquisition.py:parse_bundle",
    "repo": "fl0sint-def41-s01",
    "lbugPath": "/home/n4s5ti/Documents/dev/fl0sint-def41-s01/.gitnexus/lbug",
    "rootPath": "/home/n4s5ti/Documents/dev/fl0sint-def41-s01",
    "direction": "downstream",
    "risk": "LOW",
    "target": {
        "id": "Function:flowsint-core/src/flowsint_execution/acquisition.py:parse_bundle",
        "name": "parse_bundle",
        "filePath": "flowsint-core/src/flowsint_execution/acquisition.py",
        "nodeType": "Function",
        "startLine": 510,
        "endLine": 511,
        "content": "def parse_bundle(raw: str | bytes) -> AcquisitionBundle:     return _parse(raw, AcquisitionBundle)"
    },
    "symbols": [
        {
            "id": "Function:flowsint-core/src/flowsint_execution/acquisition.py:parse_bundle",
            "name": "parse_bundle",
            "filePath": "flowsint-core/src/flowsint_execution/acquisition.py",
            "nodeType": "Function",
            "startLine": 510,
            "endLine": 511,
            "content": "def parse_bundle(raw: str | bytes) -> AcquisitionBundle:     return _parse(raw, AcquisitionBundle)"
        },
        {
            "id": "Function:flowsint-core/src/flowsint_execution/acquisition.py:_canonical",
            "name": "_canonical",
            "filePath": "flowsint-core/src/flowsint_execution/acquisition.py",
            "nodeType": "Function",
            "startLine": 421,
            "endLine": 424,
            "content": "def _canonical(data) -> str:     return json.dumps(         data, ensure_ascii=True, allow_nan=False, sort_keys=True, separators=(\",\", \":\")     )"
        },
        {
            "id": "Function:flowsint-core/src/flowsint_execution/acquisition.py:_error",
            "name": "_error",
            "filePath": "flowsint-core/src/flowsint_execution/acquisition.py",
            "nodeType": "Function",
            "startLine": 442,
            "endLine": 459,
            "content": "def _error(exc: ValidationError) -> ContractError:     # Extra keys and JSON object keys are untrusted. Report only known schema names.     names = {         n         for value in globals().values()         if isinstance(value, type) and issubclass(value, BaseModel)         for n in value.model_fields     }     paths = tuple(         \".\".join(             str(p) if isinstance(p, int) or p in names else \"<field>\" for p in e[\"loc\"]         )         or \"$\"         for e in exc.errors(             include_input=False, include_context=False, include_url=False         )     )     return ContractError(\"malformed_contract\", paths)"
        },
        {
            "id": "Function:flowsint-core/src/flowsint_execution/acquisition.py:_load",
            "name": "_load",
            "filePath": "flowsint-core/src/flowsint_execution/acquisition.py",
            "nodeType": "Function",
            "startLine": 471,
            "endLine": 488,
            "content": "def _load(raw: str | bytes):     try:         obj = json.loads(             raw,             object_pairs_hook=_object,             parse_constant=lambda _: (_ for _ in ()).throw(                 ContractError(\"invalid_json\")             ),         )     except (ValueError, TypeError, UnicodeError, RecursionError) as exc:         if isinstance(exc, ContractError):             raise         raise ContractError(\"invalid_json\") from None     if not isinstance(obj, dict):         raise ContractError(\"malformed_contract\", (\"$\",))     if obj.get(\"format_version\") != FORMAT_VERSION:         raise ContractError(\"unsupported_format_version\", (\"format_version\",))     return obj"
        },
        {
            "id": "Function:flowsint-core/src/flowsint_execution/acquisition.py:_parse",
            "name": "_parse",
            "filePath": "flowsint-core/src/flowsint_execution/acquisition.py",
            "nodeType": "Function",
            "startLine": 491,
            "endLine": 503,
            "content": "def _parse(raw, model):     obj = _load(raw)     if model is AcquisitionBundle and isinstance(obj.get(\"request\"), dict):         if obj[\"request\"].get(\"format_version\") != FORMAT_VERSION:             raise ContractError(                 \"unsupported_format_version\", (\"request.format_version\",)             )     try:         return model.model_validate_json(_canonical(obj))     except ValidationError as exc:         raise _error(exc) from None     except (ValueError, TypeError, RecursionError):         raise ContractError(\"malformed_contract\") from None"
        }
    ],
    "edges": [
        {
            "from": "Function:flowsint-core/src/flowsint_execution/acquisition.py:parse_bundle",
            "to": "Function:flowsint-core/src/flowsint_execution/acquisition.py:_parse",
            "type": "CALLS",
            "confidence": 0.85
        },
        {
            "from": "Function:flowsint-core/src/flowsint_execution/acquisition.py:_parse",
            "to": "Function:flowsint-core/src/flowsint_execution/acquisition.py:_canonical",
            "type": "CALLS",
            "confidence": 0.85
        },
        {
            "from": "Function:flowsint-core/src/flowsint_execution/acquisition.py:_parse",
            "to": "Function:flowsint-core/src/flowsint_execution/acquisition.py:_error",
            "type": "CALLS",
            "confidence": 0.85
        },
        {
            "from": "Function:flowsint-core/src/flowsint_execution/acquisition.py:_parse",
            "to": "Function:flowsint-core/src/flowsint_execution/acquisition.py:_load",
            "type": "CALLS",
            "confidence": 0.85
        }
    ],
    "files": [
        {
            "filePath": "flowsint-core/src/flowsint_execution/acquisition.py",
            "count": 5,
            "symbols": [
                {
                    "id": "Function:flowsint-core/src/flowsint_execution/acquisition.py:parse_bundle",
                    "name": "parse_bundle",
                    "filePath": "flowsint-core/src/flowsint_execution/acquisition.py",
                    "nodeType": "Function",
                    "startLine": 510,
                    "endLine": 511,
                    "content": "def parse_bundle(raw: str | bytes) -> AcquisitionBundle:     return _parse(raw, AcquisitionBundle)"
                },
                {
                    "id": "Function:flowsint-core/src/flowsint_execution/acquisition.py:_canonical",
                    "name": "_canonical",
                    "filePath": "flowsint-core/src/flowsint_execution/acquisition.py",
                    "nodeType": "Function",
                    "startLine": 421,
                    "endLine": 424,
                    "content": "def _canonical(data) -> str:     return json.dumps(         data, ensure_ascii=True, allow_nan=False, sort_keys=True, separators=(\",\", \":\")     )"
                },
                {
                    "id": "Function:flowsint-core/src/flowsint_execution/acquisition.py:_error",
                    "name": "_error",
                    "filePath": "flowsint-core/src/flowsint_execution/acquisition.py",
                    "nodeType": "Function",
                    "startLine": 442,
                    "endLine": 459,
                    "content": "def _error(exc: ValidationError) -> ContractError:     # Extra keys and JSON object keys are untrusted. Report only known schema names.     names = {         n         for value in globals().values()         if isinstance(value, type) and issubclass(value, BaseModel)         for n in value.model_fields     }     paths = tuple(         \".\".join(             str(p) if isinstance(p, int) or p in names else \"<field>\" for p in e[\"loc\"]         )         or \"$\"         for e in exc.errors(             include_input=False, include_context=False, include_url=False         )     )     return ContractError(\"malformed_contract\", paths)"
                },
                {
                    "id": "Function:flowsint-core/src/flowsint_execution/acquisition.py:_load",
                    "name": "_load",
                    "filePath": "flowsint-core/src/flowsint_execution/acquisition.py",
                    "nodeType": "Function",
                    "startLine": 471,
                    "endLine": 488,
                    "content": "def _load(raw: str | bytes):     try:         obj = json.loads(             raw,             object_pairs_hook=_object,             parse_constant=lambda _: (_ for _ in ()).throw(                 ContractError(\"invalid_json\")             ),         )     except (ValueError, TypeError, UnicodeError, RecursionError) as exc:         if isinstance(exc, ContractError):             raise         raise ContractError(\"invalid_json\") from None     if not isinstance(obj, dict):         raise ContractError(\"malformed_contract\", (\"$\",))     if obj.get(\"format_version\") != FORMAT_VERSION:         raise ContractError(\"unsupported_format_version\", (\"format_version\",))     return obj"
                },
                {
                    "id": "Function:flowsint-core/src/flowsint_execution/acquisition.py:_parse",
                    "name": "_parse",
                    "filePath": "flowsint-core/src/flowsint_execution/acquisition.py",
                    "nodeType": "Function",
                    "startLine": 491,
                    "endLine": 503,
                    "content": "def _parse(raw, model):     obj = _load(raw)     if model is AcquisitionBundle and isinstance(obj.get(\"request\"), dict):         if obj[\"request\"].get(\"format_version\") != FORMAT_VERSION:             raise ContractError(                 \"unsupported_format_version\", (\"request.format_version\",)             )     try:         return model.model_validate_json(_canonical(obj))     except ValidationError as exc:         raise _error(exc) from None     except (ValueError, TypeError, RecursionError):         raise ContractError(\"malformed_contract\") from None"
                }
            ]
        }
    ],
    "affected_modules": [
        {
            "name": "flowsint-core",
            "direct": true,
            "symbolCount": 4
        }
    ],
    "affected_processes": [],
    "byDepth": {
        "d=1": {
            "depth": 1,
            "label": "WILL BREAK",
            "symbols": [
                {
                    "id": "Function:flowsint-core/src/flowsint_execution/acquisition.py:_parse",
                    "name": "_parse",
                    "filePath": "flowsint-core/src/flowsint_execution/acquisition.py",
                    "nodeType": "Function",
                    "startLine": 491,
                    "endLine": 503,
                    "content": "def _parse(raw, model):     obj = _load(raw)     if model is AcquisitionBundle and isinstance(obj.get(\"request\"), dict):         if obj[\"request\"].get(\"format_version\") != FORMAT_VERSION:             raise ContractError(                 \"unsupported_format_version\", (\"request.format_version\",)             )     try:         return model.model_validate_json(_canonical(obj))     except ValidationError as exc:         raise _error(exc) from None     except (ValueError, TypeError, RecursionError):         raise ContractError(\"malformed_contract\") from None"
                }
            ]
        },
        "d=2": {
            "depth": 2,
            "label": "LIKELY AFFECTED",
            "symbols": [
                {
                    "id": "Function:flowsint-core/src/flowsint_execution/acquisition.py:_canonical",
                    "name": "_canonical",
                    "filePath": "flowsint-core/src/flowsint_execution/acquisition.py",
                    "nodeType": "Function",
                    "startLine": 421,
                    "endLine": 424,
                    "content": "def _canonical(data) -> str:     return json.dumps(         data, ensure_ascii=True, allow_nan=False, sort_keys=True, separators=(\",\", \":\")     )"
                },
                {
                    "id": "Function:flowsint-core/src/flowsint_execution/acquisition.py:_error",
                    "name": "_error",
                    "filePath": "flowsint-core/src/flowsint_execution/acquisition.py",
                    "nodeType": "Function",
                    "startLine": 442,
                    "endLine": 459,
                    "content": "def _error(exc: ValidationError) -> ContractError:     # Extra keys and JSON object keys are untrusted. Report only known schema names.     names = {         n         for value in globals().values()         if isinstance(value, type) and issubclass(value, BaseModel)         for n in value.model_fields     }     paths = tuple(         \".\".join(             str(p) if isinstance(p, int) or p in names else \"<field>\" for p in e[\"loc\"]         )         or \"$\"         for e in exc.errors(             include_input=False, include_context=False, include_url=False         )     )     return ContractError(\"malformed_contract\", paths)"
                },
                {
                    "id": "Function:flowsint-core/src/flowsint_execution/acquisition.py:_load",
                    "name": "_load",
                    "filePath": "flowsint-core/src/flowsint_execution/acquisition.py",
                    "nodeType": "Function",
                    "startLine": 471,
                    "endLine": 488,
                    "content": "def _load(raw: str | bytes):     try:         obj = json.loads(             raw,             object_pairs_hook=_object,             parse_constant=lambda _: (_ for _ in ()).throw(                 ContractError(\"invalid_json\")             ),         )     except (ValueError, TypeError, UnicodeError, RecursionError) as exc:         if isinstance(exc, ContractError):             raise         raise ContractError(\"invalid_json\") from None     if not isinstance(obj, dict):         raise ContractError(\"malformed_contract\", (\"$\",))     if obj.get(\"format_version\") != FORMAT_VERSION:         raise ContractError(\"unsupported_format_version\", (\"format_version\",))     return obj"
                }
            ]
        }
    },
    "summary": {
        "cwd": "/home/n4s5ti/Documents/dev/fl0sint-def41-s01",
        "rootPath": "/home/n4s5ti/Documents/dev/fl0sint-def41-s01",
        "repo": "fl0sint-def41-s01",
        "lbugPath": "/home/n4s5ti/Documents/dev/fl0sint-def41-s01/.gitnexus/lbug",
        "symbol": "flowsint-core/src/flowsint_execution/acquisition.py:parse_bundle",
        "rootSymbols": 1,
        "totalSymbols": 5,
        "totalEdges": 4,
        "filesMatched": 1,
        "truncated": false,
        "direct": 1,
        "processes": 0,
        "modules": 1
    },
    "warnings": [],
    "completeness": "complete",
    "completenessReasons": [],
    "indexStatus": "ready"
}
