{
    "symbol": "flowsint-core/src/flowsint_execution/acquisition.py:CompletionWitness",
    "repo": "fl0sint-def41-s01",
    "lbugPath": "/home/n4s5ti/Documents/dev/fl0sint-def41-s01/.gitnexus/lbug",
    "rootPath": "/home/n4s5ti/Documents/dev/fl0sint-def41-s01",
    "direction": "upstream",
    "risk": "UNKNOWN",
    "target": {
        "id": "Class:flowsint-core/src/flowsint_execution/acquisition.py:CompletionWitness",
        "name": "CompletionWitness",
        "filePath": "flowsint-core/src/flowsint_execution/acquisition.py",
        "nodeType": "Class",
        "startLine": 249,
        "endLine": 253,
        "content": "class CompletionWitness(ContractModel):     \"\"\"Producer's explicit completion declaration; not independent verification.\"\"\"     reference: Identifier     completed_at: Timestamp"
    },
    "symbols": [
        {
            "id": "Class:flowsint-core/src/flowsint_execution/acquisition.py:CompletionWitness",
            "name": "CompletionWitness",
            "filePath": "flowsint-core/src/flowsint_execution/acquisition.py",
            "nodeType": "Class",
            "startLine": 249,
            "endLine": 253,
            "content": "class CompletionWitness(ContractModel):     \"\"\"Producer's explicit completion declaration; not independent verification.\"\"\"     reference: Identifier     completed_at: Timestamp"
        }
    ],
    "edges": [],
    "files": [
        {
            "filePath": "flowsint-core/src/flowsint_execution/acquisition.py",
            "count": 1,
            "symbols": [
                {
                    "id": "Class:flowsint-core/src/flowsint_execution/acquisition.py:CompletionWitness",
                    "name": "CompletionWitness",
                    "filePath": "flowsint-core/src/flowsint_execution/acquisition.py",
                    "nodeType": "Class",
                    "startLine": 249,
                    "endLine": 253,
                    "content": "class CompletionWitness(ContractModel):     \"\"\"Producer's explicit completion declaration; not independent verification.\"\"\"     reference: Identifier     completed_at: Timestamp"
                }
            ]
        }
    ],
    "affected_modules": [],
    "affected_processes": [],
    "byDepth": {},
    "summary": {
        "cwd": "/home/n4s5ti/Documents/dev/fl0sint-def41-s01",
        "rootPath": "/home/n4s5ti/Documents/dev/fl0sint-def41-s01",
        "repo": "fl0sint-def41-s01",
        "lbugPath": "/home/n4s5ti/Documents/dev/fl0sint-def41-s01/.gitnexus/lbug",
        "symbol": "flowsint-core/src/flowsint_execution/acquisition.py:CompletionWitness",
        "rootSymbols": 1,
        "totalSymbols": 1,
        "totalEdges": 0,
        "filesMatched": 1,
        "truncated": false,
        "direct": 0,
        "processes": 0,
        "modules": 0
    },
    "warnings": [],
    "completeness": "partial",
    "completenessReasons": [
        "no-call-edges"
    ],
    "indexStatus": "ready"
}
