{
    "symbol": "flowsint-core/src/flowsint_execution/acquisition.py:parse_bundle",
    "repo": "fl0sint-def41-s01",
    "lbugPath": "/home/n4s5ti/Documents/dev/fl0sint-def41-s01/.gitnexus/lbug",
    "rootPath": "/home/n4s5ti/Documents/dev/fl0sint-def41-s01",
    "direction": "upstream",
    "risk": "LOW",
    "target": {
        "id": "Function:flowsint-core/src/flowsint_execution/acquisition.py:parse_bundle",
        "name": "parse_bundle",
        "filePath": "flowsint-core/src/flowsint_execution/acquisition.py",
        "nodeType": "Function",
        "startLine": 510,
        "endLine": 511,
        "content": "def parse_bundle(raw: str | bytes) -> AcquisitionBundle:     return _parse(raw, AcquisitionBundle)"
    },
    "symbols": [
        {
            "id": "Function:flowsint-core/src/flowsint_execution/acquisition.py:parse_bundle",
            "name": "parse_bundle",
            "filePath": "flowsint-core/src/flowsint_execution/acquisition.py",
            "nodeType": "Function",
            "startLine": 510,
            "endLine": 511,
            "content": "def parse_bundle(raw: str | bytes) -> AcquisitionBundle:     return _parse(raw, AcquisitionBundle)"
        },
        {
            "id": "Function:flowsint-core/src/flowsint_execution/acquisition.py:_serialize",
            "name": "_serialize",
            "filePath": "flowsint-core/src/flowsint_execution/acquisition.py",
            "nodeType": "Function",
            "startLine": 514,
            "endLine": 524,
            "content": "def _serialize(model, parser):     try:         expected = AcquisitionBundle if parser is parse_bundle else AcquisitionRequest         validated = expected.model_validate(             model.model_dump(mode=\"python\", warnings=\"error\")         )         wire = validated.model_dump_json(warnings=\"error\")     except (ValueError, TypeError, RecursionError):         raise ContractError(\"malformed_contract\") from None     validated = parser(wire)     return _canonical(validated.model_dump(mode=\"json\", warnings=\"error\"))"
        },
        {
            "id": "Function:flowsint-core/src/flowsint_execution/acquisition.py:serialize_request",
            "name": "serialize_request",
            "filePath": "flowsint-core/src/flowsint_execution/acquisition.py",
            "nodeType": "Function",
            "startLine": 527,
            "endLine": 528,
            "content": "def serialize_request(request: AcquisitionRequest) -> str:     return _serialize(request, parse_request)"
        },
        {
            "id": "Function:flowsint-core/src/flowsint_execution/acquisition.py:serialize_bundle",
            "name": "serialize_bundle",
            "filePath": "flowsint-core/src/flowsint_execution/acquisition.py",
            "nodeType": "Function",
            "startLine": 531,
            "endLine": 532,
            "content": "def serialize_bundle(bundle: AcquisitionBundle) -> str:     return _serialize(bundle, parse_bundle)"
        }
    ],
    "edges": [
        {
            "from": "Function:flowsint-core/src/flowsint_execution/acquisition.py:_serialize",
            "to": "Function:flowsint-core/src/flowsint_execution/acquisition.py:parse_bundle",
            "type": "CALLS",
            "confidence": 0.7
        },
        {
            "from": "Function:flowsint-core/src/flowsint_execution/acquisition.py:serialize_request",
            "to": "Function:flowsint-core/src/flowsint_execution/acquisition.py:_serialize",
            "type": "CALLS",
            "confidence": 0.85
        },
        {
            "from": "Function:flowsint-core/src/flowsint_execution/acquisition.py:serialize_bundle",
            "to": "Function:flowsint-core/src/flowsint_execution/acquisition.py:_serialize",
            "type": "CALLS",
            "confidence": 0.85
        }
    ],
    "files": [
        {
            "filePath": "flowsint-core/src/flowsint_execution/acquisition.py",
            "count": 4,
            "symbols": [
                {
                    "id": "Function:flowsint-core/src/flowsint_execution/acquisition.py:parse_bundle",
                    "name": "parse_bundle",
                    "filePath": "flowsint-core/src/flowsint_execution/acquisition.py",
                    "nodeType": "Function",
                    "startLine": 510,
                    "endLine": 511,
                    "content": "def parse_bundle(raw: str | bytes) -> AcquisitionBundle:     return _parse(raw, AcquisitionBundle)"
                },
                {
                    "id": "Function:flowsint-core/src/flowsint_execution/acquisition.py:_serialize",
                    "name": "_serialize",
                    "filePath": "flowsint-core/src/flowsint_execution/acquisition.py",
                    "nodeType": "Function",
                    "startLine": 514,
                    "endLine": 524,
                    "content": "def _serialize(model, parser):     try:         expected = AcquisitionBundle if parser is parse_bundle else AcquisitionRequest         validated = expected.model_validate(             model.model_dump(mode=\"python\", warnings=\"error\")         )         wire = validated.model_dump_json(warnings=\"error\")     except (ValueError, TypeError, RecursionError):         raise ContractError(\"malformed_contract\") from None     validated = parser(wire)     return _canonical(validated.model_dump(mode=\"json\", warnings=\"error\"))"
                },
                {
                    "id": "Function:flowsint-core/src/flowsint_execution/acquisition.py:serialize_request",
                    "name": "serialize_request",
                    "filePath": "flowsint-core/src/flowsint_execution/acquisition.py",
                    "nodeType": "Function",
                    "startLine": 527,
                    "endLine": 528,
                    "content": "def serialize_request(request: AcquisitionRequest) -> str:     return _serialize(request, parse_request)"
                },
                {
                    "id": "Function:flowsint-core/src/flowsint_execution/acquisition.py:serialize_bundle",
                    "name": "serialize_bundle",
                    "filePath": "flowsint-core/src/flowsint_execution/acquisition.py",
                    "nodeType": "Function",
                    "startLine": 531,
                    "endLine": 532,
                    "content": "def serialize_bundle(bundle: AcquisitionBundle) -> str:     return _serialize(bundle, parse_bundle)"
                }
            ]
        }
    ],
    "affected_modules": [
        {
            "name": "flowsint-core",
            "direct": true,
            "symbolCount": 3
        }
    ],
    "affected_processes": [],
    "byDepth": {
        "d=1": {
            "depth": 1,
            "label": "WILL BREAK",
            "symbols": [
                {
                    "id": "Function:flowsint-core/src/flowsint_execution/acquisition.py:_serialize",
                    "name": "_serialize",
                    "filePath": "flowsint-core/src/flowsint_execution/acquisition.py",
                    "nodeType": "Function",
                    "startLine": 514,
                    "endLine": 524,
                    "content": "def _serialize(model, parser):     try:         expected = AcquisitionBundle if parser is parse_bundle else AcquisitionRequest         validated = expected.model_validate(             model.model_dump(mode=\"python\", warnings=\"error\")         )         wire = validated.model_dump_json(warnings=\"error\")     except (ValueError, TypeError, RecursionError):         raise ContractError(\"malformed_contract\") from None     validated = parser(wire)     return _canonical(validated.model_dump(mode=\"json\", warnings=\"error\"))"
                }
            ]
        },
        "d=2": {
            "depth": 2,
            "label": "LIKELY AFFECTED",
            "symbols": [
                {
                    "id": "Function:flowsint-core/src/flowsint_execution/acquisition.py:serialize_request",
                    "name": "serialize_request",
                    "filePath": "flowsint-core/src/flowsint_execution/acquisition.py",
                    "nodeType": "Function",
                    "startLine": 527,
                    "endLine": 528,
                    "content": "def serialize_request(request: AcquisitionRequest) -> str:     return _serialize(request, parse_request)"
                },
                {
                    "id": "Function:flowsint-core/src/flowsint_execution/acquisition.py:serialize_bundle",
                    "name": "serialize_bundle",
                    "filePath": "flowsint-core/src/flowsint_execution/acquisition.py",
                    "nodeType": "Function",
                    "startLine": 531,
                    "endLine": 532,
                    "content": "def serialize_bundle(bundle: AcquisitionBundle) -> str:     return _serialize(bundle, parse_bundle)"
                }
            ]
        }
    },
    "summary": {
        "cwd": "/home/n4s5ti/Documents/dev/fl0sint-def41-s01",
        "rootPath": "/home/n4s5ti/Documents/dev/fl0sint-def41-s01",
        "repo": "fl0sint-def41-s01",
        "lbugPath": "/home/n4s5ti/Documents/dev/fl0sint-def41-s01/.gitnexus/lbug",
        "symbol": "flowsint-core/src/flowsint_execution/acquisition.py:parse_bundle",
        "rootSymbols": 1,
        "totalSymbols": 4,
        "totalEdges": 3,
        "filesMatched": 1,
        "truncated": false,
        "direct": 1,
        "processes": 0,
        "modules": 1
    },
    "warnings": [],
    "completeness": "complete",
    "completenessReasons": [],
    "indexStatus": "ready"
}
