{
    "symbol": "flowsint-core/src/flowsint_core/core/services/execution_service.py:reconstruct_structured_result",
    "repo": "fl0sint-def41-s01",
    "lbugPath": "/home/n4s5ti/Documents/dev/fl0sint-def41-s01/.gitnexus/lbug",
    "rootPath": "/home/n4s5ti/Documents/dev/fl0sint-def41-s01",
    "direction": "upstream",
    "risk": "MEDIUM",
    "target": {
        "id": "Method:flowsint-core/src/flowsint_core/core/services/execution_service.py:ExecutionService.reconstruct_structured_result#1",
        "name": "reconstruct_structured_result",
        "filePath": "flowsint-core/src/flowsint_core/core/services/execution_service.py",
        "nodeType": "Method",
        "startLine": 397,
        "endLine": 434,
        "content": "    def reconstruct_structured_result(         self, step: StepRun     ) -> StructuredExecutionResult:         \"\"\"Reload the active evidence rows into the structured execution contract.\"\"\"         records = self._repo.list_evidence_for_attempt(step.id, step.attempt)         superseded_ids = {             record.supersedes_id for record in records if record.supersedes_id is not None         }         active_records = [record for record in records if record.id not in superseded_ids]         grouped: dict[int, list[EvidenceEnvelopeRecord]] = {}         for record in active_records:             grouped.setdefault(record.input_index, []).append(record)         outcomes = []         for input_index in sorted(grouped):             outcome_records = grouped[input_index]             first = outcome_records[0]             evidence = tuple(                 self._envelope_from_record(record)                 for record in outcome_records                 if record.destination_id is not None             )             diagnostic = (                 RedactedDiagnostic.model_validate(first.diagnostic)                 if first.diagnostic is not None                 else None             )             outcomes.append(                 InputOutcome(                     input_ref=first.input_ref,                     status=OutcomeStatus(first.status),                     outputs=tuple(first.mapped_outputs),                     diagnostic=diagnostic,                     evidence=evidence,                 )             )         source = active_records[0].source if active_records else step.step_key         return StructuredExecutionResult(enricher_name=source, outcomes=tuple(outcomes))"
    },
    "symbols": [
        {
            "id": "Method:flowsint-core/src/flowsint_core/core/services/execution_service.py:ExecutionService.reconstruct_structured_result#1",
            "name": "reconstruct_structured_result",
            "filePath": "flowsint-core/src/flowsint_core/core/services/execution_service.py",
            "nodeType": "Method",
            "startLine": 397,
            "endLine": 434,
            "content": "    def reconstruct_structured_result(         self, step: StepRun     ) -> StructuredExecutionResult:         \"\"\"Reload the active evidence rows into the structured execution contract.\"\"\"         records = self._repo.list_evidence_for_attempt(step.id, step.attempt)         superseded_ids = {             record.supersedes_id for record in records if record.supersedes_id is not None         }         active_records = [record for record in records if record.id not in superseded_ids]         grouped: dict[int, list[EvidenceEnvelopeRecord]] = {}         for record in active_records:             grouped.setdefault(record.input_index, []).append(record)         outcomes = []         for input_index in sorted(grouped):             outcome_records = grouped[input_index]             first = outcome_records[0]             evidence = tuple(                 self._envelope_from_record(record)                 for record in outcome_records                 if record.destination_id is not None             )             diagnostic = (                 RedactedDiagnostic.model_validate(first.diagnostic)                 if first.diagnostic is not None                 else None             )             outcomes.append(                 InputOutcome(                     input_ref=first.input_ref,                     status=OutcomeStatus(first.status),                     outputs=tuple(first.mapped_outputs),                     diagnostic=diagnostic,                     evidence=evidence,                 )             )         source = active_records[0].source if active_records else step.step_key         return StructuredExecutionResult(enricher_name=source, outcomes=tuple(outcomes))"
        },
        {
            "id": "Function:flowsint-core/src/flowsint_core/tasks/enricher.py:run_connector_template",
            "name": "run_connector_template",
            "filePath": "flowsint-core/src/flowsint_core/tasks/enricher.py",
            "nodeType": "Function",
            "startLine": 197,
            "endLine": 380,
            "content": "def run_connector_template(     self,     template_id: str,     template_digest: str,     serialized_objects: List[dict],     sketch_id: str | None,     owner_id: str,     idempotency_key: Optional[str] = None, ):     \"\"\"Run a registry-backed template with Stage 3 replay and lease fencing intact.\"\"\"     from flowsint_execution.models import RedactedDiagnostic, canonical_input_hash     from ..core.services.execution_service import (         FINAL_RUN_STATUSES,         RunLeaseLost,         create_execution_service,     )     session = SessionLocal()     scan = None     flow_run = None     lease = None     execution_service = None     safe_diagnostic = RedactedDiagnostic(         code=\"connector_execution_failed\",         safe_message=\"Connector execution could not be completed.\",         retryable=False,     )     try:         scan_id = uuid.UUID(self.request.id)         owner_uuid = uuid.UUID(owner_id)         template_uuid = uuid.UUID(template_id)         idempotency_key = idempotency_key or str(scan_id)         sketch_uuid = uuid.UUID(sketch_id) if sketch_id else None         input_digest = canonical_input_hash(serialized_objects)         operation_digest = hashlib.sha256(             f\"{template_uuid}:{template_digest}:{sketch_uuid or ''}\".encode(\"utf-8\")         ).hexdigest()         step_key = f\"connector-template:{template_uuid}:{template_digest}\"         execution_service = create_execution_service(session)         def canonical_scan(current_run):             return _get_or_create_scan(session, current_run.id, sketch_uuid)         def replay_or_attach():             session.expire_all()             current_run, _ = execution_service.create_or_reuse_run(                 owner_id=owner_uuid,                 idempotency_key=idempotency_key,                 input_digest=input_digest,                 input_count=len(serialized_objects),                 operation_digest=operation_digest,                 sketch_id=sketch_uuid,                 run_id=scan_id,             )             replayed_step = execution_service.get_step(current_run, step_key)             if current_run.status in FINAL_RUN_STATUSES:                 current_scan = canonical_scan(current_run)                 if (                     replayed_step is not None                     and replayed_step.status in FINAL_RUN_STATUSES                 ):                     current_scan.status = EventLevel.COMPLETED                     current_scan.error = None                     current_scan.details = _safe_connector_scan_details(                         execution_service.reconstruct_structured_result(replayed_step)                     )                 else:                     diagnostic = current_run.safe_error_diagnostic or {}                     current_scan.status = EventLevel.FAILED                     current_scan.error = diagnostic.get(                         \"safe_message\", safe_diagnostic.safe_message                     )                     current_scan.details = {                         \"status\": \"failed\",                         \"flow_run_id\": str(current_run.id),                         \"flow_run_reference\": f\"flow_run:{current_run.id}\",                         \"error_code\": diagnostic.get(\"code\", safe_diagnostic.code),                     }                 session.commit()                 return {\"result\": current_scan.details}             return {                 \"result\": {                     \"status\": \"in_progress\",                     \"flow_run_id\": str(current_run.id),                     \"flow_run_reference\": f\"flow_run:{current_run.id}\",                 }             }         flow_run, _ = execution_service.create_or_reuse_run(             owner_id=owner_uuid,             idempotency_key=idempotency_key,             input_digest=input_digest,             input_count=len(serialized_objects),             operation_digest=operation_digest,             sketch_id=sketch_uuid,             run_id=scan_id,         )         lease = execution_service.claim_run(flow_run, str(scan_id))         if lease is None:             return replay_or_attach()         scan = canonical_scan(flow_run)         template_service = create_enricher_template_service(session)         db_template = template_service.get_template(template_uuid, owner_uuid)         template = Template.model_validate(db_template.content)         projection_binding = projection_registry.resolve(template.projection)         if connector_template_digest(template) != template_digest:             raise ConnectorPolicyError(\"connector template digest denied\")         enricher = TemplateEnricher(             template=template,             registry=destination_registry,             runtime_authorizer=EgressAuthorizer.enrichment(),             sketch_id=sketch_id,             scan_id=str(flow_run.id),         )         step_run = execution_service.begin_or_resume_step(             flow_run, lease, step_key, len(serialized_objects)         )         execution_service.update_st ... [truncated]"
        },
        {
            "id": "Function:flowsint-core/src/flowsint_core/tasks/enricher.py:replay_or_attach",
            "name": "replay_or_attach",
            "filePath": "flowsint-core/src/flowsint_core/tasks/enricher.py",
            "nodeType": "Function",
            "startLine": 241,
            "endLine": 284,
            "content": "        def replay_or_attach():             session.expire_all()             current_run, _ = execution_service.create_or_reuse_run(                 owner_id=owner_uuid,                 idempotency_key=idempotency_key,                 input_digest=input_digest,                 input_count=len(serialized_objects),                 operation_digest=operation_digest,                 sketch_id=sketch_uuid,                 run_id=scan_id,             )             replayed_step = execution_service.get_step(current_run, step_key)             if current_run.status in FINAL_RUN_STATUSES:                 current_scan = canonical_scan(current_run)                 if (                     replayed_step is not None                     and replayed_step.status in FINAL_RUN_STATUSES                 ):                     current_scan.status = EventLevel.COMPLETED                     current_scan.error = None                     current_scan.details = _safe_connector_scan_details(                         execution_service.reconstruct_structured_result(replayed_step)                     )                 else:                     diagnostic = current_run.safe_error_diagnostic or {}                     current_scan.status = EventLevel.FAILED                     current_scan.error = diagnostic.get(                         \"safe_message\", safe_diagnostic.safe_message                     )                     current_scan.details = {                         \"status\": \"failed\",                         \"flow_run_id\": str(current_run.id),                         \"flow_run_reference\": f\"flow_run:{current_run.id}\",                         \"error_code\": diagnostic.get(\"code\", safe_diagnostic.code),                     }                 session.commit()                 return {\"result\": current_scan.details}             return {                 \"result\": {                     \"status\": \"in_progress\",                     \"flow_run_id\": str(current_run.id),                     \"flow_run_reference\": f\"flow_run:{current_run.id}\",                 }             }"
        },
        {
            "id": "Class:flowsint-core/src/flowsint_core/core/services/execution_service.py:ExecutionService",
            "name": "ExecutionService",
            "filePath": "flowsint-core/src/flowsint_core/core/services/execution_service.py",
            "nodeType": "Class",
            "startLine": 78,
            "endLine": 509,
            "content": "class ExecutionService(BaseService):     \"\"\"Owns transactions for runs, resumable steps, and immutable evidence.\"\"\"     def __init__(         self, db: Session, execution_repo: ExecutionRepository | None = None, **kwargs     ):         super().__init__(db, **kwargs)         self._repo = execution_repo or ExecutionRepository(db)     def create_or_reuse_run(         self,         *,         owner_id: UUID,         idempotency_key: str,         input_digest: str,         input_count: int,         operation_digest: str | None = None,         flow_id: UUID | None = None,         sketch_id: UUID | None = None,         run_id: UUID | None = None,     ) -> tuple[FlowRun, bool]:         \"\"\"Create a run once per owner/key, rejecting mismatched replay input.\"\"\"         operation_digest = (             input_digest if operation_digest is None else operation_digest         )         existing = self._repo.get_by_owner_and_idempotency_key(             owner_id, idempotency_key         )         if existing is not None:             if (                 existing.input_digest != input_digest                 or existing.input_count != input_count                 or existing.operation_digest != operation_digest                 or existing.flow_id != flow_id                 or existing.sketch_id != sketch_id             ):                 raise ValueError(                     \"Idempotency key cannot be reused for a different operation\"                 )             return existing, False         run = FlowRun(             owner_id=owner_id,             flow_id=flow_id,             sketch_id=sketch_id,             idempotency_key=idempotency_key,             input_digest=input_digest,             operation_digest=operation_digest,             input_count=input_count,         )         if run_id is not None:             run.id = run_id         try:             with self._db.begin_nested():                 self._repo.add(run)                 self._db.flush()         except IntegrityError:             existing = self._repo.get_by_owner_and_idempotency_key(                 owner_id, idempotency_key             )             if existing is None:                 raise             if (                 existing.input_digest != input_digest                 or existing.input_count != input_count                 or existing.operation_digest != operation_digest                 or existing.flow_id != flow_id                 or existing.sketch_id != sketch_id             ):                 raise ValueError(                     \"Idempotency key cannot be reused for a different operation\"                 )             return existing, False         self._commit()         return run, True     def claim_run(         self,         run: FlowRun,         lease_owner: str,         lease_duration: timedelta = DEFAULT_RUN_LEASE_DURATION,     ) -> RunLease | None:         \"\"\"Atomically claim a pending or expired run lease.\"\"\"         now = _utcnow()         if not self._repo.claim_run(             run.id,             lease_owner=lease_owner,             now=now,             lease_expires_at=now + lease_duration,         ):             return None         self._commit()         self._db.refresh(run)         return RunLease(run_id=run.id, lease_owner=lease_owner, attempt=run.attempt)     def get_step(self, run: FlowRun, step_key: str) -> StepRun | None:         \"\"\"Return the stable step state for a run, if it has been started.\"\"\"         return self._repo.get_step(run.id, step_key)     def _fence_run(self, run: FlowRun, lease: RunLease) -> None:         \"\"\"Assert the caller still owns an unexpired lease within this transaction.\"\"\"         if lease.run_id != run.id or not self._repo.fence_run(             run.id,             lease_owner=lease.lease_owner,             attempt=lease.attempt,             now=_utcnow(),         ):             self._rollback()             raise RunLeaseLost(f\"Lease lost for flow run {run.id}\")     def begin_or_resume_step(         self, run: FlowRun, lease: RunLease, step_key: str, input_count: int     ) -> StepRun:         \"\"\"Create or resume a stable step while preserving its checkpoint.\"\"\"         self._fence_run(run, lease)         step = self._repo.get_step(run.id, step_key)         if step is None:             step = StepRun(flow_run_id=run.id, step_key=step_key, input_count=input_count)             self._repo.add(step)         else:             step.input_count = input_count         step.attempt = (step.attempt or 0) + 1         step.status = \"running\"         step.retryable = False         step.success_count = 0         step.failure_count = 0         step.hold_count = 0         step.output_count = 0         step.completed_at = None         step.started_at = _utcnow()         self._commit()         return step     def update_run_checkpoint(         self, run: FlowRun, lease: RunLease, checkpoint: dict     ) -> FlowRun:         self._fence_run(run, lease)         run.checkpoint = _json_value(checkpoint)         ... [truncated]"
        }
    ],
    "edges": [
        {
            "from": "Function:flowsint-core/src/flowsint_core/tasks/enricher.py:replay_or_attach",
            "to": "Method:flowsint-core/src/flowsint_core/core/services/execution_service.py:ExecutionService.reconstruct_structured_result#1",
            "type": "CALLS",
            "confidence": 0.85
        },
        {
            "from": "Class:flowsint-core/src/flowsint_core/core/services/execution_service.py:ExecutionService",
            "to": "Method:flowsint-core/src/flowsint_core/core/services/execution_service.py:ExecutionService.reconstruct_structured_result#1",
            "type": "HAS_METHOD",
            "confidence": 1
        },
        {
            "from": "Function:flowsint-core/src/flowsint_core/tasks/enricher.py:run_connector_template",
            "to": "Function:flowsint-core/src/flowsint_core/tasks/enricher.py:replay_or_attach",
            "type": "CALLS",
            "confidence": 0.85
        }
    ],
    "files": [
        {
            "filePath": "flowsint-core/src/flowsint_core/core/services/execution_service.py",
            "count": 2,
            "symbols": [
                {
                    "id": "Method:flowsint-core/src/flowsint_core/core/services/execution_service.py:ExecutionService.reconstruct_structured_result#1",
                    "name": "reconstruct_structured_result",
                    "filePath": "flowsint-core/src/flowsint_core/core/services/execution_service.py",
                    "nodeType": "Method",
                    "startLine": 397,
                    "endLine": 434,
                    "content": "    def reconstruct_structured_result(         self, step: StepRun     ) -> StructuredExecutionResult:         \"\"\"Reload the active evidence rows into the structured execution contract.\"\"\"         records = self._repo.list_evidence_for_attempt(step.id, step.attempt)         superseded_ids = {             record.supersedes_id for record in records if record.supersedes_id is not None         }         active_records = [record for record in records if record.id not in superseded_ids]         grouped: dict[int, list[EvidenceEnvelopeRecord]] = {}         for record in active_records:             grouped.setdefault(record.input_index, []).append(record)         outcomes = []         for input_index in sorted(grouped):             outcome_records = grouped[input_index]             first = outcome_records[0]             evidence = tuple(                 self._envelope_from_record(record)                 for record in outcome_records                 if record.destination_id is not None             )             diagnostic = (                 RedactedDiagnostic.model_validate(first.diagnostic)                 if first.diagnostic is not None                 else None             )             outcomes.append(                 InputOutcome(                     input_ref=first.input_ref,                     status=OutcomeStatus(first.status),                     outputs=tuple(first.mapped_outputs),                     diagnostic=diagnostic,                     evidence=evidence,                 )             )         source = active_records[0].source if active_records else step.step_key         return StructuredExecutionResult(enricher_name=source, outcomes=tuple(outcomes))"
                },
                {
                    "id": "Class:flowsint-core/src/flowsint_core/core/services/execution_service.py:ExecutionService",
                    "name": "ExecutionService",
                    "filePath": "flowsint-core/src/flowsint_core/core/services/execution_service.py",
                    "nodeType": "Class",
                    "startLine": 78,
                    "endLine": 509,
                    "content": "class ExecutionService(BaseService):     \"\"\"Owns transactions for runs, resumable steps, and immutable evidence.\"\"\"     def __init__(         self, db: Session, execution_repo: ExecutionRepository | None = None, **kwargs     ):         super().__init__(db, **kwargs)         self._repo = execution_repo or ExecutionRepository(db)     def create_or_reuse_run(         self,         *,         owner_id: UUID,         idempotency_key: str,         input_digest: str,         input_count: int,         operation_digest: str | None = None,         flow_id: UUID | None = None,         sketch_id: UUID | None = None,         run_id: UUID | None = None,     ) -> tuple[FlowRun, bool]:         \"\"\"Create a run once per owner/key, rejecting mismatched replay input.\"\"\"         operation_digest = (             input_digest if operation_digest is None else operation_digest         )         existing = self._repo.get_by_owner_and_idempotency_key(             owner_id, idempotency_key         )         if existing is not None:             if (                 existing.input_digest != input_digest                 or existing.input_count != input_count                 or existing.operation_digest != operation_digest                 or existing.flow_id != flow_id                 or existing.sketch_id != sketch_id             ):                 raise ValueError(                     \"Idempotency key cannot be reused for a different operation\"                 )             return existing, False         run = FlowRun(             owner_id=owner_id,             flow_id=flow_id,             sketch_id=sketch_id,             idempotency_key=idempotency_key,             input_digest=input_digest,             operation_digest=operation_digest,             input_count=input_count,         )         if run_id is not None:             run.id = run_id         try:             with self._db.begin_nested():                 self._repo.add(run)                 self._db.flush()         except IntegrityError:             existing = self._repo.get_by_owner_and_idempotency_key(                 owner_id, idempotency_key             )             if existing is None:                 raise             if (                 existing.input_digest != input_digest                 or existing.input_count != input_count                 or existing.operation_digest != operation_digest                 or existing.flow_id != flow_id                 or existing.sketch_id != sketch_id             ):                 raise ValueError(                     \"Idempotency key cannot be reused for a different operation\"                 )             return existing, False         self._commit()         return run, True     def claim_run(         self,         run: FlowRun,         lease_owner: str,         lease_duration: timedelta = DEFAULT_RUN_LEASE_DURATION,     ) -> RunLease | None:         \"\"\"Atomically claim a pending or expired run lease.\"\"\"         now = _utcnow()         if not self._repo.claim_run(             run.id,             lease_owner=lease_owner,             now=now,             lease_expires_at=now + lease_duration,         ):             return None         self._commit()         self._db.refresh(run)         return RunLease(run_id=run.id, lease_owner=lease_owner, attempt=run.attempt)     def get_step(self, run: FlowRun, step_key: str) -> StepRun | None:         \"\"\"Return the stable step state for a run, if it has been started.\"\"\"         return self._repo.get_step(run.id, step_key)     def _fence_run(self, run: FlowRun, lease: RunLease) -> None:         \"\"\"Assert the caller still owns an unexpired lease within this transaction.\"\"\"         if lease.run_id != run.id or not self._repo.fence_run(             run.id,             lease_owner=lease.lease_owner,             attempt=lease.attempt,             now=_utcnow(),         ):             self._rollback()             raise RunLeaseLost(f\"Lease lost for flow run {run.id}\")     def begin_or_resume_step(         self, run: FlowRun, lease: RunLease, step_key: str, input_count: int     ) -> StepRun:         \"\"\"Create or resume a stable step while preserving its checkpoint.\"\"\"         self._fence_run(run, lease)         step = self._repo.get_step(run.id, step_key)         if step is None:             step = StepRun(flow_run_id=run.id, step_key=step_key, input_count=input_count)             self._repo.add(step)         else:             step.input_count = input_count         step.attempt = (step.attempt or 0) + 1         step.status = \"running\"         step.retryable = False         step.success_count = 0         step.failure_count = 0         step.hold_count = 0         step.output_count = 0         step.completed_at = None         step.started_at = _utcnow()         self._commit()         return step     def update_run_checkpoint(         self, run: FlowRun, lease: RunLease, checkpoint: dict     ) -> FlowRun:         self._fence_run(run, lease)         run.checkpoint = _json_value(checkpoint)         ... [truncated]"
                }
            ]
        },
        {
            "filePath": "flowsint-core/src/flowsint_core/tasks/enricher.py",
            "count": 2,
            "symbols": [
                {
                    "id": "Function:flowsint-core/src/flowsint_core/tasks/enricher.py:run_connector_template",
                    "name": "run_connector_template",
                    "filePath": "flowsint-core/src/flowsint_core/tasks/enricher.py",
                    "nodeType": "Function",
                    "startLine": 197,
                    "endLine": 380,
                    "content": "def run_connector_template(     self,     template_id: str,     template_digest: str,     serialized_objects: List[dict],     sketch_id: str | None,     owner_id: str,     idempotency_key: Optional[str] = None, ):     \"\"\"Run a registry-backed template with Stage 3 replay and lease fencing intact.\"\"\"     from flowsint_execution.models import RedactedDiagnostic, canonical_input_hash     from ..core.services.execution_service import (         FINAL_RUN_STATUSES,         RunLeaseLost,         create_execution_service,     )     session = SessionLocal()     scan = None     flow_run = None     lease = None     execution_service = None     safe_diagnostic = RedactedDiagnostic(         code=\"connector_execution_failed\",         safe_message=\"Connector execution could not be completed.\",         retryable=False,     )     try:         scan_id = uuid.UUID(self.request.id)         owner_uuid = uuid.UUID(owner_id)         template_uuid = uuid.UUID(template_id)         idempotency_key = idempotency_key or str(scan_id)         sketch_uuid = uuid.UUID(sketch_id) if sketch_id else None         input_digest = canonical_input_hash(serialized_objects)         operation_digest = hashlib.sha256(             f\"{template_uuid}:{template_digest}:{sketch_uuid or ''}\".encode(\"utf-8\")         ).hexdigest()         step_key = f\"connector-template:{template_uuid}:{template_digest}\"         execution_service = create_execution_service(session)         def canonical_scan(current_run):             return _get_or_create_scan(session, current_run.id, sketch_uuid)         def replay_or_attach():             session.expire_all()             current_run, _ = execution_service.create_or_reuse_run(                 owner_id=owner_uuid,                 idempotency_key=idempotency_key,                 input_digest=input_digest,                 input_count=len(serialized_objects),                 operation_digest=operation_digest,                 sketch_id=sketch_uuid,                 run_id=scan_id,             )             replayed_step = execution_service.get_step(current_run, step_key)             if current_run.status in FINAL_RUN_STATUSES:                 current_scan = canonical_scan(current_run)                 if (                     replayed_step is not None                     and replayed_step.status in FINAL_RUN_STATUSES                 ):                     current_scan.status = EventLevel.COMPLETED                     current_scan.error = None                     current_scan.details = _safe_connector_scan_details(                         execution_service.reconstruct_structured_result(replayed_step)                     )                 else:                     diagnostic = current_run.safe_error_diagnostic or {}                     current_scan.status = EventLevel.FAILED                     current_scan.error = diagnostic.get(                         \"safe_message\", safe_diagnostic.safe_message                     )                     current_scan.details = {                         \"status\": \"failed\",                         \"flow_run_id\": str(current_run.id),                         \"flow_run_reference\": f\"flow_run:{current_run.id}\",                         \"error_code\": diagnostic.get(\"code\", safe_diagnostic.code),                     }                 session.commit()                 return {\"result\": current_scan.details}             return {                 \"result\": {                     \"status\": \"in_progress\",                     \"flow_run_id\": str(current_run.id),                     \"flow_run_reference\": f\"flow_run:{current_run.id}\",                 }             }         flow_run, _ = execution_service.create_or_reuse_run(             owner_id=owner_uuid,             idempotency_key=idempotency_key,             input_digest=input_digest,             input_count=len(serialized_objects),             operation_digest=operation_digest,             sketch_id=sketch_uuid,             run_id=scan_id,         )         lease = execution_service.claim_run(flow_run, str(scan_id))         if lease is None:             return replay_or_attach()         scan = canonical_scan(flow_run)         template_service = create_enricher_template_service(session)         db_template = template_service.get_template(template_uuid, owner_uuid)         template = Template.model_validate(db_template.content)         projection_binding = projection_registry.resolve(template.projection)         if connector_template_digest(template) != template_digest:             raise ConnectorPolicyError(\"connector template digest denied\")         enricher = TemplateEnricher(             template=template,             registry=destination_registry,             runtime_authorizer=EgressAuthorizer.enrichment(),             sketch_id=sketch_id,             scan_id=str(flow_run.id),         )         step_run = execution_service.begin_or_resume_step(             flow_run, lease, step_key, len(serialized_objects)         )         execution_service.update_st ... [truncated]"
                },
                {
                    "id": "Function:flowsint-core/src/flowsint_core/tasks/enricher.py:replay_or_attach",
                    "name": "replay_or_attach",
                    "filePath": "flowsint-core/src/flowsint_core/tasks/enricher.py",
                    "nodeType": "Function",
                    "startLine": 241,
                    "endLine": 284,
                    "content": "        def replay_or_attach():             session.expire_all()             current_run, _ = execution_service.create_or_reuse_run(                 owner_id=owner_uuid,                 idempotency_key=idempotency_key,                 input_digest=input_digest,                 input_count=len(serialized_objects),                 operation_digest=operation_digest,                 sketch_id=sketch_uuid,                 run_id=scan_id,             )             replayed_step = execution_service.get_step(current_run, step_key)             if current_run.status in FINAL_RUN_STATUSES:                 current_scan = canonical_scan(current_run)                 if (                     replayed_step is not None                     and replayed_step.status in FINAL_RUN_STATUSES                 ):                     current_scan.status = EventLevel.COMPLETED                     current_scan.error = None                     current_scan.details = _safe_connector_scan_details(                         execution_service.reconstruct_structured_result(replayed_step)                     )                 else:                     diagnostic = current_run.safe_error_diagnostic or {}                     current_scan.status = EventLevel.FAILED                     current_scan.error = diagnostic.get(                         \"safe_message\", safe_diagnostic.safe_message                     )                     current_scan.details = {                         \"status\": \"failed\",                         \"flow_run_id\": str(current_run.id),                         \"flow_run_reference\": f\"flow_run:{current_run.id}\",                         \"error_code\": diagnostic.get(\"code\", safe_diagnostic.code),                     }                 session.commit()                 return {\"result\": current_scan.details}             return {                 \"result\": {                     \"status\": \"in_progress\",                     \"flow_run_id\": str(current_run.id),                     \"flow_run_reference\": f\"flow_run:{current_run.id}\",                 }             }"
                }
            ]
        }
    ],
    "affected_modules": [
        {
            "name": "flowsint-core",
            "direct": true,
            "symbolCount": 3
        }
    ],
    "affected_processes": [],
    "byDepth": {
        "d=1": {
            "depth": 1,
            "label": "WILL BREAK",
            "symbols": [
                {
                    "id": "Function:flowsint-core/src/flowsint_core/tasks/enricher.py:replay_or_attach",
                    "name": "replay_or_attach",
                    "filePath": "flowsint-core/src/flowsint_core/tasks/enricher.py",
                    "nodeType": "Function",
                    "startLine": 241,
                    "endLine": 284,
                    "content": "        def replay_or_attach():             session.expire_all()             current_run, _ = execution_service.create_or_reuse_run(                 owner_id=owner_uuid,                 idempotency_key=idempotency_key,                 input_digest=input_digest,                 input_count=len(serialized_objects),                 operation_digest=operation_digest,                 sketch_id=sketch_uuid,                 run_id=scan_id,             )             replayed_step = execution_service.get_step(current_run, step_key)             if current_run.status in FINAL_RUN_STATUSES:                 current_scan = canonical_scan(current_run)                 if (                     replayed_step is not None                     and replayed_step.status in FINAL_RUN_STATUSES                 ):                     current_scan.status = EventLevel.COMPLETED                     current_scan.error = None                     current_scan.details = _safe_connector_scan_details(                         execution_service.reconstruct_structured_result(replayed_step)                     )                 else:                     diagnostic = current_run.safe_error_diagnostic or {}                     current_scan.status = EventLevel.FAILED                     current_scan.error = diagnostic.get(                         \"safe_message\", safe_diagnostic.safe_message                     )                     current_scan.details = {                         \"status\": \"failed\",                         \"flow_run_id\": str(current_run.id),                         \"flow_run_reference\": f\"flow_run:{current_run.id}\",                         \"error_code\": diagnostic.get(\"code\", safe_diagnostic.code),                     }                 session.commit()                 return {\"result\": current_scan.details}             return {                 \"result\": {                     \"status\": \"in_progress\",                     \"flow_run_id\": str(current_run.id),                     \"flow_run_reference\": f\"flow_run:{current_run.id}\",                 }             }"
                },
                {
                    "id": "Class:flowsint-core/src/flowsint_core/core/services/execution_service.py:ExecutionService",
                    "name": "ExecutionService",
                    "filePath": "flowsint-core/src/flowsint_core/core/services/execution_service.py",
                    "nodeType": "Class",
                    "startLine": 78,
                    "endLine": 509,
                    "content": "class ExecutionService(BaseService):     \"\"\"Owns transactions for runs, resumable steps, and immutable evidence.\"\"\"     def __init__(         self, db: Session, execution_repo: ExecutionRepository | None = None, **kwargs     ):         super().__init__(db, **kwargs)         self._repo = execution_repo or ExecutionRepository(db)     def create_or_reuse_run(         self,         *,         owner_id: UUID,         idempotency_key: str,         input_digest: str,         input_count: int,         operation_digest: str | None = None,         flow_id: UUID | None = None,         sketch_id: UUID | None = None,         run_id: UUID | None = None,     ) -> tuple[FlowRun, bool]:         \"\"\"Create a run once per owner/key, rejecting mismatched replay input.\"\"\"         operation_digest = (             input_digest if operation_digest is None else operation_digest         )         existing = self._repo.get_by_owner_and_idempotency_key(             owner_id, idempotency_key         )         if existing is not None:             if (                 existing.input_digest != input_digest                 or existing.input_count != input_count                 or existing.operation_digest != operation_digest                 or existing.flow_id != flow_id                 or existing.sketch_id != sketch_id             ):                 raise ValueError(                     \"Idempotency key cannot be reused for a different operation\"                 )             return existing, False         run = FlowRun(             owner_id=owner_id,             flow_id=flow_id,             sketch_id=sketch_id,             idempotency_key=idempotency_key,             input_digest=input_digest,             operation_digest=operation_digest,             input_count=input_count,         )         if run_id is not None:             run.id = run_id         try:             with self._db.begin_nested():                 self._repo.add(run)                 self._db.flush()         except IntegrityError:             existing = self._repo.get_by_owner_and_idempotency_key(                 owner_id, idempotency_key             )             if existing is None:                 raise             if (                 existing.input_digest != input_digest                 or existing.input_count != input_count                 or existing.operation_digest != operation_digest                 or existing.flow_id != flow_id                 or existing.sketch_id != sketch_id             ):                 raise ValueError(                     \"Idempotency key cannot be reused for a different operation\"                 )             return existing, False         self._commit()         return run, True     def claim_run(         self,         run: FlowRun,         lease_owner: str,         lease_duration: timedelta = DEFAULT_RUN_LEASE_DURATION,     ) -> RunLease | None:         \"\"\"Atomically claim a pending or expired run lease.\"\"\"         now = _utcnow()         if not self._repo.claim_run(             run.id,             lease_owner=lease_owner,             now=now,             lease_expires_at=now + lease_duration,         ):             return None         self._commit()         self._db.refresh(run)         return RunLease(run_id=run.id, lease_owner=lease_owner, attempt=run.attempt)     def get_step(self, run: FlowRun, step_key: str) -> StepRun | None:         \"\"\"Return the stable step state for a run, if it has been started.\"\"\"         return self._repo.get_step(run.id, step_key)     def _fence_run(self, run: FlowRun, lease: RunLease) -> None:         \"\"\"Assert the caller still owns an unexpired lease within this transaction.\"\"\"         if lease.run_id != run.id or not self._repo.fence_run(             run.id,             lease_owner=lease.lease_owner,             attempt=lease.attempt,             now=_utcnow(),         ):             self._rollback()             raise RunLeaseLost(f\"Lease lost for flow run {run.id}\")     def begin_or_resume_step(         self, run: FlowRun, lease: RunLease, step_key: str, input_count: int     ) -> StepRun:         \"\"\"Create or resume a stable step while preserving its checkpoint.\"\"\"         self._fence_run(run, lease)         step = self._repo.get_step(run.id, step_key)         if step is None:             step = StepRun(flow_run_id=run.id, step_key=step_key, input_count=input_count)             self._repo.add(step)         else:             step.input_count = input_count         step.attempt = (step.attempt or 0) + 1         step.status = \"running\"         step.retryable = False         step.success_count = 0         step.failure_count = 0         step.hold_count = 0         step.output_count = 0         step.completed_at = None         step.started_at = _utcnow()         self._commit()         return step     def update_run_checkpoint(         self, run: FlowRun, lease: RunLease, checkpoint: dict     ) -> FlowRun:         self._fence_run(run, lease)         run.checkpoint = _json_value(checkpoint)         ... [truncated]"
                }
            ]
        },
        "d=2": {
            "depth": 2,
            "label": "LIKELY AFFECTED",
            "symbols": [
                {
                    "id": "Function:flowsint-core/src/flowsint_core/tasks/enricher.py:run_connector_template",
                    "name": "run_connector_template",
                    "filePath": "flowsint-core/src/flowsint_core/tasks/enricher.py",
                    "nodeType": "Function",
                    "startLine": 197,
                    "endLine": 380,
                    "content": "def run_connector_template(     self,     template_id: str,     template_digest: str,     serialized_objects: List[dict],     sketch_id: str | None,     owner_id: str,     idempotency_key: Optional[str] = None, ):     \"\"\"Run a registry-backed template with Stage 3 replay and lease fencing intact.\"\"\"     from flowsint_execution.models import RedactedDiagnostic, canonical_input_hash     from ..core.services.execution_service import (         FINAL_RUN_STATUSES,         RunLeaseLost,         create_execution_service,     )     session = SessionLocal()     scan = None     flow_run = None     lease = None     execution_service = None     safe_diagnostic = RedactedDiagnostic(         code=\"connector_execution_failed\",         safe_message=\"Connector execution could not be completed.\",         retryable=False,     )     try:         scan_id = uuid.UUID(self.request.id)         owner_uuid = uuid.UUID(owner_id)         template_uuid = uuid.UUID(template_id)         idempotency_key = idempotency_key or str(scan_id)         sketch_uuid = uuid.UUID(sketch_id) if sketch_id else None         input_digest = canonical_input_hash(serialized_objects)         operation_digest = hashlib.sha256(             f\"{template_uuid}:{template_digest}:{sketch_uuid or ''}\".encode(\"utf-8\")         ).hexdigest()         step_key = f\"connector-template:{template_uuid}:{template_digest}\"         execution_service = create_execution_service(session)         def canonical_scan(current_run):             return _get_or_create_scan(session, current_run.id, sketch_uuid)         def replay_or_attach():             session.expire_all()             current_run, _ = execution_service.create_or_reuse_run(                 owner_id=owner_uuid,                 idempotency_key=idempotency_key,                 input_digest=input_digest,                 input_count=len(serialized_objects),                 operation_digest=operation_digest,                 sketch_id=sketch_uuid,                 run_id=scan_id,             )             replayed_step = execution_service.get_step(current_run, step_key)             if current_run.status in FINAL_RUN_STATUSES:                 current_scan = canonical_scan(current_run)                 if (                     replayed_step is not None                     and replayed_step.status in FINAL_RUN_STATUSES                 ):                     current_scan.status = EventLevel.COMPLETED                     current_scan.error = None                     current_scan.details = _safe_connector_scan_details(                         execution_service.reconstruct_structured_result(replayed_step)                     )                 else:                     diagnostic = current_run.safe_error_diagnostic or {}                     current_scan.status = EventLevel.FAILED                     current_scan.error = diagnostic.get(                         \"safe_message\", safe_diagnostic.safe_message                     )                     current_scan.details = {                         \"status\": \"failed\",                         \"flow_run_id\": str(current_run.id),                         \"flow_run_reference\": f\"flow_run:{current_run.id}\",                         \"error_code\": diagnostic.get(\"code\", safe_diagnostic.code),                     }                 session.commit()                 return {\"result\": current_scan.details}             return {                 \"result\": {                     \"status\": \"in_progress\",                     \"flow_run_id\": str(current_run.id),                     \"flow_run_reference\": f\"flow_run:{current_run.id}\",                 }             }         flow_run, _ = execution_service.create_or_reuse_run(             owner_id=owner_uuid,             idempotency_key=idempotency_key,             input_digest=input_digest,             input_count=len(serialized_objects),             operation_digest=operation_digest,             sketch_id=sketch_uuid,             run_id=scan_id,         )         lease = execution_service.claim_run(flow_run, str(scan_id))         if lease is None:             return replay_or_attach()         scan = canonical_scan(flow_run)         template_service = create_enricher_template_service(session)         db_template = template_service.get_template(template_uuid, owner_uuid)         template = Template.model_validate(db_template.content)         projection_binding = projection_registry.resolve(template.projection)         if connector_template_digest(template) != template_digest:             raise ConnectorPolicyError(\"connector template digest denied\")         enricher = TemplateEnricher(             template=template,             registry=destination_registry,             runtime_authorizer=EgressAuthorizer.enrichment(),             sketch_id=sketch_id,             scan_id=str(flow_run.id),         )         step_run = execution_service.begin_or_resume_step(             flow_run, lease, step_key, len(serialized_objects)         )         execution_service.update_st ... [truncated]"
                }
            ]
        }
    },
    "summary": {
        "cwd": "/home/n4s5ti/Documents/dev/fl0sint-def41-s01",
        "rootPath": "/home/n4s5ti/Documents/dev/fl0sint-def41-s01",
        "repo": "fl0sint-def41-s01",
        "lbugPath": "/home/n4s5ti/Documents/dev/fl0sint-def41-s01/.gitnexus/lbug",
        "symbol": "flowsint-core/src/flowsint_core/core/services/execution_service.py:reconstruct_structured_result",
        "rootSymbols": 1,
        "totalSymbols": 4,
        "totalEdges": 3,
        "filesMatched": 2,
        "truncated": false,
        "direct": 2,
        "processes": 0,
        "modules": 1
    },
    "warnings": [],
    "completeness": "complete",
    "completenessReasons": [],
    "indexStatus": "ready"
}
