{
    "symbol": "flowsint-core/src/flowsint_execution/models.py:StructuredExecutionResult",
    "repo": "fl0sint-def41-s01",
    "lbugPath": "/home/n4s5ti/Documents/dev/fl0sint-def41-s01/.gitnexus/lbug",
    "rootPath": "/home/n4s5ti/Documents/dev/fl0sint-def41-s01",
    "direction": "downstream",
    "risk": "MEDIUM",
    "target": {
        "id": "Class:flowsint-core/src/flowsint_execution/models.py:StructuredExecutionResult",
        "name": "StructuredExecutionResult",
        "filePath": "flowsint-core/src/flowsint_execution/models.py",
        "nodeType": "Class",
        "startLine": 87,
        "endLine": 93,
        "content": "class StructuredExecutionResult(BaseModel):     \"\"\"Structured execution output retaining input cardinality and grouping.\"\"\"     model_config = ConfigDict(extra=\"forbid\", frozen=True)     enricher_name: str = Field(min_length=1, max_length=256)     outcomes: tuple[InputOutcome, ...]"
    },
    "symbols": [
        {
            "id": "Class:flowsint-core/src/flowsint_execution/models.py:StructuredExecutionResult",
            "name": "StructuredExecutionResult",
            "filePath": "flowsint-core/src/flowsint_execution/models.py",
            "nodeType": "Class",
            "startLine": 87,
            "endLine": 93,
            "content": "class StructuredExecutionResult(BaseModel):     \"\"\"Structured execution output retaining input cardinality and grouping.\"\"\"     model_config = ConfigDict(extra=\"forbid\", frozen=True)     enricher_name: str = Field(min_length=1, max_length=256)     outcomes: tuple[InputOutcome, ...]"
        },
        {
            "id": "Property:flowsint-core/src/flowsint_execution/models.py:StructuredExecutionResult.enricher_name",
            "name": "enricher_name",
            "filePath": "flowsint-core/src/flowsint_execution/models.py",
            "nodeType": "Property",
            "startLine": 92,
            "endLine": 92,
            "content": "    enricher_name: str = Field(min_length=1, max_length=256)"
        },
        {
            "id": "Property:flowsint-core/src/flowsint_execution/models.py:StructuredExecutionResult.outcomes",
            "name": "outcomes",
            "filePath": "flowsint-core/src/flowsint_execution/models.py",
            "nodeType": "Property",
            "startLine": 93,
            "endLine": 93,
            "content": "    outcomes: tuple[InputOutcome, ...]"
        }
    ],
    "edges": [
        {
            "from": "Class:flowsint-core/src/flowsint_execution/models.py:StructuredExecutionResult",
            "to": "Property:flowsint-core/src/flowsint_execution/models.py:StructuredExecutionResult.enricher_name",
            "type": "HAS_PROPERTY",
            "confidence": 1
        },
        {
            "from": "Class:flowsint-core/src/flowsint_execution/models.py:StructuredExecutionResult",
            "to": "Property:flowsint-core/src/flowsint_execution/models.py:StructuredExecutionResult.outcomes",
            "type": "HAS_PROPERTY",
            "confidence": 1
        }
    ],
    "files": [
        {
            "filePath": "flowsint-core/src/flowsint_execution/models.py",
            "count": 3,
            "symbols": [
                {
                    "id": "Class:flowsint-core/src/flowsint_execution/models.py:StructuredExecutionResult",
                    "name": "StructuredExecutionResult",
                    "filePath": "flowsint-core/src/flowsint_execution/models.py",
                    "nodeType": "Class",
                    "startLine": 87,
                    "endLine": 93,
                    "content": "class StructuredExecutionResult(BaseModel):     \"\"\"Structured execution output retaining input cardinality and grouping.\"\"\"     model_config = ConfigDict(extra=\"forbid\", frozen=True)     enricher_name: str = Field(min_length=1, max_length=256)     outcomes: tuple[InputOutcome, ...]"
                },
                {
                    "id": "Property:flowsint-core/src/flowsint_execution/models.py:StructuredExecutionResult.enricher_name",
                    "name": "enricher_name",
                    "filePath": "flowsint-core/src/flowsint_execution/models.py",
                    "nodeType": "Property",
                    "startLine": 92,
                    "endLine": 92,
                    "content": "    enricher_name: str = Field(min_length=1, max_length=256)"
                },
                {
                    "id": "Property:flowsint-core/src/flowsint_execution/models.py:StructuredExecutionResult.outcomes",
                    "name": "outcomes",
                    "filePath": "flowsint-core/src/flowsint_execution/models.py",
                    "nodeType": "Property",
                    "startLine": 93,
                    "endLine": 93,
                    "content": "    outcomes: tuple[InputOutcome, ...]"
                }
            ]
        }
    ],
    "affected_modules": [
        {
            "name": "flowsint-core",
            "direct": true,
            "symbolCount": 2
        }
    ],
    "affected_processes": [],
    "byDepth": {
        "d=1": {
            "depth": 1,
            "label": "WILL BREAK",
            "symbols": [
                {
                    "id": "Property:flowsint-core/src/flowsint_execution/models.py:StructuredExecutionResult.enricher_name",
                    "name": "enricher_name",
                    "filePath": "flowsint-core/src/flowsint_execution/models.py",
                    "nodeType": "Property",
                    "startLine": 92,
                    "endLine": 92,
                    "content": "    enricher_name: str = Field(min_length=1, max_length=256)"
                },
                {
                    "id": "Property:flowsint-core/src/flowsint_execution/models.py:StructuredExecutionResult.outcomes",
                    "name": "outcomes",
                    "filePath": "flowsint-core/src/flowsint_execution/models.py",
                    "nodeType": "Property",
                    "startLine": 93,
                    "endLine": 93,
                    "content": "    outcomes: tuple[InputOutcome, ...]"
                }
            ]
        }
    },
    "summary": {
        "cwd": "/home/n4s5ti/Documents/dev/fl0sint-def41-s01",
        "rootPath": "/home/n4s5ti/Documents/dev/fl0sint-def41-s01",
        "repo": "fl0sint-def41-s01",
        "lbugPath": "/home/n4s5ti/Documents/dev/fl0sint-def41-s01/.gitnexus/lbug",
        "symbol": "flowsint-core/src/flowsint_execution/models.py:StructuredExecutionResult",
        "rootSymbols": 1,
        "totalSymbols": 3,
        "totalEdges": 2,
        "filesMatched": 1,
        "truncated": false,
        "direct": 2,
        "processes": 0,
        "modules": 1
    },
    "warnings": [],
    "completeness": "complete",
    "completenessReasons": [],
    "indexStatus": "ready"
}
