{
    "symbol": "flowsint-core/src/flowsint_execution/models.py:StructuredExecutionResult",
    "repo": "fl0sint-def41-s01",
    "lbugPath": "/home/n4s5ti/Documents/dev/fl0sint-def41-s01/.gitnexus/lbug",
    "rootPath": "/home/n4s5ti/Documents/dev/fl0sint-def41-s01",
    "direction": "upstream",
    "risk": "UNKNOWN",
    "target": {
        "id": "Class:flowsint-core/src/flowsint_execution/models.py:StructuredExecutionResult",
        "name": "StructuredExecutionResult",
        "filePath": "flowsint-core/src/flowsint_execution/models.py",
        "nodeType": "Class",
        "startLine": 87,
        "endLine": 93,
        "content": "class StructuredExecutionResult(BaseModel):     \"\"\"Structured execution output retaining input cardinality and grouping.\"\"\"     model_config = ConfigDict(extra=\"forbid\", frozen=True)     enricher_name: str = Field(min_length=1, max_length=256)     outcomes: tuple[InputOutcome, ...]"
    },
    "symbols": [
        {
            "id": "Class:flowsint-core/src/flowsint_execution/models.py:StructuredExecutionResult",
            "name": "StructuredExecutionResult",
            "filePath": "flowsint-core/src/flowsint_execution/models.py",
            "nodeType": "Class",
            "startLine": 87,
            "endLine": 93,
            "content": "class StructuredExecutionResult(BaseModel):     \"\"\"Structured execution output retaining input cardinality and grouping.\"\"\"     model_config = ConfigDict(extra=\"forbid\", frozen=True)     enricher_name: str = Field(min_length=1, max_length=256)     outcomes: tuple[InputOutcome, ...]"
        }
    ],
    "edges": [],
    "files": [
        {
            "filePath": "flowsint-core/src/flowsint_execution/models.py",
            "count": 1,
            "symbols": [
                {
                    "id": "Class:flowsint-core/src/flowsint_execution/models.py:StructuredExecutionResult",
                    "name": "StructuredExecutionResult",
                    "filePath": "flowsint-core/src/flowsint_execution/models.py",
                    "nodeType": "Class",
                    "startLine": 87,
                    "endLine": 93,
                    "content": "class StructuredExecutionResult(BaseModel):     \"\"\"Structured execution output retaining input cardinality and grouping.\"\"\"     model_config = ConfigDict(extra=\"forbid\", frozen=True)     enricher_name: str = Field(min_length=1, max_length=256)     outcomes: tuple[InputOutcome, ...]"
                }
            ]
        }
    ],
    "affected_modules": [],
    "affected_processes": [],
    "byDepth": {},
    "summary": {
        "cwd": "/home/n4s5ti/Documents/dev/fl0sint-def41-s01",
        "rootPath": "/home/n4s5ti/Documents/dev/fl0sint-def41-s01",
        "repo": "fl0sint-def41-s01",
        "lbugPath": "/home/n4s5ti/Documents/dev/fl0sint-def41-s01/.gitnexus/lbug",
        "symbol": "flowsint-core/src/flowsint_execution/models.py:StructuredExecutionResult",
        "rootSymbols": 1,
        "totalSymbols": 1,
        "totalEdges": 0,
        "filesMatched": 1,
        "truncated": false,
        "direct": 0,
        "processes": 0,
        "modules": 0
    },
    "warnings": [],
    "completeness": "partial",
    "completenessReasons": [
        "no-call-edges"
    ],
    "indexStatus": "ready"
}
