{
    "cwd": "/home/n4s5ti/Documents/dev/fl0sint-def41-s01",
    "packageName": "flowsint",
    "packageManager": "npm",
    "requestedChecks": [],
    "results": [],
    "graph": {
        "status": "passed",
        "repo": "fl0sint-def41-s01",
        "lbugPath": "/home/n4s5ti/Documents/dev/fl0sint-def41-s01/.gitnexus/lbug",
        "isOpen": true,
        "discoveredTables": [
            "Function",
            "Union",
            "Static",
            "Const",
            "Annotation",
            "Interface",
            "Delegate",
            "Typedef",
            "Community",
            "Macro",
            "Enum",
            "CodeElement",
            "Record",
            "Trait",
            "Constructor",
            "Impl",
            "Method",
            "Folder",
            "Process",
            "Module",
            "Struct",
            "Property",
            "Class",
            "Template",
            "File",
            "TypeAlias",
            "Namespace"
        ],
        "fileCount": 1156,
        "indexStatus": "ready",
        "warnings": []
    },
    "refactor": {
        "concept": "serialize_bundle",
        "symbols": [
            {
                "name": "serialize_bundle",
                "filePath": "flowsint-core/src/flowsint_execution/acquisition.py",
                "safetyScore": 60,
                "wave": 2,
                "findings": [
                    "unwired_export"
                ],
                "evidence": {
                    "symbol": "serialize_bundle",
                    "filePath": "flowsint-core/src/flowsint_execution/acquisition.py",
                    "structuralCallers": 0,
                    "visibility": "public",
                    "limits": [
                        "public interface: importers, re-exports, aliases, decorators, and dynamic consumers are not indexed as structural callers"
                    ]
                },
                "recommendation": "verify consumers before deleting"
            }
        ],
        "waves": {
            "safe": 0,
            "moderate": 1,
            "careful": 0
        },
        "warnings": [
            "serialize_bundle (flowsint-core/src/flowsint_execution/acquisition.py): public interface: importers, re-exports, aliases, decorators, and dynamic consumers are not indexed as structural callers"
        ],
        "summary": {
            "totalSymbols": 1,
            "totalFlows": 4,
            "suggestedStart": "Start with wave 2 and test coverage.",
            "durationMs": 210
        }
    }
}
