{
    "symbol": "flowsint-core/src/flowsint_execution/acquisition.py:AcquisitionBundle",
    "repo": "fl0sint-def45-extraction",
    "lbugPath": "/home/n4s5ti/Documents/dev/fl0sint-def45-extraction/.gitnexus/lbug",
    "rootPath": "/home/n4s5ti/Documents/dev/fl0sint-def45-extraction",
    "direction": "downstream",
    "risk": "MEDIUM",
    "target": {
        "id": "Class:flowsint-core/src/flowsint_execution/acquisition.py:AcquisitionBundle",
        "name": "AcquisitionBundle",
        "filePath": "flowsint-core/src/flowsint_execution/acquisition.py",
        "nodeType": "Class",
        "startLine": 457,
        "endLine": 464,
        "content": "class AcquisitionBundle(_BundlePayload):     origin_digest: Digest     @model_validator(mode=\"after\")     def check_origin_digest(self):         if self.origin_digest != _digest(self):             raise ValueError(\"origin digest mismatch\")         return self"
    },
    "symbols": [
        {
            "id": "Class:flowsint-core/src/flowsint_execution/acquisition.py:AcquisitionBundle",
            "name": "AcquisitionBundle",
            "filePath": "flowsint-core/src/flowsint_execution/acquisition.py",
            "nodeType": "Class",
            "startLine": 457,
            "endLine": 464,
            "content": "class AcquisitionBundle(_BundlePayload):     origin_digest: Digest     @model_validator(mode=\"after\")     def check_origin_digest(self):         if self.origin_digest != _digest(self):             raise ValueError(\"origin digest mismatch\")         return self"
        },
        {
            "id": "Function:flowsint-core/src/flowsint_execution/acquisition.py:_unique",
            "name": "_unique",
            "filePath": "flowsint-core/src/flowsint_execution/acquisition.py",
            "nodeType": "Function",
            "startLine": 86,
            "endLine": 90,
            "content": "def _unique(values, label):     values = tuple(values)     if len(values) != len(set(values)):         raise ValueError(\"duplicate \" + label)     return set(values)"
        },
        {
            "id": "Function:flowsint-core/src/flowsint_execution/acquisition.py:_canonical",
            "name": "_canonical",
            "filePath": "flowsint-core/src/flowsint_execution/acquisition.py",
            "nodeType": "Function",
            "startLine": 446,
            "endLine": 449,
            "content": "def _canonical(data) -> str:     return json.dumps(         data, ensure_ascii=True, allow_nan=False, sort_keys=True, separators=(\",\", \":\")     )"
        },
        {
            "id": "Function:flowsint-core/src/flowsint_execution/acquisition.py:_digest",
            "name": "_digest",
            "filePath": "flowsint-core/src/flowsint_execution/acquisition.py",
            "nodeType": "Function",
            "startLine": 452,
            "endLine": 454,
            "content": "def _digest(payload: _BundlePayload) -> str:     data = payload.model_dump(mode=\"json\", exclude={\"origin_digest\"}, warnings=\"error\")     return hashlib.sha256(_canonical(data).encode(\"utf-8\")).hexdigest()"
        },
        {
            "id": "Property:flowsint-core/src/flowsint_execution/acquisition.py:_BundlePayload.format_version",
            "name": "format_version",
            "filePath": "flowsint-core/src/flowsint_execution/acquisition.py",
            "nodeType": "Property",
            "startLine": 379,
            "endLine": 379,
            "content": "    format_version: Literal[\"1.0\"] = FORMAT_VERSION"
        },
        {
            "id": "Property:flowsint-core/src/flowsint_execution/acquisition.py:_BundlePayload.bundle_id",
            "name": "bundle_id",
            "filePath": "flowsint-core/src/flowsint_execution/acquisition.py",
            "nodeType": "Property",
            "startLine": 380,
            "endLine": 380,
            "content": "    bundle_id: Identifier"
        },
        {
            "id": "Property:flowsint-core/src/flowsint_execution/acquisition.py:_BundlePayload.request",
            "name": "request",
            "filePath": "flowsint-core/src/flowsint_execution/acquisition.py",
            "nodeType": "Property",
            "startLine": 381,
            "endLine": 381,
            "content": "    request: AcquisitionRequest"
        },
        {
            "id": "Property:flowsint-core/src/flowsint_execution/acquisition.py:_BundlePayload.created_at",
            "name": "created_at",
            "filePath": "flowsint-core/src/flowsint_execution/acquisition.py",
            "nodeType": "Property",
            "startLine": 382,
            "endLine": 382,
            "content": "    created_at: Timestamp"
        },
        {
            "id": "Property:flowsint-core/src/flowsint_execution/acquisition.py:_BundlePayload.outcomes",
            "name": "outcomes",
            "filePath": "flowsint-core/src/flowsint_execution/acquisition.py",
            "nodeType": "Property",
            "startLine": 383,
            "endLine": 383,
            "content": "    outcomes: tuple[OccurrenceOutcome, ...]"
        },
        {
            "id": "Property:flowsint-core/src/flowsint_execution/acquisition.py:_BundlePayload.actual_resources",
            "name": "actual_resources",
            "filePath": "flowsint-core/src/flowsint_execution/acquisition.py",
            "nodeType": "Property",
            "startLine": 384,
            "endLine": 384,
            "content": "    actual_resources: Resources"
        },
        {
            "id": "Property:flowsint-core/src/flowsint_execution/acquisition.py:_BundlePayload.artifacts",
            "name": "artifacts",
            "filePath": "flowsint-core/src/flowsint_execution/acquisition.py",
            "nodeType": "Property",
            "startLine": 385,
            "endLine": 385,
            "content": "    artifacts: tuple[ArtifactReference, ...] = ()"
        },
        {
            "id": "Property:flowsint-core/src/flowsint_execution/acquisition.py:_BundlePayload.spans",
            "name": "spans",
            "filePath": "flowsint-core/src/flowsint_execution/acquisition.py",
            "nodeType": "Property",
            "startLine": 386,
            "endLine": 386,
            "content": "    spans: tuple[SpanReference, ...] = ()"
        },
        {
            "id": "Property:flowsint-core/src/flowsint_execution/acquisition.py:_BundlePayload.evidence_list",
            "name": "evidence_list",
            "filePath": "flowsint-core/src/flowsint_execution/acquisition.py",
            "nodeType": "Property",
            "startLine": 387,
            "endLine": 387,
            "content": "    evidence_list: tuple[EvidenceReference, ...] = ()"
        },
        {
            "id": "Property:flowsint-core/src/flowsint_execution/acquisition.py:_BundlePayload.candidates",
            "name": "candidates",
            "filePath": "flowsint-core/src/flowsint_execution/acquisition.py",
            "nodeType": "Property",
            "startLine": 388,
            "endLine": 388,
            "content": "    candidates: tuple[CandidateReference, ...] = ()"
        },
        {
            "id": "Property:flowsint-core/src/flowsint_execution/acquisition.py:AcquisitionBundle.origin_digest",
            "name": "origin_digest",
            "filePath": "flowsint-core/src/flowsint_execution/acquisition.py",
            "nodeType": "Property",
            "startLine": 458,
            "endLine": 458,
            "content": "    origin_digest: Digest"
        },
        {
            "id": "Method:flowsint-core/src/flowsint_execution/acquisition.py:_BundlePayload.check_reference_graph#0",
            "name": "check_reference_graph",
            "filePath": "flowsint-core/src/flowsint_execution/acquisition.py",
            "nodeType": "Method",
            "startLine": 391,
            "endLine": 443,
            "content": "    def check_reference_graph(self):         requested = {i.occurrence_id for i in self.request.inputs}         if (             _unique((o.occurrence_id for o in self.outcomes), \"outcome occurrence\")             != requested         ):             raise ValueError(\"outcomes must cover every input occurrence exactly once\")         indexes = []         for records, key in (             (self.artifacts, \"artifact_id\"),             (self.spans, \"span_id\"),             (self.evidence_list, \"evidence_id\"),             (self.candidates, \"candidate_id\"),         ):             _unique((getattr(r, key) for r in records), key)             indexes.append({getattr(r, key): r for r in records})         artifacts, spans, evidence, candidates = indexes         for span in self.spans:             if span.artifact_id not in artifacts:                 raise ValueError(\"span references missing artifact\")             if (                 span.byte_end is not None                 and span.byte_end > artifacts[span.artifact_id].byte_length             ):                 raise ValueError(\"span exceeds artifact byte length\")         for item in self.evidence_list:             if item.occurrence_id not in requested or item.span_id not in spans:                 raise ValueError(\"evidence references missing occurrence or span\")         for candidate in self.candidates:             item = evidence.get(candidate.evidence_id)             if item is None or candidate.occurrence_id != item.occurrence_id:                 raise ValueError(\"candidate evidence attribution mismatch\")         used_candidates = []         used_artifacts = set()         for outcome in self.outcomes:             for cid in outcome.candidate_ids:                 if (                     cid not in candidates                     or candidates[cid].occurrence_id != outcome.occurrence_id                 ):                     raise ValueError(\"outcome candidate attribution mismatch\")                 used_candidates.append(cid)             used_artifacts.update(outcome.artifact_ids)         if _unique(used_candidates, \"output candidate\") != set(candidates):             raise ValueError(\"orphan or repeated candidate\")         if {c.evidence_id for c in self.candidates} != set(evidence):             raise ValueError(\"orphan evidence\")         if {e.span_id for e in self.evidence_list} != set(spans):             raise ValueError(\"orphan span\")         used_artifacts.update(s.artifact_id for s in self.spans)         if used_artifacts != set(artifacts):             raise ValueError(\"orphan or missing artifact\")         return self"
        },
        {
            "id": "Method:flowsint-core/src/flowsint_execution/acquisition.py:AcquisitionBundle.check_origin_digest#0",
            "name": "check_origin_digest",
            "filePath": "flowsint-core/src/flowsint_execution/acquisition.py",
            "nodeType": "Method",
            "startLine": 461,
            "endLine": 464,
            "content": "    def check_origin_digest(self):         if self.origin_digest != _digest(self):             raise ValueError(\"origin digest mismatch\")         return self"
        },
        {
            "id": "Class:flowsint-core/src/flowsint_execution/acquisition.py:ContractModel",
            "name": "ContractModel",
            "filePath": "flowsint-core/src/flowsint_execution/acquisition.py",
            "nodeType": "Class",
            "startLine": 63,
            "endLine": 70,
            "content": "class ContractModel(BaseModel):     model_config = ConfigDict(         extra=\"forbid\",         frozen=True,         strict=True,         allow_inf_nan=False,         revalidate_instances=\"always\",     )"
        },
        {
            "id": "Class:flowsint-core/src/flowsint_execution/acquisition.py:_BundlePayload",
            "name": "_BundlePayload",
            "filePath": "flowsint-core/src/flowsint_execution/acquisition.py",
            "nodeType": "Class",
            "startLine": 378,
            "endLine": 443,
            "content": "class _BundlePayload(ContractModel):     format_version: Literal[\"1.0\"] = FORMAT_VERSION     bundle_id: Identifier     request: AcquisitionRequest     created_at: Timestamp     outcomes: tuple[OccurrenceOutcome, ...]     actual_resources: Resources     artifacts: tuple[ArtifactReference, ...] = ()     spans: tuple[SpanReference, ...] = ()     evidence_list: tuple[EvidenceReference, ...] = ()     candidates: tuple[CandidateReference, ...] = ()     @model_validator(mode=\"after\")     def check_reference_graph(self):         requested = {i.occurrence_id for i in self.request.inputs}         if (             _unique((o.occurrence_id for o in self.outcomes), \"outcome occurrence\")             != requested         ):             raise ValueError(\"outcomes must cover every input occurrence exactly once\")         indexes = []         for records, key in (             (self.artifacts, \"artifact_id\"),             (self.spans, \"span_id\"),             (self.evidence_list, \"evidence_id\"),             (self.candidates, \"candidate_id\"),         ):             _unique((getattr(r, key) for r in records), key)             indexes.append({getattr(r, key): r for r in records})         artifacts, spans, evidence, candidates = indexes         for span in self.spans:             if span.artifact_id not in artifacts:                 raise ValueError(\"span references missing artifact\")             if (                 span.byte_end is not None                 and span.byte_end > artifacts[span.artifact_id].byte_length             ):                 raise ValueError(\"span exceeds artifact byte length\")         for item in self.evidence_list:             if item.occurrence_id not in requested or item.span_id not in spans:                 raise ValueError(\"evidence references missing occurrence or span\")         for candidate in self.candidates:             item = evidence.get(candidate.evidence_id)             if item is None or candidate.occurrence_id != item.occurrence_id:                 raise ValueError(\"candidate evidence attribution mismatch\")         used_candidates = []         used_artifacts = set()         for outcome in self.outcomes:             for cid in outcome.candidate_ids:                 if (                     cid not in candidates                     or candidates[cid].occurrence_id != outcome.occurrence_id                 ):                     raise ValueError(\"outcome candidate attribution mismatch\")                 used_candidates.append(cid)             used_artifacts.update(outcome.artifact_ids)         if _unique(used_candidates, \"output candidate\") != set(candidates):             raise ValueError(\"orphan or repeated candidate\")         if {c.evidence_id for c in self.candidates} != set(evidence):             raise ValueError(\"orphan evidence\")         if {e.span_id for e in self.evidence_list} != set(spans):             raise ValueError(\"orphan span\")         used_artifacts.update(s.artifact_id for s in self.spans)         if used_artifacts != set(artifacts):             raise ValueError(\"orphan or missing artifact\")         return self"
        }
    ],
    "edges": [
        {
            "from": "Class:flowsint-core/src/flowsint_execution/acquisition.py:AcquisitionBundle",
            "to": "Property:flowsint-core/src/flowsint_execution/acquisition.py:AcquisitionBundle.origin_digest",
            "type": "HAS_PROPERTY",
            "confidence": 1
        },
        {
            "from": "Class:flowsint-core/src/flowsint_execution/acquisition.py:AcquisitionBundle",
            "to": "Method:flowsint-core/src/flowsint_execution/acquisition.py:AcquisitionBundle.check_origin_digest#0",
            "type": "HAS_METHOD",
            "confidence": 1
        },
        {
            "from": "Class:flowsint-core/src/flowsint_execution/acquisition.py:AcquisitionBundle",
            "to": "Class:flowsint-core/src/flowsint_execution/acquisition.py:_BundlePayload",
            "type": "EXTENDS",
            "confidence": 0.85
        },
        {
            "from": "Class:flowsint-core/src/flowsint_execution/acquisition.py:_BundlePayload",
            "to": "Property:flowsint-core/src/flowsint_execution/acquisition.py:_BundlePayload.format_version",
            "type": "HAS_PROPERTY",
            "confidence": 1
        },
        {
            "from": "Class:flowsint-core/src/flowsint_execution/acquisition.py:_BundlePayload",
            "to": "Property:flowsint-core/src/flowsint_execution/acquisition.py:_BundlePayload.bundle_id",
            "type": "HAS_PROPERTY",
            "confidence": 1
        },
        {
            "from": "Class:flowsint-core/src/flowsint_execution/acquisition.py:_BundlePayload",
            "to": "Property:flowsint-core/src/flowsint_execution/acquisition.py:_BundlePayload.request",
            "type": "HAS_PROPERTY",
            "confidence": 1
        },
        {
            "from": "Class:flowsint-core/src/flowsint_execution/acquisition.py:_BundlePayload",
            "to": "Property:flowsint-core/src/flowsint_execution/acquisition.py:_BundlePayload.created_at",
            "type": "HAS_PROPERTY",
            "confidence": 1
        },
        {
            "from": "Class:flowsint-core/src/flowsint_execution/acquisition.py:_BundlePayload",
            "to": "Property:flowsint-core/src/flowsint_execution/acquisition.py:_BundlePayload.outcomes",
            "type": "HAS_PROPERTY",
            "confidence": 1
        },
        {
            "from": "Class:flowsint-core/src/flowsint_execution/acquisition.py:_BundlePayload",
            "to": "Property:flowsint-core/src/flowsint_execution/acquisition.py:_BundlePayload.actual_resources",
            "type": "HAS_PROPERTY",
            "confidence": 1
        },
        {
            "from": "Class:flowsint-core/src/flowsint_execution/acquisition.py:_BundlePayload",
            "to": "Property:flowsint-core/src/flowsint_execution/acquisition.py:_BundlePayload.artifacts",
            "type": "HAS_PROPERTY",
            "confidence": 1
        },
        {
            "from": "Class:flowsint-core/src/flowsint_execution/acquisition.py:_BundlePayload",
            "to": "Property:flowsint-core/src/flowsint_execution/acquisition.py:_BundlePayload.spans",
            "type": "HAS_PROPERTY",
            "confidence": 1
        },
        {
            "from": "Class:flowsint-core/src/flowsint_execution/acquisition.py:_BundlePayload",
            "to": "Property:flowsint-core/src/flowsint_execution/acquisition.py:_BundlePayload.evidence_list",
            "type": "HAS_PROPERTY",
            "confidence": 1
        },
        {
            "from": "Class:flowsint-core/src/flowsint_execution/acquisition.py:_BundlePayload",
            "to": "Property:flowsint-core/src/flowsint_execution/acquisition.py:_BundlePayload.candidates",
            "type": "HAS_PROPERTY",
            "confidence": 1
        },
        {
            "from": "Class:flowsint-core/src/flowsint_execution/acquisition.py:_BundlePayload",
            "to": "Method:flowsint-core/src/flowsint_execution/acquisition.py:_BundlePayload.check_reference_graph#0",
            "type": "HAS_METHOD",
            "confidence": 1
        },
        {
            "from": "Method:flowsint-core/src/flowsint_execution/acquisition.py:AcquisitionBundle.check_origin_digest#0",
            "to": "Function:flowsint-core/src/flowsint_execution/acquisition.py:_digest",
            "type": "CALLS",
            "confidence": 0.85
        },
        {
            "from": "Class:flowsint-core/src/flowsint_execution/acquisition.py:_BundlePayload",
            "to": "Class:flowsint-core/src/flowsint_execution/acquisition.py:ContractModel",
            "type": "EXTENDS",
            "confidence": 0.85
        },
        {
            "from": "Method:flowsint-core/src/flowsint_execution/acquisition.py:_BundlePayload.check_reference_graph#0",
            "to": "Function:flowsint-core/src/flowsint_execution/acquisition.py:_unique",
            "type": "CALLS",
            "confidence": 0.85
        },
        {
            "from": "Function:flowsint-core/src/flowsint_execution/acquisition.py:_digest",
            "to": "Function:flowsint-core/src/flowsint_execution/acquisition.py:_canonical",
            "type": "CALLS",
            "confidence": 0.85
        }
    ],
    "files": [
        {
            "filePath": "flowsint-core/src/flowsint_execution/acquisition.py",
            "count": 19,
            "symbols": [
                {
                    "id": "Class:flowsint-core/src/flowsint_execution/acquisition.py:AcquisitionBundle",
                    "name": "AcquisitionBundle",
                    "filePath": "flowsint-core/src/flowsint_execution/acquisition.py",
                    "nodeType": "Class",
                    "startLine": 457,
                    "endLine": 464,
                    "content": "class AcquisitionBundle(_BundlePayload):     origin_digest: Digest     @model_validator(mode=\"after\")     def check_origin_digest(self):         if self.origin_digest != _digest(self):             raise ValueError(\"origin digest mismatch\")         return self"
                },
                {
                    "id": "Function:flowsint-core/src/flowsint_execution/acquisition.py:_unique",
                    "name": "_unique",
                    "filePath": "flowsint-core/src/flowsint_execution/acquisition.py",
                    "nodeType": "Function",
                    "startLine": 86,
                    "endLine": 90,
                    "content": "def _unique(values, label):     values = tuple(values)     if len(values) != len(set(values)):         raise ValueError(\"duplicate \" + label)     return set(values)"
                },
                {
                    "id": "Function:flowsint-core/src/flowsint_execution/acquisition.py:_canonical",
                    "name": "_canonical",
                    "filePath": "flowsint-core/src/flowsint_execution/acquisition.py",
                    "nodeType": "Function",
                    "startLine": 446,
                    "endLine": 449,
                    "content": "def _canonical(data) -> str:     return json.dumps(         data, ensure_ascii=True, allow_nan=False, sort_keys=True, separators=(\",\", \":\")     )"
                },
                {
                    "id": "Function:flowsint-core/src/flowsint_execution/acquisition.py:_digest",
                    "name": "_digest",
                    "filePath": "flowsint-core/src/flowsint_execution/acquisition.py",
                    "nodeType": "Function",
                    "startLine": 452,
                    "endLine": 454,
                    "content": "def _digest(payload: _BundlePayload) -> str:     data = payload.model_dump(mode=\"json\", exclude={\"origin_digest\"}, warnings=\"error\")     return hashlib.sha256(_canonical(data).encode(\"utf-8\")).hexdigest()"
                },
                {
                    "id": "Property:flowsint-core/src/flowsint_execution/acquisition.py:_BundlePayload.format_version",
                    "name": "format_version",
                    "filePath": "flowsint-core/src/flowsint_execution/acquisition.py",
                    "nodeType": "Property",
                    "startLine": 379,
                    "endLine": 379,
                    "content": "    format_version: Literal[\"1.0\"] = FORMAT_VERSION"
                },
                {
                    "id": "Property:flowsint-core/src/flowsint_execution/acquisition.py:_BundlePayload.bundle_id",
                    "name": "bundle_id",
                    "filePath": "flowsint-core/src/flowsint_execution/acquisition.py",
                    "nodeType": "Property",
                    "startLine": 380,
                    "endLine": 380,
                    "content": "    bundle_id: Identifier"
                },
                {
                    "id": "Property:flowsint-core/src/flowsint_execution/acquisition.py:_BundlePayload.request",
                    "name": "request",
                    "filePath": "flowsint-core/src/flowsint_execution/acquisition.py",
                    "nodeType": "Property",
                    "startLine": 381,
                    "endLine": 381,
                    "content": "    request: AcquisitionRequest"
                },
                {
                    "id": "Property:flowsint-core/src/flowsint_execution/acquisition.py:_BundlePayload.created_at",
                    "name": "created_at",
                    "filePath": "flowsint-core/src/flowsint_execution/acquisition.py",
                    "nodeType": "Property",
                    "startLine": 382,
                    "endLine": 382,
                    "content": "    created_at: Timestamp"
                },
                {
                    "id": "Property:flowsint-core/src/flowsint_execution/acquisition.py:_BundlePayload.outcomes",
                    "name": "outcomes",
                    "filePath": "flowsint-core/src/flowsint_execution/acquisition.py",
                    "nodeType": "Property",
                    "startLine": 383,
                    "endLine": 383,
                    "content": "    outcomes: tuple[OccurrenceOutcome, ...]"
                },
                {
                    "id": "Property:flowsint-core/src/flowsint_execution/acquisition.py:_BundlePayload.actual_resources",
                    "name": "actual_resources",
                    "filePath": "flowsint-core/src/flowsint_execution/acquisition.py",
                    "nodeType": "Property",
                    "startLine": 384,
                    "endLine": 384,
                    "content": "    actual_resources: Resources"
                },
                {
                    "id": "Property:flowsint-core/src/flowsint_execution/acquisition.py:_BundlePayload.artifacts",
                    "name": "artifacts",
                    "filePath": "flowsint-core/src/flowsint_execution/acquisition.py",
                    "nodeType": "Property",
                    "startLine": 385,
                    "endLine": 385,
                    "content": "    artifacts: tuple[ArtifactReference, ...] = ()"
                },
                {
                    "id": "Property:flowsint-core/src/flowsint_execution/acquisition.py:_BundlePayload.spans",
                    "name": "spans",
                    "filePath": "flowsint-core/src/flowsint_execution/acquisition.py",
                    "nodeType": "Property",
                    "startLine": 386,
                    "endLine": 386,
                    "content": "    spans: tuple[SpanReference, ...] = ()"
                },
                {
                    "id": "Property:flowsint-core/src/flowsint_execution/acquisition.py:_BundlePayload.evidence_list",
                    "name": "evidence_list",
                    "filePath": "flowsint-core/src/flowsint_execution/acquisition.py",
                    "nodeType": "Property",
                    "startLine": 387,
                    "endLine": 387,
                    "content": "    evidence_list: tuple[EvidenceReference, ...] = ()"
                },
                {
                    "id": "Property:flowsint-core/src/flowsint_execution/acquisition.py:_BundlePayload.candidates",
                    "name": "candidates",
                    "filePath": "flowsint-core/src/flowsint_execution/acquisition.py",
                    "nodeType": "Property",
                    "startLine": 388,
                    "endLine": 388,
                    "content": "    candidates: tuple[CandidateReference, ...] = ()"
                },
                {
                    "id": "Property:flowsint-core/src/flowsint_execution/acquisition.py:AcquisitionBundle.origin_digest",
                    "name": "origin_digest",
                    "filePath": "flowsint-core/src/flowsint_execution/acquisition.py",
                    "nodeType": "Property",
                    "startLine": 458,
                    "endLine": 458,
                    "content": "    origin_digest: Digest"
                },
                {
                    "id": "Method:flowsint-core/src/flowsint_execution/acquisition.py:_BundlePayload.check_reference_graph#0",
                    "name": "check_reference_graph",
                    "filePath": "flowsint-core/src/flowsint_execution/acquisition.py",
                    "nodeType": "Method",
                    "startLine": 391,
                    "endLine": 443,
                    "content": "    def check_reference_graph(self):         requested = {i.occurrence_id for i in self.request.inputs}         if (             _unique((o.occurrence_id for o in self.outcomes), \"outcome occurrence\")             != requested         ):             raise ValueError(\"outcomes must cover every input occurrence exactly once\")         indexes = []         for records, key in (             (self.artifacts, \"artifact_id\"),             (self.spans, \"span_id\"),             (self.evidence_list, \"evidence_id\"),             (self.candidates, \"candidate_id\"),         ):             _unique((getattr(r, key) for r in records), key)             indexes.append({getattr(r, key): r for r in records})         artifacts, spans, evidence, candidates = indexes         for span in self.spans:             if span.artifact_id not in artifacts:                 raise ValueError(\"span references missing artifact\")             if (                 span.byte_end is not None                 and span.byte_end > artifacts[span.artifact_id].byte_length             ):                 raise ValueError(\"span exceeds artifact byte length\")         for item in self.evidence_list:             if item.occurrence_id not in requested or item.span_id not in spans:                 raise ValueError(\"evidence references missing occurrence or span\")         for candidate in self.candidates:             item = evidence.get(candidate.evidence_id)             if item is None or candidate.occurrence_id != item.occurrence_id:                 raise ValueError(\"candidate evidence attribution mismatch\")         used_candidates = []         used_artifacts = set()         for outcome in self.outcomes:             for cid in outcome.candidate_ids:                 if (                     cid not in candidates                     or candidates[cid].occurrence_id != outcome.occurrence_id                 ):                     raise ValueError(\"outcome candidate attribution mismatch\")                 used_candidates.append(cid)             used_artifacts.update(outcome.artifact_ids)         if _unique(used_candidates, \"output candidate\") != set(candidates):             raise ValueError(\"orphan or repeated candidate\")         if {c.evidence_id for c in self.candidates} != set(evidence):             raise ValueError(\"orphan evidence\")         if {e.span_id for e in self.evidence_list} != set(spans):             raise ValueError(\"orphan span\")         used_artifacts.update(s.artifact_id for s in self.spans)         if used_artifacts != set(artifacts):             raise ValueError(\"orphan or missing artifact\")         return self"
                },
                {
                    "id": "Method:flowsint-core/src/flowsint_execution/acquisition.py:AcquisitionBundle.check_origin_digest#0",
                    "name": "check_origin_digest",
                    "filePath": "flowsint-core/src/flowsint_execution/acquisition.py",
                    "nodeType": "Method",
                    "startLine": 461,
                    "endLine": 464,
                    "content": "    def check_origin_digest(self):         if self.origin_digest != _digest(self):             raise ValueError(\"origin digest mismatch\")         return self"
                },
                {
                    "id": "Class:flowsint-core/src/flowsint_execution/acquisition.py:ContractModel",
                    "name": "ContractModel",
                    "filePath": "flowsint-core/src/flowsint_execution/acquisition.py",
                    "nodeType": "Class",
                    "startLine": 63,
                    "endLine": 70,
                    "content": "class ContractModel(BaseModel):     model_config = ConfigDict(         extra=\"forbid\",         frozen=True,         strict=True,         allow_inf_nan=False,         revalidate_instances=\"always\",     )"
                },
                {
                    "id": "Class:flowsint-core/src/flowsint_execution/acquisition.py:_BundlePayload",
                    "name": "_BundlePayload",
                    "filePath": "flowsint-core/src/flowsint_execution/acquisition.py",
                    "nodeType": "Class",
                    "startLine": 378,
                    "endLine": 443,
                    "content": "class _BundlePayload(ContractModel):     format_version: Literal[\"1.0\"] = FORMAT_VERSION     bundle_id: Identifier     request: AcquisitionRequest     created_at: Timestamp     outcomes: tuple[OccurrenceOutcome, ...]     actual_resources: Resources     artifacts: tuple[ArtifactReference, ...] = ()     spans: tuple[SpanReference, ...] = ()     evidence_list: tuple[EvidenceReference, ...] = ()     candidates: tuple[CandidateReference, ...] = ()     @model_validator(mode=\"after\")     def check_reference_graph(self):         requested = {i.occurrence_id for i in self.request.inputs}         if (             _unique((o.occurrence_id for o in self.outcomes), \"outcome occurrence\")             != requested         ):             raise ValueError(\"outcomes must cover every input occurrence exactly once\")         indexes = []         for records, key in (             (self.artifacts, \"artifact_id\"),             (self.spans, \"span_id\"),             (self.evidence_list, \"evidence_id\"),             (self.candidates, \"candidate_id\"),         ):             _unique((getattr(r, key) for r in records), key)             indexes.append({getattr(r, key): r for r in records})         artifacts, spans, evidence, candidates = indexes         for span in self.spans:             if span.artifact_id not in artifacts:                 raise ValueError(\"span references missing artifact\")             if (                 span.byte_end is not None                 and span.byte_end > artifacts[span.artifact_id].byte_length             ):                 raise ValueError(\"span exceeds artifact byte length\")         for item in self.evidence_list:             if item.occurrence_id not in requested or item.span_id not in spans:                 raise ValueError(\"evidence references missing occurrence or span\")         for candidate in self.candidates:             item = evidence.get(candidate.evidence_id)             if item is None or candidate.occurrence_id != item.occurrence_id:                 raise ValueError(\"candidate evidence attribution mismatch\")         used_candidates = []         used_artifacts = set()         for outcome in self.outcomes:             for cid in outcome.candidate_ids:                 if (                     cid not in candidates                     or candidates[cid].occurrence_id != outcome.occurrence_id                 ):                     raise ValueError(\"outcome candidate attribution mismatch\")                 used_candidates.append(cid)             used_artifacts.update(outcome.artifact_ids)         if _unique(used_candidates, \"output candidate\") != set(candidates):             raise ValueError(\"orphan or repeated candidate\")         if {c.evidence_id for c in self.candidates} != set(evidence):             raise ValueError(\"orphan evidence\")         if {e.span_id for e in self.evidence_list} != set(spans):             raise ValueError(\"orphan span\")         used_artifacts.update(s.artifact_id for s in self.spans)         if used_artifacts != set(artifacts):             raise ValueError(\"orphan or missing artifact\")         return self"
                }
            ]
        }
    ],
    "affected_modules": [
        {
            "name": "flowsint-core",
            "direct": true,
            "symbolCount": 18
        }
    ],
    "affected_processes": [],
    "byDepth": {
        "d=1": {
            "depth": 1,
            "label": "WILL BREAK",
            "symbols": [
                {
                    "id": "Property:flowsint-core/src/flowsint_execution/acquisition.py:AcquisitionBundle.origin_digest",
                    "name": "origin_digest",
                    "filePath": "flowsint-core/src/flowsint_execution/acquisition.py",
                    "nodeType": "Property",
                    "startLine": 458,
                    "endLine": 458,
                    "content": "    origin_digest: Digest"
                },
                {
                    "id": "Method:flowsint-core/src/flowsint_execution/acquisition.py:AcquisitionBundle.check_origin_digest#0",
                    "name": "check_origin_digest",
                    "filePath": "flowsint-core/src/flowsint_execution/acquisition.py",
                    "nodeType": "Method",
                    "startLine": 461,
                    "endLine": 464,
                    "content": "    def check_origin_digest(self):         if self.origin_digest != _digest(self):             raise ValueError(\"origin digest mismatch\")         return self"
                },
                {
                    "id": "Class:flowsint-core/src/flowsint_execution/acquisition.py:_BundlePayload",
                    "name": "_BundlePayload",
                    "filePath": "flowsint-core/src/flowsint_execution/acquisition.py",
                    "nodeType": "Class",
                    "startLine": 378,
                    "endLine": 443,
                    "content": "class _BundlePayload(ContractModel):     format_version: Literal[\"1.0\"] = FORMAT_VERSION     bundle_id: Identifier     request: AcquisitionRequest     created_at: Timestamp     outcomes: tuple[OccurrenceOutcome, ...]     actual_resources: Resources     artifacts: tuple[ArtifactReference, ...] = ()     spans: tuple[SpanReference, ...] = ()     evidence_list: tuple[EvidenceReference, ...] = ()     candidates: tuple[CandidateReference, ...] = ()     @model_validator(mode=\"after\")     def check_reference_graph(self):         requested = {i.occurrence_id for i in self.request.inputs}         if (             _unique((o.occurrence_id for o in self.outcomes), \"outcome occurrence\")             != requested         ):             raise ValueError(\"outcomes must cover every input occurrence exactly once\")         indexes = []         for records, key in (             (self.artifacts, \"artifact_id\"),             (self.spans, \"span_id\"),             (self.evidence_list, \"evidence_id\"),             (self.candidates, \"candidate_id\"),         ):             _unique((getattr(r, key) for r in records), key)             indexes.append({getattr(r, key): r for r in records})         artifacts, spans, evidence, candidates = indexes         for span in self.spans:             if span.artifact_id not in artifacts:                 raise ValueError(\"span references missing artifact\")             if (                 span.byte_end is not None                 and span.byte_end > artifacts[span.artifact_id].byte_length             ):                 raise ValueError(\"span exceeds artifact byte length\")         for item in self.evidence_list:             if item.occurrence_id not in requested or item.span_id not in spans:                 raise ValueError(\"evidence references missing occurrence or span\")         for candidate in self.candidates:             item = evidence.get(candidate.evidence_id)             if item is None or candidate.occurrence_id != item.occurrence_id:                 raise ValueError(\"candidate evidence attribution mismatch\")         used_candidates = []         used_artifacts = set()         for outcome in self.outcomes:             for cid in outcome.candidate_ids:                 if (                     cid not in candidates                     or candidates[cid].occurrence_id != outcome.occurrence_id                 ):                     raise ValueError(\"outcome candidate attribution mismatch\")                 used_candidates.append(cid)             used_artifacts.update(outcome.artifact_ids)         if _unique(used_candidates, \"output candidate\") != set(candidates):             raise ValueError(\"orphan or repeated candidate\")         if {c.evidence_id for c in self.candidates} != set(evidence):             raise ValueError(\"orphan evidence\")         if {e.span_id for e in self.evidence_list} != set(spans):             raise ValueError(\"orphan span\")         used_artifacts.update(s.artifact_id for s in self.spans)         if used_artifacts != set(artifacts):             raise ValueError(\"orphan or missing artifact\")         return self"
                }
            ]
        },
        "d=2": {
            "depth": 2,
            "label": "LIKELY AFFECTED",
            "symbols": [
                {
                    "id": "Property:flowsint-core/src/flowsint_execution/acquisition.py:_BundlePayload.format_version",
                    "name": "format_version",
                    "filePath": "flowsint-core/src/flowsint_execution/acquisition.py",
                    "nodeType": "Property",
                    "startLine": 379,
                    "endLine": 379,
                    "content": "    format_version: Literal[\"1.0\"] = FORMAT_VERSION"
                },
                {
                    "id": "Property:flowsint-core/src/flowsint_execution/acquisition.py:_BundlePayload.bundle_id",
                    "name": "bundle_id",
                    "filePath": "flowsint-core/src/flowsint_execution/acquisition.py",
                    "nodeType": "Property",
                    "startLine": 380,
                    "endLine": 380,
                    "content": "    bundle_id: Identifier"
                },
                {
                    "id": "Property:flowsint-core/src/flowsint_execution/acquisition.py:_BundlePayload.request",
                    "name": "request",
                    "filePath": "flowsint-core/src/flowsint_execution/acquisition.py",
                    "nodeType": "Property",
                    "startLine": 381,
                    "endLine": 381,
                    "content": "    request: AcquisitionRequest"
                },
                {
                    "id": "Property:flowsint-core/src/flowsint_execution/acquisition.py:_BundlePayload.created_at",
                    "name": "created_at",
                    "filePath": "flowsint-core/src/flowsint_execution/acquisition.py",
                    "nodeType": "Property",
                    "startLine": 382,
                    "endLine": 382,
                    "content": "    created_at: Timestamp"
                },
                {
                    "id": "Property:flowsint-core/src/flowsint_execution/acquisition.py:_BundlePayload.outcomes",
                    "name": "outcomes",
                    "filePath": "flowsint-core/src/flowsint_execution/acquisition.py",
                    "nodeType": "Property",
                    "startLine": 383,
                    "endLine": 383,
                    "content": "    outcomes: tuple[OccurrenceOutcome, ...]"
                },
                {
                    "id": "Property:flowsint-core/src/flowsint_execution/acquisition.py:_BundlePayload.actual_resources",
                    "name": "actual_resources",
                    "filePath": "flowsint-core/src/flowsint_execution/acquisition.py",
                    "nodeType": "Property",
                    "startLine": 384,
                    "endLine": 384,
                    "content": "    actual_resources: Resources"
                },
                {
                    "id": "Property:flowsint-core/src/flowsint_execution/acquisition.py:_BundlePayload.artifacts",
                    "name": "artifacts",
                    "filePath": "flowsint-core/src/flowsint_execution/acquisition.py",
                    "nodeType": "Property",
                    "startLine": 385,
                    "endLine": 385,
                    "content": "    artifacts: tuple[ArtifactReference, ...] = ()"
                },
                {
                    "id": "Property:flowsint-core/src/flowsint_execution/acquisition.py:_BundlePayload.spans",
                    "name": "spans",
                    "filePath": "flowsint-core/src/flowsint_execution/acquisition.py",
                    "nodeType": "Property",
                    "startLine": 386,
                    "endLine": 386,
                    "content": "    spans: tuple[SpanReference, ...] = ()"
                },
                {
                    "id": "Property:flowsint-core/src/flowsint_execution/acquisition.py:_BundlePayload.evidence_list",
                    "name": "evidence_list",
                    "filePath": "flowsint-core/src/flowsint_execution/acquisition.py",
                    "nodeType": "Property",
                    "startLine": 387,
                    "endLine": 387,
                    "content": "    evidence_list: tuple[EvidenceReference, ...] = ()"
                },
                {
                    "id": "Property:flowsint-core/src/flowsint_execution/acquisition.py:_BundlePayload.candidates",
                    "name": "candidates",
                    "filePath": "flowsint-core/src/flowsint_execution/acquisition.py",
                    "nodeType": "Property",
                    "startLine": 388,
                    "endLine": 388,
                    "content": "    candidates: tuple[CandidateReference, ...] = ()"
                },
                {
                    "id": "Method:flowsint-core/src/flowsint_execution/acquisition.py:_BundlePayload.check_reference_graph#0",
                    "name": "check_reference_graph",
                    "filePath": "flowsint-core/src/flowsint_execution/acquisition.py",
                    "nodeType": "Method",
                    "startLine": 391,
                    "endLine": 443,
                    "content": "    def check_reference_graph(self):         requested = {i.occurrence_id for i in self.request.inputs}         if (             _unique((o.occurrence_id for o in self.outcomes), \"outcome occurrence\")             != requested         ):             raise ValueError(\"outcomes must cover every input occurrence exactly once\")         indexes = []         for records, key in (             (self.artifacts, \"artifact_id\"),             (self.spans, \"span_id\"),             (self.evidence_list, \"evidence_id\"),             (self.candidates, \"candidate_id\"),         ):             _unique((getattr(r, key) for r in records), key)             indexes.append({getattr(r, key): r for r in records})         artifacts, spans, evidence, candidates = indexes         for span in self.spans:             if span.artifact_id not in artifacts:                 raise ValueError(\"span references missing artifact\")             if (                 span.byte_end is not None                 and span.byte_end > artifacts[span.artifact_id].byte_length             ):                 raise ValueError(\"span exceeds artifact byte length\")         for item in self.evidence_list:             if item.occurrence_id not in requested or item.span_id not in spans:                 raise ValueError(\"evidence references missing occurrence or span\")         for candidate in self.candidates:             item = evidence.get(candidate.evidence_id)             if item is None or candidate.occurrence_id != item.occurrence_id:                 raise ValueError(\"candidate evidence attribution mismatch\")         used_candidates = []         used_artifacts = set()         for outcome in self.outcomes:             for cid in outcome.candidate_ids:                 if (                     cid not in candidates                     or candidates[cid].occurrence_id != outcome.occurrence_id                 ):                     raise ValueError(\"outcome candidate attribution mismatch\")                 used_candidates.append(cid)             used_artifacts.update(outcome.artifact_ids)         if _unique(used_candidates, \"output candidate\") != set(candidates):             raise ValueError(\"orphan or repeated candidate\")         if {c.evidence_id for c in self.candidates} != set(evidence):             raise ValueError(\"orphan evidence\")         if {e.span_id for e in self.evidence_list} != set(spans):             raise ValueError(\"orphan span\")         used_artifacts.update(s.artifact_id for s in self.spans)         if used_artifacts != set(artifacts):             raise ValueError(\"orphan or missing artifact\")         return self"
                },
                {
                    "id": "Function:flowsint-core/src/flowsint_execution/acquisition.py:_digest",
                    "name": "_digest",
                    "filePath": "flowsint-core/src/flowsint_execution/acquisition.py",
                    "nodeType": "Function",
                    "startLine": 452,
                    "endLine": 454,
                    "content": "def _digest(payload: _BundlePayload) -> str:     data = payload.model_dump(mode=\"json\", exclude={\"origin_digest\"}, warnings=\"error\")     return hashlib.sha256(_canonical(data).encode(\"utf-8\")).hexdigest()"
                },
                {
                    "id": "Class:flowsint-core/src/flowsint_execution/acquisition.py:ContractModel",
                    "name": "ContractModel",
                    "filePath": "flowsint-core/src/flowsint_execution/acquisition.py",
                    "nodeType": "Class",
                    "startLine": 63,
                    "endLine": 70,
                    "content": "class ContractModel(BaseModel):     model_config = ConfigDict(         extra=\"forbid\",         frozen=True,         strict=True,         allow_inf_nan=False,         revalidate_instances=\"always\",     )"
                }
            ]
        },
        "d=3": {
            "depth": 3,
            "label": "MAY NEED TESTING",
            "symbols": [
                {
                    "id": "Function:flowsint-core/src/flowsint_execution/acquisition.py:_unique",
                    "name": "_unique",
                    "filePath": "flowsint-core/src/flowsint_execution/acquisition.py",
                    "nodeType": "Function",
                    "startLine": 86,
                    "endLine": 90,
                    "content": "def _unique(values, label):     values = tuple(values)     if len(values) != len(set(values)):         raise ValueError(\"duplicate \" + label)     return set(values)"
                },
                {
                    "id": "Function:flowsint-core/src/flowsint_execution/acquisition.py:_canonical",
                    "name": "_canonical",
                    "filePath": "flowsint-core/src/flowsint_execution/acquisition.py",
                    "nodeType": "Function",
                    "startLine": 446,
                    "endLine": 449,
                    "content": "def _canonical(data) -> str:     return json.dumps(         data, ensure_ascii=True, allow_nan=False, sort_keys=True, separators=(\",\", \":\")     )"
                }
            ]
        }
    },
    "summary": {
        "cwd": "/home/n4s5ti/Documents/dev/fl0sint-def45-extraction",
        "rootPath": "/home/n4s5ti/Documents/dev/fl0sint-def45-extraction",
        "repo": "fl0sint-def45-extraction",
        "lbugPath": "/home/n4s5ti/Documents/dev/fl0sint-def45-extraction/.gitnexus/lbug",
        "symbol": "flowsint-core/src/flowsint_execution/acquisition.py:AcquisitionBundle",
        "rootSymbols": 1,
        "totalSymbols": 19,
        "totalEdges": 18,
        "filesMatched": 1,
        "truncated": false,
        "direct": 3,
        "processes": 0,
        "modules": 1
    },
    "warnings": [],
    "completeness": "complete",
    "completenessReasons": [],
    "indexStatus": "ready"
}
