{
    "symbol": "flowsint-core/src/flowsint_core/core/enricher_base.py:create_relationship",
    "repo": "fl0sint-def45-extraction",
    "lbugPath": "/home/n4s5ti/Documents/dev/fl0sint-def45-extraction/.gitnexus/lbug",
    "rootPath": "/home/n4s5ti/Documents/dev/fl0sint-def45-extraction",
    "direction": "downstream",
    "risk": "LOW",
    "target": {
        "id": "Method:flowsint-core/src/flowsint_core/core/enricher_base.py:Enricher.create_relationship#3",
        "name": "create_relationship",
        "filePath": "flowsint-core/src/flowsint_core/core/enricher_base.py",
        "nodeType": "Method",
        "startLine": 678,
        "endLine": 700,
        "content": "    def create_relationship(         self,         from_obj,         to_obj,         rel_label=\"IS_RELATED_TO\",     ) -> None:         \"\"\"         Create a relationship between two nodes.         Best Practice - Use Pydantic objects directly:             ```python             self.create_relationship(individual, domain, \"HAS_DOMAIN\")             self.create_relationship(email, breach, \"FOUND_IN_BREACH\")             ```         Args:             from_obj: Either a Pydantic object (source) or source node label             to_obj: Either a Pydantic object (target) or source node key property             rel_label: Either relationship type (Pydantic) or source node key value         \"\"\"         self._graph_service.create_relationship(             from_obj=from_obj, to_obj=to_obj, rel_label=rel_label         )"
    },
    "symbols": [
        {
            "id": "Method:flowsint-core/src/flowsint_core/core/enricher_base.py:Enricher.create_relationship#3",
            "name": "create_relationship",
            "filePath": "flowsint-core/src/flowsint_core/core/enricher_base.py",
            "nodeType": "Method",
            "startLine": 678,
            "endLine": 700,
            "content": "    def create_relationship(         self,         from_obj,         to_obj,         rel_label=\"IS_RELATED_TO\",     ) -> None:         \"\"\"         Create a relationship between two nodes.         Best Practice - Use Pydantic objects directly:             ```python             self.create_relationship(individual, domain, \"HAS_DOMAIN\")             self.create_relationship(email, breach, \"FOUND_IN_BREACH\")             ```         Args:             from_obj: Either a Pydantic object (source) or source node label             to_obj: Either a Pydantic object (target) or source node key property             rel_label: Either relationship type (Pydantic) or source node key value         \"\"\"         self._graph_service.create_relationship(             from_obj=from_obj, to_obj=to_obj, rel_label=rel_label         )"
        }
    ],
    "edges": [],
    "files": [
        {
            "filePath": "flowsint-core/src/flowsint_core/core/enricher_base.py",
            "count": 1,
            "symbols": [
                {
                    "id": "Method:flowsint-core/src/flowsint_core/core/enricher_base.py:Enricher.create_relationship#3",
                    "name": "create_relationship",
                    "filePath": "flowsint-core/src/flowsint_core/core/enricher_base.py",
                    "nodeType": "Method",
                    "startLine": 678,
                    "endLine": 700,
                    "content": "    def create_relationship(         self,         from_obj,         to_obj,         rel_label=\"IS_RELATED_TO\",     ) -> None:         \"\"\"         Create a relationship between two nodes.         Best Practice - Use Pydantic objects directly:             ```python             self.create_relationship(individual, domain, \"HAS_DOMAIN\")             self.create_relationship(email, breach, \"FOUND_IN_BREACH\")             ```         Args:             from_obj: Either a Pydantic object (source) or source node label             to_obj: Either a Pydantic object (target) or source node key property             rel_label: Either relationship type (Pydantic) or source node key value         \"\"\"         self._graph_service.create_relationship(             from_obj=from_obj, to_obj=to_obj, rel_label=rel_label         )"
                }
            ]
        }
    ],
    "affected_modules": [],
    "affected_processes": [],
    "byDepth": {},
    "summary": {
        "cwd": "/home/n4s5ti/Documents/dev/fl0sint-def45-extraction",
        "rootPath": "/home/n4s5ti/Documents/dev/fl0sint-def45-extraction",
        "repo": "fl0sint-def45-extraction",
        "lbugPath": "/home/n4s5ti/Documents/dev/fl0sint-def45-extraction/.gitnexus/lbug",
        "symbol": "flowsint-core/src/flowsint_core/core/enricher_base.py:create_relationship",
        "rootSymbols": 1,
        "totalSymbols": 1,
        "totalEdges": 0,
        "filesMatched": 1,
        "truncated": false,
        "direct": 0,
        "processes": 0,
        "modules": 0
    },
    "warnings": [],
    "completeness": "complete",
    "completenessReasons": [],
    "indexStatus": "ready"
}
