{
    "symbol": "flowsint-enrichers/src/flowsint_enrichers/website/to_text.py:execute_structured",
    "repo": "fl0sint-def45-extraction",
    "lbugPath": "/home/n4s5ti/Documents/dev/fl0sint-def45-extraction/.gitnexus/lbug",
    "rootPath": "/home/n4s5ti/Documents/dev/fl0sint-def45-extraction",
    "direction": "upstream",
    "risk": "HIGH",
    "target": {
        "id": "Method:flowsint-enrichers/src/flowsint_enrichers/website/to_text.py:WebsiteToText.execute_structured#1",
        "name": "execute_structured",
        "filePath": "flowsint-enrichers/src/flowsint_enrichers/website/to_text.py",
        "nodeType": "Method",
        "startLine": 526,
        "endLine": 617,
        "content": "    async def execute_structured(self, values: List[Any]):         outcomes: list[InputOutcome | None] = [None] * len(values)         if self.name() != \"enricher_orchestrator\":             Logger.info(self.sketch_id, {\"message\": f\"Enricher {self.name()} started.\"})         try:             await self.async_init()         except asyncio.CancelledError:             outcomes = [                 InputOutcome(                     input_ref=canonical_input_hash(v),                     status=OutcomeStatus.HOLD,                     diagnostic=self._diagnostic(                         \"cancelled\", \"The operation was cancelled before completion.\"                     ),                 )                 for v in values             ]         except Exception as error:             diagnostic = self._classify_structured_exception(error)             outcomes = [                 InputOutcome(                     input_ref=canonical_input_hash(v),                     status=OutcomeStatus.FAILURE,                     diagnostic=diagnostic,                 )                 for v in values             ]         else:             adapter, field = self._input_validation_context()             specs = []             for index, value in enumerate(values):                 try:                     source = self._validate_single_input(                         value, adapter=adapter, primary_field=field                     )                 except Exception as error:                     outcomes[index] = InputOutcome(                         input_ref=canonical_input_hash(value),                         status=OutcomeStatus.FAILURE,                         diagnostic=self._classify_structured_exception(error),                     )                 else:                     specs.append((index, source, canonical_input_hash(value)))             try:                 occurrences = await self._scan_occurrence_specs(specs)                 self.postprocess(occurrences)             except asyncio.CancelledError:                 for index, value in enumerate(values):                     if outcomes[index] is None:                         outcomes[index] = InputOutcome(                             input_ref=canonical_input_hash(value),                             status=OutcomeStatus.HOLD,                             diagnostic=self._diagnostic(                                 \"cancelled\",                                 \"The operation was cancelled before completion.\",                             ),                         )             except Exception as error:                 diagnostic = self._classify_structured_exception(error)                 for index, value in enumerate(values):                     if outcomes[index] is None:                         outcomes[index] = InputOutcome(                             input_ref=canonical_input_hash(value),                             status=OutcomeStatus.FAILURE,                             diagnostic=diagnostic,                         )             else:                 for occurrence in occurrences:                     outcomes[occurrence.index] = occurrence.to_input_outcome()         try:             self._graph_service.flush()         except Exception:             Logger.error(                 self.sketch_id,                 {\"message\": f\"Enricher {self.name()} graph flush failed.\"},             )         final = tuple(             outcome             or InputOutcome(                 input_ref=canonical_input_hash(values[index]),                 status=OutcomeStatus.FAILURE,                 diagnostic=self._diagnostic(                     \"unexpected_error\", \"Processing ended without a terminal outcome.\"                 ),             )             for index, outcome in enumerate(outcomes)         )         if self.name() != \"enricher_orchestrator\":             Logger.completed(                 self.sketch_id, {\"message\": f\"Enricher {self.name()} finished.\"}             )         return StructuredExecutionResult(enricher_name=self.name(), outcomes=final)"
    },
    "symbols": [
        {
            "id": "Method:flowsint-enrichers/src/flowsint_enrichers/website/to_text.py:WebsiteToText.execute_structured#1",
            "name": "execute_structured",
            "filePath": "flowsint-enrichers/src/flowsint_enrichers/website/to_text.py",
            "nodeType": "Method",
            "startLine": 526,
            "endLine": 617,
            "content": "    async def execute_structured(self, values: List[Any]):         outcomes: list[InputOutcome | None] = [None] * len(values)         if self.name() != \"enricher_orchestrator\":             Logger.info(self.sketch_id, {\"message\": f\"Enricher {self.name()} started.\"})         try:             await self.async_init()         except asyncio.CancelledError:             outcomes = [                 InputOutcome(                     input_ref=canonical_input_hash(v),                     status=OutcomeStatus.HOLD,                     diagnostic=self._diagnostic(                         \"cancelled\", \"The operation was cancelled before completion.\"                     ),                 )                 for v in values             ]         except Exception as error:             diagnostic = self._classify_structured_exception(error)             outcomes = [                 InputOutcome(                     input_ref=canonical_input_hash(v),                     status=OutcomeStatus.FAILURE,                     diagnostic=diagnostic,                 )                 for v in values             ]         else:             adapter, field = self._input_validation_context()             specs = []             for index, value in enumerate(values):                 try:                     source = self._validate_single_input(                         value, adapter=adapter, primary_field=field                     )                 except Exception as error:                     outcomes[index] = InputOutcome(                         input_ref=canonical_input_hash(value),                         status=OutcomeStatus.FAILURE,                         diagnostic=self._classify_structured_exception(error),                     )                 else:                     specs.append((index, source, canonical_input_hash(value)))             try:                 occurrences = await self._scan_occurrence_specs(specs)                 self.postprocess(occurrences)             except asyncio.CancelledError:                 for index, value in enumerate(values):                     if outcomes[index] is None:                         outcomes[index] = InputOutcome(                             input_ref=canonical_input_hash(value),                             status=OutcomeStatus.HOLD,                             diagnostic=self._diagnostic(                                 \"cancelled\",                                 \"The operation was cancelled before completion.\",                             ),                         )             except Exception as error:                 diagnostic = self._classify_structured_exception(error)                 for index, value in enumerate(values):                     if outcomes[index] is None:                         outcomes[index] = InputOutcome(                             input_ref=canonical_input_hash(value),                             status=OutcomeStatus.FAILURE,                             diagnostic=diagnostic,                         )             else:                 for occurrence in occurrences:                     outcomes[occurrence.index] = occurrence.to_input_outcome()         try:             self._graph_service.flush()         except Exception:             Logger.error(                 self.sketch_id,                 {\"message\": f\"Enricher {self.name()} graph flush failed.\"},             )         final = tuple(             outcome             or InputOutcome(                 input_ref=canonical_input_hash(values[index]),                 status=OutcomeStatus.FAILURE,                 diagnostic=self._diagnostic(                     \"unexpected_error\", \"Processing ended without a terminal outcome.\"                 ),             )             for index, outcome in enumerate(outcomes)         )         if self.name() != \"enricher_orchestrator\":             Logger.completed(                 self.sketch_id, {\"message\": f\"Enricher {self.name()} finished.\"}             )         return StructuredExecutionResult(enricher_name=self.name(), outcomes=final)"
        },
        {
            "id": "Function:docs/audits/DEF-42/recovery/raw/def42-mutate.py:drop_failed",
            "name": "drop_failed",
            "filePath": "docs/audits/DEF-42/recovery/raw/def42-mutate.py",
            "nodeType": "Function",
            "startLine": 17,
            "endLine": 19,
            "content": " async def drop_failed(self,values):   result=await original(self,values)   return result.model_copy(update={'outcomes':tuple(o for o in result.outcomes if o.status is m.OutcomeStatus.SUCCESS)})"
        },
        {
            "id": "Function:flowsint-enrichers/tests/enrichers/test_website_to_text.py:test_live_and_saved_paths_share_observation_result",
            "name": "test_live_and_saved_paths_share_observation_result",
            "filePath": "flowsint-enrichers/tests/enrichers/test_website_to_text.py",
            "nodeType": "Function",
            "startLine": 219,
            "endLine": 240,
            "content": "async def test_live_and_saved_paths_share_observation_result(tmp_path, monkeypatch):     config = _runtime_config(tmp_path)     monkeypatch.setenv(\"FLOWSINT_ARTIFACT_RUNTIME_CONFIG\", str(config))     monkeypatch.setattr(\"flowsint_enrichers.website.to_text.Logger\", _SilentLogger)     monkeypatch.setattr(\"flowsint_core.core.enricher_base.Logger\", _SilentLogger)     body = '<a href=\"?page=2\">next</a><p>info@example.test</p>'     _patch_transport(monkeypatch, lambda _request: httpx.Response(200, text=body))     enricher = WebsiteToText(sketch_id=\"parity\", params_schema=[], params={}, graph_service=_RecordingGraph())     live = await enricher.execute_structured([Website(url=\"https://runtime.example/final?view=full\")])     outcome = live.outcomes[0]     metadata = outcome.metadata[0]     proof_value = outcome.evidence[0].artifact_reference     proof = decode_source_proof(proof_value)     state, saved = await resolve_and_extract_observations(         proof_value, caller_id=\"website-to-text\", scope=\"local-web-fetch\", source_family=\"http\",         operation_id=proof.context.operation_id, occurrence_id=proof.context.occurrence_id, config_path=config,     )     assert state is ArtifactState.AVAILABLE and saved is not None     assert metadata.format_version == \"observed-extraction/1.0\"     assert parse_observed_extraction_metadata(metadata) == saved     assert [item[\"observation_id\"] for item in metadata.payload[\"observations\"]] == [item.observation_id for item in saved.observations]     assert all(item[\"execution_state\"] == \"not_executable\" for item in metadata.payload[\"observations\"])"
        },
        {
            "id": "Function:flowsint-enrichers/tests/enrichers/test_website_to_text.py:test_missing_reviewed_retention_holds_structured_and_legacy_raises",
            "name": "test_missing_reviewed_retention_holds_structured_and_legacy_raises",
            "filePath": "flowsint-enrichers/tests/enrichers/test_website_to_text.py",
            "nodeType": "Function",
            "startLine": 244,
            "endLine": 253,
            "content": "async def test_missing_reviewed_retention_holds_structured_and_legacy_raises(monkeypatch):     monkeypatch.setattr(\"flowsint_enrichers.website.to_text.Logger\", _SilentLogger)     monkeypatch.setattr(\"flowsint_core.core.enricher_base.Logger\", _SilentLogger)     _patch_transport(monkeypatch, lambda _request: httpx.Response(200, text=\"consumed body\"))     enricher = WebsiteToText(sketch_id=\"hold-test\", params_schema=[], params={}, graph_service=_RecordingGraph())     structured = await enricher.execute_structured([Website(url=\"https://held.example\")])     assert structured.outcomes[0].status is OutcomeStatus.HOLD     assert structured.outcomes[0].outputs == ()     with pytest.raises(WebsiteFetchError, match=\"retention_policy_unavailable\"):         await enricher.execute([Website(url=\"https://held-again.example\")])"
        },
        {
            "id": "Class:docs/audits/DEF-42/recovery/review/attack_def42.py:OneToMany",
            "name": "OneToMany",
            "filePath": "docs/audits/DEF-42/recovery/review/attack_def42.py",
            "nodeType": "Class",
            "startLine": 38,
            "endLine": 40,
            "content": "class OneToMany(WebsiteToText):     def _outputs_from_text(self, text):         return (Phrase(text=f\"{text}:1\"), Phrase(text=f\"{text}:2\"))"
        },
        {
            "id": "Class:flowsint-enrichers/src/flowsint_enrichers/website/to_text.py:WebsiteToText",
            "name": "WebsiteToText",
            "filePath": "flowsint-enrichers/src/flowsint_enrichers/website/to_text.py",
            "nodeType": "Class",
            "startLine": 122,
            "endLine": 617,
            "content": "class WebsiteToText(Enricher):     \"\"\"Extract readable text using locally scoped admitted async HTTP.\"\"\"     InputType = Website     OutputType = Phrase     def __init__(self, *args, artifact_store: FilesystemArtifactStore | None = None,                  retention_authority: RetentionAuthority | None = None,                  runtime_config: str | PathLike[str] | None = None, **kwargs):         super().__init__(*args, **kwargs)         self._artifact_store = artifact_store         self._retention_authority = retention_authority         self._runtime_config = runtime_config     @classmethod     def name(cls):         return \"website_to_text\"     @classmethod     def category(cls):         return \"Website\"     @classmethod     def key(cls):         return \"website\"     @classmethod     def get_params_schema(cls) -> List[Dict[str, Any]]:         return [             {                 \"name\": \"enable_quic\",                 \"type\": \"bool\",                 \"default\": False,                 \"label\": \"Enable QUIC/HTTP3 probe\",                 \"description\": \"Legacy option retained only to reject unsafe QUIC requests explicitly\",             },             {                 \"name\": \"max_concurrency\",                 \"type\": \"int\",                 \"default\": 10,                 \"label\": \"Max concurrent connections\",                 \"description\": \"Maximum simultaneous admitted HTTP operations\",             },             {                 \"name\": \"request_timeout\",                 \"type\": \"int\",                 \"default\": 10,                 \"label\": \"Total timeout (seconds)\",                 \"description\": \"Deadline covering dispatch, redirects, retries and streaming\",             },             {                 \"name\": \"max_response_bytes\",                 \"type\": \"int\",                 \"default\": 1048576,                 \"label\": \"Maximum bytes per input\",                 \"description\": \"Finite response allocation applied while streaming\",             },             {                 \"name\": \"max_redirects\",                 \"type\": \"int\",                 \"default\": 3,                 \"label\": \"Maximum same-origin redirects\",                 \"description\": \"Destinations are checked before dispatch\",             },             {                 \"name\": \"max_retries\",                 \"type\": \"int\",                 \"default\": 0,                 \"label\": \"Maximum retries\",                 \"description\": \"Retries share the original allocation\",             },         ]     def _outputs_from_text(self, text):         return (Phrase(text=text),) if text else ()     @staticmethod     def _diagnostic(code, message, retryable=False):         return RedactedDiagnostic(code=code, safe_message=message, retryable=retryable)     def _cancelled_occurrence(self, index, source, input_ref, resources=None):         return WebsiteTextOccurrence(             source,             index,             input_ref,             OutcomeStatus.HOLD,             diagnostic=self._diagnostic(                 \"cancelled\", \"The operation was cancelled before completion.\"             ),             actual_resources=resources,             fetch_status=FetchStatus.CANCELLED,         )     def _failed_occurrence(         self,         index,         source,         input_ref,         diagnostic=None,         resources=None,         fetch_status=None,     ):         return WebsiteTextOccurrence(             source,             index,             input_ref,             OutcomeStatus.FAILURE,             diagnostic=diagnostic             or self._diagnostic(\"unexpected_error\", \"Unexpected processing failure.\"),             actual_resources=resources,             fetch_status=fetch_status,         )     def _build_operation(self, specs):         def positive_int(name, default):             value = self.params.get(name, default)             if type(value) is not int or value <= 0:                 raise ValueError(f\"{name} must be a positive integer\")             return value         max_response_bytes = positive_int(\"max_response_bytes\", 1048576)         max_concurrency = positive_int(\"max_concurrency\", 10)         request_timeout = positive_int(\"request_timeout\", 10)         urls = tuple(str(source.url) for _index, source, _ref in specs)         origins = tuple(sorted(set(_origin(url) for url in urls)))         endpoint_digest = _digest(             {\"allowed_origins\": origins, \"redirects\": \"same-origin-only\"}         )         policy = TrustedFetchPolicy(             caller_id=_CALLER_ID,             scope=_SCOPE,             capability_digest=_CAPABILITY_DIGEST,             endpoint_policy_digest=endpoint_digest,             allowed_origins=origins,         )         parameters = FetchParameters(             max_redirects=self.params.get(\"max_redirects\", 3),             max_retries=self.params.get(\"max_retries\", 0),             max_bytes_per_input=max_response_bytes,         )         count = len(specs)         attempts = 1 + parameters.max_redir ... [truncated]"
        },
        {
            "id": "Class:flowsint-enrichers/tests/enrichers/test_website_to_text.py:_SectioningWebsiteToText",
            "name": "_SectioningWebsiteToText",
            "filePath": "flowsint-enrichers/tests/enrichers/test_website_to_text.py",
            "nodeType": "Class",
            "startLine": 478,
            "endLine": 480,
            "content": "class _SectioningWebsiteToText(WebsiteToText):     def _outputs_from_text(self, text):         return (Phrase(text=text + \" first\"), Phrase(text=text + \" second\"))"
        }
    ],
    "edges": [
        {
            "from": "Function:docs/audits/DEF-42/recovery/raw/def42-mutate.py:drop_failed",
            "to": "Method:flowsint-enrichers/src/flowsint_enrichers/website/to_text.py:WebsiteToText.execute_structured#1",
            "type": "CALLS",
            "confidence": 0.8
        },
        {
            "from": "Function:flowsint-enrichers/tests/enrichers/test_website_to_text.py:test_live_and_saved_paths_share_observation_result",
            "to": "Method:flowsint-enrichers/src/flowsint_enrichers/website/to_text.py:WebsiteToText.execute_structured#1",
            "type": "CALLS",
            "confidence": 0.85
        },
        {
            "from": "Function:flowsint-enrichers/tests/enrichers/test_website_to_text.py:test_missing_reviewed_retention_holds_structured_and_legacy_raises",
            "to": "Method:flowsint-enrichers/src/flowsint_enrichers/website/to_text.py:WebsiteToText.execute_structured#1",
            "type": "CALLS",
            "confidence": 0.85
        },
        {
            "from": "Class:docs/audits/DEF-42/recovery/review/attack_def42.py:OneToMany",
            "to": "Method:flowsint-enrichers/src/flowsint_enrichers/website/to_text.py:WebsiteToText.execute_structured#1",
            "type": "METHOD_OVERRIDES",
            "confidence": 0.9
        },
        {
            "from": "Class:flowsint-enrichers/src/flowsint_enrichers/website/to_text.py:WebsiteToText",
            "to": "Method:flowsint-enrichers/src/flowsint_enrichers/website/to_text.py:WebsiteToText.execute_structured#1",
            "type": "HAS_METHOD",
            "confidence": 1
        },
        {
            "from": "Class:flowsint-enrichers/tests/enrichers/test_website_to_text.py:_SectioningWebsiteToText",
            "to": "Method:flowsint-enrichers/src/flowsint_enrichers/website/to_text.py:WebsiteToText.execute_structured#1",
            "type": "METHOD_OVERRIDES",
            "confidence": 0.9
        },
        {
            "from": "Class:docs/audits/DEF-42/recovery/review/attack_def42.py:OneToMany",
            "to": "Class:flowsint-enrichers/src/flowsint_enrichers/website/to_text.py:WebsiteToText",
            "type": "EXTENDS",
            "confidence": 0.85
        },
        {
            "from": "Class:flowsint-enrichers/tests/enrichers/test_website_to_text.py:_SectioningWebsiteToText",
            "to": "Class:flowsint-enrichers/src/flowsint_enrichers/website/to_text.py:WebsiteToText",
            "type": "EXTENDS",
            "confidence": 0.85
        }
    ],
    "files": [
        {
            "filePath": "flowsint-enrichers/src/flowsint_enrichers/website/to_text.py",
            "count": 2,
            "symbols": [
                {
                    "id": "Method:flowsint-enrichers/src/flowsint_enrichers/website/to_text.py:WebsiteToText.execute_structured#1",
                    "name": "execute_structured",
                    "filePath": "flowsint-enrichers/src/flowsint_enrichers/website/to_text.py",
                    "nodeType": "Method",
                    "startLine": 526,
                    "endLine": 617,
                    "content": "    async def execute_structured(self, values: List[Any]):         outcomes: list[InputOutcome | None] = [None] * len(values)         if self.name() != \"enricher_orchestrator\":             Logger.info(self.sketch_id, {\"message\": f\"Enricher {self.name()} started.\"})         try:             await self.async_init()         except asyncio.CancelledError:             outcomes = [                 InputOutcome(                     input_ref=canonical_input_hash(v),                     status=OutcomeStatus.HOLD,                     diagnostic=self._diagnostic(                         \"cancelled\", \"The operation was cancelled before completion.\"                     ),                 )                 for v in values             ]         except Exception as error:             diagnostic = self._classify_structured_exception(error)             outcomes = [                 InputOutcome(                     input_ref=canonical_input_hash(v),                     status=OutcomeStatus.FAILURE,                     diagnostic=diagnostic,                 )                 for v in values             ]         else:             adapter, field = self._input_validation_context()             specs = []             for index, value in enumerate(values):                 try:                     source = self._validate_single_input(                         value, adapter=adapter, primary_field=field                     )                 except Exception as error:                     outcomes[index] = InputOutcome(                         input_ref=canonical_input_hash(value),                         status=OutcomeStatus.FAILURE,                         diagnostic=self._classify_structured_exception(error),                     )                 else:                     specs.append((index, source, canonical_input_hash(value)))             try:                 occurrences = await self._scan_occurrence_specs(specs)                 self.postprocess(occurrences)             except asyncio.CancelledError:                 for index, value in enumerate(values):                     if outcomes[index] is None:                         outcomes[index] = InputOutcome(                             input_ref=canonical_input_hash(value),                             status=OutcomeStatus.HOLD,                             diagnostic=self._diagnostic(                                 \"cancelled\",                                 \"The operation was cancelled before completion.\",                             ),                         )             except Exception as error:                 diagnostic = self._classify_structured_exception(error)                 for index, value in enumerate(values):                     if outcomes[index] is None:                         outcomes[index] = InputOutcome(                             input_ref=canonical_input_hash(value),                             status=OutcomeStatus.FAILURE,                             diagnostic=diagnostic,                         )             else:                 for occurrence in occurrences:                     outcomes[occurrence.index] = occurrence.to_input_outcome()         try:             self._graph_service.flush()         except Exception:             Logger.error(                 self.sketch_id,                 {\"message\": f\"Enricher {self.name()} graph flush failed.\"},             )         final = tuple(             outcome             or InputOutcome(                 input_ref=canonical_input_hash(values[index]),                 status=OutcomeStatus.FAILURE,                 diagnostic=self._diagnostic(                     \"unexpected_error\", \"Processing ended without a terminal outcome.\"                 ),             )             for index, outcome in enumerate(outcomes)         )         if self.name() != \"enricher_orchestrator\":             Logger.completed(                 self.sketch_id, {\"message\": f\"Enricher {self.name()} finished.\"}             )         return StructuredExecutionResult(enricher_name=self.name(), outcomes=final)"
                },
                {
                    "id": "Class:flowsint-enrichers/src/flowsint_enrichers/website/to_text.py:WebsiteToText",
                    "name": "WebsiteToText",
                    "filePath": "flowsint-enrichers/src/flowsint_enrichers/website/to_text.py",
                    "nodeType": "Class",
                    "startLine": 122,
                    "endLine": 617,
                    "content": "class WebsiteToText(Enricher):     \"\"\"Extract readable text using locally scoped admitted async HTTP.\"\"\"     InputType = Website     OutputType = Phrase     def __init__(self, *args, artifact_store: FilesystemArtifactStore | None = None,                  retention_authority: RetentionAuthority | None = None,                  runtime_config: str | PathLike[str] | None = None, **kwargs):         super().__init__(*args, **kwargs)         self._artifact_store = artifact_store         self._retention_authority = retention_authority         self._runtime_config = runtime_config     @classmethod     def name(cls):         return \"website_to_text\"     @classmethod     def category(cls):         return \"Website\"     @classmethod     def key(cls):         return \"website\"     @classmethod     def get_params_schema(cls) -> List[Dict[str, Any]]:         return [             {                 \"name\": \"enable_quic\",                 \"type\": \"bool\",                 \"default\": False,                 \"label\": \"Enable QUIC/HTTP3 probe\",                 \"description\": \"Legacy option retained only to reject unsafe QUIC requests explicitly\",             },             {                 \"name\": \"max_concurrency\",                 \"type\": \"int\",                 \"default\": 10,                 \"label\": \"Max concurrent connections\",                 \"description\": \"Maximum simultaneous admitted HTTP operations\",             },             {                 \"name\": \"request_timeout\",                 \"type\": \"int\",                 \"default\": 10,                 \"label\": \"Total timeout (seconds)\",                 \"description\": \"Deadline covering dispatch, redirects, retries and streaming\",             },             {                 \"name\": \"max_response_bytes\",                 \"type\": \"int\",                 \"default\": 1048576,                 \"label\": \"Maximum bytes per input\",                 \"description\": \"Finite response allocation applied while streaming\",             },             {                 \"name\": \"max_redirects\",                 \"type\": \"int\",                 \"default\": 3,                 \"label\": \"Maximum same-origin redirects\",                 \"description\": \"Destinations are checked before dispatch\",             },             {                 \"name\": \"max_retries\",                 \"type\": \"int\",                 \"default\": 0,                 \"label\": \"Maximum retries\",                 \"description\": \"Retries share the original allocation\",             },         ]     def _outputs_from_text(self, text):         return (Phrase(text=text),) if text else ()     @staticmethod     def _diagnostic(code, message, retryable=False):         return RedactedDiagnostic(code=code, safe_message=message, retryable=retryable)     def _cancelled_occurrence(self, index, source, input_ref, resources=None):         return WebsiteTextOccurrence(             source,             index,             input_ref,             OutcomeStatus.HOLD,             diagnostic=self._diagnostic(                 \"cancelled\", \"The operation was cancelled before completion.\"             ),             actual_resources=resources,             fetch_status=FetchStatus.CANCELLED,         )     def _failed_occurrence(         self,         index,         source,         input_ref,         diagnostic=None,         resources=None,         fetch_status=None,     ):         return WebsiteTextOccurrence(             source,             index,             input_ref,             OutcomeStatus.FAILURE,             diagnostic=diagnostic             or self._diagnostic(\"unexpected_error\", \"Unexpected processing failure.\"),             actual_resources=resources,             fetch_status=fetch_status,         )     def _build_operation(self, specs):         def positive_int(name, default):             value = self.params.get(name, default)             if type(value) is not int or value <= 0:                 raise ValueError(f\"{name} must be a positive integer\")             return value         max_response_bytes = positive_int(\"max_response_bytes\", 1048576)         max_concurrency = positive_int(\"max_concurrency\", 10)         request_timeout = positive_int(\"request_timeout\", 10)         urls = tuple(str(source.url) for _index, source, _ref in specs)         origins = tuple(sorted(set(_origin(url) for url in urls)))         endpoint_digest = _digest(             {\"allowed_origins\": origins, \"redirects\": \"same-origin-only\"}         )         policy = TrustedFetchPolicy(             caller_id=_CALLER_ID,             scope=_SCOPE,             capability_digest=_CAPABILITY_DIGEST,             endpoint_policy_digest=endpoint_digest,             allowed_origins=origins,         )         parameters = FetchParameters(             max_redirects=self.params.get(\"max_redirects\", 3),             max_retries=self.params.get(\"max_retries\", 0),             max_bytes_per_input=max_response_bytes,         )         count = len(specs)         attempts = 1 + parameters.max_redir ... [truncated]"
                }
            ]
        },
        {
            "filePath": "docs/audits/DEF-42/recovery/raw/def42-mutate.py",
            "count": 1,
            "symbols": [
                {
                    "id": "Function:docs/audits/DEF-42/recovery/raw/def42-mutate.py:drop_failed",
                    "name": "drop_failed",
                    "filePath": "docs/audits/DEF-42/recovery/raw/def42-mutate.py",
                    "nodeType": "Function",
                    "startLine": 17,
                    "endLine": 19,
                    "content": " async def drop_failed(self,values):   result=await original(self,values)   return result.model_copy(update={'outcomes':tuple(o for o in result.outcomes if o.status is m.OutcomeStatus.SUCCESS)})"
                }
            ]
        },
        {
            "filePath": "flowsint-enrichers/tests/enrichers/test_website_to_text.py",
            "count": 3,
            "symbols": [
                {
                    "id": "Function:flowsint-enrichers/tests/enrichers/test_website_to_text.py:test_live_and_saved_paths_share_observation_result",
                    "name": "test_live_and_saved_paths_share_observation_result",
                    "filePath": "flowsint-enrichers/tests/enrichers/test_website_to_text.py",
                    "nodeType": "Function",
                    "startLine": 219,
                    "endLine": 240,
                    "content": "async def test_live_and_saved_paths_share_observation_result(tmp_path, monkeypatch):     config = _runtime_config(tmp_path)     monkeypatch.setenv(\"FLOWSINT_ARTIFACT_RUNTIME_CONFIG\", str(config))     monkeypatch.setattr(\"flowsint_enrichers.website.to_text.Logger\", _SilentLogger)     monkeypatch.setattr(\"flowsint_core.core.enricher_base.Logger\", _SilentLogger)     body = '<a href=\"?page=2\">next</a><p>info@example.test</p>'     _patch_transport(monkeypatch, lambda _request: httpx.Response(200, text=body))     enricher = WebsiteToText(sketch_id=\"parity\", params_schema=[], params={}, graph_service=_RecordingGraph())     live = await enricher.execute_structured([Website(url=\"https://runtime.example/final?view=full\")])     outcome = live.outcomes[0]     metadata = outcome.metadata[0]     proof_value = outcome.evidence[0].artifact_reference     proof = decode_source_proof(proof_value)     state, saved = await resolve_and_extract_observations(         proof_value, caller_id=\"website-to-text\", scope=\"local-web-fetch\", source_family=\"http\",         operation_id=proof.context.operation_id, occurrence_id=proof.context.occurrence_id, config_path=config,     )     assert state is ArtifactState.AVAILABLE and saved is not None     assert metadata.format_version == \"observed-extraction/1.0\"     assert parse_observed_extraction_metadata(metadata) == saved     assert [item[\"observation_id\"] for item in metadata.payload[\"observations\"]] == [item.observation_id for item in saved.observations]     assert all(item[\"execution_state\"] == \"not_executable\" for item in metadata.payload[\"observations\"])"
                },
                {
                    "id": "Function:flowsint-enrichers/tests/enrichers/test_website_to_text.py:test_missing_reviewed_retention_holds_structured_and_legacy_raises",
                    "name": "test_missing_reviewed_retention_holds_structured_and_legacy_raises",
                    "filePath": "flowsint-enrichers/tests/enrichers/test_website_to_text.py",
                    "nodeType": "Function",
                    "startLine": 244,
                    "endLine": 253,
                    "content": "async def test_missing_reviewed_retention_holds_structured_and_legacy_raises(monkeypatch):     monkeypatch.setattr(\"flowsint_enrichers.website.to_text.Logger\", _SilentLogger)     monkeypatch.setattr(\"flowsint_core.core.enricher_base.Logger\", _SilentLogger)     _patch_transport(monkeypatch, lambda _request: httpx.Response(200, text=\"consumed body\"))     enricher = WebsiteToText(sketch_id=\"hold-test\", params_schema=[], params={}, graph_service=_RecordingGraph())     structured = await enricher.execute_structured([Website(url=\"https://held.example\")])     assert structured.outcomes[0].status is OutcomeStatus.HOLD     assert structured.outcomes[0].outputs == ()     with pytest.raises(WebsiteFetchError, match=\"retention_policy_unavailable\"):         await enricher.execute([Website(url=\"https://held-again.example\")])"
                },
                {
                    "id": "Class:flowsint-enrichers/tests/enrichers/test_website_to_text.py:_SectioningWebsiteToText",
                    "name": "_SectioningWebsiteToText",
                    "filePath": "flowsint-enrichers/tests/enrichers/test_website_to_text.py",
                    "nodeType": "Class",
                    "startLine": 478,
                    "endLine": 480,
                    "content": "class _SectioningWebsiteToText(WebsiteToText):     def _outputs_from_text(self, text):         return (Phrase(text=text + \" first\"), Phrase(text=text + \" second\"))"
                }
            ]
        },
        {
            "filePath": "docs/audits/DEF-42/recovery/review/attack_def42.py",
            "count": 1,
            "symbols": [
                {
                    "id": "Class:docs/audits/DEF-42/recovery/review/attack_def42.py:OneToMany",
                    "name": "OneToMany",
                    "filePath": "docs/audits/DEF-42/recovery/review/attack_def42.py",
                    "nodeType": "Class",
                    "startLine": 38,
                    "endLine": 40,
                    "content": "class OneToMany(WebsiteToText):     def _outputs_from_text(self, text):         return (Phrase(text=f\"{text}:1\"), Phrase(text=f\"{text}:2\"))"
                }
            ]
        }
    ],
    "affected_modules": [
        {
            "name": "docs",
            "direct": true,
            "symbolCount": 2
        },
        {
            "name": "flowsint-enrichers",
            "direct": true,
            "symbolCount": 4
        }
    ],
    "affected_processes": [],
    "byDepth": {
        "d=1": {
            "depth": 1,
            "label": "WILL BREAK",
            "symbols": [
                {
                    "id": "Function:docs/audits/DEF-42/recovery/raw/def42-mutate.py:drop_failed",
                    "name": "drop_failed",
                    "filePath": "docs/audits/DEF-42/recovery/raw/def42-mutate.py",
                    "nodeType": "Function",
                    "startLine": 17,
                    "endLine": 19,
                    "content": " async def drop_failed(self,values):   result=await original(self,values)   return result.model_copy(update={'outcomes':tuple(o for o in result.outcomes if o.status is m.OutcomeStatus.SUCCESS)})"
                },
                {
                    "id": "Function:flowsint-enrichers/tests/enrichers/test_website_to_text.py:test_live_and_saved_paths_share_observation_result",
                    "name": "test_live_and_saved_paths_share_observation_result",
                    "filePath": "flowsint-enrichers/tests/enrichers/test_website_to_text.py",
                    "nodeType": "Function",
                    "startLine": 219,
                    "endLine": 240,
                    "content": "async def test_live_and_saved_paths_share_observation_result(tmp_path, monkeypatch):     config = _runtime_config(tmp_path)     monkeypatch.setenv(\"FLOWSINT_ARTIFACT_RUNTIME_CONFIG\", str(config))     monkeypatch.setattr(\"flowsint_enrichers.website.to_text.Logger\", _SilentLogger)     monkeypatch.setattr(\"flowsint_core.core.enricher_base.Logger\", _SilentLogger)     body = '<a href=\"?page=2\">next</a><p>info@example.test</p>'     _patch_transport(monkeypatch, lambda _request: httpx.Response(200, text=body))     enricher = WebsiteToText(sketch_id=\"parity\", params_schema=[], params={}, graph_service=_RecordingGraph())     live = await enricher.execute_structured([Website(url=\"https://runtime.example/final?view=full\")])     outcome = live.outcomes[0]     metadata = outcome.metadata[0]     proof_value = outcome.evidence[0].artifact_reference     proof = decode_source_proof(proof_value)     state, saved = await resolve_and_extract_observations(         proof_value, caller_id=\"website-to-text\", scope=\"local-web-fetch\", source_family=\"http\",         operation_id=proof.context.operation_id, occurrence_id=proof.context.occurrence_id, config_path=config,     )     assert state is ArtifactState.AVAILABLE and saved is not None     assert metadata.format_version == \"observed-extraction/1.0\"     assert parse_observed_extraction_metadata(metadata) == saved     assert [item[\"observation_id\"] for item in metadata.payload[\"observations\"]] == [item.observation_id for item in saved.observations]     assert all(item[\"execution_state\"] == \"not_executable\" for item in metadata.payload[\"observations\"])"
                },
                {
                    "id": "Function:flowsint-enrichers/tests/enrichers/test_website_to_text.py:test_missing_reviewed_retention_holds_structured_and_legacy_raises",
                    "name": "test_missing_reviewed_retention_holds_structured_and_legacy_raises",
                    "filePath": "flowsint-enrichers/tests/enrichers/test_website_to_text.py",
                    "nodeType": "Function",
                    "startLine": 244,
                    "endLine": 253,
                    "content": "async def test_missing_reviewed_retention_holds_structured_and_legacy_raises(monkeypatch):     monkeypatch.setattr(\"flowsint_enrichers.website.to_text.Logger\", _SilentLogger)     monkeypatch.setattr(\"flowsint_core.core.enricher_base.Logger\", _SilentLogger)     _patch_transport(monkeypatch, lambda _request: httpx.Response(200, text=\"consumed body\"))     enricher = WebsiteToText(sketch_id=\"hold-test\", params_schema=[], params={}, graph_service=_RecordingGraph())     structured = await enricher.execute_structured([Website(url=\"https://held.example\")])     assert structured.outcomes[0].status is OutcomeStatus.HOLD     assert structured.outcomes[0].outputs == ()     with pytest.raises(WebsiteFetchError, match=\"retention_policy_unavailable\"):         await enricher.execute([Website(url=\"https://held-again.example\")])"
                },
                {
                    "id": "Class:docs/audits/DEF-42/recovery/review/attack_def42.py:OneToMany",
                    "name": "OneToMany",
                    "filePath": "docs/audits/DEF-42/recovery/review/attack_def42.py",
                    "nodeType": "Class",
                    "startLine": 38,
                    "endLine": 40,
                    "content": "class OneToMany(WebsiteToText):     def _outputs_from_text(self, text):         return (Phrase(text=f\"{text}:1\"), Phrase(text=f\"{text}:2\"))"
                },
                {
                    "id": "Class:flowsint-enrichers/src/flowsint_enrichers/website/to_text.py:WebsiteToText",
                    "name": "WebsiteToText",
                    "filePath": "flowsint-enrichers/src/flowsint_enrichers/website/to_text.py",
                    "nodeType": "Class",
                    "startLine": 122,
                    "endLine": 617,
                    "content": "class WebsiteToText(Enricher):     \"\"\"Extract readable text using locally scoped admitted async HTTP.\"\"\"     InputType = Website     OutputType = Phrase     def __init__(self, *args, artifact_store: FilesystemArtifactStore | None = None,                  retention_authority: RetentionAuthority | None = None,                  runtime_config: str | PathLike[str] | None = None, **kwargs):         super().__init__(*args, **kwargs)         self._artifact_store = artifact_store         self._retention_authority = retention_authority         self._runtime_config = runtime_config     @classmethod     def name(cls):         return \"website_to_text\"     @classmethod     def category(cls):         return \"Website\"     @classmethod     def key(cls):         return \"website\"     @classmethod     def get_params_schema(cls) -> List[Dict[str, Any]]:         return [             {                 \"name\": \"enable_quic\",                 \"type\": \"bool\",                 \"default\": False,                 \"label\": \"Enable QUIC/HTTP3 probe\",                 \"description\": \"Legacy option retained only to reject unsafe QUIC requests explicitly\",             },             {                 \"name\": \"max_concurrency\",                 \"type\": \"int\",                 \"default\": 10,                 \"label\": \"Max concurrent connections\",                 \"description\": \"Maximum simultaneous admitted HTTP operations\",             },             {                 \"name\": \"request_timeout\",                 \"type\": \"int\",                 \"default\": 10,                 \"label\": \"Total timeout (seconds)\",                 \"description\": \"Deadline covering dispatch, redirects, retries and streaming\",             },             {                 \"name\": \"max_response_bytes\",                 \"type\": \"int\",                 \"default\": 1048576,                 \"label\": \"Maximum bytes per input\",                 \"description\": \"Finite response allocation applied while streaming\",             },             {                 \"name\": \"max_redirects\",                 \"type\": \"int\",                 \"default\": 3,                 \"label\": \"Maximum same-origin redirects\",                 \"description\": \"Destinations are checked before dispatch\",             },             {                 \"name\": \"max_retries\",                 \"type\": \"int\",                 \"default\": 0,                 \"label\": \"Maximum retries\",                 \"description\": \"Retries share the original allocation\",             },         ]     def _outputs_from_text(self, text):         return (Phrase(text=text),) if text else ()     @staticmethod     def _diagnostic(code, message, retryable=False):         return RedactedDiagnostic(code=code, safe_message=message, retryable=retryable)     def _cancelled_occurrence(self, index, source, input_ref, resources=None):         return WebsiteTextOccurrence(             source,             index,             input_ref,             OutcomeStatus.HOLD,             diagnostic=self._diagnostic(                 \"cancelled\", \"The operation was cancelled before completion.\"             ),             actual_resources=resources,             fetch_status=FetchStatus.CANCELLED,         )     def _failed_occurrence(         self,         index,         source,         input_ref,         diagnostic=None,         resources=None,         fetch_status=None,     ):         return WebsiteTextOccurrence(             source,             index,             input_ref,             OutcomeStatus.FAILURE,             diagnostic=diagnostic             or self._diagnostic(\"unexpected_error\", \"Unexpected processing failure.\"),             actual_resources=resources,             fetch_status=fetch_status,         )     def _build_operation(self, specs):         def positive_int(name, default):             value = self.params.get(name, default)             if type(value) is not int or value <= 0:                 raise ValueError(f\"{name} must be a positive integer\")             return value         max_response_bytes = positive_int(\"max_response_bytes\", 1048576)         max_concurrency = positive_int(\"max_concurrency\", 10)         request_timeout = positive_int(\"request_timeout\", 10)         urls = tuple(str(source.url) for _index, source, _ref in specs)         origins = tuple(sorted(set(_origin(url) for url in urls)))         endpoint_digest = _digest(             {\"allowed_origins\": origins, \"redirects\": \"same-origin-only\"}         )         policy = TrustedFetchPolicy(             caller_id=_CALLER_ID,             scope=_SCOPE,             capability_digest=_CAPABILITY_DIGEST,             endpoint_policy_digest=endpoint_digest,             allowed_origins=origins,         )         parameters = FetchParameters(             max_redirects=self.params.get(\"max_redirects\", 3),             max_retries=self.params.get(\"max_retries\", 0),             max_bytes_per_input=max_response_bytes,         )         count = len(specs)         attempts = 1 + parameters.max_redir ... [truncated]"
                },
                {
                    "id": "Class:flowsint-enrichers/tests/enrichers/test_website_to_text.py:_SectioningWebsiteToText",
                    "name": "_SectioningWebsiteToText",
                    "filePath": "flowsint-enrichers/tests/enrichers/test_website_to_text.py",
                    "nodeType": "Class",
                    "startLine": 478,
                    "endLine": 480,
                    "content": "class _SectioningWebsiteToText(WebsiteToText):     def _outputs_from_text(self, text):         return (Phrase(text=text + \" first\"), Phrase(text=text + \" second\"))"
                }
            ]
        }
    },
    "summary": {
        "cwd": "/home/n4s5ti/Documents/dev/fl0sint-def45-extraction",
        "rootPath": "/home/n4s5ti/Documents/dev/fl0sint-def45-extraction",
        "repo": "fl0sint-def45-extraction",
        "lbugPath": "/home/n4s5ti/Documents/dev/fl0sint-def45-extraction/.gitnexus/lbug",
        "symbol": "flowsint-enrichers/src/flowsint_enrichers/website/to_text.py:execute_structured",
        "rootSymbols": 1,
        "totalSymbols": 7,
        "totalEdges": 8,
        "filesMatched": 4,
        "truncated": false,
        "direct": 6,
        "processes": 0,
        "modules": 2
    },
    "warnings": [],
    "completeness": "complete",
    "completenessReasons": [],
    "indexStatus": "ready"
}
