{
    "symbol": "flowsint-types/src/flowsint_types/phone.py:Phone",
    "repo": "fl0sint-def45-extraction",
    "lbugPath": "/home/n4s5ti/Documents/dev/fl0sint-def45-extraction/.gitnexus/lbug",
    "rootPath": "/home/n4s5ti/Documents/dev/fl0sint-def45-extraction",
    "direction": "upstream",
    "risk": "UNKNOWN",
    "target": {
        "id": "Class:flowsint-types/src/flowsint_types/phone.py:Phone",
        "name": "Phone",
        "filePath": "flowsint-types/src/flowsint_types/phone.py",
        "nodeType": "Class",
        "startLine": 11,
        "endLine": 102,
        "content": "class Phone(FlowsintType):     \"\"\"Represents a phone number with country and carrier information.\"\"\"     number: str = Field(..., description=\"Phone number\", title=\"Phone Number\", json_schema_extra={\"primary\": True})     country: Optional[str] = Field(         None, description=\"Country code (ISO 3166-1 alpha-2)\", title=\"Country Code\"     )     carrier: Optional[str] = Field(         None, description=\"Mobile carrier or service provider\", title=\"Carrier\"     )     @model_validator(mode='before')     @classmethod     def convert_string_to_dict(cls, data: Any) -> Any:         \"\"\"Allow creating Phone from a string directly.\"\"\"         if isinstance(data, str):             return {'number': data}         return data     @field_validator('number')     @classmethod     def validate_phone_number(cls, v: str) -> str:         \"\"\"Validate phone number format using phonenumbers library.         Tries to parse the number in multiple ways:         1. As international format (with + prefix)         2. With common region codes (US, GB, FR, etc.)         \"\"\"         # If it looks like an international number (starts with +), try parsing without region         if v.startswith('+'):             try:                 parsed = phonenumbers.parse(v, None)                 if phonenumbers.is_valid_number(parsed):                     return phonenumbers.format_number(parsed, phonenumbers.PhoneNumberFormat.E164)             except NumberParseException:                 pass         # Try parsing with common regions         common_regions = ['US', 'GB', 'FR', 'DE', 'ES', 'IT', 'CA', 'AU', 'JP', 'CN']         for region in common_regions:             try:                 parsed = phonenumbers.parse(v, region)                 if phonenumbers.is_valid_number(parsed):                     # Return the number in international format                     return phonenumbers.format_number(parsed, phonenumbers.PhoneNumberFormat.E164)             except NumberParseException:                 continue         # If all attempts fail, raise an error         raise ValueError(f\"Invalid phone number: {v}. Must be in international format (+...) or a valid format for common regions.\")     @model_validator(mode='after')     def compute_label(self) -> Self:         self.nodeLabel = self.number         return self     @classmethod     def from_string(cls, line: str):         \"\"\"Parse a phone number from a raw string.\"\"\"         return cls(number=line.strip())     @classmethod     def detect(cls, line: str) -> bool:         \"\"\"Detect if a line of text contains a phone number.\"\"\"         line = line.strip()         if not line:             return False         # 1) Avoid IP v4 / v6         try:             ipaddress.ip_address(line)             return False         except ValueError:             pass         # Try international format first (starts with +)         if line.startswith('+'):             try:                 parsed = phonenumbers.parse(line, None)                 return phonenumbers.is_valid_number(parsed)             except NumberParseException:                 pass         # Try parsing with common regions         common_regions = ['US', 'GB', 'FR', 'DE', 'ES', 'IT', 'CA', 'AU', 'JP', 'CN']         for region in common_regions:             try:                 parsed = phonenumbers.parse(line, region)                 if phonenumbers.is_valid_number(parsed):                     return True             except NumberParseException:                 continue         return False"
    },
    "symbols": [
        {
            "id": "Class:flowsint-types/src/flowsint_types/phone.py:Phone",
            "name": "Phone",
            "filePath": "flowsint-types/src/flowsint_types/phone.py",
            "nodeType": "Class",
            "startLine": 11,
            "endLine": 102,
            "content": "class Phone(FlowsintType):     \"\"\"Represents a phone number with country and carrier information.\"\"\"     number: str = Field(..., description=\"Phone number\", title=\"Phone Number\", json_schema_extra={\"primary\": True})     country: Optional[str] = Field(         None, description=\"Country code (ISO 3166-1 alpha-2)\", title=\"Country Code\"     )     carrier: Optional[str] = Field(         None, description=\"Mobile carrier or service provider\", title=\"Carrier\"     )     @model_validator(mode='before')     @classmethod     def convert_string_to_dict(cls, data: Any) -> Any:         \"\"\"Allow creating Phone from a string directly.\"\"\"         if isinstance(data, str):             return {'number': data}         return data     @field_validator('number')     @classmethod     def validate_phone_number(cls, v: str) -> str:         \"\"\"Validate phone number format using phonenumbers library.         Tries to parse the number in multiple ways:         1. As international format (with + prefix)         2. With common region codes (US, GB, FR, etc.)         \"\"\"         # If it looks like an international number (starts with +), try parsing without region         if v.startswith('+'):             try:                 parsed = phonenumbers.parse(v, None)                 if phonenumbers.is_valid_number(parsed):                     return phonenumbers.format_number(parsed, phonenumbers.PhoneNumberFormat.E164)             except NumberParseException:                 pass         # Try parsing with common regions         common_regions = ['US', 'GB', 'FR', 'DE', 'ES', 'IT', 'CA', 'AU', 'JP', 'CN']         for region in common_regions:             try:                 parsed = phonenumbers.parse(v, region)                 if phonenumbers.is_valid_number(parsed):                     # Return the number in international format                     return phonenumbers.format_number(parsed, phonenumbers.PhoneNumberFormat.E164)             except NumberParseException:                 continue         # If all attempts fail, raise an error         raise ValueError(f\"Invalid phone number: {v}. Must be in international format (+...) or a valid format for common regions.\")     @model_validator(mode='after')     def compute_label(self) -> Self:         self.nodeLabel = self.number         return self     @classmethod     def from_string(cls, line: str):         \"\"\"Parse a phone number from a raw string.\"\"\"         return cls(number=line.strip())     @classmethod     def detect(cls, line: str) -> bool:         \"\"\"Detect if a line of text contains a phone number.\"\"\"         line = line.strip()         if not line:             return False         # 1) Avoid IP v4 / v6         try:             ipaddress.ip_address(line)             return False         except ValueError:             pass         # Try international format first (starts with +)         if line.startswith('+'):             try:                 parsed = phonenumbers.parse(line, None)                 return phonenumbers.is_valid_number(parsed)             except NumberParseException:                 pass         # Try parsing with common regions         common_regions = ['US', 'GB', 'FR', 'DE', 'ES', 'IT', 'CA', 'AU', 'JP', 'CN']         for region in common_regions:             try:                 parsed = phonenumbers.parse(line, region)                 if phonenumbers.is_valid_number(parsed):                     return True             except NumberParseException:                 continue         return False"
        }
    ],
    "edges": [],
    "files": [
        {
            "filePath": "flowsint-types/src/flowsint_types/phone.py",
            "count": 1,
            "symbols": [
                {
                    "id": "Class:flowsint-types/src/flowsint_types/phone.py:Phone",
                    "name": "Phone",
                    "filePath": "flowsint-types/src/flowsint_types/phone.py",
                    "nodeType": "Class",
                    "startLine": 11,
                    "endLine": 102,
                    "content": "class Phone(FlowsintType):     \"\"\"Represents a phone number with country and carrier information.\"\"\"     number: str = Field(..., description=\"Phone number\", title=\"Phone Number\", json_schema_extra={\"primary\": True})     country: Optional[str] = Field(         None, description=\"Country code (ISO 3166-1 alpha-2)\", title=\"Country Code\"     )     carrier: Optional[str] = Field(         None, description=\"Mobile carrier or service provider\", title=\"Carrier\"     )     @model_validator(mode='before')     @classmethod     def convert_string_to_dict(cls, data: Any) -> Any:         \"\"\"Allow creating Phone from a string directly.\"\"\"         if isinstance(data, str):             return {'number': data}         return data     @field_validator('number')     @classmethod     def validate_phone_number(cls, v: str) -> str:         \"\"\"Validate phone number format using phonenumbers library.         Tries to parse the number in multiple ways:         1. As international format (with + prefix)         2. With common region codes (US, GB, FR, etc.)         \"\"\"         # If it looks like an international number (starts with +), try parsing without region         if v.startswith('+'):             try:                 parsed = phonenumbers.parse(v, None)                 if phonenumbers.is_valid_number(parsed):                     return phonenumbers.format_number(parsed, phonenumbers.PhoneNumberFormat.E164)             except NumberParseException:                 pass         # Try parsing with common regions         common_regions = ['US', 'GB', 'FR', 'DE', 'ES', 'IT', 'CA', 'AU', 'JP', 'CN']         for region in common_regions:             try:                 parsed = phonenumbers.parse(v, region)                 if phonenumbers.is_valid_number(parsed):                     # Return the number in international format                     return phonenumbers.format_number(parsed, phonenumbers.PhoneNumberFormat.E164)             except NumberParseException:                 continue         # If all attempts fail, raise an error         raise ValueError(f\"Invalid phone number: {v}. Must be in international format (+...) or a valid format for common regions.\")     @model_validator(mode='after')     def compute_label(self) -> Self:         self.nodeLabel = self.number         return self     @classmethod     def from_string(cls, line: str):         \"\"\"Parse a phone number from a raw string.\"\"\"         return cls(number=line.strip())     @classmethod     def detect(cls, line: str) -> bool:         \"\"\"Detect if a line of text contains a phone number.\"\"\"         line = line.strip()         if not line:             return False         # 1) Avoid IP v4 / v6         try:             ipaddress.ip_address(line)             return False         except ValueError:             pass         # Try international format first (starts with +)         if line.startswith('+'):             try:                 parsed = phonenumbers.parse(line, None)                 return phonenumbers.is_valid_number(parsed)             except NumberParseException:                 pass         # Try parsing with common regions         common_regions = ['US', 'GB', 'FR', 'DE', 'ES', 'IT', 'CA', 'AU', 'JP', 'CN']         for region in common_regions:             try:                 parsed = phonenumbers.parse(line, region)                 if phonenumbers.is_valid_number(parsed):                     return True             except NumberParseException:                 continue         return False"
                }
            ]
        }
    ],
    "affected_modules": [],
    "affected_processes": [],
    "byDepth": {},
    "summary": {
        "cwd": "/home/n4s5ti/Documents/dev/fl0sint-def45-extraction",
        "rootPath": "/home/n4s5ti/Documents/dev/fl0sint-def45-extraction",
        "repo": "fl0sint-def45-extraction",
        "lbugPath": "/home/n4s5ti/Documents/dev/fl0sint-def45-extraction/.gitnexus/lbug",
        "symbol": "flowsint-types/src/flowsint_types/phone.py:Phone",
        "rootSymbols": 1,
        "totalSymbols": 1,
        "totalEdges": 0,
        "filesMatched": 1,
        "truncated": false,
        "direct": 0,
        "processes": 0,
        "modules": 0
    },
    "warnings": [],
    "completeness": "partial",
    "completenessReasons": [
        "no-call-edges"
    ],
    "indexStatus": "ready"
}
