{
    "symbol": "flowsint-types/src/flowsint_types/website.py:Website",
    "repo": "fl0sint-def45-extraction",
    "lbugPath": "/home/n4s5ti/Documents/dev/fl0sint-def45-extraction/.gitnexus/lbug",
    "rootPath": "/home/n4s5ti/Documents/dev/fl0sint-def45-extraction",
    "direction": "upstream",
    "risk": "UNKNOWN",
    "target": {
        "id": "Class:flowsint-types/src/flowsint_types/website.py:Website",
        "name": "Website",
        "filePath": "flowsint-types/src/flowsint_types/website.py",
        "nodeType": "Class",
        "startLine": 10,
        "endLine": 66,
        "content": "class Website(FlowsintType):     \"\"\"Represents a website with its URL, domain, and redirect information.\"\"\"     url: HttpUrl = Field(         ...,         description=\"Full URL of the website\",         title=\"Website URL\",         json_schema_extra={\"primary\": True},     )     redirects: Optional[List[HttpUrl]] = Field(         [], description=\"List of redirects from the website\", title=\"Redirects\"     )     domain: Optional[Domain] = Field(         None, description=\"Domain information for the website\", title=\"Domain\"     )     active: Optional[bool] = Field(         False, description=\"Whether the website is active\", title=\"Is Active\"     )     title: Optional[str] = Field(         None, description=\"Page title from <title> tag\", title=\"Title\"     )     description: Optional[str] = Field(         None, description=\"Meta description of the page\", title=\"Description\"     )     content: Optional[str] = Field(         None, description=\"Text content of the page\", title=\"Content\"     )     status_code: Optional[int] = Field(         None, description=\"HTTP status code\", title=\"Status Code\", ge=100, le=599 # Enforce status code     )     headers: Optional[Dict[str, str]] = Field(         None, description=\"Relevant HTTP headers\", title=\"Headers\"     )     technologies: Optional[List[str]] = Field(         [], description=\"Detected web technologies\", title=\"Technologies\"     )     @model_validator(mode=\"after\")     def compute_label(self) -> Self:         self.nodeLabel = str(self.url)         return self     @classmethod     def from_string(cls, line: str):         \"\"\"Parse a website from a raw string.\"\"\"         return cls(url=line.strip())     @classmethod     def detect(cls, line: str) -> bool:         \"\"\"Detect if a line of text contains a website URL.\"\"\"         line = line.strip()         if not line:             return False         # URL pattern: must start with http:// or https://         url_pattern = r\"^https?://[a-zA-Z0-9.-]+\\.[a-zA-Z]{2,}(/.*)?$\"         return bool(re.match(url_pattern, line))"
    },
    "symbols": [
        {
            "id": "Class:flowsint-types/src/flowsint_types/website.py:Website",
            "name": "Website",
            "filePath": "flowsint-types/src/flowsint_types/website.py",
            "nodeType": "Class",
            "startLine": 10,
            "endLine": 66,
            "content": "class Website(FlowsintType):     \"\"\"Represents a website with its URL, domain, and redirect information.\"\"\"     url: HttpUrl = Field(         ...,         description=\"Full URL of the website\",         title=\"Website URL\",         json_schema_extra={\"primary\": True},     )     redirects: Optional[List[HttpUrl]] = Field(         [], description=\"List of redirects from the website\", title=\"Redirects\"     )     domain: Optional[Domain] = Field(         None, description=\"Domain information for the website\", title=\"Domain\"     )     active: Optional[bool] = Field(         False, description=\"Whether the website is active\", title=\"Is Active\"     )     title: Optional[str] = Field(         None, description=\"Page title from <title> tag\", title=\"Title\"     )     description: Optional[str] = Field(         None, description=\"Meta description of the page\", title=\"Description\"     )     content: Optional[str] = Field(         None, description=\"Text content of the page\", title=\"Content\"     )     status_code: Optional[int] = Field(         None, description=\"HTTP status code\", title=\"Status Code\", ge=100, le=599 # Enforce status code     )     headers: Optional[Dict[str, str]] = Field(         None, description=\"Relevant HTTP headers\", title=\"Headers\"     )     technologies: Optional[List[str]] = Field(         [], description=\"Detected web technologies\", title=\"Technologies\"     )     @model_validator(mode=\"after\")     def compute_label(self) -> Self:         self.nodeLabel = str(self.url)         return self     @classmethod     def from_string(cls, line: str):         \"\"\"Parse a website from a raw string.\"\"\"         return cls(url=line.strip())     @classmethod     def detect(cls, line: str) -> bool:         \"\"\"Detect if a line of text contains a website URL.\"\"\"         line = line.strip()         if not line:             return False         # URL pattern: must start with http:// or https://         url_pattern = r\"^https?://[a-zA-Z0-9.-]+\\.[a-zA-Z]{2,}(/.*)?$\"         return bool(re.match(url_pattern, line))"
        }
    ],
    "edges": [],
    "files": [
        {
            "filePath": "flowsint-types/src/flowsint_types/website.py",
            "count": 1,
            "symbols": [
                {
                    "id": "Class:flowsint-types/src/flowsint_types/website.py:Website",
                    "name": "Website",
                    "filePath": "flowsint-types/src/flowsint_types/website.py",
                    "nodeType": "Class",
                    "startLine": 10,
                    "endLine": 66,
                    "content": "class Website(FlowsintType):     \"\"\"Represents a website with its URL, domain, and redirect information.\"\"\"     url: HttpUrl = Field(         ...,         description=\"Full URL of the website\",         title=\"Website URL\",         json_schema_extra={\"primary\": True},     )     redirects: Optional[List[HttpUrl]] = Field(         [], description=\"List of redirects from the website\", title=\"Redirects\"     )     domain: Optional[Domain] = Field(         None, description=\"Domain information for the website\", title=\"Domain\"     )     active: Optional[bool] = Field(         False, description=\"Whether the website is active\", title=\"Is Active\"     )     title: Optional[str] = Field(         None, description=\"Page title from <title> tag\", title=\"Title\"     )     description: Optional[str] = Field(         None, description=\"Meta description of the page\", title=\"Description\"     )     content: Optional[str] = Field(         None, description=\"Text content of the page\", title=\"Content\"     )     status_code: Optional[int] = Field(         None, description=\"HTTP status code\", title=\"Status Code\", ge=100, le=599 # Enforce status code     )     headers: Optional[Dict[str, str]] = Field(         None, description=\"Relevant HTTP headers\", title=\"Headers\"     )     technologies: Optional[List[str]] = Field(         [], description=\"Detected web technologies\", title=\"Technologies\"     )     @model_validator(mode=\"after\")     def compute_label(self) -> Self:         self.nodeLabel = str(self.url)         return self     @classmethod     def from_string(cls, line: str):         \"\"\"Parse a website from a raw string.\"\"\"         return cls(url=line.strip())     @classmethod     def detect(cls, line: str) -> bool:         \"\"\"Detect if a line of text contains a website URL.\"\"\"         line = line.strip()         if not line:             return False         # URL pattern: must start with http:// or https://         url_pattern = r\"^https?://[a-zA-Z0-9.-]+\\.[a-zA-Z]{2,}(/.*)?$\"         return bool(re.match(url_pattern, line))"
                }
            ]
        }
    ],
    "affected_modules": [],
    "affected_processes": [],
    "byDepth": {},
    "summary": {
        "cwd": "/home/n4s5ti/Documents/dev/fl0sint-def45-extraction",
        "rootPath": "/home/n4s5ti/Documents/dev/fl0sint-def45-extraction",
        "repo": "fl0sint-def45-extraction",
        "lbugPath": "/home/n4s5ti/Documents/dev/fl0sint-def45-extraction/.gitnexus/lbug",
        "symbol": "flowsint-types/src/flowsint_types/website.py:Website",
        "rootSymbols": 1,
        "totalSymbols": 1,
        "totalEdges": 0,
        "filesMatched": 1,
        "truncated": false,
        "direct": 0,
        "processes": 0,
        "modules": 0
    },
    "warnings": [],
    "completeness": "partial",
    "completenessReasons": [
        "no-call-edges"
    ],
    "indexStatus": "ready"
}
