{
    "mode": "index",
    "result": {
        "targetPath": "/home/n4s5ti/Documents/dev/fl0sint-def44-source",
        "lbugPath": "/home/n4s5ti/Documents/dev/fl0sint-def44-source/.gitnexus/lbug",
        "success": true,
        "warnings": [
            "No workspace packages with recognised entry files — sidecar will be empty"
        ],
        "generation": "sha256:7643d22f6f8bc1baa10f9d19c2d26d44423009e2f6958192fc9fabfe3e96e244",
        "planAction": "incremental",
        "deltaAdded": 1,
        "deltaModified": 0,
        "deltaDeleted": 0,
        "deltaRenamed": 0,
        "deltaUnreadable": 0,
        "indexLatencyMs": 37999,
        "filesParsed": 1734
    }
}
