{
    "symbol": "flowsint-core/src/flowsint_core/core/enricher_base.py:execute_structured",
    "repo": "fl0sint-def42-baseline-audit",
    "lbugPath": "/home/n4s5ti/Documents/dev/fl0sint-def42-baseline-audit/.gitnexus/lbug",
    "rootPath": "/home/n4s5ti/Documents/dev/fl0sint-def42-baseline-audit",
    "direction": "downstream",
    "risk": "CRITICAL",
    "target": {
        "id": "Method:flowsint-core/src/flowsint_core/core/enricher_base.py:Enricher.execute_structured#1",
        "name": "execute_structured",
        "filePath": "flowsint-core/src/flowsint_core/core/enricher_base.py",
        "nodeType": "Method",
        "startLine": 565,
        "endLine": 622,
        "content": "    async def execute_structured(self, values: List[Any]) -> StructuredExecutionResult:         \"\"\"Execute independently per original input without flattening outputs.\"\"\"         outcomes: list[InputOutcome] = []         if self.name() != \"enricher_orchestrator\":             Logger.info(self.sketch_id, {\"message\": f\"Enricher {self.name()} started.\"})         try:             await self.async_init()         except Exception as error:             diagnostic = self._classify_structured_exception(error)             outcomes = [                 InputOutcome(                     input_ref=canonical_input_hash(value),                     status=OutcomeStatus.FAILURE,                     diagnostic=diagnostic,                 )                 for value in values             ]         else:             try:                 adapter, primary_field = self._input_validation_context()                 async with self._structured_execution_context() as context:                     for value in values:                         outcomes.append(                             await self._execute_structured_input(                                 value,                                 context,                                 adapter=adapter,                                 primary_field=primary_field,                             )                         )             except Exception as error:                 diagnostic = self._classify_structured_exception(error)                 for value in values[len(outcomes) :]:                     outcomes.append(                         InputOutcome(                             input_ref=canonical_input_hash(value),                             status=OutcomeStatus.FAILURE,                             diagnostic=diagnostic,                         )                     )         finally:             try:                 self._graph_service.flush()             except Exception:                 Logger.error(                     self.sketch_id,                     {\"message\": f\"Enricher {self.name()} graph flush failed.\"},                 )         if self.name() != \"enricher_orchestrator\":             Logger.completed(                 self.sketch_id, {\"message\": f\"Enricher {self.name()} finished.\"}             )         return StructuredExecutionResult(             enricher_name=self.name(),             outcomes=tuple(outcomes),         )"
    },
    "symbols": [
        {
            "id": "Method:flowsint-core/src/flowsint_core/core/enricher_base.py:Enricher.execute_structured#1",
            "name": "execute_structured",
            "filePath": "flowsint-core/src/flowsint_core/core/enricher_base.py",
            "nodeType": "Method",
            "startLine": 565,
            "endLine": 622,
            "content": "    async def execute_structured(self, values: List[Any]) -> StructuredExecutionResult:         \"\"\"Execute independently per original input without flattening outputs.\"\"\"         outcomes: list[InputOutcome] = []         if self.name() != \"enricher_orchestrator\":             Logger.info(self.sketch_id, {\"message\": f\"Enricher {self.name()} started.\"})         try:             await self.async_init()         except Exception as error:             diagnostic = self._classify_structured_exception(error)             outcomes = [                 InputOutcome(                     input_ref=canonical_input_hash(value),                     status=OutcomeStatus.FAILURE,                     diagnostic=diagnostic,                 )                 for value in values             ]         else:             try:                 adapter, primary_field = self._input_validation_context()                 async with self._structured_execution_context() as context:                     for value in values:                         outcomes.append(                             await self._execute_structured_input(                                 value,                                 context,                                 adapter=adapter,                                 primary_field=primary_field,                             )                         )             except Exception as error:                 diagnostic = self._classify_structured_exception(error)                 for value in values[len(outcomes) :]:                     outcomes.append(                         InputOutcome(                             input_ref=canonical_input_hash(value),                             status=OutcomeStatus.FAILURE,                             diagnostic=diagnostic,                         )                     )         finally:             try:                 self._graph_service.flush()             except Exception:                 Logger.error(                     self.sketch_id,                     {\"message\": f\"Enricher {self.name()} graph flush failed.\"},                 )         if self.name() != \"enricher_orchestrator\":             Logger.completed(                 self.sketch_id, {\"message\": f\"Enricher {self.name()} finished.\"}             )         return StructuredExecutionResult(             enricher_name=self.name(),             outcomes=tuple(outcomes),         )"
        },
        {
            "id": "Function:flowsint-core/src/flowsint_core/core/enricher_base.py:build_params_model",
            "name": "build_params_model",
            "filePath": "flowsint-core/src/flowsint_core/core/enricher_base.py",
            "nodeType": "Function",
            "startLine": 29,
            "endLine": 59,
            "content": "def build_params_model(params_schema: list) -> BaseModel:     \"\"\"     Build a strict Pydantic model from a params_schema.     Unknown fields will raise a validation error.     Note: Vault secrets are always optional in the Pydantic model to allow     for deferred configuration. Required validation happens after vault resolution.     \"\"\"     fields: Dict[str, Any] = {}     for param in params_schema:         name = param[\"name\"]         param_type = param.get(\"type\", \"string\")         field_type = bool if param_type == \"bool\" else str         required = param.get(\"required\", False)         # Vault secrets are always optional in Pydantic validation         # Required validation happens after vault resolution         if param_type == \"vaultSecret\":             default = param.get(\"default\", None)         else:             default = ... if required else param.get(\"default\")         fields[name] = (             Optional[field_type],             Field(default=default, description=param.get(\"description\", \"\")),         )     model = create_model(\"ParamsModel\", __config__=ConfigDict(extra=\"forbid\"), **fields)     return model"
        },
        {
            "id": "Function:flowsint-core/src/flowsint_execution/models.py:_canonicalize_input",
            "name": "_canonicalize_input",
            "filePath": "flowsint-core/src/flowsint_execution/models.py",
            "nodeType": "Function",
            "startLine": 96,
            "endLine": 136,
            "content": "def _canonicalize_input(value: Any) -> Any:     \"\"\"Convert supported input values to a deterministic JSON-compatible shape.\"\"\"     if isinstance(value, BaseModel):         return _canonicalize_input(             value.model_dump(mode=\"json\", by_alias=True, exclude_none=False)         )     if isinstance(value, Mapping):         return {             str(key): _canonicalize_input(item)             for key, item in sorted(value.items(), key=lambda item: str(item[0]))         }     if isinstance(value, (list, tuple)):         return [_canonicalize_input(item) for item in value]     if isinstance(value, (set, frozenset)):         canonical_items = [_canonicalize_input(item) for item in value]         return sorted(             canonical_items,             key=lambda item: json.dumps(                 item, ensure_ascii=False, separators=(\",\", \":\"), sort_keys=True             ),         )     if isinstance(value, float):         if math.isnan(value):             return {\"float\": \"nan\"}         if math.isinf(value):             return {\"float\": \"infinity\" if value > 0 else \"-infinity\"}         return value     if isinstance(value, Enum):         return _canonicalize_input(value.value)     if isinstance(value, datetime):         if value.tzinfo is not None and value.utcoffset() is not None:             value = value.astimezone(timezone.utc)         return value.isoformat()     if isinstance(value, bytes):         return {\"bytes_base64\": base64.b64encode(value).decode(\"ascii\")}     if value is None or isinstance(value, (bool, int, str)):         return value     if hasattr(value, \"model_dump\"):         return _canonicalize_input(value.model_dump(mode=\"json\"))     return {\"type\": f\"{type(value).__module__}.{type(value).__qualname__}\"}"
        },
        {
            "id": "Function:flowsint-core/src/flowsint_execution/models.py:canonical_input_hash",
            "name": "canonical_input_hash",
            "filePath": "flowsint-core/src/flowsint_execution/models.py",
            "nodeType": "Function",
            "startLine": 139,
            "endLine": 149,
            "content": "def canonical_input_hash(value: Any) -> str:     \"\"\"Return the stable SHA-256 reference for an input without retaining it.\"\"\"     canonical = json.dumps(         _canonicalize_input(value),         ensure_ascii=False,         separators=(\",\", \":\"),         sort_keys=True,         allow_nan=False,     )     return hashlib.sha256(canonical.encode(\"utf-8\")).hexdigest()"
        },
        {
            "id": "Method:flowsint-core/src/flowsint_core/core/enricher_base.py:Enricher.async_init#0",
            "name": "async_init",
            "filePath": "flowsint-core/src/flowsint_core/core/enricher_base.py",
            "nodeType": "Method",
            "startLine": 152,
            "endLine": 166,
            "content": "    async def async_init(self):         self.ParamsModel = build_params_model(self.params_schema)         # Always resolve parameters, even if self.params is empty         # This allows vault secrets to be fetched by name from params_schema         resolved_params = self.resolve_params()         # Strict validation after resolution         try:             validated = self.ParamsModel(**resolved_params)             self.params = validated.model_dump()         except ValidationError as e:             raise InvalidEnricherParams(                 f\"Enricher '{self.name()}' received invalid parameters: {e}\"             )"
        },
        {
            "id": "Method:flowsint-core/src/flowsint_core/core/enricher_base.py:Enricher.resolve_params#0",
            "name": "resolve_params",
            "filePath": "flowsint-core/src/flowsint_core/core/enricher_base.py",
            "nodeType": "Method",
            "startLine": 168,
            "endLine": 203,
            "content": "    def resolve_params(self) -> Dict[str, Any]:         resolved = {}         for param in self.params_schema:             param_name = param[\"name\"]             param_type = param.get(\"type\", \"string\")             if param_type == \"vaultSecret\":                 # For vault secrets, try to get from vault by name or ID                 secret = None                 if self.vault is not None:                     # First, check if user provided a specific vault ID in params                     if param_name in self.params and self.params[param_name]:                         secret = self.vault.get_secret(self.params[param_name])                     # Otherwise, try to get the secret by the param name itself                     if secret is None:                         secret = self.vault.get_secret(param_name)                     if secret is not None:                         resolved[param_name] = secret                     elif param.get(\"required\", False):                         raise Exception(                             f\"Required vault secret '{param_name}' is missing. Please go to the Vault settings and create a '{param_name}' key.\"                         )                 # If no vault or no secret found, use default if available                 if param_name not in resolved and param.get(\"default\") is not None:                     resolved[param_name] = param[\"default\"]             else:                 # For non-vault params, use the provided value or default                 if param_name in self.params and self.params[param_name] is not None:                     resolved[param_name] = self.params[param_name]                 elif param.get(\"default\") is not None:                     resolved[param_name] = param[\"default\"]         return resolved"
        },
        {
            "id": "Method:flowsint-core/src/flowsint_core/core/enricher_base.py:Enricher.name#0",
            "name": "name",
            "filePath": "flowsint-core/src/flowsint_core/core/enricher_base.py",
            "nodeType": "Method",
            "startLine": 211,
            "endLine": 212,
            "content": "    def name(cls) -> str:         pass"
        },
        {
            "id": "Method:flowsint-core/src/flowsint_core/core/enricher_base.py:Enricher.scan#1",
            "name": "scan",
            "filePath": "flowsint-core/src/flowsint_core/core/enricher_base.py",
            "nodeType": "Method",
            "startLine": 348,
            "endLine": 349,
            "content": "    async def scan(self, values: List[str]) -> List[Dict[str, Any]]:         pass"
        },
        {
            "id": "Method:flowsint-core/src/flowsint_core/core/enricher_base.py:Enricher._input_validation_context#0",
            "name": "_input_validation_context",
            "filePath": "flowsint-core/src/flowsint_core/core/enricher_base.py",
            "nodeType": "Method",
            "startLine": 373,
            "endLine": 392,
            "content": "    def _input_validation_context(self) -> tuple[TypeAdapter | None, str | None]:         if self.InputType is NotImplemented:             return None, None         base_type = self.InputType         adapter = TypeAdapter(base_type)         primary_field = None         if issubclass(base_type, BaseModel):             for name, field in base_type.model_fields.items():                 if field.json_schema_extra and field.json_schema_extra.get(\"primary\"):                     primary_field = name                     break             if primary_field is None:                 for name, field in base_type.model_fields.items():                     if field.is_required():                         primary_field = name                         break                 if primary_field is None:                     primary_field = next(iter(base_type.model_fields.keys()))         return adapter, primary_field"
        },
        {
            "id": "Method:flowsint-core/src/flowsint_core/core/enricher_base.py:Enricher._validate_single_input#3",
            "name": "_validate_single_input",
            "filePath": "flowsint-core/src/flowsint_core/core/enricher_base.py",
            "nodeType": "Method",
            "startLine": 394,
            "endLine": 408,
            "content": "    def _validate_single_input(         self,         item: Any,         *,         adapter: TypeAdapter | None = None,         primary_field: str | None = None,     ) -> Any:         \"\"\"Validate one input using the same conversion rules as ``preprocess``.\"\"\"         if self.InputType is NotImplemented:             return item         if adapter is None:             adapter, primary_field = self._input_validation_context()         if isinstance(item, str) and primary_field:             item = {primary_field: item}         return adapter.validate_python(item)"
        },
        {
            "id": "Method:flowsint-core/src/flowsint_core/core/enricher_base.py:Enricher._structured_execution_context#0",
            "name": "_structured_execution_context",
            "filePath": "flowsint-core/src/flowsint_core/core/enricher_base.py",
            "nodeType": "Method",
            "startLine": 447,
            "endLine": 449,
            "content": "    async def _structured_execution_context(self) -> AsyncIterator[Any]:         \"\"\"Provide optional shared resources for structured per-input processing.\"\"\"         yield None"
        },
        {
            "id": "Method:flowsint-core/src/flowsint_core/core/enricher_base.py:Enricher._process_single_input_structured#2",
            "name": "_process_single_input_structured",
            "filePath": "flowsint-core/src/flowsint_core/core/enricher_base.py",
            "nodeType": "Method",
            "startLine": 451,
            "endLine": 455,
            "content": "    async def _process_single_input_structured(         self, input_obj: Any, context: Any     ) -> List[Any]:         \"\"\"Process one validated input; subclasses can preserve richer grouping.\"\"\"         return await self.scan([input_obj])"
        },
        {
            "id": "Method:flowsint-core/src/flowsint_core/core/enricher_base.py:Enricher._build_structured_evidence#2",
            "name": "_build_structured_evidence",
            "filePath": "flowsint-core/src/flowsint_core/core/enricher_base.py",
            "nodeType": "Method",
            "startLine": 457,
            "endLine": 461,
            "content": "    def _build_structured_evidence(         self, input_obj: Any, input_ref: str     ) -> tuple[EvidenceEnvelope, ...]:         \"\"\"Return retainable evidence captured while processing one input.\"\"\"         return ()"
        },
        {
            "id": "Method:flowsint-core/src/flowsint_core/core/enricher_base.py:Enricher._classify_structured_exception#1",
            "name": "_classify_structured_exception",
            "filePath": "flowsint-core/src/flowsint_core/core/enricher_base.py",
            "nodeType": "Method",
            "startLine": 463,
            "endLine": 506,
            "content": "    def _classify_structured_exception(self, error: Exception) -> RedactedDiagnostic:         \"\"\"Classify failures without retaining exception text or request data.\"\"\"         if isinstance(error, (InvalidEnricherParams, ValidationError)):             return RedactedDiagnostic(                 code=\"validation_error\",                 safe_message=\"Input validation failed.\",                 retryable=False,             )         if isinstance(error, httpx.TimeoutException):             return RedactedDiagnostic(                 code=\"timeout\",                 safe_message=\"The operation timed out.\",                 retryable=True,             )         if isinstance(error, httpx.HTTPStatusError):             status_code = error.response.status_code             if status_code == 429:                 return RedactedDiagnostic(                     code=\"http_rate_limited\",                     safe_message=\"The remote service rate limited the request.\",                     retryable=True,                 )             if 500 <= status_code < 600:                 return RedactedDiagnostic(                     code=\"http_server_error\",                     safe_message=\"The remote service failed.\",                     retryable=True,                 )             if 400 <= status_code < 500:                 return RedactedDiagnostic(                     code=\"http_client_error\",                     safe_message=\"The remote service rejected the request.\",                     retryable=False,                 )             return RedactedDiagnostic(                 code=\"http_error\",                 safe_message=\"The remote service returned an HTTP error.\",                 retryable=False,             )         return RedactedDiagnostic(             code=\"unexpected_error\",             safe_message=\"Unexpected processing failure.\",             retryable=False,         )"
        },
        {
            "id": "Method:flowsint-core/src/flowsint_core/core/enricher_base.py:Enricher._classify_structured_success#2",
            "name": "_classify_structured_success",
            "filePath": "flowsint-core/src/flowsint_core/core/enricher_base.py",
            "nodeType": "Method",
            "startLine": 508,
            "endLine": 513,
            "content": "    def _classify_structured_success(         self,         outputs: tuple[Any, ...],         evidence: tuple[EvidenceEnvelope, ...],     ) -> tuple[OutcomeStatus, RedactedDiagnostic | None]:         return OutcomeStatus.SUCCESS, None"
        },
        {
            "id": "Method:flowsint-core/src/flowsint_core/core/enricher_base.py:Enricher._execute_structured_input#4",
            "name": "_execute_structured_input",
            "filePath": "flowsint-core/src/flowsint_core/core/enricher_base.py",
            "nodeType": "Method",
            "startLine": 515,
            "endLine": 563,
            "content": "    async def _execute_structured_input(         self,         original_input: Any,         context: Any,         *,         adapter: TypeAdapter | None = None,         primary_field: str | None = None,     ) -> InputOutcome:         input_ref = canonical_input_hash(original_input)         try:             input_obj = self._validate_single_input(                 original_input, adapter=adapter, primary_field=primary_field             )         except Exception as error:             return InputOutcome(                 input_ref=input_ref,                 status=OutcomeStatus.FAILURE,                 diagnostic=self._classify_structured_exception(error),             )         outputs: tuple[Any, ...] = ()         diagnostic: RedactedDiagnostic | None = None         status = OutcomeStatus.SUCCESS         try:             processed = await self._process_single_input_structured(input_obj, context)             outputs = tuple(self.postprocess(processed, [input_obj]))         except Exception as error:             status = OutcomeStatus.FAILURE             diagnostic = self._classify_structured_exception(error)         try:             evidence = self._build_structured_evidence(input_obj, input_ref)         except Exception as error:             evidence = ()             status = OutcomeStatus.FAILURE             diagnostic = self._classify_structured_exception(error)         if status is OutcomeStatus.SUCCESS:             status, diagnostic = self._classify_structured_success(outputs, evidence)         if status is not OutcomeStatus.SUCCESS:             outputs = ()         return InputOutcome(             input_ref=input_ref,             status=status,             outputs=outputs,             diagnostic=diagnostic,             evidence=evidence,         )"
        },
        {
            "id": "Method:flowsint-core/src/flowsint_core/core/enricher_base.py:Enricher.postprocess#2",
            "name": "postprocess",
            "filePath": "flowsint-core/src/flowsint_core/core/enricher_base.py",
            "nodeType": "Method",
            "startLine": 624,
            "endLine": 627,
            "content": "    def postprocess(         self, results: List[Dict[str, Any]], input_data: List[str] = None     ) -> List[Dict[str, Any]]:         return results"
        },
        {
            "id": "Method:flowsint-core/src/flowsint_core/core/logger.py:LoggerSingleton._get_next_sequence#0",
            "name": "_get_next_sequence",
            "filePath": "flowsint-core/src/flowsint_core/core/logger.py",
            "nodeType": "Method",
            "startLine": 88,
            "endLine": 92,
            "content": "    def _get_next_sequence(self) -> int:         \"\"\"Get the next sequence number in a thread-safe manner.\"\"\"         with self._sequence_lock:             self._sequence_counter += 1             return self._sequence_counter"
        },
        {
            "id": "Method:flowsint-core/src/flowsint_core/core/logger.py:LoggerSingleton._flush_batch#1",
            "name": "_flush_batch",
            "filePath": "flowsint-core/src/flowsint_core/core/logger.py",
            "nodeType": "Method",
            "startLine": 117,
            "endLine": 179,
            "content": "    def _flush_batch(self, force: bool = False) -> None:         \"\"\"         Flush pending logs to database.         Args:             force: If True, flush all logs regardless of batch size         \"\"\"         if self._log_queue.empty():             return         logs_to_insert = []         # Collect logs from queue         while not self._log_queue.empty() and (             force or len(logs_to_insert) < self._batch_size         ):             try:                 logs_to_insert.append(self._log_queue.get_nowait())             except:                 break         if not logs_to_insert:             return         # Sort logs by sequence number to maintain order         logs_to_insert.sort(key=lambda x: x[0])  # x[0] is the sequence number         # Batch insert to database         try:             db = next(get_db())         except (StopIteration, RuntimeError) as e:             # Generator exhausted or error getting DB - log to standard logging             import logging             logging.error(f\"Failed to get database session: {e}\")             return         try:             log_objects = []             for sequence, timestamp, sketch_id, level, content in logs_to_insert:                 log = Log(                     sketch_id=str(sketch_id),                     type=level.value,                     content=content,                     created_at=timestamp,  # Use application-side timestamp                 )                 log_objects.append(log)             db.add_all(log_objects)             db.commit()             # Refresh to get IDs (needed for event emission tracking)             for log in log_objects:                 db.refresh(log)         except Exception as e:             db.rollback()             # Log to standard logging as fallback             import logging             logging.error(f\"Failed to batch insert logs: {e}\")         finally:             db.close()"
        },
        {
            "id": "Method:flowsint-core/src/flowsint_core/core/logger.py:LoggerSingleton._emit_event#4",
            "name": "_emit_event",
            "filePath": "flowsint-core/src/flowsint_core/core/logger.py",
            "nodeType": "Method",
            "startLine": 181,
            "endLine": 199,
            "content": "    def _emit_event(         self, log_id: str, sketch_id: str, level: EventLevel, content: Dict     ) -> None:         \"\"\"         Emit event immediately for real-time display.         Args:             log_id: Log entry ID             sketch_id: Sketch ID for event routing             level: Log level             content: Log content         \"\"\"         try:             emit_event_task.apply(args=[log_id, str(sketch_id), level, content])         except Exception as e:             # Don't let event emission errors break logging             import logging             logging.error(f\"Failed to emit event: {e}\")"
        },
        {
            "id": "Method:flowsint-core/src/flowsint_core/core/logger.py:LoggerSingleton._log#3",
            "name": "_log",
            "filePath": "flowsint-core/src/flowsint_core/core/logger.py",
            "nodeType": "Method",
            "startLine": 201,
            "endLine": 235,
            "content": "    def _log(         self, sketch_id: Union[str, UUID], level: EventLevel, content: Dict     ) -> None:         \"\"\"         Internal logging method.         Process:         1. Capture timestamp and sequence number immediately         2. Emit event immediately (real-time UI)         3. Queue for batch insertion with ordering info (performance)         Args:             sketch_id: Sketch ID for log routing             level: Log level             content: Log content/message         \"\"\"         # Capture timestamp and sequence at the time of logging (not insertion)         sequence = self._get_next_sequence()         timestamp = datetime.now(timezone.utc)         # Generate a temporary ID for immediate event emission         import uuid         temp_log_id = str(uuid.uuid4())         # 1. IMMEDIATE: Emit event for real-time display         self._emit_event(temp_log_id, str(sketch_id), level, content)         # 2. BATCHED: Queue for database insertion with ordering info         # Format: (sequence, timestamp, sketch_id, level, content)         self._log_queue.put((sequence, timestamp, str(sketch_id), level, content))         # 3. Check if we should flush immediately (batch size reached)         if self._log_queue.qsize() >= self._batch_size:             self._flush_batch()"
        },
        {
            "id": "Method:flowsint-core/src/flowsint_core/core/logger.py:LoggerSingleton.info#2",
            "name": "info",
            "filePath": "flowsint-core/src/flowsint_core/core/logger.py",
            "nodeType": "Method",
            "startLine": 239,
            "endLine": 241,
            "content": "    def info(self, sketch_id: Union[str, UUID], message: Dict) -> None:         \"\"\"Log an info message.\"\"\"         self._log(sketch_id, EventLevel.INFO, message)"
        },
        {
            "id": "Method:flowsint-core/src/flowsint_core/core/logger.py:LoggerSingleton.error#2",
            "name": "error",
            "filePath": "flowsint-core/src/flowsint_core/core/logger.py",
            "nodeType": "Method",
            "startLine": 243,
            "endLine": 245,
            "content": "    def error(self, sketch_id: Union[str, UUID], message: Dict) -> None:         \"\"\"Log an error message.\"\"\"         self._log(sketch_id, EventLevel.FAILED, message)"
        },
        {
            "id": "Method:flowsint-core/src/flowsint_core/core/logger.py:LoggerSingleton.completed#2",
            "name": "completed",
            "filePath": "flowsint-core/src/flowsint_core/core/logger.py",
            "nodeType": "Method",
            "startLine": 259,
            "endLine": 276,
            "content": "    def completed(self, sketch_id: Union[str, UUID], message: Dict) -> None:         \"\"\"Log a completed message.\"\"\"         self._log(sketch_id, EventLevel.COMPLETED, message)         # Also publish to status channel for graph refresh         try:             import uuid             temp_log_id = str(uuid.uuid4())             from ..tasks.event import emit_status_event_task             emit_status_event_task.apply(                 args=[temp_log_id, str(sketch_id), EventLevel.COMPLETED, message]             )         except Exception as e:             import logging             logging.error(f\"Failed to emit status event: {e}\")"
        }
    ],
    "edges": [
        {
            "from": "Method:flowsint-core/src/flowsint_core/core/enricher_base.py:Enricher.execute_structured#1",
            "to": "Method:flowsint-core/src/flowsint_core/core/enricher_base.py:Enricher.async_init#0",
            "type": "CALLS",
            "confidence": 0.85
        },
        {
            "from": "Method:flowsint-core/src/flowsint_core/core/enricher_base.py:Enricher.execute_structured#1",
            "to": "Method:flowsint-core/src/flowsint_core/core/enricher_base.py:Enricher.name#0",
            "type": "CALLS",
            "confidence": 0.85
        },
        {
            "from": "Method:flowsint-core/src/flowsint_core/core/enricher_base.py:Enricher.execute_structured#1",
            "to": "Method:flowsint-core/src/flowsint_core/core/enricher_base.py:Enricher._input_validation_context#0",
            "type": "CALLS",
            "confidence": 0.85
        },
        {
            "from": "Method:flowsint-core/src/flowsint_core/core/enricher_base.py:Enricher.execute_structured#1",
            "to": "Method:flowsint-core/src/flowsint_core/core/enricher_base.py:Enricher._structured_execution_context#0",
            "type": "CALLS",
            "confidence": 0.85
        },
        {
            "from": "Method:flowsint-core/src/flowsint_core/core/enricher_base.py:Enricher.execute_structured#1",
            "to": "Method:flowsint-core/src/flowsint_core/core/enricher_base.py:Enricher._classify_structured_exception#1",
            "type": "CALLS",
            "confidence": 0.85
        },
        {
            "from": "Method:flowsint-core/src/flowsint_core/core/enricher_base.py:Enricher.execute_structured#1",
            "to": "Method:flowsint-core/src/flowsint_core/core/enricher_base.py:Enricher._execute_structured_input#4",
            "type": "CALLS",
            "confidence": 0.85
        },
        {
            "from": "Method:flowsint-core/src/flowsint_core/core/enricher_base.py:Enricher.execute_structured#1",
            "to": "Method:flowsint-core/src/flowsint_core/core/logger.py:LoggerSingleton.info#2",
            "type": "CALLS",
            "confidence": 0.85
        },
        {
            "from": "Method:flowsint-core/src/flowsint_core/core/enricher_base.py:Enricher.execute_structured#1",
            "to": "Method:flowsint-core/src/flowsint_core/core/logger.py:LoggerSingleton.error#2",
            "type": "CALLS",
            "confidence": 0.85
        },
        {
            "from": "Method:flowsint-core/src/flowsint_core/core/enricher_base.py:Enricher.execute_structured#1",
            "to": "Method:flowsint-core/src/flowsint_core/core/logger.py:LoggerSingleton.completed#2",
            "type": "CALLS",
            "confidence": 0.85
        },
        {
            "from": "Method:flowsint-core/src/flowsint_core/core/enricher_base.py:Enricher.execute_structured#1",
            "to": "Function:flowsint-core/src/flowsint_execution/models.py:canonical_input_hash",
            "type": "CALLS",
            "confidence": 0.85
        },
        {
            "from": "Method:flowsint-core/src/flowsint_core/core/enricher_base.py:Enricher.async_init#0",
            "to": "Method:flowsint-core/src/flowsint_core/core/enricher_base.py:Enricher.resolve_params#0",
            "type": "CALLS",
            "confidence": 0.85
        },
        {
            "from": "Method:flowsint-core/src/flowsint_core/core/enricher_base.py:Enricher.async_init#0",
            "to": "Method:flowsint-core/src/flowsint_core/core/enricher_base.py:Enricher.name#0",
            "type": "CALLS",
            "confidence": 0.85
        },
        {
            "from": "Method:flowsint-core/src/flowsint_core/core/enricher_base.py:Enricher._execute_structured_input#4",
            "to": "Method:flowsint-core/src/flowsint_core/core/enricher_base.py:Enricher._validate_single_input#3",
            "type": "CALLS",
            "confidence": 0.85
        },
        {
            "from": "Method:flowsint-core/src/flowsint_core/core/enricher_base.py:Enricher._execute_structured_input#4",
            "to": "Method:flowsint-core/src/flowsint_core/core/enricher_base.py:Enricher._process_single_input_structured#2",
            "type": "CALLS",
            "confidence": 0.85
        },
        {
            "from": "Method:flowsint-core/src/flowsint_core/core/enricher_base.py:Enricher._execute_structured_input#4",
            "to": "Method:flowsint-core/src/flowsint_core/core/enricher_base.py:Enricher._build_structured_evidence#2",
            "type": "CALLS",
            "confidence": 0.85
        },
        {
            "from": "Method:flowsint-core/src/flowsint_core/core/enricher_base.py:Enricher._execute_structured_input#4",
            "to": "Method:flowsint-core/src/flowsint_core/core/enricher_base.py:Enricher._classify_structured_exception#1",
            "type": "CALLS",
            "confidence": 0.85
        },
        {
            "from": "Method:flowsint-core/src/flowsint_core/core/enricher_base.py:Enricher._execute_structured_input#4",
            "to": "Method:flowsint-core/src/flowsint_core/core/enricher_base.py:Enricher._classify_structured_success#2",
            "type": "CALLS",
            "confidence": 0.85
        },
        {
            "from": "Method:flowsint-core/src/flowsint_core/core/enricher_base.py:Enricher._execute_structured_input#4",
            "to": "Method:flowsint-core/src/flowsint_core/core/enricher_base.py:Enricher.postprocess#2",
            "type": "CALLS",
            "confidence": 0.85
        },
        {
            "from": "Method:flowsint-core/src/flowsint_core/core/logger.py:LoggerSingleton.completed#2",
            "to": "Method:flowsint-core/src/flowsint_core/core/logger.py:LoggerSingleton._log#3",
            "type": "CALLS",
            "confidence": 0.85
        },
        {
            "from": "Method:flowsint-core/src/flowsint_core/core/logger.py:LoggerSingleton.error#2",
            "to": "Method:flowsint-core/src/flowsint_core/core/logger.py:LoggerSingleton._log#3",
            "type": "CALLS",
            "confidence": 0.85
        },
        {
            "from": "Method:flowsint-core/src/flowsint_core/core/logger.py:LoggerSingleton.info#2",
            "to": "Method:flowsint-core/src/flowsint_core/core/logger.py:LoggerSingleton._log#3",
            "type": "CALLS",
            "confidence": 0.85
        },
        {
            "from": "Method:flowsint-core/src/flowsint_core/core/enricher_base.py:Enricher.async_init#0",
            "to": "Function:flowsint-core/src/flowsint_core/core/enricher_base.py:build_params_model",
            "type": "CALLS",
            "confidence": 0.85
        },
        {
            "from": "Function:flowsint-core/src/flowsint_execution/models.py:canonical_input_hash",
            "to": "Function:flowsint-core/src/flowsint_execution/models.py:_canonicalize_input",
            "type": "CALLS",
            "confidence": 0.85
        },
        {
            "from": "Method:flowsint-core/src/flowsint_core/core/enricher_base.py:Enricher._execute_structured_input#4",
            "to": "Function:flowsint-core/src/flowsint_execution/models.py:canonical_input_hash",
            "type": "CALLS",
            "confidence": 0.85
        },
        {
            "from": "Method:flowsint-core/src/flowsint_core/core/enricher_base.py:Enricher._process_single_input_structured#2",
            "to": "Method:flowsint-core/src/flowsint_core/core/enricher_base.py:Enricher.scan#1",
            "type": "CALLS",
            "confidence": 0.85
        },
        {
            "from": "Method:flowsint-core/src/flowsint_core/core/enricher_base.py:Enricher._validate_single_input#3",
            "to": "Method:flowsint-core/src/flowsint_core/core/enricher_base.py:Enricher._input_validation_context#0",
            "type": "CALLS",
            "confidence": 0.85
        },
        {
            "from": "Method:flowsint-core/src/flowsint_core/core/logger.py:LoggerSingleton._log#3",
            "to": "Method:flowsint-core/src/flowsint_core/core/logger.py:LoggerSingleton._get_next_sequence#0",
            "type": "CALLS",
            "confidence": 0.85
        },
        {
            "from": "Method:flowsint-core/src/flowsint_core/core/logger.py:LoggerSingleton._log#3",
            "to": "Method:flowsint-core/src/flowsint_core/core/logger.py:LoggerSingleton._flush_batch#1",
            "type": "CALLS",
            "confidence": 0.85
        },
        {
            "from": "Method:flowsint-core/src/flowsint_core/core/logger.py:LoggerSingleton._log#3",
            "to": "Method:flowsint-core/src/flowsint_core/core/logger.py:LoggerSingleton._emit_event#4",
            "type": "CALLS",
            "confidence": 0.85
        },
        {
            "from": "Function:flowsint-core/src/flowsint_execution/models.py:_canonicalize_input",
            "to": "Function:flowsint-core/src/flowsint_execution/models.py:_canonicalize_input",
            "type": "CALLS",
            "confidence": 0.85
        }
    ],
    "files": [
        {
            "filePath": "flowsint-core/src/flowsint_core/core/enricher_base.py",
            "count": 15,
            "symbols": [
                {
                    "id": "Method:flowsint-core/src/flowsint_core/core/enricher_base.py:Enricher.execute_structured#1",
                    "name": "execute_structured",
                    "filePath": "flowsint-core/src/flowsint_core/core/enricher_base.py",
                    "nodeType": "Method",
                    "startLine": 565,
                    "endLine": 622,
                    "content": "    async def execute_structured(self, values: List[Any]) -> StructuredExecutionResult:         \"\"\"Execute independently per original input without flattening outputs.\"\"\"         outcomes: list[InputOutcome] = []         if self.name() != \"enricher_orchestrator\":             Logger.info(self.sketch_id, {\"message\": f\"Enricher {self.name()} started.\"})         try:             await self.async_init()         except Exception as error:             diagnostic = self._classify_structured_exception(error)             outcomes = [                 InputOutcome(                     input_ref=canonical_input_hash(value),                     status=OutcomeStatus.FAILURE,                     diagnostic=diagnostic,                 )                 for value in values             ]         else:             try:                 adapter, primary_field = self._input_validation_context()                 async with self._structured_execution_context() as context:                     for value in values:                         outcomes.append(                             await self._execute_structured_input(                                 value,                                 context,                                 adapter=adapter,                                 primary_field=primary_field,                             )                         )             except Exception as error:                 diagnostic = self._classify_structured_exception(error)                 for value in values[len(outcomes) :]:                     outcomes.append(                         InputOutcome(                             input_ref=canonical_input_hash(value),                             status=OutcomeStatus.FAILURE,                             diagnostic=diagnostic,                         )                     )         finally:             try:                 self._graph_service.flush()             except Exception:                 Logger.error(                     self.sketch_id,                     {\"message\": f\"Enricher {self.name()} graph flush failed.\"},                 )         if self.name() != \"enricher_orchestrator\":             Logger.completed(                 self.sketch_id, {\"message\": f\"Enricher {self.name()} finished.\"}             )         return StructuredExecutionResult(             enricher_name=self.name(),             outcomes=tuple(outcomes),         )"
                },
                {
                    "id": "Function:flowsint-core/src/flowsint_core/core/enricher_base.py:build_params_model",
                    "name": "build_params_model",
                    "filePath": "flowsint-core/src/flowsint_core/core/enricher_base.py",
                    "nodeType": "Function",
                    "startLine": 29,
                    "endLine": 59,
                    "content": "def build_params_model(params_schema: list) -> BaseModel:     \"\"\"     Build a strict Pydantic model from a params_schema.     Unknown fields will raise a validation error.     Note: Vault secrets are always optional in the Pydantic model to allow     for deferred configuration. Required validation happens after vault resolution.     \"\"\"     fields: Dict[str, Any] = {}     for param in params_schema:         name = param[\"name\"]         param_type = param.get(\"type\", \"string\")         field_type = bool if param_type == \"bool\" else str         required = param.get(\"required\", False)         # Vault secrets are always optional in Pydantic validation         # Required validation happens after vault resolution         if param_type == \"vaultSecret\":             default = param.get(\"default\", None)         else:             default = ... if required else param.get(\"default\")         fields[name] = (             Optional[field_type],             Field(default=default, description=param.get(\"description\", \"\")),         )     model = create_model(\"ParamsModel\", __config__=ConfigDict(extra=\"forbid\"), **fields)     return model"
                },
                {
                    "id": "Method:flowsint-core/src/flowsint_core/core/enricher_base.py:Enricher.async_init#0",
                    "name": "async_init",
                    "filePath": "flowsint-core/src/flowsint_core/core/enricher_base.py",
                    "nodeType": "Method",
                    "startLine": 152,
                    "endLine": 166,
                    "content": "    async def async_init(self):         self.ParamsModel = build_params_model(self.params_schema)         # Always resolve parameters, even if self.params is empty         # This allows vault secrets to be fetched by name from params_schema         resolved_params = self.resolve_params()         # Strict validation after resolution         try:             validated = self.ParamsModel(**resolved_params)             self.params = validated.model_dump()         except ValidationError as e:             raise InvalidEnricherParams(                 f\"Enricher '{self.name()}' received invalid parameters: {e}\"             )"
                },
                {
                    "id": "Method:flowsint-core/src/flowsint_core/core/enricher_base.py:Enricher.resolve_params#0",
                    "name": "resolve_params",
                    "filePath": "flowsint-core/src/flowsint_core/core/enricher_base.py",
                    "nodeType": "Method",
                    "startLine": 168,
                    "endLine": 203,
                    "content": "    def resolve_params(self) -> Dict[str, Any]:         resolved = {}         for param in self.params_schema:             param_name = param[\"name\"]             param_type = param.get(\"type\", \"string\")             if param_type == \"vaultSecret\":                 # For vault secrets, try to get from vault by name or ID                 secret = None                 if self.vault is not None:                     # First, check if user provided a specific vault ID in params                     if param_name in self.params and self.params[param_name]:                         secret = self.vault.get_secret(self.params[param_name])                     # Otherwise, try to get the secret by the param name itself                     if secret is None:                         secret = self.vault.get_secret(param_name)                     if secret is not None:                         resolved[param_name] = secret                     elif param.get(\"required\", False):                         raise Exception(                             f\"Required vault secret '{param_name}' is missing. Please go to the Vault settings and create a '{param_name}' key.\"                         )                 # If no vault or no secret found, use default if available                 if param_name not in resolved and param.get(\"default\") is not None:                     resolved[param_name] = param[\"default\"]             else:                 # For non-vault params, use the provided value or default                 if param_name in self.params and self.params[param_name] is not None:                     resolved[param_name] = self.params[param_name]                 elif param.get(\"default\") is not None:                     resolved[param_name] = param[\"default\"]         return resolved"
                },
                {
                    "id": "Method:flowsint-core/src/flowsint_core/core/enricher_base.py:Enricher.name#0",
                    "name": "name",
                    "filePath": "flowsint-core/src/flowsint_core/core/enricher_base.py",
                    "nodeType": "Method",
                    "startLine": 211,
                    "endLine": 212,
                    "content": "    def name(cls) -> str:         pass"
                },
                {
                    "id": "Method:flowsint-core/src/flowsint_core/core/enricher_base.py:Enricher.scan#1",
                    "name": "scan",
                    "filePath": "flowsint-core/src/flowsint_core/core/enricher_base.py",
                    "nodeType": "Method",
                    "startLine": 348,
                    "endLine": 349,
                    "content": "    async def scan(self, values: List[str]) -> List[Dict[str, Any]]:         pass"
                },
                {
                    "id": "Method:flowsint-core/src/flowsint_core/core/enricher_base.py:Enricher._input_validation_context#0",
                    "name": "_input_validation_context",
                    "filePath": "flowsint-core/src/flowsint_core/core/enricher_base.py",
                    "nodeType": "Method",
                    "startLine": 373,
                    "endLine": 392,
                    "content": "    def _input_validation_context(self) -> tuple[TypeAdapter | None, str | None]:         if self.InputType is NotImplemented:             return None, None         base_type = self.InputType         adapter = TypeAdapter(base_type)         primary_field = None         if issubclass(base_type, BaseModel):             for name, field in base_type.model_fields.items():                 if field.json_schema_extra and field.json_schema_extra.get(\"primary\"):                     primary_field = name                     break             if primary_field is None:                 for name, field in base_type.model_fields.items():                     if field.is_required():                         primary_field = name                         break                 if primary_field is None:                     primary_field = next(iter(base_type.model_fields.keys()))         return adapter, primary_field"
                },
                {
                    "id": "Method:flowsint-core/src/flowsint_core/core/enricher_base.py:Enricher._validate_single_input#3",
                    "name": "_validate_single_input",
                    "filePath": "flowsint-core/src/flowsint_core/core/enricher_base.py",
                    "nodeType": "Method",
                    "startLine": 394,
                    "endLine": 408,
                    "content": "    def _validate_single_input(         self,         item: Any,         *,         adapter: TypeAdapter | None = None,         primary_field: str | None = None,     ) -> Any:         \"\"\"Validate one input using the same conversion rules as ``preprocess``.\"\"\"         if self.InputType is NotImplemented:             return item         if adapter is None:             adapter, primary_field = self._input_validation_context()         if isinstance(item, str) and primary_field:             item = {primary_field: item}         return adapter.validate_python(item)"
                },
                {
                    "id": "Method:flowsint-core/src/flowsint_core/core/enricher_base.py:Enricher._structured_execution_context#0",
                    "name": "_structured_execution_context",
                    "filePath": "flowsint-core/src/flowsint_core/core/enricher_base.py",
                    "nodeType": "Method",
                    "startLine": 447,
                    "endLine": 449,
                    "content": "    async def _structured_execution_context(self) -> AsyncIterator[Any]:         \"\"\"Provide optional shared resources for structured per-input processing.\"\"\"         yield None"
                },
                {
                    "id": "Method:flowsint-core/src/flowsint_core/core/enricher_base.py:Enricher._process_single_input_structured#2",
                    "name": "_process_single_input_structured",
                    "filePath": "flowsint-core/src/flowsint_core/core/enricher_base.py",
                    "nodeType": "Method",
                    "startLine": 451,
                    "endLine": 455,
                    "content": "    async def _process_single_input_structured(         self, input_obj: Any, context: Any     ) -> List[Any]:         \"\"\"Process one validated input; subclasses can preserve richer grouping.\"\"\"         return await self.scan([input_obj])"
                },
                {
                    "id": "Method:flowsint-core/src/flowsint_core/core/enricher_base.py:Enricher._build_structured_evidence#2",
                    "name": "_build_structured_evidence",
                    "filePath": "flowsint-core/src/flowsint_core/core/enricher_base.py",
                    "nodeType": "Method",
                    "startLine": 457,
                    "endLine": 461,
                    "content": "    def _build_structured_evidence(         self, input_obj: Any, input_ref: str     ) -> tuple[EvidenceEnvelope, ...]:         \"\"\"Return retainable evidence captured while processing one input.\"\"\"         return ()"
                },
                {
                    "id": "Method:flowsint-core/src/flowsint_core/core/enricher_base.py:Enricher._classify_structured_exception#1",
                    "name": "_classify_structured_exception",
                    "filePath": "flowsint-core/src/flowsint_core/core/enricher_base.py",
                    "nodeType": "Method",
                    "startLine": 463,
                    "endLine": 506,
                    "content": "    def _classify_structured_exception(self, error: Exception) -> RedactedDiagnostic:         \"\"\"Classify failures without retaining exception text or request data.\"\"\"         if isinstance(error, (InvalidEnricherParams, ValidationError)):             return RedactedDiagnostic(                 code=\"validation_error\",                 safe_message=\"Input validation failed.\",                 retryable=False,             )         if isinstance(error, httpx.TimeoutException):             return RedactedDiagnostic(                 code=\"timeout\",                 safe_message=\"The operation timed out.\",                 retryable=True,             )         if isinstance(error, httpx.HTTPStatusError):             status_code = error.response.status_code             if status_code == 429:                 return RedactedDiagnostic(                     code=\"http_rate_limited\",                     safe_message=\"The remote service rate limited the request.\",                     retryable=True,                 )             if 500 <= status_code < 600:                 return RedactedDiagnostic(                     code=\"http_server_error\",                     safe_message=\"The remote service failed.\",                     retryable=True,                 )             if 400 <= status_code < 500:                 return RedactedDiagnostic(                     code=\"http_client_error\",                     safe_message=\"The remote service rejected the request.\",                     retryable=False,                 )             return RedactedDiagnostic(                 code=\"http_error\",                 safe_message=\"The remote service returned an HTTP error.\",                 retryable=False,             )         return RedactedDiagnostic(             code=\"unexpected_error\",             safe_message=\"Unexpected processing failure.\",             retryable=False,         )"
                },
                {
                    "id": "Method:flowsint-core/src/flowsint_core/core/enricher_base.py:Enricher._classify_structured_success#2",
                    "name": "_classify_structured_success",
                    "filePath": "flowsint-core/src/flowsint_core/core/enricher_base.py",
                    "nodeType": "Method",
                    "startLine": 508,
                    "endLine": 513,
                    "content": "    def _classify_structured_success(         self,         outputs: tuple[Any, ...],         evidence: tuple[EvidenceEnvelope, ...],     ) -> tuple[OutcomeStatus, RedactedDiagnostic | None]:         return OutcomeStatus.SUCCESS, None"
                },
                {
                    "id": "Method:flowsint-core/src/flowsint_core/core/enricher_base.py:Enricher._execute_structured_input#4",
                    "name": "_execute_structured_input",
                    "filePath": "flowsint-core/src/flowsint_core/core/enricher_base.py",
                    "nodeType": "Method",
                    "startLine": 515,
                    "endLine": 563,
                    "content": "    async def _execute_structured_input(         self,         original_input: Any,         context: Any,         *,         adapter: TypeAdapter | None = None,         primary_field: str | None = None,     ) -> InputOutcome:         input_ref = canonical_input_hash(original_input)         try:             input_obj = self._validate_single_input(                 original_input, adapter=adapter, primary_field=primary_field             )         except Exception as error:             return InputOutcome(                 input_ref=input_ref,                 status=OutcomeStatus.FAILURE,                 diagnostic=self._classify_structured_exception(error),             )         outputs: tuple[Any, ...] = ()         diagnostic: RedactedDiagnostic | None = None         status = OutcomeStatus.SUCCESS         try:             processed = await self._process_single_input_structured(input_obj, context)             outputs = tuple(self.postprocess(processed, [input_obj]))         except Exception as error:             status = OutcomeStatus.FAILURE             diagnostic = self._classify_structured_exception(error)         try:             evidence = self._build_structured_evidence(input_obj, input_ref)         except Exception as error:             evidence = ()             status = OutcomeStatus.FAILURE             diagnostic = self._classify_structured_exception(error)         if status is OutcomeStatus.SUCCESS:             status, diagnostic = self._classify_structured_success(outputs, evidence)         if status is not OutcomeStatus.SUCCESS:             outputs = ()         return InputOutcome(             input_ref=input_ref,             status=status,             outputs=outputs,             diagnostic=diagnostic,             evidence=evidence,         )"
                },
                {
                    "id": "Method:flowsint-core/src/flowsint_core/core/enricher_base.py:Enricher.postprocess#2",
                    "name": "postprocess",
                    "filePath": "flowsint-core/src/flowsint_core/core/enricher_base.py",
                    "nodeType": "Method",
                    "startLine": 624,
                    "endLine": 627,
                    "content": "    def postprocess(         self, results: List[Dict[str, Any]], input_data: List[str] = None     ) -> List[Dict[str, Any]]:         return results"
                }
            ]
        },
        {
            "filePath": "flowsint-core/src/flowsint_execution/models.py",
            "count": 2,
            "symbols": [
                {
                    "id": "Function:flowsint-core/src/flowsint_execution/models.py:_canonicalize_input",
                    "name": "_canonicalize_input",
                    "filePath": "flowsint-core/src/flowsint_execution/models.py",
                    "nodeType": "Function",
                    "startLine": 96,
                    "endLine": 136,
                    "content": "def _canonicalize_input(value: Any) -> Any:     \"\"\"Convert supported input values to a deterministic JSON-compatible shape.\"\"\"     if isinstance(value, BaseModel):         return _canonicalize_input(             value.model_dump(mode=\"json\", by_alias=True, exclude_none=False)         )     if isinstance(value, Mapping):         return {             str(key): _canonicalize_input(item)             for key, item in sorted(value.items(), key=lambda item: str(item[0]))         }     if isinstance(value, (list, tuple)):         return [_canonicalize_input(item) for item in value]     if isinstance(value, (set, frozenset)):         canonical_items = [_canonicalize_input(item) for item in value]         return sorted(             canonical_items,             key=lambda item: json.dumps(                 item, ensure_ascii=False, separators=(\",\", \":\"), sort_keys=True             ),         )     if isinstance(value, float):         if math.isnan(value):             return {\"float\": \"nan\"}         if math.isinf(value):             return {\"float\": \"infinity\" if value > 0 else \"-infinity\"}         return value     if isinstance(value, Enum):         return _canonicalize_input(value.value)     if isinstance(value, datetime):         if value.tzinfo is not None and value.utcoffset() is not None:             value = value.astimezone(timezone.utc)         return value.isoformat()     if isinstance(value, bytes):         return {\"bytes_base64\": base64.b64encode(value).decode(\"ascii\")}     if value is None or isinstance(value, (bool, int, str)):         return value     if hasattr(value, \"model_dump\"):         return _canonicalize_input(value.model_dump(mode=\"json\"))     return {\"type\": f\"{type(value).__module__}.{type(value).__qualname__}\"}"
                },
                {
                    "id": "Function:flowsint-core/src/flowsint_execution/models.py:canonical_input_hash",
                    "name": "canonical_input_hash",
                    "filePath": "flowsint-core/src/flowsint_execution/models.py",
                    "nodeType": "Function",
                    "startLine": 139,
                    "endLine": 149,
                    "content": "def canonical_input_hash(value: Any) -> str:     \"\"\"Return the stable SHA-256 reference for an input without retaining it.\"\"\"     canonical = json.dumps(         _canonicalize_input(value),         ensure_ascii=False,         separators=(\",\", \":\"),         sort_keys=True,         allow_nan=False,     )     return hashlib.sha256(canonical.encode(\"utf-8\")).hexdigest()"
                }
            ]
        },
        {
            "filePath": "flowsint-core/src/flowsint_core/core/logger.py",
            "count": 7,
            "symbols": [
                {
                    "id": "Method:flowsint-core/src/flowsint_core/core/logger.py:LoggerSingleton._get_next_sequence#0",
                    "name": "_get_next_sequence",
                    "filePath": "flowsint-core/src/flowsint_core/core/logger.py",
                    "nodeType": "Method",
                    "startLine": 88,
                    "endLine": 92,
                    "content": "    def _get_next_sequence(self) -> int:         \"\"\"Get the next sequence number in a thread-safe manner.\"\"\"         with self._sequence_lock:             self._sequence_counter += 1             return self._sequence_counter"
                },
                {
                    "id": "Method:flowsint-core/src/flowsint_core/core/logger.py:LoggerSingleton._flush_batch#1",
                    "name": "_flush_batch",
                    "filePath": "flowsint-core/src/flowsint_core/core/logger.py",
                    "nodeType": "Method",
                    "startLine": 117,
                    "endLine": 179,
                    "content": "    def _flush_batch(self, force: bool = False) -> None:         \"\"\"         Flush pending logs to database.         Args:             force: If True, flush all logs regardless of batch size         \"\"\"         if self._log_queue.empty():             return         logs_to_insert = []         # Collect logs from queue         while not self._log_queue.empty() and (             force or len(logs_to_insert) < self._batch_size         ):             try:                 logs_to_insert.append(self._log_queue.get_nowait())             except:                 break         if not logs_to_insert:             return         # Sort logs by sequence number to maintain order         logs_to_insert.sort(key=lambda x: x[0])  # x[0] is the sequence number         # Batch insert to database         try:             db = next(get_db())         except (StopIteration, RuntimeError) as e:             # Generator exhausted or error getting DB - log to standard logging             import logging             logging.error(f\"Failed to get database session: {e}\")             return         try:             log_objects = []             for sequence, timestamp, sketch_id, level, content in logs_to_insert:                 log = Log(                     sketch_id=str(sketch_id),                     type=level.value,                     content=content,                     created_at=timestamp,  # Use application-side timestamp                 )                 log_objects.append(log)             db.add_all(log_objects)             db.commit()             # Refresh to get IDs (needed for event emission tracking)             for log in log_objects:                 db.refresh(log)         except Exception as e:             db.rollback()             # Log to standard logging as fallback             import logging             logging.error(f\"Failed to batch insert logs: {e}\")         finally:             db.close()"
                },
                {
                    "id": "Method:flowsint-core/src/flowsint_core/core/logger.py:LoggerSingleton._emit_event#4",
                    "name": "_emit_event",
                    "filePath": "flowsint-core/src/flowsint_core/core/logger.py",
                    "nodeType": "Method",
                    "startLine": 181,
                    "endLine": 199,
                    "content": "    def _emit_event(         self, log_id: str, sketch_id: str, level: EventLevel, content: Dict     ) -> None:         \"\"\"         Emit event immediately for real-time display.         Args:             log_id: Log entry ID             sketch_id: Sketch ID for event routing             level: Log level             content: Log content         \"\"\"         try:             emit_event_task.apply(args=[log_id, str(sketch_id), level, content])         except Exception as e:             # Don't let event emission errors break logging             import logging             logging.error(f\"Failed to emit event: {e}\")"
                },
                {
                    "id": "Method:flowsint-core/src/flowsint_core/core/logger.py:LoggerSingleton._log#3",
                    "name": "_log",
                    "filePath": "flowsint-core/src/flowsint_core/core/logger.py",
                    "nodeType": "Method",
                    "startLine": 201,
                    "endLine": 235,
                    "content": "    def _log(         self, sketch_id: Union[str, UUID], level: EventLevel, content: Dict     ) -> None:         \"\"\"         Internal logging method.         Process:         1. Capture timestamp and sequence number immediately         2. Emit event immediately (real-time UI)         3. Queue for batch insertion with ordering info (performance)         Args:             sketch_id: Sketch ID for log routing             level: Log level             content: Log content/message         \"\"\"         # Capture timestamp and sequence at the time of logging (not insertion)         sequence = self._get_next_sequence()         timestamp = datetime.now(timezone.utc)         # Generate a temporary ID for immediate event emission         import uuid         temp_log_id = str(uuid.uuid4())         # 1. IMMEDIATE: Emit event for real-time display         self._emit_event(temp_log_id, str(sketch_id), level, content)         # 2. BATCHED: Queue for database insertion with ordering info         # Format: (sequence, timestamp, sketch_id, level, content)         self._log_queue.put((sequence, timestamp, str(sketch_id), level, content))         # 3. Check if we should flush immediately (batch size reached)         if self._log_queue.qsize() >= self._batch_size:             self._flush_batch()"
                },
                {
                    "id": "Method:flowsint-core/src/flowsint_core/core/logger.py:LoggerSingleton.info#2",
                    "name": "info",
                    "filePath": "flowsint-core/src/flowsint_core/core/logger.py",
                    "nodeType": "Method",
                    "startLine": 239,
                    "endLine": 241,
                    "content": "    def info(self, sketch_id: Union[str, UUID], message: Dict) -> None:         \"\"\"Log an info message.\"\"\"         self._log(sketch_id, EventLevel.INFO, message)"
                },
                {
                    "id": "Method:flowsint-core/src/flowsint_core/core/logger.py:LoggerSingleton.error#2",
                    "name": "error",
                    "filePath": "flowsint-core/src/flowsint_core/core/logger.py",
                    "nodeType": "Method",
                    "startLine": 243,
                    "endLine": 245,
                    "content": "    def error(self, sketch_id: Union[str, UUID], message: Dict) -> None:         \"\"\"Log an error message.\"\"\"         self._log(sketch_id, EventLevel.FAILED, message)"
                },
                {
                    "id": "Method:flowsint-core/src/flowsint_core/core/logger.py:LoggerSingleton.completed#2",
                    "name": "completed",
                    "filePath": "flowsint-core/src/flowsint_core/core/logger.py",
                    "nodeType": "Method",
                    "startLine": 259,
                    "endLine": 276,
                    "content": "    def completed(self, sketch_id: Union[str, UUID], message: Dict) -> None:         \"\"\"Log a completed message.\"\"\"         self._log(sketch_id, EventLevel.COMPLETED, message)         # Also publish to status channel for graph refresh         try:             import uuid             temp_log_id = str(uuid.uuid4())             from ..tasks.event import emit_status_event_task             emit_status_event_task.apply(                 args=[temp_log_id, str(sketch_id), EventLevel.COMPLETED, message]             )         except Exception as e:             import logging             logging.error(f\"Failed to emit status event: {e}\")"
                }
            ]
        }
    ],
    "affected_modules": [
        {
            "name": "flowsint-core",
            "direct": true,
            "symbolCount": 23
        }
    ],
    "affected_processes": [],
    "byDepth": {
        "d=1": {
            "depth": 1,
            "label": "WILL BREAK",
            "symbols": [
                {
                    "id": "Method:flowsint-core/src/flowsint_core/core/enricher_base.py:Enricher.async_init#0",
                    "name": "async_init",
                    "filePath": "flowsint-core/src/flowsint_core/core/enricher_base.py",
                    "nodeType": "Method",
                    "startLine": 152,
                    "endLine": 166,
                    "content": "    async def async_init(self):         self.ParamsModel = build_params_model(self.params_schema)         # Always resolve parameters, even if self.params is empty         # This allows vault secrets to be fetched by name from params_schema         resolved_params = self.resolve_params()         # Strict validation after resolution         try:             validated = self.ParamsModel(**resolved_params)             self.params = validated.model_dump()         except ValidationError as e:             raise InvalidEnricherParams(                 f\"Enricher '{self.name()}' received invalid parameters: {e}\"             )"
                },
                {
                    "id": "Method:flowsint-core/src/flowsint_core/core/enricher_base.py:Enricher.name#0",
                    "name": "name",
                    "filePath": "flowsint-core/src/flowsint_core/core/enricher_base.py",
                    "nodeType": "Method",
                    "startLine": 211,
                    "endLine": 212,
                    "content": "    def name(cls) -> str:         pass"
                },
                {
                    "id": "Method:flowsint-core/src/flowsint_core/core/enricher_base.py:Enricher._input_validation_context#0",
                    "name": "_input_validation_context",
                    "filePath": "flowsint-core/src/flowsint_core/core/enricher_base.py",
                    "nodeType": "Method",
                    "startLine": 373,
                    "endLine": 392,
                    "content": "    def _input_validation_context(self) -> tuple[TypeAdapter | None, str | None]:         if self.InputType is NotImplemented:             return None, None         base_type = self.InputType         adapter = TypeAdapter(base_type)         primary_field = None         if issubclass(base_type, BaseModel):             for name, field in base_type.model_fields.items():                 if field.json_schema_extra and field.json_schema_extra.get(\"primary\"):                     primary_field = name                     break             if primary_field is None:                 for name, field in base_type.model_fields.items():                     if field.is_required():                         primary_field = name                         break                 if primary_field is None:                     primary_field = next(iter(base_type.model_fields.keys()))         return adapter, primary_field"
                },
                {
                    "id": "Method:flowsint-core/src/flowsint_core/core/enricher_base.py:Enricher._structured_execution_context#0",
                    "name": "_structured_execution_context",
                    "filePath": "flowsint-core/src/flowsint_core/core/enricher_base.py",
                    "nodeType": "Method",
                    "startLine": 447,
                    "endLine": 449,
                    "content": "    async def _structured_execution_context(self) -> AsyncIterator[Any]:         \"\"\"Provide optional shared resources for structured per-input processing.\"\"\"         yield None"
                },
                {
                    "id": "Method:flowsint-core/src/flowsint_core/core/enricher_base.py:Enricher._classify_structured_exception#1",
                    "name": "_classify_structured_exception",
                    "filePath": "flowsint-core/src/flowsint_core/core/enricher_base.py",
                    "nodeType": "Method",
                    "startLine": 463,
                    "endLine": 506,
                    "content": "    def _classify_structured_exception(self, error: Exception) -> RedactedDiagnostic:         \"\"\"Classify failures without retaining exception text or request data.\"\"\"         if isinstance(error, (InvalidEnricherParams, ValidationError)):             return RedactedDiagnostic(                 code=\"validation_error\",                 safe_message=\"Input validation failed.\",                 retryable=False,             )         if isinstance(error, httpx.TimeoutException):             return RedactedDiagnostic(                 code=\"timeout\",                 safe_message=\"The operation timed out.\",                 retryable=True,             )         if isinstance(error, httpx.HTTPStatusError):             status_code = error.response.status_code             if status_code == 429:                 return RedactedDiagnostic(                     code=\"http_rate_limited\",                     safe_message=\"The remote service rate limited the request.\",                     retryable=True,                 )             if 500 <= status_code < 600:                 return RedactedDiagnostic(                     code=\"http_server_error\",                     safe_message=\"The remote service failed.\",                     retryable=True,                 )             if 400 <= status_code < 500:                 return RedactedDiagnostic(                     code=\"http_client_error\",                     safe_message=\"The remote service rejected the request.\",                     retryable=False,                 )             return RedactedDiagnostic(                 code=\"http_error\",                 safe_message=\"The remote service returned an HTTP error.\",                 retryable=False,             )         return RedactedDiagnostic(             code=\"unexpected_error\",             safe_message=\"Unexpected processing failure.\",             retryable=False,         )"
                },
                {
                    "id": "Method:flowsint-core/src/flowsint_core/core/enricher_base.py:Enricher._execute_structured_input#4",
                    "name": "_execute_structured_input",
                    "filePath": "flowsint-core/src/flowsint_core/core/enricher_base.py",
                    "nodeType": "Method",
                    "startLine": 515,
                    "endLine": 563,
                    "content": "    async def _execute_structured_input(         self,         original_input: Any,         context: Any,         *,         adapter: TypeAdapter | None = None,         primary_field: str | None = None,     ) -> InputOutcome:         input_ref = canonical_input_hash(original_input)         try:             input_obj = self._validate_single_input(                 original_input, adapter=adapter, primary_field=primary_field             )         except Exception as error:             return InputOutcome(                 input_ref=input_ref,                 status=OutcomeStatus.FAILURE,                 diagnostic=self._classify_structured_exception(error),             )         outputs: tuple[Any, ...] = ()         diagnostic: RedactedDiagnostic | None = None         status = OutcomeStatus.SUCCESS         try:             processed = await self._process_single_input_structured(input_obj, context)             outputs = tuple(self.postprocess(processed, [input_obj]))         except Exception as error:             status = OutcomeStatus.FAILURE             diagnostic = self._classify_structured_exception(error)         try:             evidence = self._build_structured_evidence(input_obj, input_ref)         except Exception as error:             evidence = ()             status = OutcomeStatus.FAILURE             diagnostic = self._classify_structured_exception(error)         if status is OutcomeStatus.SUCCESS:             status, diagnostic = self._classify_structured_success(outputs, evidence)         if status is not OutcomeStatus.SUCCESS:             outputs = ()         return InputOutcome(             input_ref=input_ref,             status=status,             outputs=outputs,             diagnostic=diagnostic,             evidence=evidence,         )"
                },
                {
                    "id": "Method:flowsint-core/src/flowsint_core/core/logger.py:LoggerSingleton.info#2",
                    "name": "info",
                    "filePath": "flowsint-core/src/flowsint_core/core/logger.py",
                    "nodeType": "Method",
                    "startLine": 239,
                    "endLine": 241,
                    "content": "    def info(self, sketch_id: Union[str, UUID], message: Dict) -> None:         \"\"\"Log an info message.\"\"\"         self._log(sketch_id, EventLevel.INFO, message)"
                },
                {
                    "id": "Method:flowsint-core/src/flowsint_core/core/logger.py:LoggerSingleton.error#2",
                    "name": "error",
                    "filePath": "flowsint-core/src/flowsint_core/core/logger.py",
                    "nodeType": "Method",
                    "startLine": 243,
                    "endLine": 245,
                    "content": "    def error(self, sketch_id: Union[str, UUID], message: Dict) -> None:         \"\"\"Log an error message.\"\"\"         self._log(sketch_id, EventLevel.FAILED, message)"
                },
                {
                    "id": "Method:flowsint-core/src/flowsint_core/core/logger.py:LoggerSingleton.completed#2",
                    "name": "completed",
                    "filePath": "flowsint-core/src/flowsint_core/core/logger.py",
                    "nodeType": "Method",
                    "startLine": 259,
                    "endLine": 276,
                    "content": "    def completed(self, sketch_id: Union[str, UUID], message: Dict) -> None:         \"\"\"Log a completed message.\"\"\"         self._log(sketch_id, EventLevel.COMPLETED, message)         # Also publish to status channel for graph refresh         try:             import uuid             temp_log_id = str(uuid.uuid4())             from ..tasks.event import emit_status_event_task             emit_status_event_task.apply(                 args=[temp_log_id, str(sketch_id), EventLevel.COMPLETED, message]             )         except Exception as e:             import logging             logging.error(f\"Failed to emit status event: {e}\")"
                },
                {
                    "id": "Function:flowsint-core/src/flowsint_execution/models.py:canonical_input_hash",
                    "name": "canonical_input_hash",
                    "filePath": "flowsint-core/src/flowsint_execution/models.py",
                    "nodeType": "Function",
                    "startLine": 139,
                    "endLine": 149,
                    "content": "def canonical_input_hash(value: Any) -> str:     \"\"\"Return the stable SHA-256 reference for an input without retaining it.\"\"\"     canonical = json.dumps(         _canonicalize_input(value),         ensure_ascii=False,         separators=(\",\", \":\"),         sort_keys=True,         allow_nan=False,     )     return hashlib.sha256(canonical.encode(\"utf-8\")).hexdigest()"
                }
            ]
        },
        "d=2": {
            "depth": 2,
            "label": "LIKELY AFFECTED",
            "symbols": [
                {
                    "id": "Method:flowsint-core/src/flowsint_core/core/enricher_base.py:Enricher.resolve_params#0",
                    "name": "resolve_params",
                    "filePath": "flowsint-core/src/flowsint_core/core/enricher_base.py",
                    "nodeType": "Method",
                    "startLine": 168,
                    "endLine": 203,
                    "content": "    def resolve_params(self) -> Dict[str, Any]:         resolved = {}         for param in self.params_schema:             param_name = param[\"name\"]             param_type = param.get(\"type\", \"string\")             if param_type == \"vaultSecret\":                 # For vault secrets, try to get from vault by name or ID                 secret = None                 if self.vault is not None:                     # First, check if user provided a specific vault ID in params                     if param_name in self.params and self.params[param_name]:                         secret = self.vault.get_secret(self.params[param_name])                     # Otherwise, try to get the secret by the param name itself                     if secret is None:                         secret = self.vault.get_secret(param_name)                     if secret is not None:                         resolved[param_name] = secret                     elif param.get(\"required\", False):                         raise Exception(                             f\"Required vault secret '{param_name}' is missing. Please go to the Vault settings and create a '{param_name}' key.\"                         )                 # If no vault or no secret found, use default if available                 if param_name not in resolved and param.get(\"default\") is not None:                     resolved[param_name] = param[\"default\"]             else:                 # For non-vault params, use the provided value or default                 if param_name in self.params and self.params[param_name] is not None:                     resolved[param_name] = self.params[param_name]                 elif param.get(\"default\") is not None:                     resolved[param_name] = param[\"default\"]         return resolved"
                },
                {
                    "id": "Method:flowsint-core/src/flowsint_core/core/enricher_base.py:Enricher._validate_single_input#3",
                    "name": "_validate_single_input",
                    "filePath": "flowsint-core/src/flowsint_core/core/enricher_base.py",
                    "nodeType": "Method",
                    "startLine": 394,
                    "endLine": 408,
                    "content": "    def _validate_single_input(         self,         item: Any,         *,         adapter: TypeAdapter | None = None,         primary_field: str | None = None,     ) -> Any:         \"\"\"Validate one input using the same conversion rules as ``preprocess``.\"\"\"         if self.InputType is NotImplemented:             return item         if adapter is None:             adapter, primary_field = self._input_validation_context()         if isinstance(item, str) and primary_field:             item = {primary_field: item}         return adapter.validate_python(item)"
                },
                {
                    "id": "Method:flowsint-core/src/flowsint_core/core/enricher_base.py:Enricher._process_single_input_structured#2",
                    "name": "_process_single_input_structured",
                    "filePath": "flowsint-core/src/flowsint_core/core/enricher_base.py",
                    "nodeType": "Method",
                    "startLine": 451,
                    "endLine": 455,
                    "content": "    async def _process_single_input_structured(         self, input_obj: Any, context: Any     ) -> List[Any]:         \"\"\"Process one validated input; subclasses can preserve richer grouping.\"\"\"         return await self.scan([input_obj])"
                },
                {
                    "id": "Method:flowsint-core/src/flowsint_core/core/enricher_base.py:Enricher._build_structured_evidence#2",
                    "name": "_build_structured_evidence",
                    "filePath": "flowsint-core/src/flowsint_core/core/enricher_base.py",
                    "nodeType": "Method",
                    "startLine": 457,
                    "endLine": 461,
                    "content": "    def _build_structured_evidence(         self, input_obj: Any, input_ref: str     ) -> tuple[EvidenceEnvelope, ...]:         \"\"\"Return retainable evidence captured while processing one input.\"\"\"         return ()"
                },
                {
                    "id": "Method:flowsint-core/src/flowsint_core/core/enricher_base.py:Enricher._classify_structured_success#2",
                    "name": "_classify_structured_success",
                    "filePath": "flowsint-core/src/flowsint_core/core/enricher_base.py",
                    "nodeType": "Method",
                    "startLine": 508,
                    "endLine": 513,
                    "content": "    def _classify_structured_success(         self,         outputs: tuple[Any, ...],         evidence: tuple[EvidenceEnvelope, ...],     ) -> tuple[OutcomeStatus, RedactedDiagnostic | None]:         return OutcomeStatus.SUCCESS, None"
                },
                {
                    "id": "Method:flowsint-core/src/flowsint_core/core/enricher_base.py:Enricher.postprocess#2",
                    "name": "postprocess",
                    "filePath": "flowsint-core/src/flowsint_core/core/enricher_base.py",
                    "nodeType": "Method",
                    "startLine": 624,
                    "endLine": 627,
                    "content": "    def postprocess(         self, results: List[Dict[str, Any]], input_data: List[str] = None     ) -> List[Dict[str, Any]]:         return results"
                },
                {
                    "id": "Method:flowsint-core/src/flowsint_core/core/logger.py:LoggerSingleton._log#3",
                    "name": "_log",
                    "filePath": "flowsint-core/src/flowsint_core/core/logger.py",
                    "nodeType": "Method",
                    "startLine": 201,
                    "endLine": 235,
                    "content": "    def _log(         self, sketch_id: Union[str, UUID], level: EventLevel, content: Dict     ) -> None:         \"\"\"         Internal logging method.         Process:         1. Capture timestamp and sequence number immediately         2. Emit event immediately (real-time UI)         3. Queue for batch insertion with ordering info (performance)         Args:             sketch_id: Sketch ID for log routing             level: Log level             content: Log content/message         \"\"\"         # Capture timestamp and sequence at the time of logging (not insertion)         sequence = self._get_next_sequence()         timestamp = datetime.now(timezone.utc)         # Generate a temporary ID for immediate event emission         import uuid         temp_log_id = str(uuid.uuid4())         # 1. IMMEDIATE: Emit event for real-time display         self._emit_event(temp_log_id, str(sketch_id), level, content)         # 2. BATCHED: Queue for database insertion with ordering info         # Format: (sequence, timestamp, sketch_id, level, content)         self._log_queue.put((sequence, timestamp, str(sketch_id), level, content))         # 3. Check if we should flush immediately (batch size reached)         if self._log_queue.qsize() >= self._batch_size:             self._flush_batch()"
                },
                {
                    "id": "Function:flowsint-core/src/flowsint_core/core/enricher_base.py:build_params_model",
                    "name": "build_params_model",
                    "filePath": "flowsint-core/src/flowsint_core/core/enricher_base.py",
                    "nodeType": "Function",
                    "startLine": 29,
                    "endLine": 59,
                    "content": "def build_params_model(params_schema: list) -> BaseModel:     \"\"\"     Build a strict Pydantic model from a params_schema.     Unknown fields will raise a validation error.     Note: Vault secrets are always optional in the Pydantic model to allow     for deferred configuration. Required validation happens after vault resolution.     \"\"\"     fields: Dict[str, Any] = {}     for param in params_schema:         name = param[\"name\"]         param_type = param.get(\"type\", \"string\")         field_type = bool if param_type == \"bool\" else str         required = param.get(\"required\", False)         # Vault secrets are always optional in Pydantic validation         # Required validation happens after vault resolution         if param_type == \"vaultSecret\":             default = param.get(\"default\", None)         else:             default = ... if required else param.get(\"default\")         fields[name] = (             Optional[field_type],             Field(default=default, description=param.get(\"description\", \"\")),         )     model = create_model(\"ParamsModel\", __config__=ConfigDict(extra=\"forbid\"), **fields)     return model"
                },
                {
                    "id": "Function:flowsint-core/src/flowsint_execution/models.py:_canonicalize_input",
                    "name": "_canonicalize_input",
                    "filePath": "flowsint-core/src/flowsint_execution/models.py",
                    "nodeType": "Function",
                    "startLine": 96,
                    "endLine": 136,
                    "content": "def _canonicalize_input(value: Any) -> Any:     \"\"\"Convert supported input values to a deterministic JSON-compatible shape.\"\"\"     if isinstance(value, BaseModel):         return _canonicalize_input(             value.model_dump(mode=\"json\", by_alias=True, exclude_none=False)         )     if isinstance(value, Mapping):         return {             str(key): _canonicalize_input(item)             for key, item in sorted(value.items(), key=lambda item: str(item[0]))         }     if isinstance(value, (list, tuple)):         return [_canonicalize_input(item) for item in value]     if isinstance(value, (set, frozenset)):         canonical_items = [_canonicalize_input(item) for item in value]         return sorted(             canonical_items,             key=lambda item: json.dumps(                 item, ensure_ascii=False, separators=(\",\", \":\"), sort_keys=True             ),         )     if isinstance(value, float):         if math.isnan(value):             return {\"float\": \"nan\"}         if math.isinf(value):             return {\"float\": \"infinity\" if value > 0 else \"-infinity\"}         return value     if isinstance(value, Enum):         return _canonicalize_input(value.value)     if isinstance(value, datetime):         if value.tzinfo is not None and value.utcoffset() is not None:             value = value.astimezone(timezone.utc)         return value.isoformat()     if isinstance(value, bytes):         return {\"bytes_base64\": base64.b64encode(value).decode(\"ascii\")}     if value is None or isinstance(value, (bool, int, str)):         return value     if hasattr(value, \"model_dump\"):         return _canonicalize_input(value.model_dump(mode=\"json\"))     return {\"type\": f\"{type(value).__module__}.{type(value).__qualname__}\"}"
                }
            ]
        },
        "d=3": {
            "depth": 3,
            "label": "MAY NEED TESTING",
            "symbols": [
                {
                    "id": "Method:flowsint-core/src/flowsint_core/core/enricher_base.py:Enricher.scan#1",
                    "name": "scan",
                    "filePath": "flowsint-core/src/flowsint_core/core/enricher_base.py",
                    "nodeType": "Method",
                    "startLine": 348,
                    "endLine": 349,
                    "content": "    async def scan(self, values: List[str]) -> List[Dict[str, Any]]:         pass"
                },
                {
                    "id": "Method:flowsint-core/src/flowsint_core/core/logger.py:LoggerSingleton._get_next_sequence#0",
                    "name": "_get_next_sequence",
                    "filePath": "flowsint-core/src/flowsint_core/core/logger.py",
                    "nodeType": "Method",
                    "startLine": 88,
                    "endLine": 92,
                    "content": "    def _get_next_sequence(self) -> int:         \"\"\"Get the next sequence number in a thread-safe manner.\"\"\"         with self._sequence_lock:             self._sequence_counter += 1             return self._sequence_counter"
                },
                {
                    "id": "Method:flowsint-core/src/flowsint_core/core/logger.py:LoggerSingleton._flush_batch#1",
                    "name": "_flush_batch",
                    "filePath": "flowsint-core/src/flowsint_core/core/logger.py",
                    "nodeType": "Method",
                    "startLine": 117,
                    "endLine": 179,
                    "content": "    def _flush_batch(self, force: bool = False) -> None:         \"\"\"         Flush pending logs to database.         Args:             force: If True, flush all logs regardless of batch size         \"\"\"         if self._log_queue.empty():             return         logs_to_insert = []         # Collect logs from queue         while not self._log_queue.empty() and (             force or len(logs_to_insert) < self._batch_size         ):             try:                 logs_to_insert.append(self._log_queue.get_nowait())             except:                 break         if not logs_to_insert:             return         # Sort logs by sequence number to maintain order         logs_to_insert.sort(key=lambda x: x[0])  # x[0] is the sequence number         # Batch insert to database         try:             db = next(get_db())         except (StopIteration, RuntimeError) as e:             # Generator exhausted or error getting DB - log to standard logging             import logging             logging.error(f\"Failed to get database session: {e}\")             return         try:             log_objects = []             for sequence, timestamp, sketch_id, level, content in logs_to_insert:                 log = Log(                     sketch_id=str(sketch_id),                     type=level.value,                     content=content,                     created_at=timestamp,  # Use application-side timestamp                 )                 log_objects.append(log)             db.add_all(log_objects)             db.commit()             # Refresh to get IDs (needed for event emission tracking)             for log in log_objects:                 db.refresh(log)         except Exception as e:             db.rollback()             # Log to standard logging as fallback             import logging             logging.error(f\"Failed to batch insert logs: {e}\")         finally:             db.close()"
                },
                {
                    "id": "Method:flowsint-core/src/flowsint_core/core/logger.py:LoggerSingleton._emit_event#4",
                    "name": "_emit_event",
                    "filePath": "flowsint-core/src/flowsint_core/core/logger.py",
                    "nodeType": "Method",
                    "startLine": 181,
                    "endLine": 199,
                    "content": "    def _emit_event(         self, log_id: str, sketch_id: str, level: EventLevel, content: Dict     ) -> None:         \"\"\"         Emit event immediately for real-time display.         Args:             log_id: Log entry ID             sketch_id: Sketch ID for event routing             level: Log level             content: Log content         \"\"\"         try:             emit_event_task.apply(args=[log_id, str(sketch_id), level, content])         except Exception as e:             # Don't let event emission errors break logging             import logging             logging.error(f\"Failed to emit event: {e}\")"
                }
            ]
        }
    },
    "summary": {
        "cwd": "/home/n4s5ti/Documents/dev/fl0sint-def42-baseline-audit",
        "rootPath": "/home/n4s5ti/Documents/dev/fl0sint-def42-baseline-audit",
        "repo": "fl0sint-def42-baseline-audit",
        "lbugPath": "/home/n4s5ti/Documents/dev/fl0sint-def42-baseline-audit/.gitnexus/lbug",
        "symbol": "flowsint-core/src/flowsint_core/core/enricher_base.py:execute_structured",
        "rootSymbols": 1,
        "totalSymbols": 24,
        "totalEdges": 30,
        "filesMatched": 3,
        "truncated": false,
        "direct": 10,
        "processes": 0,
        "modules": 1
    },
    "warnings": [],
    "completeness": "complete",
    "completenessReasons": [],
    "indexStatus": "ready"
}
