{
    "symbol": "flowsint-enrichers/src/flowsint_enrichers/website/to_text.py:postprocess",
    "repo": "fl0sint-def42-baseline-audit",
    "lbugPath": "/home/n4s5ti/Documents/dev/fl0sint-def42-baseline-audit/.gitnexus/lbug",
    "rootPath": "/home/n4s5ti/Documents/dev/fl0sint-def42-baseline-audit",
    "direction": "downstream",
    "risk": "HIGH",
    "target": {
        "id": "Method:flowsint-enrichers/src/flowsint_enrichers/website/to_text.py:WebsiteToText.postprocess#2",
        "name": "postprocess",
        "filePath": "flowsint-enrichers/src/flowsint_enrichers/website/to_text.py",
        "nodeType": "Method",
        "startLine": 308,
        "endLine": 350,
        "content": "    def postprocess(         self, results: List[OutputType], original_input: List[InputType]     ) -> List[OutputType]:         \"\"\"Postprocess results with optional GPU acceleration.\"\"\"         if not results:             return results         enable_gpu = bool(self.params.get(\"enable_gpu\", True))         gpu_provider = str(self.params.get(\"gpu_provider\", \"auto\")).strip().lower()         if enable_gpu and gpu_provider not in {\"none\", \"false\", \"0\", \"off\"}:             if gpu_provider in {\"auto\", \"cupy\"} and HAS_CUPY:                 results = self._gpu_deduplicate(results)             if gpu_provider in {\"auto\", \"cudf\"} and HAS_CUDF:                 results = self._gpu_batch_transform(results)         if HAS_CUPY or HAS_CUDF:             Logger.info(                 self.sketch_id,                 {                     \"message\": (                         f\"GPU postprocess enabled: provider={gpu_provider}, \"                         f\"cupy={HAS_CUPY}, cudf={HAS_CUDF}, \"                         f\"processed {len(results)} results\"                     )                 },             )         # Neo4j writes (CPU / I/O)         for input_website, result in zip(original_input, results):             website_url = str(input_website.url)             if self._graph_service:                 self.create_node(input_website)                 if result.text:                     self.create_node(result)                     self.create_relationship(                         input_website, result, \"HAS_INNER_TEXT\"                     )                     self.log_graph_message(                         f\"Extracted text from {website_url} \"                         f\"({len(result.text)} chars).\"                     )         return results"
    },
    "symbols": [
        {
            "id": "Method:flowsint-enrichers/src/flowsint_enrichers/website/to_text.py:WebsiteToText.postprocess#2",
            "name": "postprocess",
            "filePath": "flowsint-enrichers/src/flowsint_enrichers/website/to_text.py",
            "nodeType": "Method",
            "startLine": 308,
            "endLine": 350,
            "content": "    def postprocess(         self, results: List[OutputType], original_input: List[InputType]     ) -> List[OutputType]:         \"\"\"Postprocess results with optional GPU acceleration.\"\"\"         if not results:             return results         enable_gpu = bool(self.params.get(\"enable_gpu\", True))         gpu_provider = str(self.params.get(\"gpu_provider\", \"auto\")).strip().lower()         if enable_gpu and gpu_provider not in {\"none\", \"false\", \"0\", \"off\"}:             if gpu_provider in {\"auto\", \"cupy\"} and HAS_CUPY:                 results = self._gpu_deduplicate(results)             if gpu_provider in {\"auto\", \"cudf\"} and HAS_CUDF:                 results = self._gpu_batch_transform(results)         if HAS_CUPY or HAS_CUDF:             Logger.info(                 self.sketch_id,                 {                     \"message\": (                         f\"GPU postprocess enabled: provider={gpu_provider}, \"                         f\"cupy={HAS_CUPY}, cudf={HAS_CUDF}, \"                         f\"processed {len(results)} results\"                     )                 },             )         # Neo4j writes (CPU / I/O)         for input_website, result in zip(original_input, results):             website_url = str(input_website.url)             if self._graph_service:                 self.create_node(input_website)                 if result.text:                     self.create_node(result)                     self.create_relationship(                         input_website, result, \"HAS_INNER_TEXT\"                     )                     self.log_graph_message(                         f\"Extracted text from {website_url} \"                         f\"({len(result.text)} chars).\"                     )         return results"
        },
        {
            "id": "Method:flowsint-core/src/flowsint_core/core/enricher_base.py:Enricher.create_node#1",
            "name": "create_node",
            "filePath": "flowsint-core/src/flowsint_core/core/enricher_base.py",
            "nodeType": "Method",
            "startLine": 657,
            "endLine": 676,
            "content": "    def create_node(self, node_obj) -> None:         \"\"\"         Create a single Neo4j node.         The following properties are automatically added to every node:         - type: Lowercase version of node_type         - sketch_id: Current sketch ID from enricher context         - label: Automatically computed by FlowsintType, or defaults to key_value if not provided         - created_at: ISO 8601 UTC timestamp (only on creation, not updates)         Use Pydantic object directly:             ```python             self.create_node(ip)             ```         Args:             node_obj: Either a Pydantic object or node label string             **properties: Additional node properties or overrides         \"\"\"         self._graph_service.create_node_from_flowsint_type(node_obj=node_obj)"
        },
        {
            "id": "Method:flowsint-core/src/flowsint_core/core/enricher_base.py:Enricher.create_relationship#3",
            "name": "create_relationship",
            "filePath": "flowsint-core/src/flowsint_core/core/enricher_base.py",
            "nodeType": "Method",
            "startLine": 678,
            "endLine": 700,
            "content": "    def create_relationship(         self,         from_obj,         to_obj,         rel_label=\"IS_RELATED_TO\",     ) -> None:         \"\"\"         Create a relationship between two nodes.         Best Practice - Use Pydantic objects directly:             ```python             self.create_relationship(individual, domain, \"HAS_DOMAIN\")             self.create_relationship(email, breach, \"FOUND_IN_BREACH\")             ```         Args:             from_obj: Either a Pydantic object (source) or source node label             to_obj: Either a Pydantic object (target) or source node key property             rel_label: Either relationship type (Pydantic) or source node key value         \"\"\"         self._graph_service.create_relationship(             from_obj=from_obj, to_obj=to_obj, rel_label=rel_label         )"
        },
        {
            "id": "Method:flowsint-core/src/flowsint_core/core/enricher_base.py:Enricher.log_graph_message#1",
            "name": "log_graph_message",
            "filePath": "flowsint-core/src/flowsint_core/core/enricher_base.py",
            "nodeType": "Method",
            "startLine": 702,
            "endLine": 709,
            "content": "    def log_graph_message(self, message: str) -> None:         \"\"\"         Log a graph operation message.         Args:             message: Message to log         \"\"\"         self._graph_service.log_graph_message(message)"
        },
        {
            "id": "Method:flowsint-enrichers/src/flowsint_enrichers/website/to_text.py:WebsiteToText._gpu_deduplicate#1",
            "name": "_gpu_deduplicate",
            "filePath": "flowsint-enrichers/src/flowsint_enrichers/website/to_text.py",
            "nodeType": "Method",
            "startLine": 355,
            "endLine": 372,
            "content": "    def _gpu_deduplicate(         self, results: List[OutputType]     ) -> List[OutputType]:         if len(results) < 2:             return results         try:             seen: set = set()             deduped: list = []             for r in results:                 if r.text and r.text not in seen:                     seen.add(r.text)                     deduped.append(r)                 elif not r.text:                     deduped.append(r)             return deduped         except Exception as exc:             log.warning(\"Dedup fallback to CPU: %s\", exc)             return results"
        },
        {
            "id": "Method:flowsint-enrichers/src/flowsint_enrichers/website/to_text.py:WebsiteToText._gpu_batch_transform#1",
            "name": "_gpu_batch_transform",
            "filePath": "flowsint-enrichers/src/flowsint_enrichers/website/to_text.py",
            "nodeType": "Method",
            "startLine": 374,
            "endLine": 396,
            "content": "    def _gpu_batch_transform(         self, results: List[OutputType]     ) -> List[OutputType]:         if len(results) < 2:             return results         try:             texts = [r.text for r in results if r.text]             if texts:                 df = cudf.DataFrame({\"text\": texts})                 total = df[\"text\"].str.len().sum()                 Logger.info(                     self.sketch_id,                     {                         \"message\": (                             f\"GPU batch: {len(texts)} texts, \"                             f\"{total} total chars\"                         )                     },                 )             return results         except Exception as exc:             log.warning(\"cuDF fallback to CPU: %s\", exc)             return results"
        }
    ],
    "edges": [
        {
            "from": "Method:flowsint-enrichers/src/flowsint_enrichers/website/to_text.py:WebsiteToText.postprocess#2",
            "to": "Method:flowsint-core/src/flowsint_core/core/enricher_base.py:Enricher.create_node#1",
            "type": "CALLS",
            "confidence": 0.85
        },
        {
            "from": "Method:flowsint-enrichers/src/flowsint_enrichers/website/to_text.py:WebsiteToText.postprocess#2",
            "to": "Method:flowsint-core/src/flowsint_core/core/enricher_base.py:Enricher.create_relationship#3",
            "type": "CALLS",
            "confidence": 0.85
        },
        {
            "from": "Method:flowsint-enrichers/src/flowsint_enrichers/website/to_text.py:WebsiteToText.postprocess#2",
            "to": "Method:flowsint-core/src/flowsint_core/core/enricher_base.py:Enricher.log_graph_message#1",
            "type": "CALLS",
            "confidence": 0.85
        },
        {
            "from": "Method:flowsint-enrichers/src/flowsint_enrichers/website/to_text.py:WebsiteToText.postprocess#2",
            "to": "Method:flowsint-enrichers/src/flowsint_enrichers/website/to_text.py:WebsiteToText._gpu_deduplicate#1",
            "type": "CALLS",
            "confidence": 0.85
        },
        {
            "from": "Method:flowsint-enrichers/src/flowsint_enrichers/website/to_text.py:WebsiteToText.postprocess#2",
            "to": "Method:flowsint-enrichers/src/flowsint_enrichers/website/to_text.py:WebsiteToText._gpu_batch_transform#1",
            "type": "CALLS",
            "confidence": 0.85
        }
    ],
    "files": [
        {
            "filePath": "flowsint-enrichers/src/flowsint_enrichers/website/to_text.py",
            "count": 3,
            "symbols": [
                {
                    "id": "Method:flowsint-enrichers/src/flowsint_enrichers/website/to_text.py:WebsiteToText.postprocess#2",
                    "name": "postprocess",
                    "filePath": "flowsint-enrichers/src/flowsint_enrichers/website/to_text.py",
                    "nodeType": "Method",
                    "startLine": 308,
                    "endLine": 350,
                    "content": "    def postprocess(         self, results: List[OutputType], original_input: List[InputType]     ) -> List[OutputType]:         \"\"\"Postprocess results with optional GPU acceleration.\"\"\"         if not results:             return results         enable_gpu = bool(self.params.get(\"enable_gpu\", True))         gpu_provider = str(self.params.get(\"gpu_provider\", \"auto\")).strip().lower()         if enable_gpu and gpu_provider not in {\"none\", \"false\", \"0\", \"off\"}:             if gpu_provider in {\"auto\", \"cupy\"} and HAS_CUPY:                 results = self._gpu_deduplicate(results)             if gpu_provider in {\"auto\", \"cudf\"} and HAS_CUDF:                 results = self._gpu_batch_transform(results)         if HAS_CUPY or HAS_CUDF:             Logger.info(                 self.sketch_id,                 {                     \"message\": (                         f\"GPU postprocess enabled: provider={gpu_provider}, \"                         f\"cupy={HAS_CUPY}, cudf={HAS_CUDF}, \"                         f\"processed {len(results)} results\"                     )                 },             )         # Neo4j writes (CPU / I/O)         for input_website, result in zip(original_input, results):             website_url = str(input_website.url)             if self._graph_service:                 self.create_node(input_website)                 if result.text:                     self.create_node(result)                     self.create_relationship(                         input_website, result, \"HAS_INNER_TEXT\"                     )                     self.log_graph_message(                         f\"Extracted text from {website_url} \"                         f\"({len(result.text)} chars).\"                     )         return results"
                },
                {
                    "id": "Method:flowsint-enrichers/src/flowsint_enrichers/website/to_text.py:WebsiteToText._gpu_deduplicate#1",
                    "name": "_gpu_deduplicate",
                    "filePath": "flowsint-enrichers/src/flowsint_enrichers/website/to_text.py",
                    "nodeType": "Method",
                    "startLine": 355,
                    "endLine": 372,
                    "content": "    def _gpu_deduplicate(         self, results: List[OutputType]     ) -> List[OutputType]:         if len(results) < 2:             return results         try:             seen: set = set()             deduped: list = []             for r in results:                 if r.text and r.text not in seen:                     seen.add(r.text)                     deduped.append(r)                 elif not r.text:                     deduped.append(r)             return deduped         except Exception as exc:             log.warning(\"Dedup fallback to CPU: %s\", exc)             return results"
                },
                {
                    "id": "Method:flowsint-enrichers/src/flowsint_enrichers/website/to_text.py:WebsiteToText._gpu_batch_transform#1",
                    "name": "_gpu_batch_transform",
                    "filePath": "flowsint-enrichers/src/flowsint_enrichers/website/to_text.py",
                    "nodeType": "Method",
                    "startLine": 374,
                    "endLine": 396,
                    "content": "    def _gpu_batch_transform(         self, results: List[OutputType]     ) -> List[OutputType]:         if len(results) < 2:             return results         try:             texts = [r.text for r in results if r.text]             if texts:                 df = cudf.DataFrame({\"text\": texts})                 total = df[\"text\"].str.len().sum()                 Logger.info(                     self.sketch_id,                     {                         \"message\": (                             f\"GPU batch: {len(texts)} texts, \"                             f\"{total} total chars\"                         )                     },                 )             return results         except Exception as exc:             log.warning(\"cuDF fallback to CPU: %s\", exc)             return results"
                }
            ]
        },
        {
            "filePath": "flowsint-core/src/flowsint_core/core/enricher_base.py",
            "count": 3,
            "symbols": [
                {
                    "id": "Method:flowsint-core/src/flowsint_core/core/enricher_base.py:Enricher.create_node#1",
                    "name": "create_node",
                    "filePath": "flowsint-core/src/flowsint_core/core/enricher_base.py",
                    "nodeType": "Method",
                    "startLine": 657,
                    "endLine": 676,
                    "content": "    def create_node(self, node_obj) -> None:         \"\"\"         Create a single Neo4j node.         The following properties are automatically added to every node:         - type: Lowercase version of node_type         - sketch_id: Current sketch ID from enricher context         - label: Automatically computed by FlowsintType, or defaults to key_value if not provided         - created_at: ISO 8601 UTC timestamp (only on creation, not updates)         Use Pydantic object directly:             ```python             self.create_node(ip)             ```         Args:             node_obj: Either a Pydantic object or node label string             **properties: Additional node properties or overrides         \"\"\"         self._graph_service.create_node_from_flowsint_type(node_obj=node_obj)"
                },
                {
                    "id": "Method:flowsint-core/src/flowsint_core/core/enricher_base.py:Enricher.create_relationship#3",
                    "name": "create_relationship",
                    "filePath": "flowsint-core/src/flowsint_core/core/enricher_base.py",
                    "nodeType": "Method",
                    "startLine": 678,
                    "endLine": 700,
                    "content": "    def create_relationship(         self,         from_obj,         to_obj,         rel_label=\"IS_RELATED_TO\",     ) -> None:         \"\"\"         Create a relationship between two nodes.         Best Practice - Use Pydantic objects directly:             ```python             self.create_relationship(individual, domain, \"HAS_DOMAIN\")             self.create_relationship(email, breach, \"FOUND_IN_BREACH\")             ```         Args:             from_obj: Either a Pydantic object (source) or source node label             to_obj: Either a Pydantic object (target) or source node key property             rel_label: Either relationship type (Pydantic) or source node key value         \"\"\"         self._graph_service.create_relationship(             from_obj=from_obj, to_obj=to_obj, rel_label=rel_label         )"
                },
                {
                    "id": "Method:flowsint-core/src/flowsint_core/core/enricher_base.py:Enricher.log_graph_message#1",
                    "name": "log_graph_message",
                    "filePath": "flowsint-core/src/flowsint_core/core/enricher_base.py",
                    "nodeType": "Method",
                    "startLine": 702,
                    "endLine": 709,
                    "content": "    def log_graph_message(self, message: str) -> None:         \"\"\"         Log a graph operation message.         Args:             message: Message to log         \"\"\"         self._graph_service.log_graph_message(message)"
                }
            ]
        }
    ],
    "affected_modules": [
        {
            "name": "flowsint-core",
            "direct": true,
            "symbolCount": 3
        },
        {
            "name": "flowsint-enrichers",
            "direct": true,
            "symbolCount": 2
        }
    ],
    "affected_processes": [],
    "byDepth": {
        "d=1": {
            "depth": 1,
            "label": "WILL BREAK",
            "symbols": [
                {
                    "id": "Method:flowsint-core/src/flowsint_core/core/enricher_base.py:Enricher.create_node#1",
                    "name": "create_node",
                    "filePath": "flowsint-core/src/flowsint_core/core/enricher_base.py",
                    "nodeType": "Method",
                    "startLine": 657,
                    "endLine": 676,
                    "content": "    def create_node(self, node_obj) -> None:         \"\"\"         Create a single Neo4j node.         The following properties are automatically added to every node:         - type: Lowercase version of node_type         - sketch_id: Current sketch ID from enricher context         - label: Automatically computed by FlowsintType, or defaults to key_value if not provided         - created_at: ISO 8601 UTC timestamp (only on creation, not updates)         Use Pydantic object directly:             ```python             self.create_node(ip)             ```         Args:             node_obj: Either a Pydantic object or node label string             **properties: Additional node properties or overrides         \"\"\"         self._graph_service.create_node_from_flowsint_type(node_obj=node_obj)"
                },
                {
                    "id": "Method:flowsint-core/src/flowsint_core/core/enricher_base.py:Enricher.create_relationship#3",
                    "name": "create_relationship",
                    "filePath": "flowsint-core/src/flowsint_core/core/enricher_base.py",
                    "nodeType": "Method",
                    "startLine": 678,
                    "endLine": 700,
                    "content": "    def create_relationship(         self,         from_obj,         to_obj,         rel_label=\"IS_RELATED_TO\",     ) -> None:         \"\"\"         Create a relationship between two nodes.         Best Practice - Use Pydantic objects directly:             ```python             self.create_relationship(individual, domain, \"HAS_DOMAIN\")             self.create_relationship(email, breach, \"FOUND_IN_BREACH\")             ```         Args:             from_obj: Either a Pydantic object (source) or source node label             to_obj: Either a Pydantic object (target) or source node key property             rel_label: Either relationship type (Pydantic) or source node key value         \"\"\"         self._graph_service.create_relationship(             from_obj=from_obj, to_obj=to_obj, rel_label=rel_label         )"
                },
                {
                    "id": "Method:flowsint-core/src/flowsint_core/core/enricher_base.py:Enricher.log_graph_message#1",
                    "name": "log_graph_message",
                    "filePath": "flowsint-core/src/flowsint_core/core/enricher_base.py",
                    "nodeType": "Method",
                    "startLine": 702,
                    "endLine": 709,
                    "content": "    def log_graph_message(self, message: str) -> None:         \"\"\"         Log a graph operation message.         Args:             message: Message to log         \"\"\"         self._graph_service.log_graph_message(message)"
                },
                {
                    "id": "Method:flowsint-enrichers/src/flowsint_enrichers/website/to_text.py:WebsiteToText._gpu_deduplicate#1",
                    "name": "_gpu_deduplicate",
                    "filePath": "flowsint-enrichers/src/flowsint_enrichers/website/to_text.py",
                    "nodeType": "Method",
                    "startLine": 355,
                    "endLine": 372,
                    "content": "    def _gpu_deduplicate(         self, results: List[OutputType]     ) -> List[OutputType]:         if len(results) < 2:             return results         try:             seen: set = set()             deduped: list = []             for r in results:                 if r.text and r.text not in seen:                     seen.add(r.text)                     deduped.append(r)                 elif not r.text:                     deduped.append(r)             return deduped         except Exception as exc:             log.warning(\"Dedup fallback to CPU: %s\", exc)             return results"
                },
                {
                    "id": "Method:flowsint-enrichers/src/flowsint_enrichers/website/to_text.py:WebsiteToText._gpu_batch_transform#1",
                    "name": "_gpu_batch_transform",
                    "filePath": "flowsint-enrichers/src/flowsint_enrichers/website/to_text.py",
                    "nodeType": "Method",
                    "startLine": 374,
                    "endLine": 396,
                    "content": "    def _gpu_batch_transform(         self, results: List[OutputType]     ) -> List[OutputType]:         if len(results) < 2:             return results         try:             texts = [r.text for r in results if r.text]             if texts:                 df = cudf.DataFrame({\"text\": texts})                 total = df[\"text\"].str.len().sum()                 Logger.info(                     self.sketch_id,                     {                         \"message\": (                             f\"GPU batch: {len(texts)} texts, \"                             f\"{total} total chars\"                         )                     },                 )             return results         except Exception as exc:             log.warning(\"cuDF fallback to CPU: %s\", exc)             return results"
                }
            ]
        }
    },
    "summary": {
        "cwd": "/home/n4s5ti/Documents/dev/fl0sint-def42-baseline-audit",
        "rootPath": "/home/n4s5ti/Documents/dev/fl0sint-def42-baseline-audit",
        "repo": "fl0sint-def42-baseline-audit",
        "lbugPath": "/home/n4s5ti/Documents/dev/fl0sint-def42-baseline-audit/.gitnexus/lbug",
        "symbol": "flowsint-enrichers/src/flowsint_enrichers/website/to_text.py:postprocess",
        "rootSymbols": 1,
        "totalSymbols": 6,
        "totalEdges": 5,
        "filesMatched": 2,
        "truncated": false,
        "direct": 5,
        "processes": 0,
        "modules": 2
    },
    "warnings": [],
    "completeness": "complete",
    "completenessReasons": [],
    "indexStatus": "ready"
}
