{
    "mode": "index",
    "result": {
        "targetPath": "/home/n4s5ti/Documents/dev/fl0sint-def42-baseline-audit",
        "lbugPath": "/home/n4s5ti/Documents/dev/fl0sint-def42-baseline-audit/.gitnexus/lbug",
        "success": true,
        "warnings": [
            "No workspace packages with recognised entry files — sidecar will be empty"
        ],
        "generation": "sha256:c54a1d62045f213cd91b30540568f89d342de76fdab29122f18f2b21ab70cde7",
        "planAction": "rebuild",
        "deltaAdded": 290,
        "deltaModified": 12,
        "deltaDeleted": 0,
        "deltaRenamed": 1,
        "deltaUnreadable": 0,
        "indexLatencyMs": 45669,
        "filesParsed": 1212
    }
}
