{
    "symbol": "flowsint-core/src/flowsint_core/core/enricher_base.py:execute",
    "repo": "fl0sint-def42-baseline-audit",
    "lbugPath": "/home/n4s5ti/Documents/dev/fl0sint-def42-baseline-audit/.gitnexus/lbug",
    "rootPath": "/home/n4s5ti/Documents/dev/fl0sint-def42-baseline-audit",
    "direction": "downstream",
    "risk": "HIGH",
    "target": {
        "id": "Method:flowsint-core/src/flowsint_core/core/enricher_base.py:Enricher.execute#1",
        "name": "execute",
        "filePath": "flowsint-core/src/flowsint_core/core/enricher_base.py",
        "nodeType": "Method",
        "startLine": 630,
        "endLine": 655,
        "content": "    async def execute(self, values: List[Any]) -> List[Dict[str, Any]]:         if self.name() != \"enricher_orchestrator\":             Logger.info(self.sketch_id, {\"message\": f\"Enricher {self.name()} started.\"})         try:             await self.async_init()             preprocessed = self.preprocess(values)             results = await self.scan(preprocessed)             processed = self.postprocess(results, preprocessed)             # Flush any pending batch operations             self._graph_service.flush()             if self.name() != \"enricher_orchestrator\":                 Logger.completed(                     self.sketch_id, {\"message\": f\"Enricher {self.name()} finished.\"}                 )             return processed         except Exception:             if self.name() != \"enricher_orchestrator\":                 Logger.error(                     self.sketch_id,                     {\"message\": f\"Enricher {self.name()} errored.\"},                 )             return []"
    },
    "symbols": [
        {
            "id": "Method:flowsint-core/src/flowsint_core/core/enricher_base.py:Enricher.execute#1",
            "name": "execute",
            "filePath": "flowsint-core/src/flowsint_core/core/enricher_base.py",
            "nodeType": "Method",
            "startLine": 630,
            "endLine": 655,
            "content": "    async def execute(self, values: List[Any]) -> List[Dict[str, Any]]:         if self.name() != \"enricher_orchestrator\":             Logger.info(self.sketch_id, {\"message\": f\"Enricher {self.name()} started.\"})         try:             await self.async_init()             preprocessed = self.preprocess(values)             results = await self.scan(preprocessed)             processed = self.postprocess(results, preprocessed)             # Flush any pending batch operations             self._graph_service.flush()             if self.name() != \"enricher_orchestrator\":                 Logger.completed(                     self.sketch_id, {\"message\": f\"Enricher {self.name()} finished.\"}                 )             return processed         except Exception:             if self.name() != \"enricher_orchestrator\":                 Logger.error(                     self.sketch_id,                     {\"message\": f\"Enricher {self.name()} errored.\"},                 )             return []"
        },
        {
            "id": "Function:flowsint-core/src/flowsint_core/core/enricher_base.py:build_params_model",
            "name": "build_params_model",
            "filePath": "flowsint-core/src/flowsint_core/core/enricher_base.py",
            "nodeType": "Function",
            "startLine": 29,
            "endLine": 59,
            "content": "def build_params_model(params_schema: list) -> BaseModel:     \"\"\"     Build a strict Pydantic model from a params_schema.     Unknown fields will raise a validation error.     Note: Vault secrets are always optional in the Pydantic model to allow     for deferred configuration. Required validation happens after vault resolution.     \"\"\"     fields: Dict[str, Any] = {}     for param in params_schema:         name = param[\"name\"]         param_type = param.get(\"type\", \"string\")         field_type = bool if param_type == \"bool\" else str         required = param.get(\"required\", False)         # Vault secrets are always optional in Pydantic validation         # Required validation happens after vault resolution         if param_type == \"vaultSecret\":             default = param.get(\"default\", None)         else:             default = ... if required else param.get(\"default\")         fields[name] = (             Optional[field_type],             Field(default=default, description=param.get(\"description\", \"\")),         )     model = create_model(\"ParamsModel\", __config__=ConfigDict(extra=\"forbid\"), **fields)     return model"
        },
        {
            "id": "Method:flowsint-core/src/flowsint_core/core/enricher_base.py:Enricher.async_init#0",
            "name": "async_init",
            "filePath": "flowsint-core/src/flowsint_core/core/enricher_base.py",
            "nodeType": "Method",
            "startLine": 152,
            "endLine": 166,
            "content": "    async def async_init(self):         self.ParamsModel = build_params_model(self.params_schema)         # Always resolve parameters, even if self.params is empty         # This allows vault secrets to be fetched by name from params_schema         resolved_params = self.resolve_params()         # Strict validation after resolution         try:             validated = self.ParamsModel(**resolved_params)             self.params = validated.model_dump()         except ValidationError as e:             raise InvalidEnricherParams(                 f\"Enricher '{self.name()}' received invalid parameters: {e}\"             )"
        },
        {
            "id": "Method:flowsint-core/src/flowsint_core/core/enricher_base.py:Enricher.resolve_params#0",
            "name": "resolve_params",
            "filePath": "flowsint-core/src/flowsint_core/core/enricher_base.py",
            "nodeType": "Method",
            "startLine": 168,
            "endLine": 203,
            "content": "    def resolve_params(self) -> Dict[str, Any]:         resolved = {}         for param in self.params_schema:             param_name = param[\"name\"]             param_type = param.get(\"type\", \"string\")             if param_type == \"vaultSecret\":                 # For vault secrets, try to get from vault by name or ID                 secret = None                 if self.vault is not None:                     # First, check if user provided a specific vault ID in params                     if param_name in self.params and self.params[param_name]:                         secret = self.vault.get_secret(self.params[param_name])                     # Otherwise, try to get the secret by the param name itself                     if secret is None:                         secret = self.vault.get_secret(param_name)                     if secret is not None:                         resolved[param_name] = secret                     elif param.get(\"required\", False):                         raise Exception(                             f\"Required vault secret '{param_name}' is missing. Please go to the Vault settings and create a '{param_name}' key.\"                         )                 # If no vault or no secret found, use default if available                 if param_name not in resolved and param.get(\"default\") is not None:                     resolved[param_name] = param[\"default\"]             else:                 # For non-vault params, use the provided value or default                 if param_name in self.params and self.params[param_name] is not None:                     resolved[param_name] = self.params[param_name]                 elif param.get(\"default\") is not None:                     resolved[param_name] = param[\"default\"]         return resolved"
        },
        {
            "id": "Method:flowsint-core/src/flowsint_core/core/enricher_base.py:Enricher.name#0",
            "name": "name",
            "filePath": "flowsint-core/src/flowsint_core/core/enricher_base.py",
            "nodeType": "Method",
            "startLine": 211,
            "endLine": 212,
            "content": "    def name(cls) -> str:         pass"
        },
        {
            "id": "Method:flowsint-core/src/flowsint_core/core/enricher_base.py:Enricher.scan#1",
            "name": "scan",
            "filePath": "flowsint-core/src/flowsint_core/core/enricher_base.py",
            "nodeType": "Method",
            "startLine": 348,
            "endLine": 349,
            "content": "    async def scan(self, values: List[str]) -> List[Dict[str, Any]]:         pass"
        },
        {
            "id": "Method:flowsint-core/src/flowsint_core/core/enricher_base.py:Enricher._input_validation_context#0",
            "name": "_input_validation_context",
            "filePath": "flowsint-core/src/flowsint_core/core/enricher_base.py",
            "nodeType": "Method",
            "startLine": 373,
            "endLine": 392,
            "content": "    def _input_validation_context(self) -> tuple[TypeAdapter | None, str | None]:         if self.InputType is NotImplemented:             return None, None         base_type = self.InputType         adapter = TypeAdapter(base_type)         primary_field = None         if issubclass(base_type, BaseModel):             for name, field in base_type.model_fields.items():                 if field.json_schema_extra and field.json_schema_extra.get(\"primary\"):                     primary_field = name                     break             if primary_field is None:                 for name, field in base_type.model_fields.items():                     if field.is_required():                         primary_field = name                         break                 if primary_field is None:                     primary_field = next(iter(base_type.model_fields.keys()))         return adapter, primary_field"
        },
        {
            "id": "Method:flowsint-core/src/flowsint_core/core/enricher_base.py:Enricher._validate_single_input#3",
            "name": "_validate_single_input",
            "filePath": "flowsint-core/src/flowsint_core/core/enricher_base.py",
            "nodeType": "Method",
            "startLine": 394,
            "endLine": 408,
            "content": "    def _validate_single_input(         self,         item: Any,         *,         adapter: TypeAdapter | None = None,         primary_field: str | None = None,     ) -> Any:         \"\"\"Validate one input using the same conversion rules as ``preprocess``.\"\"\"         if self.InputType is NotImplemented:             return item         if adapter is None:             adapter, primary_field = self._input_validation_context()         if isinstance(item, str) and primary_field:             item = {primary_field: item}         return adapter.validate_python(item)"
        },
        {
            "id": "Method:flowsint-core/src/flowsint_core/core/enricher_base.py:Enricher.preprocess#1",
            "name": "preprocess",
            "filePath": "flowsint-core/src/flowsint_core/core/enricher_base.py",
            "nodeType": "Method",
            "startLine": 410,
            "endLine": 444,
            "content": "    def preprocess(self, values: List) -> List:         \"\"\"         Generic preprocess that validates and converts input using InputType.         Automatically handles dicts, objects, and strings (using the model's primary field).         Invalid items are skipped silently.         Note: InputType should be defined as the base type (e.g., Ip, Domain),         not as a List (e.g., List[Ip]). The preprocess method expects a list of values         and returns a list of validated InputType instances.         \"\"\"         if self.InputType is NotImplemented:             return values         adapter, primary_field = self._input_validation_context()         cleaned = []         for item in values:             try:                 cleaned.append(                     self._validate_single_input(                         item, adapter=adapter, primary_field=primary_field                     )                 )             except Exception:                 continue         if len(cleaned) == 0:             Logger.warn(                 self.sketch_id,                 {                     \"message\": f\"No valid input were provided to enricher '{self.name()}'.\"                 },             )             return values         return cleaned"
        },
        {
            "id": "Method:flowsint-core/src/flowsint_core/core/enricher_base.py:Enricher.postprocess#2",
            "name": "postprocess",
            "filePath": "flowsint-core/src/flowsint_core/core/enricher_base.py",
            "nodeType": "Method",
            "startLine": 624,
            "endLine": 627,
            "content": "    def postprocess(         self, results: List[Dict[str, Any]], input_data: List[str] = None     ) -> List[Dict[str, Any]]:         return results"
        },
        {
            "id": "Method:flowsint-core/src/flowsint_core/core/logger.py:LoggerSingleton._get_next_sequence#0",
            "name": "_get_next_sequence",
            "filePath": "flowsint-core/src/flowsint_core/core/logger.py",
            "nodeType": "Method",
            "startLine": 88,
            "endLine": 92,
            "content": "    def _get_next_sequence(self) -> int:         \"\"\"Get the next sequence number in a thread-safe manner.\"\"\"         with self._sequence_lock:             self._sequence_counter += 1             return self._sequence_counter"
        },
        {
            "id": "Method:flowsint-core/src/flowsint_core/core/logger.py:LoggerSingleton._flush_batch#1",
            "name": "_flush_batch",
            "filePath": "flowsint-core/src/flowsint_core/core/logger.py",
            "nodeType": "Method",
            "startLine": 117,
            "endLine": 179,
            "content": "    def _flush_batch(self, force: bool = False) -> None:         \"\"\"         Flush pending logs to database.         Args:             force: If True, flush all logs regardless of batch size         \"\"\"         if self._log_queue.empty():             return         logs_to_insert = []         # Collect logs from queue         while not self._log_queue.empty() and (             force or len(logs_to_insert) < self._batch_size         ):             try:                 logs_to_insert.append(self._log_queue.get_nowait())             except:                 break         if not logs_to_insert:             return         # Sort logs by sequence number to maintain order         logs_to_insert.sort(key=lambda x: x[0])  # x[0] is the sequence number         # Batch insert to database         try:             db = next(get_db())         except (StopIteration, RuntimeError) as e:             # Generator exhausted or error getting DB - log to standard logging             import logging             logging.error(f\"Failed to get database session: {e}\")             return         try:             log_objects = []             for sequence, timestamp, sketch_id, level, content in logs_to_insert:                 log = Log(                     sketch_id=str(sketch_id),                     type=level.value,                     content=content,                     created_at=timestamp,  # Use application-side timestamp                 )                 log_objects.append(log)             db.add_all(log_objects)             db.commit()             # Refresh to get IDs (needed for event emission tracking)             for log in log_objects:                 db.refresh(log)         except Exception as e:             db.rollback()             # Log to standard logging as fallback             import logging             logging.error(f\"Failed to batch insert logs: {e}\")         finally:             db.close()"
        },
        {
            "id": "Method:flowsint-core/src/flowsint_core/core/logger.py:LoggerSingleton._emit_event#4",
            "name": "_emit_event",
            "filePath": "flowsint-core/src/flowsint_core/core/logger.py",
            "nodeType": "Method",
            "startLine": 181,
            "endLine": 199,
            "content": "    def _emit_event(         self, log_id: str, sketch_id: str, level: EventLevel, content: Dict     ) -> None:         \"\"\"         Emit event immediately for real-time display.         Args:             log_id: Log entry ID             sketch_id: Sketch ID for event routing             level: Log level             content: Log content         \"\"\"         try:             emit_event_task.apply(args=[log_id, str(sketch_id), level, content])         except Exception as e:             # Don't let event emission errors break logging             import logging             logging.error(f\"Failed to emit event: {e}\")"
        },
        {
            "id": "Method:flowsint-core/src/flowsint_core/core/logger.py:LoggerSingleton._log#3",
            "name": "_log",
            "filePath": "flowsint-core/src/flowsint_core/core/logger.py",
            "nodeType": "Method",
            "startLine": 201,
            "endLine": 235,
            "content": "    def _log(         self, sketch_id: Union[str, UUID], level: EventLevel, content: Dict     ) -> None:         \"\"\"         Internal logging method.         Process:         1. Capture timestamp and sequence number immediately         2. Emit event immediately (real-time UI)         3. Queue for batch insertion with ordering info (performance)         Args:             sketch_id: Sketch ID for log routing             level: Log level             content: Log content/message         \"\"\"         # Capture timestamp and sequence at the time of logging (not insertion)         sequence = self._get_next_sequence()         timestamp = datetime.now(timezone.utc)         # Generate a temporary ID for immediate event emission         import uuid         temp_log_id = str(uuid.uuid4())         # 1. IMMEDIATE: Emit event for real-time display         self._emit_event(temp_log_id, str(sketch_id), level, content)         # 2. BATCHED: Queue for database insertion with ordering info         # Format: (sequence, timestamp, sketch_id, level, content)         self._log_queue.put((sequence, timestamp, str(sketch_id), level, content))         # 3. Check if we should flush immediately (batch size reached)         if self._log_queue.qsize() >= self._batch_size:             self._flush_batch()"
        },
        {
            "id": "Method:flowsint-core/src/flowsint_core/core/logger.py:LoggerSingleton.info#2",
            "name": "info",
            "filePath": "flowsint-core/src/flowsint_core/core/logger.py",
            "nodeType": "Method",
            "startLine": 239,
            "endLine": 241,
            "content": "    def info(self, sketch_id: Union[str, UUID], message: Dict) -> None:         \"\"\"Log an info message.\"\"\"         self._log(sketch_id, EventLevel.INFO, message)"
        },
        {
            "id": "Method:flowsint-core/src/flowsint_core/core/logger.py:LoggerSingleton.error#2",
            "name": "error",
            "filePath": "flowsint-core/src/flowsint_core/core/logger.py",
            "nodeType": "Method",
            "startLine": 243,
            "endLine": 245,
            "content": "    def error(self, sketch_id: Union[str, UUID], message: Dict) -> None:         \"\"\"Log an error message.\"\"\"         self._log(sketch_id, EventLevel.FAILED, message)"
        },
        {
            "id": "Method:flowsint-core/src/flowsint_core/core/logger.py:LoggerSingleton.warn#2",
            "name": "warn",
            "filePath": "flowsint-core/src/flowsint_core/core/logger.py",
            "nodeType": "Method",
            "startLine": 247,
            "endLine": 249,
            "content": "    def warn(self, sketch_id: Union[str, UUID], message: Dict) -> None:         \"\"\"Log a warning message.\"\"\"         self._log(sketch_id, EventLevel.WARNING, message)"
        },
        {
            "id": "Method:flowsint-core/src/flowsint_core/core/logger.py:LoggerSingleton.completed#2",
            "name": "completed",
            "filePath": "flowsint-core/src/flowsint_core/core/logger.py",
            "nodeType": "Method",
            "startLine": 259,
            "endLine": 276,
            "content": "    def completed(self, sketch_id: Union[str, UUID], message: Dict) -> None:         \"\"\"Log a completed message.\"\"\"         self._log(sketch_id, EventLevel.COMPLETED, message)         # Also publish to status channel for graph refresh         try:             import uuid             temp_log_id = str(uuid.uuid4())             from ..tasks.event import emit_status_event_task             emit_status_event_task.apply(                 args=[temp_log_id, str(sketch_id), EventLevel.COMPLETED, message]             )         except Exception as e:             import logging             logging.error(f\"Failed to emit status event: {e}\")"
        }
    ],
    "edges": [
        {
            "from": "Method:flowsint-core/src/flowsint_core/core/enricher_base.py:Enricher.execute#1",
            "to": "Method:flowsint-core/src/flowsint_core/core/enricher_base.py:Enricher.async_init#0",
            "type": "CALLS",
            "confidence": 0.85
        },
        {
            "from": "Method:flowsint-core/src/flowsint_core/core/enricher_base.py:Enricher.execute#1",
            "to": "Method:flowsint-core/src/flowsint_core/core/enricher_base.py:Enricher.name#0",
            "type": "CALLS",
            "confidence": 0.85
        },
        {
            "from": "Method:flowsint-core/src/flowsint_core/core/enricher_base.py:Enricher.execute#1",
            "to": "Method:flowsint-core/src/flowsint_core/core/enricher_base.py:Enricher.scan#1",
            "type": "CALLS",
            "confidence": 0.85
        },
        {
            "from": "Method:flowsint-core/src/flowsint_core/core/enricher_base.py:Enricher.execute#1",
            "to": "Method:flowsint-core/src/flowsint_core/core/enricher_base.py:Enricher.preprocess#1",
            "type": "CALLS",
            "confidence": 0.85
        },
        {
            "from": "Method:flowsint-core/src/flowsint_core/core/enricher_base.py:Enricher.execute#1",
            "to": "Method:flowsint-core/src/flowsint_core/core/enricher_base.py:Enricher.postprocess#2",
            "type": "CALLS",
            "confidence": 0.85
        },
        {
            "from": "Method:flowsint-core/src/flowsint_core/core/enricher_base.py:Enricher.execute#1",
            "to": "Method:flowsint-core/src/flowsint_core/core/logger.py:LoggerSingleton.info#2",
            "type": "CALLS",
            "confidence": 0.85
        },
        {
            "from": "Method:flowsint-core/src/flowsint_core/core/enricher_base.py:Enricher.execute#1",
            "to": "Method:flowsint-core/src/flowsint_core/core/logger.py:LoggerSingleton.error#2",
            "type": "CALLS",
            "confidence": 0.85
        },
        {
            "from": "Method:flowsint-core/src/flowsint_core/core/enricher_base.py:Enricher.execute#1",
            "to": "Method:flowsint-core/src/flowsint_core/core/logger.py:LoggerSingleton.completed#2",
            "type": "CALLS",
            "confidence": 0.85
        },
        {
            "from": "Method:flowsint-core/src/flowsint_core/core/enricher_base.py:Enricher.async_init#0",
            "to": "Method:flowsint-core/src/flowsint_core/core/enricher_base.py:Enricher.resolve_params#0",
            "type": "CALLS",
            "confidence": 0.85
        },
        {
            "from": "Method:flowsint-core/src/flowsint_core/core/enricher_base.py:Enricher.preprocess#1",
            "to": "Method:flowsint-core/src/flowsint_core/core/enricher_base.py:Enricher.name#0",
            "type": "CALLS",
            "confidence": 0.85
        },
        {
            "from": "Method:flowsint-core/src/flowsint_core/core/enricher_base.py:Enricher.async_init#0",
            "to": "Method:flowsint-core/src/flowsint_core/core/enricher_base.py:Enricher.name#0",
            "type": "CALLS",
            "confidence": 0.85
        },
        {
            "from": "Method:flowsint-core/src/flowsint_core/core/enricher_base.py:Enricher.preprocess#1",
            "to": "Method:flowsint-core/src/flowsint_core/core/enricher_base.py:Enricher._input_validation_context#0",
            "type": "CALLS",
            "confidence": 0.85
        },
        {
            "from": "Method:flowsint-core/src/flowsint_core/core/enricher_base.py:Enricher.preprocess#1",
            "to": "Method:flowsint-core/src/flowsint_core/core/enricher_base.py:Enricher._validate_single_input#3",
            "type": "CALLS",
            "confidence": 0.85
        },
        {
            "from": "Method:flowsint-core/src/flowsint_core/core/logger.py:LoggerSingleton.completed#2",
            "to": "Method:flowsint-core/src/flowsint_core/core/logger.py:LoggerSingleton._log#3",
            "type": "CALLS",
            "confidence": 0.85
        },
        {
            "from": "Method:flowsint-core/src/flowsint_core/core/logger.py:LoggerSingleton.error#2",
            "to": "Method:flowsint-core/src/flowsint_core/core/logger.py:LoggerSingleton._log#3",
            "type": "CALLS",
            "confidence": 0.85
        },
        {
            "from": "Method:flowsint-core/src/flowsint_core/core/logger.py:LoggerSingleton.info#2",
            "to": "Method:flowsint-core/src/flowsint_core/core/logger.py:LoggerSingleton._log#3",
            "type": "CALLS",
            "confidence": 0.85
        },
        {
            "from": "Method:flowsint-core/src/flowsint_core/core/enricher_base.py:Enricher.preprocess#1",
            "to": "Method:flowsint-core/src/flowsint_core/core/logger.py:LoggerSingleton.warn#2",
            "type": "CALLS",
            "confidence": 0.85
        },
        {
            "from": "Method:flowsint-core/src/flowsint_core/core/enricher_base.py:Enricher.async_init#0",
            "to": "Function:flowsint-core/src/flowsint_core/core/enricher_base.py:build_params_model",
            "type": "CALLS",
            "confidence": 0.85
        },
        {
            "from": "Method:flowsint-core/src/flowsint_core/core/enricher_base.py:Enricher._validate_single_input#3",
            "to": "Method:flowsint-core/src/flowsint_core/core/enricher_base.py:Enricher._input_validation_context#0",
            "type": "CALLS",
            "confidence": 0.85
        },
        {
            "from": "Method:flowsint-core/src/flowsint_core/core/logger.py:LoggerSingleton._log#3",
            "to": "Method:flowsint-core/src/flowsint_core/core/logger.py:LoggerSingleton._get_next_sequence#0",
            "type": "CALLS",
            "confidence": 0.85
        },
        {
            "from": "Method:flowsint-core/src/flowsint_core/core/logger.py:LoggerSingleton._log#3",
            "to": "Method:flowsint-core/src/flowsint_core/core/logger.py:LoggerSingleton._flush_batch#1",
            "type": "CALLS",
            "confidence": 0.85
        },
        {
            "from": "Method:flowsint-core/src/flowsint_core/core/logger.py:LoggerSingleton._log#3",
            "to": "Method:flowsint-core/src/flowsint_core/core/logger.py:LoggerSingleton._emit_event#4",
            "type": "CALLS",
            "confidence": 0.85
        },
        {
            "from": "Method:flowsint-core/src/flowsint_core/core/logger.py:LoggerSingleton.warn#2",
            "to": "Method:flowsint-core/src/flowsint_core/core/logger.py:LoggerSingleton._log#3",
            "type": "CALLS",
            "confidence": 0.85
        }
    ],
    "files": [
        {
            "filePath": "flowsint-core/src/flowsint_core/core/enricher_base.py",
            "count": 10,
            "symbols": [
                {
                    "id": "Method:flowsint-core/src/flowsint_core/core/enricher_base.py:Enricher.execute#1",
                    "name": "execute",
                    "filePath": "flowsint-core/src/flowsint_core/core/enricher_base.py",
                    "nodeType": "Method",
                    "startLine": 630,
                    "endLine": 655,
                    "content": "    async def execute(self, values: List[Any]) -> List[Dict[str, Any]]:         if self.name() != \"enricher_orchestrator\":             Logger.info(self.sketch_id, {\"message\": f\"Enricher {self.name()} started.\"})         try:             await self.async_init()             preprocessed = self.preprocess(values)             results = await self.scan(preprocessed)             processed = self.postprocess(results, preprocessed)             # Flush any pending batch operations             self._graph_service.flush()             if self.name() != \"enricher_orchestrator\":                 Logger.completed(                     self.sketch_id, {\"message\": f\"Enricher {self.name()} finished.\"}                 )             return processed         except Exception:             if self.name() != \"enricher_orchestrator\":                 Logger.error(                     self.sketch_id,                     {\"message\": f\"Enricher {self.name()} errored.\"},                 )             return []"
                },
                {
                    "id": "Function:flowsint-core/src/flowsint_core/core/enricher_base.py:build_params_model",
                    "name": "build_params_model",
                    "filePath": "flowsint-core/src/flowsint_core/core/enricher_base.py",
                    "nodeType": "Function",
                    "startLine": 29,
                    "endLine": 59,
                    "content": "def build_params_model(params_schema: list) -> BaseModel:     \"\"\"     Build a strict Pydantic model from a params_schema.     Unknown fields will raise a validation error.     Note: Vault secrets are always optional in the Pydantic model to allow     for deferred configuration. Required validation happens after vault resolution.     \"\"\"     fields: Dict[str, Any] = {}     for param in params_schema:         name = param[\"name\"]         param_type = param.get(\"type\", \"string\")         field_type = bool if param_type == \"bool\" else str         required = param.get(\"required\", False)         # Vault secrets are always optional in Pydantic validation         # Required validation happens after vault resolution         if param_type == \"vaultSecret\":             default = param.get(\"default\", None)         else:             default = ... if required else param.get(\"default\")         fields[name] = (             Optional[field_type],             Field(default=default, description=param.get(\"description\", \"\")),         )     model = create_model(\"ParamsModel\", __config__=ConfigDict(extra=\"forbid\"), **fields)     return model"
                },
                {
                    "id": "Method:flowsint-core/src/flowsint_core/core/enricher_base.py:Enricher.async_init#0",
                    "name": "async_init",
                    "filePath": "flowsint-core/src/flowsint_core/core/enricher_base.py",
                    "nodeType": "Method",
                    "startLine": 152,
                    "endLine": 166,
                    "content": "    async def async_init(self):         self.ParamsModel = build_params_model(self.params_schema)         # Always resolve parameters, even if self.params is empty         # This allows vault secrets to be fetched by name from params_schema         resolved_params = self.resolve_params()         # Strict validation after resolution         try:             validated = self.ParamsModel(**resolved_params)             self.params = validated.model_dump()         except ValidationError as e:             raise InvalidEnricherParams(                 f\"Enricher '{self.name()}' received invalid parameters: {e}\"             )"
                },
                {
                    "id": "Method:flowsint-core/src/flowsint_core/core/enricher_base.py:Enricher.resolve_params#0",
                    "name": "resolve_params",
                    "filePath": "flowsint-core/src/flowsint_core/core/enricher_base.py",
                    "nodeType": "Method",
                    "startLine": 168,
                    "endLine": 203,
                    "content": "    def resolve_params(self) -> Dict[str, Any]:         resolved = {}         for param in self.params_schema:             param_name = param[\"name\"]             param_type = param.get(\"type\", \"string\")             if param_type == \"vaultSecret\":                 # For vault secrets, try to get from vault by name or ID                 secret = None                 if self.vault is not None:                     # First, check if user provided a specific vault ID in params                     if param_name in self.params and self.params[param_name]:                         secret = self.vault.get_secret(self.params[param_name])                     # Otherwise, try to get the secret by the param name itself                     if secret is None:                         secret = self.vault.get_secret(param_name)                     if secret is not None:                         resolved[param_name] = secret                     elif param.get(\"required\", False):                         raise Exception(                             f\"Required vault secret '{param_name}' is missing. Please go to the Vault settings and create a '{param_name}' key.\"                         )                 # If no vault or no secret found, use default if available                 if param_name not in resolved and param.get(\"default\") is not None:                     resolved[param_name] = param[\"default\"]             else:                 # For non-vault params, use the provided value or default                 if param_name in self.params and self.params[param_name] is not None:                     resolved[param_name] = self.params[param_name]                 elif param.get(\"default\") is not None:                     resolved[param_name] = param[\"default\"]         return resolved"
                },
                {
                    "id": "Method:flowsint-core/src/flowsint_core/core/enricher_base.py:Enricher.name#0",
                    "name": "name",
                    "filePath": "flowsint-core/src/flowsint_core/core/enricher_base.py",
                    "nodeType": "Method",
                    "startLine": 211,
                    "endLine": 212,
                    "content": "    def name(cls) -> str:         pass"
                },
                {
                    "id": "Method:flowsint-core/src/flowsint_core/core/enricher_base.py:Enricher.scan#1",
                    "name": "scan",
                    "filePath": "flowsint-core/src/flowsint_core/core/enricher_base.py",
                    "nodeType": "Method",
                    "startLine": 348,
                    "endLine": 349,
                    "content": "    async def scan(self, values: List[str]) -> List[Dict[str, Any]]:         pass"
                },
                {
                    "id": "Method:flowsint-core/src/flowsint_core/core/enricher_base.py:Enricher._input_validation_context#0",
                    "name": "_input_validation_context",
                    "filePath": "flowsint-core/src/flowsint_core/core/enricher_base.py",
                    "nodeType": "Method",
                    "startLine": 373,
                    "endLine": 392,
                    "content": "    def _input_validation_context(self) -> tuple[TypeAdapter | None, str | None]:         if self.InputType is NotImplemented:             return None, None         base_type = self.InputType         adapter = TypeAdapter(base_type)         primary_field = None         if issubclass(base_type, BaseModel):             for name, field in base_type.model_fields.items():                 if field.json_schema_extra and field.json_schema_extra.get(\"primary\"):                     primary_field = name                     break             if primary_field is None:                 for name, field in base_type.model_fields.items():                     if field.is_required():                         primary_field = name                         break                 if primary_field is None:                     primary_field = next(iter(base_type.model_fields.keys()))         return adapter, primary_field"
                },
                {
                    "id": "Method:flowsint-core/src/flowsint_core/core/enricher_base.py:Enricher._validate_single_input#3",
                    "name": "_validate_single_input",
                    "filePath": "flowsint-core/src/flowsint_core/core/enricher_base.py",
                    "nodeType": "Method",
                    "startLine": 394,
                    "endLine": 408,
                    "content": "    def _validate_single_input(         self,         item: Any,         *,         adapter: TypeAdapter | None = None,         primary_field: str | None = None,     ) -> Any:         \"\"\"Validate one input using the same conversion rules as ``preprocess``.\"\"\"         if self.InputType is NotImplemented:             return item         if adapter is None:             adapter, primary_field = self._input_validation_context()         if isinstance(item, str) and primary_field:             item = {primary_field: item}         return adapter.validate_python(item)"
                },
                {
                    "id": "Method:flowsint-core/src/flowsint_core/core/enricher_base.py:Enricher.preprocess#1",
                    "name": "preprocess",
                    "filePath": "flowsint-core/src/flowsint_core/core/enricher_base.py",
                    "nodeType": "Method",
                    "startLine": 410,
                    "endLine": 444,
                    "content": "    def preprocess(self, values: List) -> List:         \"\"\"         Generic preprocess that validates and converts input using InputType.         Automatically handles dicts, objects, and strings (using the model's primary field).         Invalid items are skipped silently.         Note: InputType should be defined as the base type (e.g., Ip, Domain),         not as a List (e.g., List[Ip]). The preprocess method expects a list of values         and returns a list of validated InputType instances.         \"\"\"         if self.InputType is NotImplemented:             return values         adapter, primary_field = self._input_validation_context()         cleaned = []         for item in values:             try:                 cleaned.append(                     self._validate_single_input(                         item, adapter=adapter, primary_field=primary_field                     )                 )             except Exception:                 continue         if len(cleaned) == 0:             Logger.warn(                 self.sketch_id,                 {                     \"message\": f\"No valid input were provided to enricher '{self.name()}'.\"                 },             )             return values         return cleaned"
                },
                {
                    "id": "Method:flowsint-core/src/flowsint_core/core/enricher_base.py:Enricher.postprocess#2",
                    "name": "postprocess",
                    "filePath": "flowsint-core/src/flowsint_core/core/enricher_base.py",
                    "nodeType": "Method",
                    "startLine": 624,
                    "endLine": 627,
                    "content": "    def postprocess(         self, results: List[Dict[str, Any]], input_data: List[str] = None     ) -> List[Dict[str, Any]]:         return results"
                }
            ]
        },
        {
            "filePath": "flowsint-core/src/flowsint_core/core/logger.py",
            "count": 8,
            "symbols": [
                {
                    "id": "Method:flowsint-core/src/flowsint_core/core/logger.py:LoggerSingleton._get_next_sequence#0",
                    "name": "_get_next_sequence",
                    "filePath": "flowsint-core/src/flowsint_core/core/logger.py",
                    "nodeType": "Method",
                    "startLine": 88,
                    "endLine": 92,
                    "content": "    def _get_next_sequence(self) -> int:         \"\"\"Get the next sequence number in a thread-safe manner.\"\"\"         with self._sequence_lock:             self._sequence_counter += 1             return self._sequence_counter"
                },
                {
                    "id": "Method:flowsint-core/src/flowsint_core/core/logger.py:LoggerSingleton._flush_batch#1",
                    "name": "_flush_batch",
                    "filePath": "flowsint-core/src/flowsint_core/core/logger.py",
                    "nodeType": "Method",
                    "startLine": 117,
                    "endLine": 179,
                    "content": "    def _flush_batch(self, force: bool = False) -> None:         \"\"\"         Flush pending logs to database.         Args:             force: If True, flush all logs regardless of batch size         \"\"\"         if self._log_queue.empty():             return         logs_to_insert = []         # Collect logs from queue         while not self._log_queue.empty() and (             force or len(logs_to_insert) < self._batch_size         ):             try:                 logs_to_insert.append(self._log_queue.get_nowait())             except:                 break         if not logs_to_insert:             return         # Sort logs by sequence number to maintain order         logs_to_insert.sort(key=lambda x: x[0])  # x[0] is the sequence number         # Batch insert to database         try:             db = next(get_db())         except (StopIteration, RuntimeError) as e:             # Generator exhausted or error getting DB - log to standard logging             import logging             logging.error(f\"Failed to get database session: {e}\")             return         try:             log_objects = []             for sequence, timestamp, sketch_id, level, content in logs_to_insert:                 log = Log(                     sketch_id=str(sketch_id),                     type=level.value,                     content=content,                     created_at=timestamp,  # Use application-side timestamp                 )                 log_objects.append(log)             db.add_all(log_objects)             db.commit()             # Refresh to get IDs (needed for event emission tracking)             for log in log_objects:                 db.refresh(log)         except Exception as e:             db.rollback()             # Log to standard logging as fallback             import logging             logging.error(f\"Failed to batch insert logs: {e}\")         finally:             db.close()"
                },
                {
                    "id": "Method:flowsint-core/src/flowsint_core/core/logger.py:LoggerSingleton._emit_event#4",
                    "name": "_emit_event",
                    "filePath": "flowsint-core/src/flowsint_core/core/logger.py",
                    "nodeType": "Method",
                    "startLine": 181,
                    "endLine": 199,
                    "content": "    def _emit_event(         self, log_id: str, sketch_id: str, level: EventLevel, content: Dict     ) -> None:         \"\"\"         Emit event immediately for real-time display.         Args:             log_id: Log entry ID             sketch_id: Sketch ID for event routing             level: Log level             content: Log content         \"\"\"         try:             emit_event_task.apply(args=[log_id, str(sketch_id), level, content])         except Exception as e:             # Don't let event emission errors break logging             import logging             logging.error(f\"Failed to emit event: {e}\")"
                },
                {
                    "id": "Method:flowsint-core/src/flowsint_core/core/logger.py:LoggerSingleton._log#3",
                    "name": "_log",
                    "filePath": "flowsint-core/src/flowsint_core/core/logger.py",
                    "nodeType": "Method",
                    "startLine": 201,
                    "endLine": 235,
                    "content": "    def _log(         self, sketch_id: Union[str, UUID], level: EventLevel, content: Dict     ) -> None:         \"\"\"         Internal logging method.         Process:         1. Capture timestamp and sequence number immediately         2. Emit event immediately (real-time UI)         3. Queue for batch insertion with ordering info (performance)         Args:             sketch_id: Sketch ID for log routing             level: Log level             content: Log content/message         \"\"\"         # Capture timestamp and sequence at the time of logging (not insertion)         sequence = self._get_next_sequence()         timestamp = datetime.now(timezone.utc)         # Generate a temporary ID for immediate event emission         import uuid         temp_log_id = str(uuid.uuid4())         # 1. IMMEDIATE: Emit event for real-time display         self._emit_event(temp_log_id, str(sketch_id), level, content)         # 2. BATCHED: Queue for database insertion with ordering info         # Format: (sequence, timestamp, sketch_id, level, content)         self._log_queue.put((sequence, timestamp, str(sketch_id), level, content))         # 3. Check if we should flush immediately (batch size reached)         if self._log_queue.qsize() >= self._batch_size:             self._flush_batch()"
                },
                {
                    "id": "Method:flowsint-core/src/flowsint_core/core/logger.py:LoggerSingleton.info#2",
                    "name": "info",
                    "filePath": "flowsint-core/src/flowsint_core/core/logger.py",
                    "nodeType": "Method",
                    "startLine": 239,
                    "endLine": 241,
                    "content": "    def info(self, sketch_id: Union[str, UUID], message: Dict) -> None:         \"\"\"Log an info message.\"\"\"         self._log(sketch_id, EventLevel.INFO, message)"
                },
                {
                    "id": "Method:flowsint-core/src/flowsint_core/core/logger.py:LoggerSingleton.error#2",
                    "name": "error",
                    "filePath": "flowsint-core/src/flowsint_core/core/logger.py",
                    "nodeType": "Method",
                    "startLine": 243,
                    "endLine": 245,
                    "content": "    def error(self, sketch_id: Union[str, UUID], message: Dict) -> None:         \"\"\"Log an error message.\"\"\"         self._log(sketch_id, EventLevel.FAILED, message)"
                },
                {
                    "id": "Method:flowsint-core/src/flowsint_core/core/logger.py:LoggerSingleton.warn#2",
                    "name": "warn",
                    "filePath": "flowsint-core/src/flowsint_core/core/logger.py",
                    "nodeType": "Method",
                    "startLine": 247,
                    "endLine": 249,
                    "content": "    def warn(self, sketch_id: Union[str, UUID], message: Dict) -> None:         \"\"\"Log a warning message.\"\"\"         self._log(sketch_id, EventLevel.WARNING, message)"
                },
                {
                    "id": "Method:flowsint-core/src/flowsint_core/core/logger.py:LoggerSingleton.completed#2",
                    "name": "completed",
                    "filePath": "flowsint-core/src/flowsint_core/core/logger.py",
                    "nodeType": "Method",
                    "startLine": 259,
                    "endLine": 276,
                    "content": "    def completed(self, sketch_id: Union[str, UUID], message: Dict) -> None:         \"\"\"Log a completed message.\"\"\"         self._log(sketch_id, EventLevel.COMPLETED, message)         # Also publish to status channel for graph refresh         try:             import uuid             temp_log_id = str(uuid.uuid4())             from ..tasks.event import emit_status_event_task             emit_status_event_task.apply(                 args=[temp_log_id, str(sketch_id), EventLevel.COMPLETED, message]             )         except Exception as e:             import logging             logging.error(f\"Failed to emit status event: {e}\")"
                }
            ]
        }
    ],
    "affected_modules": [
        {
            "name": "flowsint-core",
            "direct": true,
            "symbolCount": 17
        }
    ],
    "affected_processes": [],
    "byDepth": {
        "d=1": {
            "depth": 1,
            "label": "WILL BREAK",
            "symbols": [
                {
                    "id": "Method:flowsint-core/src/flowsint_core/core/enricher_base.py:Enricher.async_init#0",
                    "name": "async_init",
                    "filePath": "flowsint-core/src/flowsint_core/core/enricher_base.py",
                    "nodeType": "Method",
                    "startLine": 152,
                    "endLine": 166,
                    "content": "    async def async_init(self):         self.ParamsModel = build_params_model(self.params_schema)         # Always resolve parameters, even if self.params is empty         # This allows vault secrets to be fetched by name from params_schema         resolved_params = self.resolve_params()         # Strict validation after resolution         try:             validated = self.ParamsModel(**resolved_params)             self.params = validated.model_dump()         except ValidationError as e:             raise InvalidEnricherParams(                 f\"Enricher '{self.name()}' received invalid parameters: {e}\"             )"
                },
                {
                    "id": "Method:flowsint-core/src/flowsint_core/core/enricher_base.py:Enricher.name#0",
                    "name": "name",
                    "filePath": "flowsint-core/src/flowsint_core/core/enricher_base.py",
                    "nodeType": "Method",
                    "startLine": 211,
                    "endLine": 212,
                    "content": "    def name(cls) -> str:         pass"
                },
                {
                    "id": "Method:flowsint-core/src/flowsint_core/core/enricher_base.py:Enricher.scan#1",
                    "name": "scan",
                    "filePath": "flowsint-core/src/flowsint_core/core/enricher_base.py",
                    "nodeType": "Method",
                    "startLine": 348,
                    "endLine": 349,
                    "content": "    async def scan(self, values: List[str]) -> List[Dict[str, Any]]:         pass"
                },
                {
                    "id": "Method:flowsint-core/src/flowsint_core/core/enricher_base.py:Enricher.preprocess#1",
                    "name": "preprocess",
                    "filePath": "flowsint-core/src/flowsint_core/core/enricher_base.py",
                    "nodeType": "Method",
                    "startLine": 410,
                    "endLine": 444,
                    "content": "    def preprocess(self, values: List) -> List:         \"\"\"         Generic preprocess that validates and converts input using InputType.         Automatically handles dicts, objects, and strings (using the model's primary field).         Invalid items are skipped silently.         Note: InputType should be defined as the base type (e.g., Ip, Domain),         not as a List (e.g., List[Ip]). The preprocess method expects a list of values         and returns a list of validated InputType instances.         \"\"\"         if self.InputType is NotImplemented:             return values         adapter, primary_field = self._input_validation_context()         cleaned = []         for item in values:             try:                 cleaned.append(                     self._validate_single_input(                         item, adapter=adapter, primary_field=primary_field                     )                 )             except Exception:                 continue         if len(cleaned) == 0:             Logger.warn(                 self.sketch_id,                 {                     \"message\": f\"No valid input were provided to enricher '{self.name()}'.\"                 },             )             return values         return cleaned"
                },
                {
                    "id": "Method:flowsint-core/src/flowsint_core/core/enricher_base.py:Enricher.postprocess#2",
                    "name": "postprocess",
                    "filePath": "flowsint-core/src/flowsint_core/core/enricher_base.py",
                    "nodeType": "Method",
                    "startLine": 624,
                    "endLine": 627,
                    "content": "    def postprocess(         self, results: List[Dict[str, Any]], input_data: List[str] = None     ) -> List[Dict[str, Any]]:         return results"
                },
                {
                    "id": "Method:flowsint-core/src/flowsint_core/core/logger.py:LoggerSingleton.info#2",
                    "name": "info",
                    "filePath": "flowsint-core/src/flowsint_core/core/logger.py",
                    "nodeType": "Method",
                    "startLine": 239,
                    "endLine": 241,
                    "content": "    def info(self, sketch_id: Union[str, UUID], message: Dict) -> None:         \"\"\"Log an info message.\"\"\"         self._log(sketch_id, EventLevel.INFO, message)"
                },
                {
                    "id": "Method:flowsint-core/src/flowsint_core/core/logger.py:LoggerSingleton.error#2",
                    "name": "error",
                    "filePath": "flowsint-core/src/flowsint_core/core/logger.py",
                    "nodeType": "Method",
                    "startLine": 243,
                    "endLine": 245,
                    "content": "    def error(self, sketch_id: Union[str, UUID], message: Dict) -> None:         \"\"\"Log an error message.\"\"\"         self._log(sketch_id, EventLevel.FAILED, message)"
                },
                {
                    "id": "Method:flowsint-core/src/flowsint_core/core/logger.py:LoggerSingleton.completed#2",
                    "name": "completed",
                    "filePath": "flowsint-core/src/flowsint_core/core/logger.py",
                    "nodeType": "Method",
                    "startLine": 259,
                    "endLine": 276,
                    "content": "    def completed(self, sketch_id: Union[str, UUID], message: Dict) -> None:         \"\"\"Log a completed message.\"\"\"         self._log(sketch_id, EventLevel.COMPLETED, message)         # Also publish to status channel for graph refresh         try:             import uuid             temp_log_id = str(uuid.uuid4())             from ..tasks.event import emit_status_event_task             emit_status_event_task.apply(                 args=[temp_log_id, str(sketch_id), EventLevel.COMPLETED, message]             )         except Exception as e:             import logging             logging.error(f\"Failed to emit status event: {e}\")"
                }
            ]
        },
        "d=2": {
            "depth": 2,
            "label": "LIKELY AFFECTED",
            "symbols": [
                {
                    "id": "Method:flowsint-core/src/flowsint_core/core/enricher_base.py:Enricher.resolve_params#0",
                    "name": "resolve_params",
                    "filePath": "flowsint-core/src/flowsint_core/core/enricher_base.py",
                    "nodeType": "Method",
                    "startLine": 168,
                    "endLine": 203,
                    "content": "    def resolve_params(self) -> Dict[str, Any]:         resolved = {}         for param in self.params_schema:             param_name = param[\"name\"]             param_type = param.get(\"type\", \"string\")             if param_type == \"vaultSecret\":                 # For vault secrets, try to get from vault by name or ID                 secret = None                 if self.vault is not None:                     # First, check if user provided a specific vault ID in params                     if param_name in self.params and self.params[param_name]:                         secret = self.vault.get_secret(self.params[param_name])                     # Otherwise, try to get the secret by the param name itself                     if secret is None:                         secret = self.vault.get_secret(param_name)                     if secret is not None:                         resolved[param_name] = secret                     elif param.get(\"required\", False):                         raise Exception(                             f\"Required vault secret '{param_name}' is missing. Please go to the Vault settings and create a '{param_name}' key.\"                         )                 # If no vault or no secret found, use default if available                 if param_name not in resolved and param.get(\"default\") is not None:                     resolved[param_name] = param[\"default\"]             else:                 # For non-vault params, use the provided value or default                 if param_name in self.params and self.params[param_name] is not None:                     resolved[param_name] = self.params[param_name]                 elif param.get(\"default\") is not None:                     resolved[param_name] = param[\"default\"]         return resolved"
                },
                {
                    "id": "Method:flowsint-core/src/flowsint_core/core/enricher_base.py:Enricher._input_validation_context#0",
                    "name": "_input_validation_context",
                    "filePath": "flowsint-core/src/flowsint_core/core/enricher_base.py",
                    "nodeType": "Method",
                    "startLine": 373,
                    "endLine": 392,
                    "content": "    def _input_validation_context(self) -> tuple[TypeAdapter | None, str | None]:         if self.InputType is NotImplemented:             return None, None         base_type = self.InputType         adapter = TypeAdapter(base_type)         primary_field = None         if issubclass(base_type, BaseModel):             for name, field in base_type.model_fields.items():                 if field.json_schema_extra and field.json_schema_extra.get(\"primary\"):                     primary_field = name                     break             if primary_field is None:                 for name, field in base_type.model_fields.items():                     if field.is_required():                         primary_field = name                         break                 if primary_field is None:                     primary_field = next(iter(base_type.model_fields.keys()))         return adapter, primary_field"
                },
                {
                    "id": "Method:flowsint-core/src/flowsint_core/core/enricher_base.py:Enricher._validate_single_input#3",
                    "name": "_validate_single_input",
                    "filePath": "flowsint-core/src/flowsint_core/core/enricher_base.py",
                    "nodeType": "Method",
                    "startLine": 394,
                    "endLine": 408,
                    "content": "    def _validate_single_input(         self,         item: Any,         *,         adapter: TypeAdapter | None = None,         primary_field: str | None = None,     ) -> Any:         \"\"\"Validate one input using the same conversion rules as ``preprocess``.\"\"\"         if self.InputType is NotImplemented:             return item         if adapter is None:             adapter, primary_field = self._input_validation_context()         if isinstance(item, str) and primary_field:             item = {primary_field: item}         return adapter.validate_python(item)"
                },
                {
                    "id": "Method:flowsint-core/src/flowsint_core/core/logger.py:LoggerSingleton._log#3",
                    "name": "_log",
                    "filePath": "flowsint-core/src/flowsint_core/core/logger.py",
                    "nodeType": "Method",
                    "startLine": 201,
                    "endLine": 235,
                    "content": "    def _log(         self, sketch_id: Union[str, UUID], level: EventLevel, content: Dict     ) -> None:         \"\"\"         Internal logging method.         Process:         1. Capture timestamp and sequence number immediately         2. Emit event immediately (real-time UI)         3. Queue for batch insertion with ordering info (performance)         Args:             sketch_id: Sketch ID for log routing             level: Log level             content: Log content/message         \"\"\"         # Capture timestamp and sequence at the time of logging (not insertion)         sequence = self._get_next_sequence()         timestamp = datetime.now(timezone.utc)         # Generate a temporary ID for immediate event emission         import uuid         temp_log_id = str(uuid.uuid4())         # 1. IMMEDIATE: Emit event for real-time display         self._emit_event(temp_log_id, str(sketch_id), level, content)         # 2. BATCHED: Queue for database insertion with ordering info         # Format: (sequence, timestamp, sketch_id, level, content)         self._log_queue.put((sequence, timestamp, str(sketch_id), level, content))         # 3. Check if we should flush immediately (batch size reached)         if self._log_queue.qsize() >= self._batch_size:             self._flush_batch()"
                },
                {
                    "id": "Method:flowsint-core/src/flowsint_core/core/logger.py:LoggerSingleton.warn#2",
                    "name": "warn",
                    "filePath": "flowsint-core/src/flowsint_core/core/logger.py",
                    "nodeType": "Method",
                    "startLine": 247,
                    "endLine": 249,
                    "content": "    def warn(self, sketch_id: Union[str, UUID], message: Dict) -> None:         \"\"\"Log a warning message.\"\"\"         self._log(sketch_id, EventLevel.WARNING, message)"
                },
                {
                    "id": "Function:flowsint-core/src/flowsint_core/core/enricher_base.py:build_params_model",
                    "name": "build_params_model",
                    "filePath": "flowsint-core/src/flowsint_core/core/enricher_base.py",
                    "nodeType": "Function",
                    "startLine": 29,
                    "endLine": 59,
                    "content": "def build_params_model(params_schema: list) -> BaseModel:     \"\"\"     Build a strict Pydantic model from a params_schema.     Unknown fields will raise a validation error.     Note: Vault secrets are always optional in the Pydantic model to allow     for deferred configuration. Required validation happens after vault resolution.     \"\"\"     fields: Dict[str, Any] = {}     for param in params_schema:         name = param[\"name\"]         param_type = param.get(\"type\", \"string\")         field_type = bool if param_type == \"bool\" else str         required = param.get(\"required\", False)         # Vault secrets are always optional in Pydantic validation         # Required validation happens after vault resolution         if param_type == \"vaultSecret\":             default = param.get(\"default\", None)         else:             default = ... if required else param.get(\"default\")         fields[name] = (             Optional[field_type],             Field(default=default, description=param.get(\"description\", \"\")),         )     model = create_model(\"ParamsModel\", __config__=ConfigDict(extra=\"forbid\"), **fields)     return model"
                }
            ]
        },
        "d=3": {
            "depth": 3,
            "label": "MAY NEED TESTING",
            "symbols": [
                {
                    "id": "Method:flowsint-core/src/flowsint_core/core/logger.py:LoggerSingleton._get_next_sequence#0",
                    "name": "_get_next_sequence",
                    "filePath": "flowsint-core/src/flowsint_core/core/logger.py",
                    "nodeType": "Method",
                    "startLine": 88,
                    "endLine": 92,
                    "content": "    def _get_next_sequence(self) -> int:         \"\"\"Get the next sequence number in a thread-safe manner.\"\"\"         with self._sequence_lock:             self._sequence_counter += 1             return self._sequence_counter"
                },
                {
                    "id": "Method:flowsint-core/src/flowsint_core/core/logger.py:LoggerSingleton._flush_batch#1",
                    "name": "_flush_batch",
                    "filePath": "flowsint-core/src/flowsint_core/core/logger.py",
                    "nodeType": "Method",
                    "startLine": 117,
                    "endLine": 179,
                    "content": "    def _flush_batch(self, force: bool = False) -> None:         \"\"\"         Flush pending logs to database.         Args:             force: If True, flush all logs regardless of batch size         \"\"\"         if self._log_queue.empty():             return         logs_to_insert = []         # Collect logs from queue         while not self._log_queue.empty() and (             force or len(logs_to_insert) < self._batch_size         ):             try:                 logs_to_insert.append(self._log_queue.get_nowait())             except:                 break         if not logs_to_insert:             return         # Sort logs by sequence number to maintain order         logs_to_insert.sort(key=lambda x: x[0])  # x[0] is the sequence number         # Batch insert to database         try:             db = next(get_db())         except (StopIteration, RuntimeError) as e:             # Generator exhausted or error getting DB - log to standard logging             import logging             logging.error(f\"Failed to get database session: {e}\")             return         try:             log_objects = []             for sequence, timestamp, sketch_id, level, content in logs_to_insert:                 log = Log(                     sketch_id=str(sketch_id),                     type=level.value,                     content=content,                     created_at=timestamp,  # Use application-side timestamp                 )                 log_objects.append(log)             db.add_all(log_objects)             db.commit()             # Refresh to get IDs (needed for event emission tracking)             for log in log_objects:                 db.refresh(log)         except Exception as e:             db.rollback()             # Log to standard logging as fallback             import logging             logging.error(f\"Failed to batch insert logs: {e}\")         finally:             db.close()"
                },
                {
                    "id": "Method:flowsint-core/src/flowsint_core/core/logger.py:LoggerSingleton._emit_event#4",
                    "name": "_emit_event",
                    "filePath": "flowsint-core/src/flowsint_core/core/logger.py",
                    "nodeType": "Method",
                    "startLine": 181,
                    "endLine": 199,
                    "content": "    def _emit_event(         self, log_id: str, sketch_id: str, level: EventLevel, content: Dict     ) -> None:         \"\"\"         Emit event immediately for real-time display.         Args:             log_id: Log entry ID             sketch_id: Sketch ID for event routing             level: Log level             content: Log content         \"\"\"         try:             emit_event_task.apply(args=[log_id, str(sketch_id), level, content])         except Exception as e:             # Don't let event emission errors break logging             import logging             logging.error(f\"Failed to emit event: {e}\")"
                }
            ]
        }
    },
    "summary": {
        "cwd": "/home/n4s5ti/Documents/dev/fl0sint-def42-baseline-audit",
        "rootPath": "/home/n4s5ti/Documents/dev/fl0sint-def42-baseline-audit",
        "repo": "fl0sint-def42-baseline-audit",
        "lbugPath": "/home/n4s5ti/Documents/dev/fl0sint-def42-baseline-audit/.gitnexus/lbug",
        "symbol": "flowsint-core/src/flowsint_core/core/enricher_base.py:execute",
        "rootSymbols": 1,
        "totalSymbols": 18,
        "totalEdges": 23,
        "filesMatched": 2,
        "truncated": false,
        "direct": 8,
        "processes": 0,
        "modules": 1
    },
    "warnings": [],
    "completeness": "complete",
    "completenessReasons": [],
    "indexStatus": "ready"
}
