{
    "symbol": "flowsint-enrichers/src/flowsint_enrichers/website/to_text.py:execute_structured",
    "repo": "fl0sint-def42-s02",
    "lbugPath": "/home/n4s5ti/Documents/dev/fl0sint-def42-s02/.gitnexus/lbug",
    "rootPath": "/home/n4s5ti/Documents/dev/fl0sint-def42-s02",
    "direction": "upstream",
    "risk": "MEDIUM",
    "target": {
        "id": "Method:flowsint-enrichers/src/flowsint_enrichers/website/to_text.py:WebsiteToText.execute_structured#1",
        "name": "execute_structured",
        "filePath": "flowsint-enrichers/src/flowsint_enrichers/website/to_text.py",
        "nodeType": "Method",
        "startLine": 447,
        "endLine": 543,
        "content": "    async def execute_structured(self, values: List[Any]) -> StructuredExecutionResult:         \"\"\"Preserve every original input as one terminal structured outcome.\"\"\"         outcomes: list[InputOutcome | None] = [None] * len(values)         if self.name() != \"enricher_orchestrator\":             Logger.info(self.sketch_id, {\"message\": f\"Enricher {self.name()} started.\"})         try:             await self.async_init()         except asyncio.CancelledError:             outcomes = [                 InputOutcome(                     input_ref=canonical_input_hash(value),                     status=OutcomeStatus.HOLD,                     diagnostic=self._diagnostic(                         \"cancelled\", \"The operation was cancelled before completion.\"                     ),                 )                 for value in values             ]         except Exception as error:             diagnostic = self._classify_structured_exception(error)             outcomes = [                 InputOutcome(                     input_ref=canonical_input_hash(value),                     status=OutcomeStatus.FAILURE,                     diagnostic=diagnostic,                 )                 for value in values             ]         else:             adapter, primary_field = self._input_validation_context()             specs: list[tuple[int, Website, str]] = []             for index, value in enumerate(values):                 try:                     source = self._validate_single_input(                         value, adapter=adapter, primary_field=primary_field                     )                 except Exception as error:                     outcomes[index] = InputOutcome(                         input_ref=canonical_input_hash(value),                         status=OutcomeStatus.FAILURE,                         diagnostic=self._classify_structured_exception(error),                     )                 else:                     specs.append((index, source, canonical_input_hash(value)))             try:                 occurrences = await self._scan_occurrence_specs(specs)                 self.postprocess(occurrences)             except asyncio.CancelledError:                 for index, value in enumerate(values):                     if outcomes[index] is None:                         outcomes[index] = InputOutcome(                             input_ref=canonical_input_hash(value),                             status=OutcomeStatus.HOLD,                             diagnostic=self._diagnostic(                                 \"cancelled\", \"The operation was cancelled before completion.\"                             ),                         )             except Exception as error:                 diagnostic = self._classify_structured_exception(error)                 for index, value in enumerate(values):                     if outcomes[index] is None:                         outcomes[index] = InputOutcome(                             input_ref=canonical_input_hash(value),                             status=OutcomeStatus.FAILURE,                             diagnostic=diagnostic,                         )             else:                 for occurrence in occurrences:                     outcomes[occurrence.index] = occurrence.to_input_outcome()         finally:             try:                 self._graph_service.flush()             except Exception:                 Logger.error(                     self.sketch_id,                     {\"message\": f\"Enricher {self.name()} graph flush failed.\"},                 )         final_outcomes: list[InputOutcome] = []         for index, value in enumerate(values):             outcome = outcomes[index]             if outcome is None:                 outcome = InputOutcome(                     input_ref=canonical_input_hash(value),                     status=OutcomeStatus.FAILURE,                     diagnostic=self._diagnostic(                         \"unexpected_error\", \"Processing ended without a terminal outcome.\"                     ),                 )             final_outcomes.append(outcome)         if self.name() != \"enricher_orchestrator\":             Logger.completed(self.sketch_id, {\"message\": f\"Enricher {self.name()} finished.\"})         return StructuredExecutionResult(             enricher_name=self.name(),             outcomes=tuple(final_outcomes),         )"
    },
    "symbols": [
        {
            "id": "Method:flowsint-enrichers/src/flowsint_enrichers/website/to_text.py:WebsiteToText.execute_structured#1",
            "name": "execute_structured",
            "filePath": "flowsint-enrichers/src/flowsint_enrichers/website/to_text.py",
            "nodeType": "Method",
            "startLine": 447,
            "endLine": 543,
            "content": "    async def execute_structured(self, values: List[Any]) -> StructuredExecutionResult:         \"\"\"Preserve every original input as one terminal structured outcome.\"\"\"         outcomes: list[InputOutcome | None] = [None] * len(values)         if self.name() != \"enricher_orchestrator\":             Logger.info(self.sketch_id, {\"message\": f\"Enricher {self.name()} started.\"})         try:             await self.async_init()         except asyncio.CancelledError:             outcomes = [                 InputOutcome(                     input_ref=canonical_input_hash(value),                     status=OutcomeStatus.HOLD,                     diagnostic=self._diagnostic(                         \"cancelled\", \"The operation was cancelled before completion.\"                     ),                 )                 for value in values             ]         except Exception as error:             diagnostic = self._classify_structured_exception(error)             outcomes = [                 InputOutcome(                     input_ref=canonical_input_hash(value),                     status=OutcomeStatus.FAILURE,                     diagnostic=diagnostic,                 )                 for value in values             ]         else:             adapter, primary_field = self._input_validation_context()             specs: list[tuple[int, Website, str]] = []             for index, value in enumerate(values):                 try:                     source = self._validate_single_input(                         value, adapter=adapter, primary_field=primary_field                     )                 except Exception as error:                     outcomes[index] = InputOutcome(                         input_ref=canonical_input_hash(value),                         status=OutcomeStatus.FAILURE,                         diagnostic=self._classify_structured_exception(error),                     )                 else:                     specs.append((index, source, canonical_input_hash(value)))             try:                 occurrences = await self._scan_occurrence_specs(specs)                 self.postprocess(occurrences)             except asyncio.CancelledError:                 for index, value in enumerate(values):                     if outcomes[index] is None:                         outcomes[index] = InputOutcome(                             input_ref=canonical_input_hash(value),                             status=OutcomeStatus.HOLD,                             diagnostic=self._diagnostic(                                 \"cancelled\", \"The operation was cancelled before completion.\"                             ),                         )             except Exception as error:                 diagnostic = self._classify_structured_exception(error)                 for index, value in enumerate(values):                     if outcomes[index] is None:                         outcomes[index] = InputOutcome(                             input_ref=canonical_input_hash(value),                             status=OutcomeStatus.FAILURE,                             diagnostic=diagnostic,                         )             else:                 for occurrence in occurrences:                     outcomes[occurrence.index] = occurrence.to_input_outcome()         finally:             try:                 self._graph_service.flush()             except Exception:                 Logger.error(                     self.sketch_id,                     {\"message\": f\"Enricher {self.name()} graph flush failed.\"},                 )         final_outcomes: list[InputOutcome] = []         for index, value in enumerate(values):             outcome = outcomes[index]             if outcome is None:                 outcome = InputOutcome(                     input_ref=canonical_input_hash(value),                     status=OutcomeStatus.FAILURE,                     diagnostic=self._diagnostic(                         \"unexpected_error\", \"Processing ended without a terminal outcome.\"                     ),                 )             final_outcomes.append(outcome)         if self.name() != \"enricher_orchestrator\":             Logger.completed(self.sketch_id, {\"message\": f\"Enricher {self.name()} finished.\"})         return StructuredExecutionResult(             enricher_name=self.name(),             outcomes=tuple(final_outcomes),         )"
        },
        {
            "id": "Class:flowsint-enrichers/src/flowsint_enrichers/website/to_text.py:WebsiteToText",
            "name": "WebsiteToText",
            "filePath": "flowsint-enrichers/src/flowsint_enrichers/website/to_text.py",
            "nodeType": "Class",
            "startLine": 71,
            "endLine": 543,
            "content": "class WebsiteToText(Enricher):     \"\"\"Extracts text from webpages using async HTTP/2 with optional QUIC.\"\"\"     InputType = Website     OutputType = Phrase     # Reusable httpx client — lazy-initialised per event loop     _http_client: Optional[\"httpx.AsyncClient\"] = None     @classmethod     def name(cls) -> str:         return \"website_to_text\"     @classmethod     def category(cls) -> str:         return \"Website\"     @classmethod     def key(cls) -> str:         return \"website\"     @classmethod     def get_params_schema(cls) -> List[Dict[str, Any]]:         return [             {                 \"name\": \"enable_quic\",                 \"type\": \"bool\",                 \"default\": False,                 \"label\": \"Enable QUIC/HTTP3 probe\",                 \"description\": \"Try HTTP/3 via QUIC as transport (experimental, most servers ignore it)\",             },             {                 \"name\": \"max_concurrency\",                 \"type\": \"int\",                 \"default\": 10,                 \"label\": \"Max concurrent connections\",                 \"description\": \"Maximum number of simultaneous HTTP connections\",             },             {                 \"name\": \"request_timeout\",                 \"type\": \"int\",                 \"default\": 10,                 \"label\": \"Request timeout (seconds)\",                 \"description\": \"Timeout for each HTTP request\",             },         ]     # ------------------------------------------------------------------     # scan — async concurrent fetches     # ------------------------------------------------------------------     def _outputs_from_text(self, text: str) -> tuple[Phrase, ...]:         \"\"\"Build the per-occurrence outputs without flattening their ownership.\"\"\"         return (Phrase(text=text),) if text else ()     @staticmethod     def _diagnostic(code: str, message: str) -> RedactedDiagnostic:         return RedactedDiagnostic(code=code, safe_message=message, retryable=False)     def _cancelled_occurrence(         self, index: int, source: Website, input_ref: str     ) -> WebsiteTextOccurrence:         return WebsiteTextOccurrence(             source=source,             index=index,             input_ref=input_ref,             status=OutcomeStatus.HOLD,             diagnostic=self._diagnostic(                 \"cancelled\", \"The operation was cancelled before completion.\"             ),         )     def _failed_occurrence(         self, index: int, source: Website, input_ref: str     ) -> WebsiteTextOccurrence:         return WebsiteTextOccurrence(             source=source,             index=index,             input_ref=input_ref,             status=OutcomeStatus.FAILURE,             diagnostic=self._diagnostic(                 \"unexpected_error\", \"Unexpected processing failure.\"             ),         )     async def _fetch_occurrence(         self, index: int, source: Website, input_ref: str, semaphore: asyncio.Semaphore     ) -> WebsiteTextOccurrence:         \"\"\"Return one terminal, source-owned outcome from one transport future.\"\"\"         try:             async with semaphore:                 text = await self._fetch_text_async(                     str(source.url),                     timeout=self.params.get(\"request_timeout\", 10),                     enable_quic=self.params.get(\"enable_quic\", False),                 )             if text is None:                 return WebsiteTextOccurrence(                     source=source,                     index=index,                     input_ref=input_ref,                     status=OutcomeStatus.FAILURE,                     diagnostic=self._diagnostic(                         \"transport_failed\", \"All configured transports failed.\"                     ),                 )             return WebsiteTextOccurrence(                 source=source,                 index=index,                 input_ref=input_ref,                 status=OutcomeStatus.SUCCESS,                 outputs=self._outputs_from_text(text),             )         except asyncio.CancelledError:             return self._cancelled_occurrence(index, source, input_ref)         except Exception:             return self._failed_occurrence(index, source, input_ref)     async def _scan_occurrence_specs(         self, specs: Sequence[tuple[int, Website, str]]     ) -> tuple[WebsiteTextOccurrence, ...]:         semaphore = asyncio.Semaphore(self.params.get(\"max_concurrency\", 10))         tasks = tuple(             asyncio.create_task(self._fetch_occurrence(index, source, input_ref, semaphore))             for index, source, input_ref in specs         )         try:             results = await asyncio.gather(*tasks)         except asyncio.CancelledError:             for task in tasks:                 task.cancel()             results = await asyncio.gather(*tasks, return_exceptions=True)         occurrences: list[WebsiteTextOccurrence] = []         for position, result in enumerate(results):             index, source, input_ref = specs[positio ... [truncated]"
        },
        {
            "id": "Class:flowsint-enrichers/tests/enrichers/test_website_to_text.py:_SectioningWebsiteToText",
            "name": "_SectioningWebsiteToText",
            "filePath": "flowsint-enrichers/tests/enrichers/test_website_to_text.py",
            "nodeType": "Class",
            "startLine": 200,
            "endLine": 202,
            "content": "class _SectioningWebsiteToText(WebsiteToText):     def _outputs_from_text(self, text):         return (Phrase(text=text + \" first\"), Phrase(text=text + \" second\"))"
        }
    ],
    "edges": [
        {
            "from": "Class:flowsint-enrichers/src/flowsint_enrichers/website/to_text.py:WebsiteToText",
            "to": "Method:flowsint-enrichers/src/flowsint_enrichers/website/to_text.py:WebsiteToText.execute_structured#1",
            "type": "HAS_METHOD",
            "confidence": 1
        },
        {
            "from": "Class:flowsint-enrichers/tests/enrichers/test_website_to_text.py:_SectioningWebsiteToText",
            "to": "Method:flowsint-enrichers/src/flowsint_enrichers/website/to_text.py:WebsiteToText.execute_structured#1",
            "type": "METHOD_OVERRIDES",
            "confidence": 0.9
        },
        {
            "from": "Class:flowsint-enrichers/tests/enrichers/test_website_to_text.py:_SectioningWebsiteToText",
            "to": "Class:flowsint-enrichers/src/flowsint_enrichers/website/to_text.py:WebsiteToText",
            "type": "EXTENDS",
            "confidence": 0.85
        }
    ],
    "files": [
        {
            "filePath": "flowsint-enrichers/src/flowsint_enrichers/website/to_text.py",
            "count": 2,
            "symbols": [
                {
                    "id": "Method:flowsint-enrichers/src/flowsint_enrichers/website/to_text.py:WebsiteToText.execute_structured#1",
                    "name": "execute_structured",
                    "filePath": "flowsint-enrichers/src/flowsint_enrichers/website/to_text.py",
                    "nodeType": "Method",
                    "startLine": 447,
                    "endLine": 543,
                    "content": "    async def execute_structured(self, values: List[Any]) -> StructuredExecutionResult:         \"\"\"Preserve every original input as one terminal structured outcome.\"\"\"         outcomes: list[InputOutcome | None] = [None] * len(values)         if self.name() != \"enricher_orchestrator\":             Logger.info(self.sketch_id, {\"message\": f\"Enricher {self.name()} started.\"})         try:             await self.async_init()         except asyncio.CancelledError:             outcomes = [                 InputOutcome(                     input_ref=canonical_input_hash(value),                     status=OutcomeStatus.HOLD,                     diagnostic=self._diagnostic(                         \"cancelled\", \"The operation was cancelled before completion.\"                     ),                 )                 for value in values             ]         except Exception as error:             diagnostic = self._classify_structured_exception(error)             outcomes = [                 InputOutcome(                     input_ref=canonical_input_hash(value),                     status=OutcomeStatus.FAILURE,                     diagnostic=diagnostic,                 )                 for value in values             ]         else:             adapter, primary_field = self._input_validation_context()             specs: list[tuple[int, Website, str]] = []             for index, value in enumerate(values):                 try:                     source = self._validate_single_input(                         value, adapter=adapter, primary_field=primary_field                     )                 except Exception as error:                     outcomes[index] = InputOutcome(                         input_ref=canonical_input_hash(value),                         status=OutcomeStatus.FAILURE,                         diagnostic=self._classify_structured_exception(error),                     )                 else:                     specs.append((index, source, canonical_input_hash(value)))             try:                 occurrences = await self._scan_occurrence_specs(specs)                 self.postprocess(occurrences)             except asyncio.CancelledError:                 for index, value in enumerate(values):                     if outcomes[index] is None:                         outcomes[index] = InputOutcome(                             input_ref=canonical_input_hash(value),                             status=OutcomeStatus.HOLD,                             diagnostic=self._diagnostic(                                 \"cancelled\", \"The operation was cancelled before completion.\"                             ),                         )             except Exception as error:                 diagnostic = self._classify_structured_exception(error)                 for index, value in enumerate(values):                     if outcomes[index] is None:                         outcomes[index] = InputOutcome(                             input_ref=canonical_input_hash(value),                             status=OutcomeStatus.FAILURE,                             diagnostic=diagnostic,                         )             else:                 for occurrence in occurrences:                     outcomes[occurrence.index] = occurrence.to_input_outcome()         finally:             try:                 self._graph_service.flush()             except Exception:                 Logger.error(                     self.sketch_id,                     {\"message\": f\"Enricher {self.name()} graph flush failed.\"},                 )         final_outcomes: list[InputOutcome] = []         for index, value in enumerate(values):             outcome = outcomes[index]             if outcome is None:                 outcome = InputOutcome(                     input_ref=canonical_input_hash(value),                     status=OutcomeStatus.FAILURE,                     diagnostic=self._diagnostic(                         \"unexpected_error\", \"Processing ended without a terminal outcome.\"                     ),                 )             final_outcomes.append(outcome)         if self.name() != \"enricher_orchestrator\":             Logger.completed(self.sketch_id, {\"message\": f\"Enricher {self.name()} finished.\"})         return StructuredExecutionResult(             enricher_name=self.name(),             outcomes=tuple(final_outcomes),         )"
                },
                {
                    "id": "Class:flowsint-enrichers/src/flowsint_enrichers/website/to_text.py:WebsiteToText",
                    "name": "WebsiteToText",
                    "filePath": "flowsint-enrichers/src/flowsint_enrichers/website/to_text.py",
                    "nodeType": "Class",
                    "startLine": 71,
                    "endLine": 543,
                    "content": "class WebsiteToText(Enricher):     \"\"\"Extracts text from webpages using async HTTP/2 with optional QUIC.\"\"\"     InputType = Website     OutputType = Phrase     # Reusable httpx client — lazy-initialised per event loop     _http_client: Optional[\"httpx.AsyncClient\"] = None     @classmethod     def name(cls) -> str:         return \"website_to_text\"     @classmethod     def category(cls) -> str:         return \"Website\"     @classmethod     def key(cls) -> str:         return \"website\"     @classmethod     def get_params_schema(cls) -> List[Dict[str, Any]]:         return [             {                 \"name\": \"enable_quic\",                 \"type\": \"bool\",                 \"default\": False,                 \"label\": \"Enable QUIC/HTTP3 probe\",                 \"description\": \"Try HTTP/3 via QUIC as transport (experimental, most servers ignore it)\",             },             {                 \"name\": \"max_concurrency\",                 \"type\": \"int\",                 \"default\": 10,                 \"label\": \"Max concurrent connections\",                 \"description\": \"Maximum number of simultaneous HTTP connections\",             },             {                 \"name\": \"request_timeout\",                 \"type\": \"int\",                 \"default\": 10,                 \"label\": \"Request timeout (seconds)\",                 \"description\": \"Timeout for each HTTP request\",             },         ]     # ------------------------------------------------------------------     # scan — async concurrent fetches     # ------------------------------------------------------------------     def _outputs_from_text(self, text: str) -> tuple[Phrase, ...]:         \"\"\"Build the per-occurrence outputs without flattening their ownership.\"\"\"         return (Phrase(text=text),) if text else ()     @staticmethod     def _diagnostic(code: str, message: str) -> RedactedDiagnostic:         return RedactedDiagnostic(code=code, safe_message=message, retryable=False)     def _cancelled_occurrence(         self, index: int, source: Website, input_ref: str     ) -> WebsiteTextOccurrence:         return WebsiteTextOccurrence(             source=source,             index=index,             input_ref=input_ref,             status=OutcomeStatus.HOLD,             diagnostic=self._diagnostic(                 \"cancelled\", \"The operation was cancelled before completion.\"             ),         )     def _failed_occurrence(         self, index: int, source: Website, input_ref: str     ) -> WebsiteTextOccurrence:         return WebsiteTextOccurrence(             source=source,             index=index,             input_ref=input_ref,             status=OutcomeStatus.FAILURE,             diagnostic=self._diagnostic(                 \"unexpected_error\", \"Unexpected processing failure.\"             ),         )     async def _fetch_occurrence(         self, index: int, source: Website, input_ref: str, semaphore: asyncio.Semaphore     ) -> WebsiteTextOccurrence:         \"\"\"Return one terminal, source-owned outcome from one transport future.\"\"\"         try:             async with semaphore:                 text = await self._fetch_text_async(                     str(source.url),                     timeout=self.params.get(\"request_timeout\", 10),                     enable_quic=self.params.get(\"enable_quic\", False),                 )             if text is None:                 return WebsiteTextOccurrence(                     source=source,                     index=index,                     input_ref=input_ref,                     status=OutcomeStatus.FAILURE,                     diagnostic=self._diagnostic(                         \"transport_failed\", \"All configured transports failed.\"                     ),                 )             return WebsiteTextOccurrence(                 source=source,                 index=index,                 input_ref=input_ref,                 status=OutcomeStatus.SUCCESS,                 outputs=self._outputs_from_text(text),             )         except asyncio.CancelledError:             return self._cancelled_occurrence(index, source, input_ref)         except Exception:             return self._failed_occurrence(index, source, input_ref)     async def _scan_occurrence_specs(         self, specs: Sequence[tuple[int, Website, str]]     ) -> tuple[WebsiteTextOccurrence, ...]:         semaphore = asyncio.Semaphore(self.params.get(\"max_concurrency\", 10))         tasks = tuple(             asyncio.create_task(self._fetch_occurrence(index, source, input_ref, semaphore))             for index, source, input_ref in specs         )         try:             results = await asyncio.gather(*tasks)         except asyncio.CancelledError:             for task in tasks:                 task.cancel()             results = await asyncio.gather(*tasks, return_exceptions=True)         occurrences: list[WebsiteTextOccurrence] = []         for position, result in enumerate(results):             index, source, input_ref = specs[positio ... [truncated]"
                }
            ]
        },
        {
            "filePath": "flowsint-enrichers/tests/enrichers/test_website_to_text.py",
            "count": 1,
            "symbols": [
                {
                    "id": "Class:flowsint-enrichers/tests/enrichers/test_website_to_text.py:_SectioningWebsiteToText",
                    "name": "_SectioningWebsiteToText",
                    "filePath": "flowsint-enrichers/tests/enrichers/test_website_to_text.py",
                    "nodeType": "Class",
                    "startLine": 200,
                    "endLine": 202,
                    "content": "class _SectioningWebsiteToText(WebsiteToText):     def _outputs_from_text(self, text):         return (Phrase(text=text + \" first\"), Phrase(text=text + \" second\"))"
                }
            ]
        }
    ],
    "affected_modules": [
        {
            "name": "flowsint-enrichers",
            "direct": true,
            "symbolCount": 2
        }
    ],
    "affected_processes": [],
    "byDepth": {
        "d=1": {
            "depth": 1,
            "label": "WILL BREAK",
            "symbols": [
                {
                    "id": "Class:flowsint-enrichers/src/flowsint_enrichers/website/to_text.py:WebsiteToText",
                    "name": "WebsiteToText",
                    "filePath": "flowsint-enrichers/src/flowsint_enrichers/website/to_text.py",
                    "nodeType": "Class",
                    "startLine": 71,
                    "endLine": 543,
                    "content": "class WebsiteToText(Enricher):     \"\"\"Extracts text from webpages using async HTTP/2 with optional QUIC.\"\"\"     InputType = Website     OutputType = Phrase     # Reusable httpx client — lazy-initialised per event loop     _http_client: Optional[\"httpx.AsyncClient\"] = None     @classmethod     def name(cls) -> str:         return \"website_to_text\"     @classmethod     def category(cls) -> str:         return \"Website\"     @classmethod     def key(cls) -> str:         return \"website\"     @classmethod     def get_params_schema(cls) -> List[Dict[str, Any]]:         return [             {                 \"name\": \"enable_quic\",                 \"type\": \"bool\",                 \"default\": False,                 \"label\": \"Enable QUIC/HTTP3 probe\",                 \"description\": \"Try HTTP/3 via QUIC as transport (experimental, most servers ignore it)\",             },             {                 \"name\": \"max_concurrency\",                 \"type\": \"int\",                 \"default\": 10,                 \"label\": \"Max concurrent connections\",                 \"description\": \"Maximum number of simultaneous HTTP connections\",             },             {                 \"name\": \"request_timeout\",                 \"type\": \"int\",                 \"default\": 10,                 \"label\": \"Request timeout (seconds)\",                 \"description\": \"Timeout for each HTTP request\",             },         ]     # ------------------------------------------------------------------     # scan — async concurrent fetches     # ------------------------------------------------------------------     def _outputs_from_text(self, text: str) -> tuple[Phrase, ...]:         \"\"\"Build the per-occurrence outputs without flattening their ownership.\"\"\"         return (Phrase(text=text),) if text else ()     @staticmethod     def _diagnostic(code: str, message: str) -> RedactedDiagnostic:         return RedactedDiagnostic(code=code, safe_message=message, retryable=False)     def _cancelled_occurrence(         self, index: int, source: Website, input_ref: str     ) -> WebsiteTextOccurrence:         return WebsiteTextOccurrence(             source=source,             index=index,             input_ref=input_ref,             status=OutcomeStatus.HOLD,             diagnostic=self._diagnostic(                 \"cancelled\", \"The operation was cancelled before completion.\"             ),         )     def _failed_occurrence(         self, index: int, source: Website, input_ref: str     ) -> WebsiteTextOccurrence:         return WebsiteTextOccurrence(             source=source,             index=index,             input_ref=input_ref,             status=OutcomeStatus.FAILURE,             diagnostic=self._diagnostic(                 \"unexpected_error\", \"Unexpected processing failure.\"             ),         )     async def _fetch_occurrence(         self, index: int, source: Website, input_ref: str, semaphore: asyncio.Semaphore     ) -> WebsiteTextOccurrence:         \"\"\"Return one terminal, source-owned outcome from one transport future.\"\"\"         try:             async with semaphore:                 text = await self._fetch_text_async(                     str(source.url),                     timeout=self.params.get(\"request_timeout\", 10),                     enable_quic=self.params.get(\"enable_quic\", False),                 )             if text is None:                 return WebsiteTextOccurrence(                     source=source,                     index=index,                     input_ref=input_ref,                     status=OutcomeStatus.FAILURE,                     diagnostic=self._diagnostic(                         \"transport_failed\", \"All configured transports failed.\"                     ),                 )             return WebsiteTextOccurrence(                 source=source,                 index=index,                 input_ref=input_ref,                 status=OutcomeStatus.SUCCESS,                 outputs=self._outputs_from_text(text),             )         except asyncio.CancelledError:             return self._cancelled_occurrence(index, source, input_ref)         except Exception:             return self._failed_occurrence(index, source, input_ref)     async def _scan_occurrence_specs(         self, specs: Sequence[tuple[int, Website, str]]     ) -> tuple[WebsiteTextOccurrence, ...]:         semaphore = asyncio.Semaphore(self.params.get(\"max_concurrency\", 10))         tasks = tuple(             asyncio.create_task(self._fetch_occurrence(index, source, input_ref, semaphore))             for index, source, input_ref in specs         )         try:             results = await asyncio.gather(*tasks)         except asyncio.CancelledError:             for task in tasks:                 task.cancel()             results = await asyncio.gather(*tasks, return_exceptions=True)         occurrences: list[WebsiteTextOccurrence] = []         for position, result in enumerate(results):             index, source, input_ref = specs[positio ... [truncated]"
                },
                {
                    "id": "Class:flowsint-enrichers/tests/enrichers/test_website_to_text.py:_SectioningWebsiteToText",
                    "name": "_SectioningWebsiteToText",
                    "filePath": "flowsint-enrichers/tests/enrichers/test_website_to_text.py",
                    "nodeType": "Class",
                    "startLine": 200,
                    "endLine": 202,
                    "content": "class _SectioningWebsiteToText(WebsiteToText):     def _outputs_from_text(self, text):         return (Phrase(text=text + \" first\"), Phrase(text=text + \" second\"))"
                }
            ]
        }
    },
    "summary": {
        "cwd": "/home/n4s5ti/Documents/dev/fl0sint-def42-s02",
        "rootPath": "/home/n4s5ti/Documents/dev/fl0sint-def42-s02",
        "repo": "fl0sint-def42-s02",
        "lbugPath": "/home/n4s5ti/Documents/dev/fl0sint-def42-s02/.gitnexus/lbug",
        "symbol": "flowsint-enrichers/src/flowsint_enrichers/website/to_text.py:execute_structured",
        "rootSymbols": 1,
        "totalSymbols": 3,
        "totalEdges": 3,
        "filesMatched": 2,
        "truncated": false,
        "direct": 2,
        "processes": 0,
        "modules": 1
    },
    "warnings": [],
    "completeness": "complete",
    "completenessReasons": [],
    "indexStatus": "ready"
}
